Component: Arm Compiler for Embedded 6.18 Tool: armlink [5e4cc100]

==============================================================================

Section Cross References

    main.o(.text.__cxx_global_var_init) refers to main.o(.bss.led) for led
    main.o(.text.__cxx_global_var_init) refers to coil.o(.text._ZN4CoilC2EP12GPIO_TypeDefh) for Coil::Coil(GPIO_TypeDef*, unsigned char)
    main.o(.ARM.exidx.text.__cxx_global_var_init) refers to main.o(.text.__cxx_global_var_init) for [Anonymous Symbol]
    main.o(.text.__cxx_global_var_init.1) refers to main.o(.bss.button) for button
    main.o(.text.__cxx_global_var_init.1) refers to simple_input.o(.text._ZN18SimpleInputDelayedC2EP12GPIO_TypeDefht) for SimpleInputDelayed::SimpleInputDelayed(GPIO_TypeDef*, unsigned char, unsigned short)
    main.o(.ARM.exidx.text.__cxx_global_var_init.1) refers to main.o(.text.__cxx_global_var_init.1) for [Anonymous Symbol]
    main.o(.text.__cxx_global_var_init.2) refers to main.o(.bss.delay) for delay
    main.o(.text.__cxx_global_var_init.2) refers to common_timer.o(.text._ZN11CommonTimerC2Et) for CommonTimer::CommonTimer(unsigned short)
    main.o(.ARM.exidx.text.__cxx_global_var_init.2) refers to main.o(.text.__cxx_global_var_init.2) for [Anonymous Symbol]
    main.o(.text.__cxx_global_var_init.3) refers to main.o(.bss.adcMonitor) for adcMonitor
    main.o(.text.__cxx_global_var_init.3) refers to analog_monitor.o(.text._ZN13AnalogMonitorC2Ehff) for AnalogMonitor::AnalogMonitor(unsigned char, float, float)
    main.o(.text.__cxx_global_var_init.3) refers to analog_monitor.o(.text._ZN13AnalogMonitorD2Ev) for AnalogMonitor::~AnalogMonitor()
    main.o(.text.__cxx_global_var_init.3) refers to cxa_atexit.o(.text) for __cxa_atexit
    main.o(.ARM.exidx.text.__cxx_global_var_init.3) refers to main.o(.text.__cxx_global_var_init.3) for [Anonymous Symbol]
    main.o(.text.__cxx_global_var_init.4) refers to main.o(.bss.analogOut) for analogOut
    main.o(.text.__cxx_global_var_init.4) refers to analog_out.o(.text._ZN9AnalogOutC2Etjffff) for AnalogOut::AnalogOut(unsigned short, unsigned int, float, float, float, float)
    main.o(.text.__cxx_global_var_init.4) refers to analog_out.o(.text._ZN9AnalogOutD2Ev) for AnalogOut::~AnalogOut()
    main.o(.text.__cxx_global_var_init.4) refers to cxa_atexit.o(.text) for __cxa_atexit
    main.o(.ARM.exidx.text.__cxx_global_var_init.4) refers to main.o(.text.__cxx_global_var_init.4) for [Anonymous Symbol]
    main.o(.text.__cxx_global_var_init.5) refers to main.o(.bss.pid) for pid
    main.o(.text.__cxx_global_var_init.5) refers to pid.o(.text._ZN6PIDregC2Etfffffffb) for PIDreg::PIDreg(unsigned short, float, float, float, float, float, float, float, bool)
    main.o(.ARM.exidx.text.__cxx_global_var_init.5) refers to main.o(.text.__cxx_global_var_init.5) for [Anonymous Symbol]
    main.o(.text.__cxx_global_var_init.6) refers to main.o(.bss.scale) for scale
    main.o(.text.__cxx_global_var_init.6) refers to main.o(.text._ZN5ScaleIfsEC2Effss) for Scale<float, short>::Scale__sub_object(float, float, short, short)
    main.o(.ARM.exidx.text.__cxx_global_var_init.6) refers to main.o(.text.__cxx_global_var_init.6) for [Anonymous Symbol]
    main.o(.text.__cxx_global_var_init.7) refers to main.o(.bss.ramp) for ramp
    main.o(.text.__cxx_global_var_init.7) refers to ramp.o(.text._ZN4RampC2Ej) for Ramp::Ramp(unsigned int)
    main.o(.ARM.exidx.text.__cxx_global_var_init.7) refers to main.o(.text.__cxx_global_var_init.7) for [Anonymous Symbol]
    main.o(.text.__cxx_global_var_init.8) refers to main.o(.bss.avg) for avg
    main.o(.text.__cxx_global_var_init.8) refers to moving_avg.o(.text._ZN6MovAvgC2Eh) for MovAvg::MovAvg(unsigned char)
    main.o(.text.__cxx_global_var_init.8) refers to moving_avg.o(.text._ZN6MovAvgD2Ev) for MovAvg::~MovAvg()
    main.o(.text.__cxx_global_var_init.8) refers to cxa_atexit.o(.text) for __cxa_atexit
    main.o(.ARM.exidx.text.__cxx_global_var_init.8) refers to main.o(.text.__cxx_global_var_init.8) for [Anonymous Symbol]
    main.o(.text.__cxx_global_var_init.9) refers to main.o(.bss.twoPos) for twoPos
    main.o(.text.__cxx_global_var_init.9) refers to two_pos.o(.text._ZN9TwoPosTimC2Efttb) for TwoPosTim::TwoPosTim(float, unsigned short, unsigned short, bool)
    main.o(.text.__cxx_global_var_init.9) refers to two_pos.o(.text._ZN9TwoPosTimD2Ev) for TwoPosTim::~TwoPosTim()
    main.o(.text.__cxx_global_var_init.9) refers to cxa_atexit.o(.text) for __cxa_atexit
    main.o(.ARM.exidx.text.__cxx_global_var_init.9) refers to main.o(.text.__cxx_global_var_init.9) for [Anonymous Symbol]
    main.o(.text.__cxx_global_var_init.10) refers to main.o(.bss.threePosReg) for threePosReg
    main.o(.text.__cxx_global_var_init.10) refers to three_pos.o(.text._ZN11ThreePosRegC2Efffttb) for ThreePosReg::ThreePosReg(float, float, float, unsigned short, unsigned short, bool)
[...]
    SimpleInput::SimpleInput__sub_object(GPIO_TypeDef*, unsigned char) 0x08001631   Thumb Code   146  simple_input.o(.text._ZN11SimpleInputC2EP12GPIO_TypeDefh)
    ThreePosReg::setPulseGist(float)         0x080016c5   Thumb Code    34  three_pos.o(.text._ZN11ThreePosReg12setPulseGistEf)
    ThreePosReg::impulseCycleEnded()         0x080016e9   Thumb Code    18  three_pos.o(.text._ZN11ThreePosReg17impulseCycleEndedEv)
    ThreePosReg::halfImpulseCycleEnded()     0x080016fd   Thumb Code    48  three_pos.o(.text._ZN11ThreePosReg21halfImpulseCycleEndedEv)
    ThreePosReg::update1ms()                 0x0800172d   Thumb Code   388  three_pos.o(.text._ZN11ThreePosReg9update1msEv)
    ThreePosReg::ThreePosReg(float, float, float, unsigned short, unsigned short, bool) 0x080018b1   Thumb Code   144  three_pos.o(.text._ZN11ThreePosRegC2Efffttb)
    ThreePosReg::ThreePosReg__sub_object(float, float, float, unsigned short, unsigned short, bool) 0x080018b1   Thumb Code   144  three_pos.o(.text._ZN11ThreePosRegC2Efffttb)
    ThreePosReg::~ThreePosReg()              0x08001941   Thumb Code    68  three_pos.o(.text._ZN11ThreePosRegD2Ev)
    ThreePosReg::~ThreePosReg__sub_object()  0x08001941   Thumb Code    68  three_pos.o(.text._ZN11ThreePosRegD2Ev)
    ProgrammCoil::isActive()                 0x08001985   Thumb Code    16  coil.o(.text._ZN12ProgrammCoil8isActiveEv)
    ProgrammCoil::setValue(bool)             0x08001995   Thumb Code    24  coil.o(.text._ZN12ProgrammCoil8setValueEb)
    ProgrammCoil::ProgrammCoil__sub_object() 0x080019ad   Thumb Code    32  coil.o(.text._ZN12ProgrammCoilC2Ev)
    TwoPosCommon::TwoPosCommon(float, bool)  0x080019cd   Thumb Code    30  two_pos.o(.text._ZN12TwoPosCommonC2Efb)
    TwoPosCommon::TwoPosCommon__sub_object(float, bool) 0x080019cd   Thumb Code    30  two_pos.o(.text._ZN12TwoPosCommonC2Efb)
    AnalogMonitor::set(unsigned short)       0x080019ed   Thumb Code    44  analog_monitor.o(.text._ZN13AnalogMonitor3setEt)
    AnalogMonitor::AnalogMonitor(unsigned char, float, float) 0x08001a19   Thumb Code   134  analog_monitor.o(.text._ZN13AnalogMonitorC2Ehff)
    AnalogMonitor::AnalogMonitor__sub_object(unsigned char, float, float) 0x08001a19   Thumb Code   134  analog_monitor.o(.text._ZN13AnalogMonitorC2Ehff)
    AnalogMonitor::~AnalogMonitor()          0x08001aa1   Thumb Code    54  analog_monitor.o(.text._ZN13AnalogMonitorD2Ev)
    AnalogMonitor::~AnalogMonitor__sub_object() 0x08001aa1   Thumb Code    54  analog_monitor.o(.text._ZN13AnalogMonitorD2Ev)
    AnalogMonitor::operator=(unsigned short) 0x08001ad9   Thumb Code    28  analog_monitor.o(.text._ZN13AnalogMonitoraSEt)
    IUpdatedSomewhere::IUpdatedSomewhere__sub_object() 0x08001af5   Thumb Code    22  main.o(.text._ZN17IUpdatedSomewhereC2Ev)
    SimpleInputDelayed::isActive()           0x08001b0d   Thumb Code    18  simple_input.o(.text._ZN18SimpleInputDelayed8isActiveEv)
    SimpleInputDelayed::update1ms()          0x08001b21   Thumb Code    36  simple_input.o(.text._ZN18SimpleInputDelayed9update1msEv)
    SimpleInputDelayed::SimpleInputDelayed(GPIO_TypeDef*, unsigned char, unsigned short) 0x08001b45   Thumb Code    66  simple_input.o(.text._ZN18SimpleInputDelayedC2EP12GPIO_TypeDefht)
    SimpleInputDelayed::SimpleInputDelayed__sub_object(GPIO_TypeDef*, unsigned char, unsigned short) 0x08001b45   Thumb Code    66  simple_input.o(.text._ZN18SimpleInputDelayedC2EP12GPIO_TypeDefht)
    Coil::isActive()                         0x08001b89   Thumb Code    22  coil.o(.text._ZN4Coil8isActiveEv)
    Coil::setValue(bool)                     0x08001ba1   Thumb Code    66  coil.o(.text._ZN4Coil8setValueEb)
    Coil::Coil(GPIO_TypeDef*, unsigned char) 0x08001be5   Thumb Code   118  coil.o(.text._ZN4CoilC2EP12GPIO_TypeDefh)
    Coil::Coil__sub_object(GPIO_TypeDef*, unsigned char) 0x08001be5   Thumb Code   118  coil.o(.text._ZN4CoilC2EP12GPIO_TypeDefh)
    Coil::operator=(bool)                    0x08001c5d   Thumb Code    34  coil.o(.text._ZN4CoilaSEb)
    Ramp::getOutRange()                      0x08001c81   Thumb Code    18  ramp.o(.text._ZN4Ramp11getOutRangeEv)
    Ramp::setFullRangeTime(unsigned int)     0x08001c95   Thumb Code    64  ramp.o(.text._ZN4Ramp16setFullRangeTimeEj)
    Ramp::get()                              0x08001cd5   Thumb Code    12  ramp.o(.text._ZN4Ramp3getEv)
    Ramp::set(float)                         0x08001ce1   Thumb Code    30  ramp.o(.text._ZN4Ramp3setEf)
    Ramp::setLimMax(float)                   0x08001d01   Thumb Code    28  ramp.o(.text._ZN4Ramp9setLimMaxEf)
    Ramp::update1ms()                        0x08001d1d   Thumb Code   154  ramp.o(.text._ZN4Ramp9update1msEv)
    Ramp::Ramp(unsigned int)                 0x08001db9   Thumb Code    42  ramp.o(.text._ZN4RampC2Ej)
    Ramp::Ramp__sub_object(unsigned int)     0x08001db9   Thumb Code    42  ramp.o(.text._ZN4RampC2Ej)
    Ramp::Ramp(unsigned int, float, float, float, float) 0x08001de5   Thumb Code   122  ramp.o(.text._ZN4RampC2Ejffff)
    Ramp::Ramp__sub_object(unsigned int, float, float, float, float) 0x08001de5   Thumb Code   122  ramp.o(.text._ZN4RampC2Ejffff)
    Ramp::operator=(float)                   0x08001e61   Thumb Code    24  ramp.o(.text._ZN4RampaSEf)
    Pulse::get()                             0x08001e79   Thumb Code    18  pulse.o(.text._ZN5Pulse3getEv)
    Pulse::set(bool)                         0x08001e8d   Thumb Code    76  pulse.o(.text._ZN5Pulse3setEb)
    Pulse::reset()                           0x08001ed9   Thumb Code    22  pulse.o(.text._ZN5Pulse5resetEv)
    Pulse::update1ms()                       0x08001ef1   Thumb Code    44  pulse.o(.text._ZN5Pulse9update1msEv)
    Pulse::Pulse(unsigned short)             0x08001f1d   Thumb Code    62  pulse.o(.text._ZN5PulseC2Et)
    Pulse::Pulse__sub_object(unsigned short) 0x08001f1d   Thumb Code    62  pulse.o(.text._ZN5PulseC2Et)
    Pulse::~Pulse()                          0x08001f5d   Thumb Code    46  pulse.o(.text._ZN5PulseD2Ev)
    Pulse::~Pulse__sub_object()              0x08001f5d   Thumb Code    46  pulse.o(.text._ZN5PulseD2Ev)
    Pulse::operator=(bool)                   0x08001f8d   Thumb Code    32  pulse.o(.text._ZN5PulseaSEb)
    Scale<float, short>::updateSomewhere()   0x08001fad   Thumb Code   102  main.o(.text._ZN5ScaleIfsE15updateSomewhereEv)
    Scale<float, short>::get()               0x08002015   Thumb Code    14  test_task.o(.text._ZN5ScaleIfsE3getEv)
    Scale<float, short>::set(float)          0x08002025   Thumb Code    38  test_task.o(.text._ZN5ScaleIfsE3setEf)
    Scale<float, short>::Scale__sub_object(float, float, short, short) 0x0800204d   Thumb Code    70  main.o(.text._ZN5ScaleIfsEC2Effss)
    Scale<float, short>::operator=(float)    0x08002095   Thumb Code    24  test_task.o(.text._ZN5ScaleIfsEaSEf)
    Scale<float, unsigned short>::updateSomewhere() 0x080020ad   Thumb Code    98  analog_out.o(.text._ZN5ScaleIftE15updateSomewhereEv)
    Scale<float, unsigned short>::set(float) 0x08002111   Thumb Code    38  analog_out.o(.text._ZN5ScaleIftE3setEf)
    Scale<float, unsigned short>::Scale__sub_object(float, float, unsigned short, unsigned short) 0x08002139   Thumb Code    70  analog_out.o(.text._ZN5ScaleIftEC2Efftt)
    Scale<unsigned short, float>::updateSomewhere() 0x08002181   Thumb Code    82  analog_monitor.o(.text._ZN5ScaleItfE15updateSomewhereEv)
    Scale<unsigned short, float>::get()      0x080021d5   Thumb Code    12  analog_monitor.o(.text._ZN5ScaleItfE3getEv)
    Scale<unsigned short, float>::set(unsigned short) 0x080021e1   Thumb Code    42  analog_monitor.o(.text._ZN5ScaleItfE3setEt)
    Scale<unsigned short, float>::Scale__sub_object(unsigned short, unsigned short, float, float) 0x0800220d   Thumb Code    66  analog_monitor.o(.text._ZN5ScaleItfEC2Ettff)
    Scale<unsigned short, float>::operator=(unsigned short) 0x08002251   Thumb Code    28  analog_monitor.o(.text._ZN5ScaleItfEaSEt)
    MovAvg::updateSomewhere()                0x0800226d   Thumb Code   128  moving_avg.o(.text._ZN6MovAvg15updateSomewhereEv)
    MovAvg::get()                            0x080022ed   Thumb Code    12  moving_avg.o(.text._ZN6MovAvg3getEv)
    MovAvg::set(float)                       0x080022f9   Thumb Code    24  moving_avg.o(.text._ZN6MovAvg3setEf)
    MovAvg::MovAvg(unsigned char)            0x08002311   Thumb Code   106  moving_avg.o(.text._ZN6MovAvgC2Eh)
    MovAvg::MovAvg__sub_object(unsigned char) 0x08002311   Thumb Code   106  moving_avg.o(.text._ZN6MovAvgC2Eh)
    MovAvg::~MovAvg()                        0x0800237d   Thumb Code    44  moving_avg.o(.text._ZN6MovAvgD2Ev)
    MovAvg::~MovAvg__sub_object()            0x0800237d   Thumb Code    44  moving_avg.o(.text._ZN6MovAvgD2Ev)
    MovAvg::operator=(float)                 0x080023a9   Thumb Code    24  moving_avg.o(.text._ZN6MovAvgaSEf)
    PIDreg::updateKoef()                     0x080023c1   Thumb Code   212  pid.o(.text._ZN6PIDreg10updateKoefEv)
    PIDreg::updateSomewhere()                0x08002495   Thumb Code   196  pid.o(.text._ZN6PIDreg15updateSomewhereEv)
    PIDreg::getT()                           0x08002559   Thumb Code    18  pid.o(.text._ZN6PIDreg4getTEv)
    PIDreg::reset()                          0x0800256d   Thumb Code    20  pid.o(.text._ZN6PIDreg5resetEv)
    PIDreg::setKp(float)                     0x08002581   Thumb Code    22  pid.o(.text._ZN6PIDreg5setKpEf)
    PIDreg::setPv(float)                     0x08002599   Thumb Code    24  pid.o(.text._ZN6PIDreg5setPvEf)
    PIDreg::setTd(float)                     0x080025b1   Thumb Code    22  pid.o(.text._ZN6PIDreg5setTdEf)
    PIDreg::setTi(float)                     0x080025c9   Thumb Code    22  pid.o(.text._ZN6PIDreg5setTiEf)
    PIDreg::setAuto(bool)                    0x080025e1   Thumb Code    26  pid.o(.text._ZN6PIDreg7setAutoEb)
    PIDreg::PIDreg(unsigned short, float, float, float, float, float, float, float, bool) 0x080025fd   Thumb Code   180  pid.o(.text._ZN6PIDregC2Etfffffffb)
    PIDreg::PIDreg__sub_object(unsigned short, float, float, float, float, float, float, float, bool) 0x080025fd   Thumb Code   180  pid.o(.text._ZN6PIDregC2Etfffffffb)
    PIDreg::operator=(float)                 0x080026b1   Thumb Code    24  pid.o(.text._ZN6PIDregaSEf)
    Counter::add(bool)                       0x080026c9   Thumb Code    50  counter.o(.text._ZN7Counter3addEb)
    Counter::Counter(IMPULSE, unsigned int)  0x080026fd   Thumb Code    34  counter.o(.text._ZN7CounterC2E7IMPULSEj)
    Counter::Counter__sub_object(IMPULSE, unsigned int) 0x080026fd   Thumb Code    34  counter.o(.text._ZN7CounterC2E7IMPULSEj)
    Counter::operator+=(bool)                0x08002721   Thumb Code    32  counter.o(.text._ZN7CounterpLEb)
    ISwitch::ISwitch__sub_object()           0x08002741   Thumb Code    22  coil.o(.text._ZN7ISwitchC2Ev)
    Monitor::setValueMax(float)              0x08002759   Thumb Code    28  monitor.o(.text._ZN7Monitor11setValueMaxEf)
    Monitor::get()                           0x08002775   Thumb Code    12  monitor.o(.text._ZN7Monitor3getEv)
    Monitor::set(float)                      0x08002781   Thumb Code    30  monitor.o(.text._ZN7Monitor3setEf)
    Monitor::update1ms()                     0x080027a1   Thumb Code   244  monitor.o(.text._ZN7Monitor9update1msEv)
    Monitor::Monitor(float, float)           0x08002895   Thumb Code   174  monitor.o(.text._ZN7MonitorC2Eff)
    Monitor::Monitor__sub_object(float, float) 0x08002895   Thumb Code   174  monitor.o(.text._ZN7MonitorC2Eff)
    Monitor::~Monitor()                      0x08002945   Thumb Code    80  monitor.o(.text._ZN7MonitorD2Ev)
    Monitor::~Monitor__sub_object()          0x08002945   Thumb Code    80  monitor.o(.text._ZN7MonitorD2Ev)
    OnDelay::update1ms()                     0x08002995   Thumb Code    20  on_delay.o(.text._ZN7OnDelay9update1msEv)
    OnDelay::OnDelay(unsigned short)         0x080029a9   Thumb Code    62  on_delay.o(.text._ZN7OnDelayC2Et)
    OnDelay::OnDelay__sub_object(unsigned short) 0x080029a9   Thumb Code    62  on_delay.o(.text._ZN7OnDelayC2Et)
    OnDelay::~OnDelay()                      0x080029e9   Thumb Code    46  on_delay.o(.text._ZN7OnDelayD2Ev)
    OnDelay::~OnDelay__sub_object()          0x080029e9   Thumb Code    46  on_delay.o(.text._ZN7OnDelayD2Ev)
    OffDelay::update1ms()                    0x08002a19   Thumb Code    44  off_delay.o(.text._ZN8OffDelay9update1msEv)
    OffDelay::OffDelay(unsigned short)       0x08002a45   Thumb Code    62  off_delay.o(.text._ZN8OffDelayC2Et)
    OffDelay::OffDelay__sub_object(unsigned short) 0x08002a45   Thumb Code    62  off_delay.o(.text._ZN8OffDelayC2Et)
    OffDelay::~OffDelay()                    0x08002a85   Thumb Code    46  off_delay.o(.text._ZN8OffDelayD2Ev)
    OffDelay::~OffDelay__sub_object()        0x08002a85   Thumb Code    46  off_delay.o(.text._ZN8OffDelayD2Ev)
    Sequence::finishedImpulse()              0x08002ab5   Thumb Code    16  sequence.o(.text._ZN8Sequence15finishedImpulseEv)
    Sequence::lock(bool)                     0x08002ac5   Thumb Code    24  sequence.o(.text._ZN8Sequence4lockEb)
    Sequence::start(bool)                    0x08002add   Thumb Code    34  sequence.o(.text._ZN8Sequence5startEb)
    Sequence::finish(bool)                   0x08002b01   Thumb Code    40  sequence.o(.text._ZN8Sequence6finishEb)
    Sequence::Sequence()                     0x08002b29   Thumb Code    22  sequence.o(.text._ZN8SequenceC2Ev)
    Sequence::Sequence__sub_object()         0x08002b29   Thumb Code    22  sequence.o(.text._ZN8SequenceC2Ev)
    AnalogOut::update1ms()                   0x08002b41   Thumb Code    36  analog_out.o(.text._ZN9AnalogOut9update1msEv)
    AnalogOut::AnalogOut(unsigned short, unsigned int, float, float, float, float) 0x08002b65   Thumb Code   108  analog_out.o(.text._ZN9AnalogOutC2Etjffff)
    AnalogOut::AnalogOut__sub_object(unsigned short, unsigned int, float, float, float, float) 0x08002b65   Thumb Code   108  analog_out.o(.text._ZN9AnalogOutC2Etjffff)
    AnalogOut::~AnalogOut()                  0x08002bd1   Thumb Code    46  analog_out.o(.text._ZN9AnalogOutD2Ev)
    AnalogOut::~AnalogOut__sub_object()      0x08002bd1   Thumb Code    46  analog_out.o(.text._ZN9AnalogOutD2Ev)
    AnalogOut::operator=(float)              0x08002c01   Thumb Code    24  analog_out.o(.text._ZN9AnalogOutaSEf)
    RFimpulse::get()                         0x08002c19   Thumb Code    32  rf_impulse.o(.text._ZN9RFimpulse3getEv)
    RFimpulse::set(bool)                     0x08002c39   Thumb Code   138  rf_impulse.o(.text._ZN9RFimpulse3setEb)
    RFimpulse::RFimpulse(IMPULSE)            0x08002cc5   Thumb Code    20  rf_impulse.o(.text._ZN9RFimpulseC2E7IMPULSE)
    RFimpulse::RFimpulse__sub_object(IMPULSE) 0x08002cc5   Thumb Code    20  rf_impulse.o(.text._ZN9RFimpulseC2E7IMPULSE)
    RFimpulse::operator=(bool)               0x08002cd9   Thumb Code    32  rf_impulse.o(.text._ZN9RFimpulseaSEb)
    TwoPosTim::update1ms()                   0x08002cf9   Thumb Code   138  two_pos.o(.text._ZN9TwoPosTim9update1msEv)
    TwoPosTim::TwoPosTim(float, unsigned short, unsigned short, bool) 0x08002d85   Thumb Code   122  two_pos.o(.text._ZN9TwoPosTimC2Efttb)
    TwoPosTim::TwoPosTim__sub_object(float, unsigned short, unsigned short, bool) 0x08002d85   Thumb Code   122  two_pos.o(.text._ZN9TwoPosTimC2Efttb)
    TwoPosTim::~TwoPosTim()                  0x08002e01   Thumb Code    68  two_pos.o(.text._ZN9TwoPosTimD2Ev)
    TwoPosTim::~TwoPosTim__sub_object()      0x08002e01   Thumb Code    68  two_pos.o(.text._ZN9TwoPosTimD2Ev)
    std::__terminate(void (*)())             0x08002e45   Thumb Code     8  cxa_handlers.cpp.o(.text._ZSt11__terminatePFvvE)
    std::get_new_handler()                   0x08002e75   Thumb Code    12  cxa_handlers.cpp.o(.text._ZSt15get_new_handlerv)
    std::terminate()                         0x08002e81   Thumb Code    14  cxa_handlers.cpp.o(.text._ZSt9terminatev)
    non-virtual thunk to SimpleInputDelayed::update1ms() 0x08002e91   Thumb Code    14  simple_input.o(.text._ZThn12_N18SimpleInputDelayed9update1msEv)
    operator delete[](void*)                 0x08002e9f   Thumb Code     4  new.cpp.o(.text._ZdaPv)
    operator delete(void*)                   0x08002ea3   Thumb Code     4  new.cpp.o(.text._ZdlPv)
    operator delete(void*, unsigned int)     0x08002ea7   Thumb Code     4  new.cpp.o(.text._ZdlPvj)
    operator new[](unsigned int)             0x08002eab   Thumb Code     4  new.cpp.o(.text._Znaj)
    operator new(unsigned int)               0x08002eb1   Thumb Code    38  new.cpp.o(.text._Znwj)
    __cxa_pure_virtual                       0x08002ed9   Thumb Code     8  cxa_virtual.cpp.o(.text.__cxa_pure_virtual)
    __cxa_throw_bad_array_new_length         0x08002f01   Thumb Code     4  cxa_aux_runtime.cpp.o(.text.__cxa_throw_bad_array_new_length)
    abort_message                            0x080031c5   Thumb Code     4  abort_message.cpp.o(.text.abort_message)
    main                                     0x080031c9   Thumb Code   138  main.o(.text.main)
    pvPortMalloc                             0x08003e85   Thumb Code   390  heap_4.o(.text.pvPortMalloc)
    pxPortInitialiseStack                    0x0800400d   Thumb Code    80  port.o(.text.pxPortInitialiseStack)
    uxListRemove                             0x0800405d   Thumb Code    72  list.o(.text.uxListRemove)
    vApplicationIdleHook                     0x080040a5   Thumb Code     2  main.o(.text.vApplicationIdleHook)
    vApplicationStackOverflowHook            0x080040a9   Thumb Code    10  main.o(.text.vApplicationStackOverflowHook)
    vApplicationTickHook                     0x080040b5   Thumb Code     2  main.o(.text.vApplicationTickHook)
    vListInitialise                          0x080040b9   Thumb Code    46  list.o(.text.vListInitialise)
    vListInitialiseItem                      0x080040e9   Thumb Code    14  list.o(.text.vListInitialiseItem)
    vListInsert                              0x080040f9   Thumb Code   106  list.o(.text.vListInsert)
    vPortEnterCritical                       0x08004165   Thumb Code    48  port.o(.text.vPortEnterCritical)
    vPortExitCritical                        0x08004195   Thumb Code    38  port.o(.text.vPortExitCritical)
    vPortFree                                0x080041bd   Thumb Code   118  heap_4.o(.text.vPortFree)
    vPortSetupTimerInterrupt                 0x08004235   Thumb Code    46  port.o(.text.vPortSetupTimerInterrupt)
    vQueueWaitForMessageRestricted           0x08004265   Thumb Code   100  queue.o(.text.vQueueWaitForMessageRestricted)
    vTaskDelay                               0x080042c9   Thumb Code    74  tasks.o(.text.vTaskDelay)
    vTaskInternalSetTimeOutState             0x08004315   Thumb Code    36  tasks.o(.text.vTaskInternalSetTimeOutState)
    vTaskMissedYield                         0x08004339   Thumb Code    14  tasks.o(.text.vTaskMissedYield)
    vTaskPlaceOnEventList                    0x08004349   Thumb Code    38  tasks.o(.text.vTaskPlaceOnEventList)
    vTaskPlaceOnEventListRestricted          0x08004371   Thumb Code    96  tasks.o(.text.vTaskPlaceOnEventListRestricted)
    vTaskStartScheduler                      0x080043d1   Thumb Code   148  tasks.o(.text.vTaskStartScheduler)
    vTaskSuspendAll                          0x08004465   Thumb Code    16  tasks.o(.text.vTaskSuspendAll)
    vTaskSwitchContext                       0x08004475   Thumb Code   236  tasks.o(.text.vTaskSwitchContext)
    xPortStartScheduler                      0x08004561   Thumb Code    64  port.o(.text.xPortStartScheduler)
    xQueueGenericCreate                      0x080045a1   Thumb Code   126  queue.o(.text.xQueueGenericCreate)
    xQueueGenericReset                       0x08004621   Thumb Code   208  queue.o(.text.xQueueGenericReset)
    xQueueReceive                            0x080046f1   Thumb Code   338  queue.o(.text.xQueueReceive)
    xTaskCheckForTimeOut                     0x08004845   Thumb Code   154  tasks.o(.text.xTaskCheckForTimeOut)
    xTaskCreate                              0x080048e1   Thumb Code   160  tasks.o(.text.xTaskCreate)
    xTaskGetTickCount                        0x08004981   Thumb Code    20  tasks.o(.text.xTaskGetTickCount)
    xTaskIncrementTick                       0x08004995   Thumb Code   596  tasks.o(.text.xTaskIncrementTick)
    xTaskRemoveFromEventList                 0x08004be9   Thumb Code   368  tasks.o(.text.xTaskRemoveFromEventList)
    xTaskResumeAll                           0x08004d59   Thumb Code   510  tasks.o(.text.xTaskResumeAll)
    xTimerCreateTimerTask                    0x08004f59   Thumb Code    80  timers.o(.text.xTimerCreateTimerTask)
    __aeabi_fadd                             0x08004fa9   Thumb Code     0  faddsub_clz.o(x$fpl$fadd)
    _fadd                                    0x08004fa9   Thumb Code   196  faddsub_clz.o(x$fpl$fadd)
    __aeabi_fcmpeq                           0x0800506d   Thumb Code     0  fcmp.o(x$fpl$fcmp)
    _feq                                     0x0800506d   Thumb Code    14  fcmp.o(x$fpl$fcmp)
    _fneq                                    0x0800507b   Thumb Code    14  fcmp.o(x$fpl$fcmp)
    __aeabi_fcmpgt                           0x08005089   Thumb Code     0  fcmp.o(x$fpl$fcmp)
    _fgr                                     0x08005089   Thumb Code    14  fcmp.o(x$fpl$fcmp)
    __aeabi_fcmpge                           0x08005097   Thumb Code     0  fcmp.o(x$fpl$fcmp)
    _fgeq                                    0x08005097   Thumb Code    14  fcmp.o(x$fpl$fcmp)
    __aeabi_fcmple                           0x080050a5   Thumb Code     0  fcmp.o(x$fpl$fcmp)
    _fleq                                    0x080050a5   Thumb Code    14  fcmp.o(x$fpl$fcmp)
    __aeabi_fcmplt                           0x080050b3   Thumb Code     0  fcmp.o(x$fpl$fcmp)
    _fls                                     0x080050b3   Thumb Code    14  fcmp.o(x$fpl$fcmp)
    __fpl_fcmp_Inf                           0x080050c1   Thumb Code    24  fcmpi.o(x$fpl$fcmpinf)
    __aeabi_fdiv                             0x080050d9   Thumb Code     0  fdiv.o(x$fpl$fdiv)
    _fdiv                                    0x080050d9   Thumb Code   384  fdiv.o(x$fpl$fdiv)
    __aeabi_cfcmpeq                          0x0800525d   Thumb Code     0  feqf.o(x$fpl$feqf)
    _fcmpeq                                  0x0800525d   Thumb Code   104  feqf.o(x$fpl$feqf)
    __aeabi_f2iz                             0x080052c5   Thumb Code     0  ffix.o(x$fpl$ffix)
    _ffix                                    0x080052c5   Thumb Code    54  ffix.o(x$fpl$ffix)
    __aeabi_i2f                              0x080052fd   Thumb Code     0  fflt_clz.o(x$fpl$fflt)
    _fflt                                    0x080052fd   Thumb Code    48  fflt_clz.o(x$fpl$fflt)
    __aeabi_ui2f                             0x0800532d   Thumb Code     0  fflt_clz.o(x$fpl$ffltu)
    _ffltu                                   0x0800532d   Thumb Code    38  fflt_clz.o(x$fpl$ffltu)
    _fcmpge                                  0x08005355   Thumb Code   104  fgeqf.o(x$fpl$fgeqf)
    __aeabi_cfcmple                          0x080053bd   Thumb Code     0  fleqf.o(x$fpl$fleqf)
    _fcmple                                  0x080053bd   Thumb Code   104  fleqf.o(x$fpl$fleqf)
    __fpl_fcmple_InfNaN                      0x0800540f   Thumb Code     0  fleqf.o(x$fpl$fleqf)
    __aeabi_fmul                             0x08005425   Thumb Code     0  fmul.o(x$fpl$fmul)
    _fmul                                    0x08005425   Thumb Code   258  fmul.o(x$fpl$fmul)
    __fpl_fnaninf                            0x08005527   Thumb Code   140  fnaninf.o(x$fpl$fnaninf)
    __fpl_fretinf                            0x080055b3   Thumb Code    10  fretinf.o(x$fpl$fretinf)
    __aeabi_fsub                             0x080055bd   Thumb Code     0  faddsub_clz.o(x$fpl$fsub)
    _fsub                                    0x080055bd   Thumb Code   234  faddsub_clz.o(x$fpl$fsub)
    AHBPrescTable                            0x080056a6   Data          16  system_stm32f10x.o(.rodata.AHBPrescTable)
    __I$use$fp                               0x080056a6   Number         0  usenofp.o(x$fpl$usenofp)
    vtable for CommonTimer                   0x080056b8   Data          16  common_timer.o(.rodata._ZTV11CommonTimer)
    vtable for IUpdated1ms                   0x080056c8   Data          12  common_timer.o(.rodata._ZTV11IUpdated1ms)
    vtable for SimpleInput                   0x080056d4   Data          12  simple_input.o(.rodata._ZTV11SimpleInput)
    vtable for ThreePosReg                   0x080056e0   Data          12  three_pos.o(.rodata._ZTV11ThreePosReg)
    vtable for ProgrammCoil                  0x080056ec   Data          16  coil.o(.rodata._ZTV12ProgrammCoil)
    vtable for AnalogMonitor                 0x080056fc   Data          12  analog_monitor.o(.rodata._ZTV13AnalogMonitor)
    vtable for IUpdatedSomewhere             0x08005708   Data          12  main.o(.rodata._ZTV17IUpdatedSomewhere)
    vtable for SimpleInputDelayed            0x08005714   Data          32  simple_input.o(.rodata._ZTV18SimpleInputDelayed)
    vtable for Coil                          0x08005734   Data          16  coil.o(.rodata._ZTV4Coil)
    vtable for Ramp                          0x08005744   Data          12  ramp.o(.rodata._ZTV4Ramp)
    vtable for Pulse                         0x08005750   Data          12  pulse.o(.rodata._ZTV5Pulse)
    vtable for Scale<float, short>           0x0800575c   Data          12  main.o(.rodata._ZTV5ScaleIfsE)
    vtable for Scale<float, unsigned short>  0x08005768   Data          12  analog_out.o(.rodata._ZTV5ScaleIftE)
    vtable for Scale<unsigned short, float>  0x08005774   Data          12  analog_monitor.o(.rodata._ZTV5ScaleItfE)
    vtable for MovAvg                        0x08005780   Data          12  moving_avg.o(.rodata._ZTV6MovAvg)
    vtable for PIDreg                        0x0800578c   Data          12  pid.o(.rodata._ZTV6PIDreg)
    vtable for ISwitch                       0x08005798   Data          12  coil.o(.rodata._ZTV7ISwitch)
    vtable for Monitor                       0x080057a4   Data          12  monitor.o(.rodata._ZTV7Monitor)
    vtable for OnDelay                       0x080057b0   Data          12  on_delay.o(.rodata._ZTV7OnDelay)
    vtable for OffDelay                      0x080057bc   Data          12  off_delay.o(.rodata._ZTV8OffDelay)
    vtable for AnalogOut                     0x080057c8   Data          12  analog_out.o(.rodata._ZTV9AnalogOut)
    vtable for TwoPosTim                     0x080057d4   Data          12  two_pos.o(.rodata._ZTV9TwoPosTim)
    uxTopUsedPriority                        0x08005808   Data           4  tasks.o(.rodata.uxTopUsedPriority)
    Region$$Table$$Base                      0x0800580c   Number         0  anon$$obj.o(Region$$Table)
    Region$$Table$$Limit                     0x0800582c   Number         0  anon$$obj.o(Region$$Table)
    SHT$$INIT_ARRAY$$Base                    0x0800582c   Number         0  main.o(.init_array)
    SHT$$INIT_ARRAY$$Limit                   0x08005834   Number         0  init_aeabi.o(.init_array)
    SystemCoreClock                          0x20000000   Data           4  system_stm32f10x.o(.data.SystemCoreClock)
    __cxa_terminate_handler                  0x20000004   Data           4  cxa_default_handlers.cpp.o(.data.__cxa_terminate_handler)
    updateObjects                            0x20000008   Data          40  main.o(.data.updateObjects)
    updateObjectsSize                        0x20000030   Data           1  main.o(.data.updateObjectsSize)
    __libspace_start                         0x20000038   Data          96  libspace.o(.bss)
    __cxa_new_handler                        0x20000098   Data           4  cxa_default_handlers.cpp.o(.bss.__cxa_new_handler)
    __temporary_stack_top$libspace           0x20000098   Data           0  libspace.o(.bss)
    adcMonitor                               0x2000009c   Data          52  main.o(.bss.adcMonitor)
    adcValues                                0x200000d0   Data           4  main.o(.bss.adcValues)
    analogOut                                0x200000d4   Data          40  main.o(.bss.analogOut)
    avg                                      0x200000fc   Data          20  main.o(.bss.avg)
    button                                   0x20000110   Data          24  main.o(.bss.button)
    counter                                  0x20000128   Data           8  main.o(.bss.counter)
    delay                                    0x20000130   Data          12  main.o(.bss.delay)
    led                                      0x2000013c   Data          16  main.o(.bss.led)
    offDelay                                 0x2000014c   Data          12  main.o(.bss.offDelay)
    onDelay                                  0x20000158   Data           8  main.o(.bss.onDelay)
    pid                                      0x20000160   Data          72  main.o(.bss.pid)
    pulse                                    0x200001ac   Data          12  main.o(.bss.pulse)
    pxCurrentTCB                             0x200001b8   Data           4  tasks.o(.bss.pxCurrentTCB)
    ramp                                     0x20000234   Data          36  main.o(.bss.ramp)
    reslt                                    0x20000258   Data           1  test_task.o(.bss.reslt)
    rest                                     0x20000259   Data           1  test_task.o(.bss.rest)
    rise                                     0x2000025a   Data           3  test_task.o(.bss.rise)
    scale                                    0x20000260   Data          24  main.o(.bss.scale)
    seq                                      0x20000278   Data           6  test_task.o(.bss.seq)
    seq_finish                               0x2000027e   Data           1  test_task.o(.bss.seq_finish)
    seq_lock                                 0x2000027f   Data           1  test_task.o(.bss.seq_lock)
    seq_start                                0x20000280   Data           1  test_task.o(.bss.seq_start)
    strt                                     0x20000281   Data           1  test_task.o(.bss.strt)
    threePosReg                              0x20000284   Data          36  main.o(.bss.threePosReg)
    twoPos                                   0x200002a8   Data          24  main.o(.bss.twoPos)



==============================================================================

Memory Map of the image

  Image Entry point : 0x080000ed

  Load Region LR_IROM1 (Base: 0x08000000, Size: 0x00005870, Max: 0x00010000, ABSOLUTE)

    Execution Region ER_IROM1 (Exec base: 0x08000000, Load base: 0x08000000, Size: 0x00005834, Max: 0x00010000, ABSOLUTE)

    Exec Addr    Load Addr    Size         Type   Attr      Idx    E Section Name        Object

    0x08000000   0x08000000   0x000000ec   Data   RO         1262    RESET               startup_stm32f10x_md.o
    0x080000ec   0x080000ec   0x00000008   Code   RO         1303  * !!!main             c_w.l(__main.o)
    0x080000f4   0x080000f4   0x00000034   Code   RO         1734    !!!scatter          c_w.l(__scatter.o)
    0x08000128   0x08000128   0x0000001a   Code   RO         1736    !!handler_copy      c_w.l(__scatter_copy.o)
    0x08000142   0x08000142   0x00000002   PAD
    0x08000144   0x08000144   0x0000001c   Code   RO         1738    !!handler_zi        c_w.l(__scatter_zi.o)
    0x08000160   0x08000160   0x00000002   Code   RO         1672    .ARM.Collect$$libinit$$00000000  c_w.l(libinit.o)
    0x08000162   0x08000162   0x00000000   Code   RO         1472    .ARM.Collect$$libinit$$00000002  c_w.l(libinit2.o)
    0x08000162   0x08000162   0x00000000   Code   RO         1474    .ARM.Collect$$libinit$$00000004  c_w.l(libinit2.o)
    0x08000162   0x08000162   0x00000000   Code   RO         1476    .ARM.Collect$$libinit$$00000006  c_w.l(libinit2.o)
    0x08000162   0x08000162   0x00000008   Code   RO         1477    .ARM.Collect$$libinit$$00000007  c_w.l(libinit2.o)
    0x0800016a   0x0800016a   0x00000000   Code   RO         1479    .ARM.Collect$$libinit$$0000000C  c_w.l(libinit2.o)
    0x0800016a   0x0800016a   0x00000000   Code   RO         1481    .ARM.Collect$$libinit$$0000000E  c_w.l(libinit2.o)
    0x0800016a   0x0800016a   0x00000000   Code   RO         1483    .ARM.Collect$$libinit$$00000010  c_w.l(libinit2.o)
    0x0800016a   0x0800016a   0x00000000   Code   RO         1486    .ARM.Collect$$libinit$$00000013  c_w.l(libinit2.o)
    0x0800016a   0x0800016a   0x00000000   Code   RO         1488    .ARM.Collect$$libinit$$00000015  c_w.l(libinit2.o)
    0x0800016a   0x0800016a   0x00000000   Code   RO         1490    .ARM.Collect$$libinit$$00000017  c_w.l(libinit2.o)
    0x0800016a   0x0800016a   0x00000000   Code   RO         1492    .ARM.Collect$$libinit$$00000019  c_w.l(libinit2.o)
    0x0800016a   0x0800016a   0x00000000   Code   RO         1494    .ARM.Collect$$libinit$$0000001B  c_w.l(libinit2.o)
    0x0800016a   0x0800016a   0x00000000   Code   RO         1496    .ARM.Collect$$libinit$$0000001D  c_w.l(libinit2.o)
    0x0800016a   0x0800016a   0x00000000   Code   RO         1498    .ARM.Collect$$libinit$$0000001F  c_w.l(libinit2.o)
    0x0800016a   0x0800016a   0x00000000   Code   RO         1500    .ARM.Collect$$libinit$$00000021  c_w.l(libinit2.o)
    0x0800016a   0x0800016a   0x00000000   Code   RO         1502    .ARM.Collect$$libinit$$00000023  c_w.l(libinit2.o)
    0x0800016a   0x0800016a   0x00000000   Code   RO         1504    .ARM.Collect$$libinit$$00000025  c_w.l(libinit2.o)
    0x0800016a   0x0800016a   0x00000000   Code   RO         1506    .ARM.Collect$$libinit$$00000027  c_w.l(libinit2.o)
    0x0800016a   0x0800016a   0x00000000   Code   RO         1510    .ARM.Collect$$libinit$$0000002E  c_w.l(libinit2.o)
    0x0800016a   0x0800016a   0x00000000   Code   RO         1512    .ARM.Collect$$libinit$$00000030  c_w.l(libinit2.o)
    0x0800016a   0x0800016a   0x00000000   Code   RO         1514    .ARM.Collect$$libinit$$00000032  c_w.l(libinit2.o)
    0x0800016a   0x0800016a   0x00000004   Code   RO         1515    .ARM.Collect$$libinit$$00000033  c_w.l(libinit2.o)
    0x0800016e   0x0800016e   0x00000000   Code   RO         1516    .ARM.Collect$$libinit$$00000034  c_w.l(libinit2.o)
    0x0800016e   0x0800016e   0x00000002   Code   RO         1517    .ARM.Collect$$libinit$$00000035  c_w.l(libinit2.o)
    0x08000170   0x08000170   0x00000002   Code   RO         1732    .ARM.Collect$$libshutdown$$00000000  c_w.l(libshutdown.o)
    0x08000172   0x08000172   0x00000006   Code   RO         1673    .ARM.Collect$$libshutdown$$00000001  c_w.l(libshutdown2.o)
    0x08000178   0x08000178   0x00000000   Code   RO         1674    .ARM.Collect$$libshutdown$$00000002  c_w.l(libshutdown2.o)
    0x08000178   0x08000178   0x00000000   Code   RO         1676    .ARM.Collect$$libshutdown$$00000004  c_w.l(libshutdown2.o)
    0x08000178   0x08000178   0x00000000   Code   RO         1679    .ARM.Collect$$libshutdown$$00000007  c_w.l(libshutdown2.o)
    0x08000178   0x08000178   0x00000000   Code   RO         1682    .ARM.Collect$$libshutdown$$0000000A  c_w.l(libshutdown2.o)
    0x08000178   0x08000178   0x00000000   Code   RO         1684    .ARM.Collect$$libshutdown$$0000000C  c_w.l(libshutdown2.o)
    0x08000178   0x08000178   0x00000000   Code   RO         1687    .ARM.Collect$$libshutdown$$0000000F  c_w.l(libshutdown2.o)
    0x08000178   0x08000178   0x00000002   Code   RO         1688    .ARM.Collect$$libshutdown$$00000010  c_w.l(libshutdown2.o)
    0x0800017a   0x0800017a   0x00000000   Code   RO         1394    .ARM.Collect$$rtentry$$00000000  c_w.l(__rtentry.o)
    0x0800017a   0x0800017a   0x00000000   Code   RO         1560    .ARM.Collect$$rtentry$$00000002  c_w.l(__rtentry2.o)
    0x0800017a   0x0800017a   0x00000006   Code   RO         1572    .ARM.Collect$$rtentry$$00000004  c_w.l(__rtentry4.o)
    0x08000180   0x08000180   0x00000000   Code   RO         1562    .ARM.Collect$$rtentry$$00000009  c_w.l(__rtentry2.o)
    0x08000180   0x08000180   0x00000004   Code   RO         1563    .ARM.Collect$$rtentry$$0000000A  c_w.l(__rtentry2.o)
    0x08000184   0x08000184   0x00000000   Code   RO         1565    .ARM.Collect$$rtentry$$0000000C  c_w.l(__rtentry2.o)
    0x08000184   0x08000184   0x00000008   Code   RO         1566    .ARM.Collect$$rtentry$$0000000D  c_w.l(__rtentry2.o)
    0x0800018c   0x0800018c   0x00000002   Code   RO         1689    .ARM.Collect$$rtexit$$00000000  c_w.l(rtexit.o)
    0x0800018e   0x0800018e   0x00000000   Code   RO         1704    .ARM.Collect$$rtexit$$00000002  c_w.l(rtexit2.o)
    0x0800018e   0x0800018e   0x00000004   Code   RO         1705    .ARM.Collect$$rtexit$$00000003  c_w.l(rtexit2.o)
    0x08000192   0x08000192   0x00000006   Code   RO         1706    .ARM.Collect$$rtexit$$00000004  c_w.l(rtexit2.o)
    0x08000198   0x08000198   0x00000040   Code   RO         1263    .text               startup_stm32f10x_md.o
    0x080001d8   0x080001d8   0x0000000a   Code   RO         1290    .text               c_w.l(cxa_atexit.o)
    0x080001e2   0x080001e2   0x0000008a   Code   RO         1293    .text               c_w.l(rt_memcpy_v6.o)
    0x0800026c   0x0800026c   0x00000010   Code   RO         1295    .text               c_w.l(aeabi_memset4.o)
    0x0800027c   0x0800027c   0x00000044   Code   RO         1297    .text               c_w.l(rt_memclr.o)
    0x080002c0   0x080002c0   0x0000004e   Code   RO         1299    .text               c_w.l(rt_memclr_w.o)
    0x0800030e   0x0800030e   0x00000006   Code   RO         1301    .text               c_w.l(heapauxi.o)
    0x08000314   0x08000314   0x00000024   Code   RO         1308    .text               c_w.l(init_aeabi.o)
    0x08000338   0x08000338   0x0000005e   Code   RO         1399    .text               c_w.l(h1_alloc.o)
    0x08000396   0x08000396   0x0000004e   Code   RO         1401    .text               c_w.l(h1_free.o)
    0x080003e4   0x080003e4   0x00000016   Code   RO         1461    .text               c_w.l(abort.o)
    0x080003fa   0x080003fa   0x0000002e   Code   RO         1466    .text               c_w.l(aeabi_atexit.o)
    0x08000428   0x08000428   0x00000064   Code   RO         1469    .text               c_w.l(rt_memcpy_w.o)
    0x0800048c   0x0800048c   0x0000000c   Code   RO         1553    .text               c_w.l(sys_exit.o)
    0x08000498   0x08000498   0x00000008   Code   RO         1577    .text               c_w.l(rt_heap_descriptor_intlibspace.o)
    0x080004a0   0x080004a0   0x00000008   Code   RO         1582    .text               c_w.l(rt_ddtor_pointer_addr_intlibspace.o)
    0x080004a8   0x080004a8   0x00000004   Code   RO         1584    .text               c_w.l(hguard.o)
    0x080004ac   0x080004ac   0x0000008a   Code   RO         1586    .text               c_w.l(init_alloc.o)
    0x08000536   0x08000536   0x0000000e   Code   RO         1590    .text               c_w.l(h1_init.o)
    0x08000544   0x08000544   0x00000042   Code   RO         1602    .text               c_w.l(cxa_finalize.o)
    0x08000586   0x08000586   0x0000000e   Code   RO         1605    .text               c_w.l(defsig_abrt_outer.o)
    0x08000594   0x08000594   0x00000008   Code   RO         1632    .text               c_w.l(libspace.o)
    0x0800059c   0x0800059c   0x00000002   Code   RO         1635    .text               c_w.l(use_no_semi.o)
    0x0800059e   0x0800059e   0x00000000   Code   RO         1637    .text               c_w.l(indicate_semi.o)
    0x0800059e   0x0800059e   0x0000004a   Code   RO         1638    .text               c_w.l(sys_stackheap_outer.o)
    0x080005e8   0x080005e8   0x00000000   Code   RO         1644    .text               c_w.l(maybetermalloc1.o)
    0x080005e8   0x080005e8   0x00000034   Code   RO         1646    .text               c_w.l(h1_extend.o)
    0x0800061c   0x0800061c   0x00000012   Code   RO         1650    .text               c_w.l(exit.o)
    0x0800062e   0x0800062e   0x0000000a   Code   RO         1652    .text               c_w.l(defsig_exit.o)
    0x08000638   0x08000638   0x00000030   Code   RO         1654    .text               c_w.l(defsig_abrt_inner.o)
    0x08000668   0x08000668   0x0000000e   Code   RO         1656    .text               c_w.l(defsig_rtmem_outer.o)
    0x08000676   0x08000676   0x00000032   Code   RO         1695    .text               c_w.l(defsig_general.o)
    0x080006a8   0x080006a8   0x00000050   Code   RO         1697    .text               c_w.l(defsig_rtmem_inner.o)
    0x080006f8   0x080006f8   0x0000000e   Code   RO         1699    .text               c_w.l(sys_wrch.o)
    0x08000706   0x08000706   0x0000000a   PAD
    0x08000710   0x08000710   0x00000044   Code   RO          525    .text.PendSV_Handler  port.o
    0x08000754   0x08000754   0x0000000c   PAD
    0x08000760   0x08000760   0x00000024   Code   RO          511    .text.SVC_Handler   port.o
    0x08000784   0x08000784   0x00000008   Code   RO         1271    .text.SetSysClock   system_stm32f10x.o
    0x0800078c   0x0800078c   0x00000122   Code   RO         1275    .text.SetSysClockTo72  system_stm32f10x.o
    0x080008ae   0x080008ae   0x00000002   PAD
    0x080008b0   0x080008b0   0x0000003c   Code   RO          527    .text.SysTick_Handler  port.o
    0x080008ec   0x080008ec   0x00000122   Code   RO         1273    .text.SystemCoreClockUpdate  system_stm32f10x.o
    0x08000a0e   0x08000a0e   0x00000002   PAD
    0x08000a10   0x08000a10   0x00000066   Code   RO         1269    .text.SystemInit    system_stm32f10x.o
    0x08000a76   0x08000a76   0x00000002   PAD
    0x08000a78   0x08000a78   0x0000004c   Code   RO           40    .text.TIM2_IRQHandler  main.o
    0x08000ac4   0x08000ac4   0x00000040   Code   RO           44    .text._GLOBAL__sub_I_main.cpp  main.o
    0x08000b04   0x08000b04   0x0000000c   Code   RO          551    .text._GLOBAL__sub_I_test_task.cpp  test_task.o
    0x08000b10   0x08000b10   0x0000000e   Code   RO          598    .text._Z10commonInitv  init.o
    0x08000b1e   0x08000b1e   0x00000002   PAD
    0x08000b20   0x08000b20   0x00000040   Code   RO          589    .text._Z11getPositionj  common.o
    0x08000b60   0x08000b60   0x00000020   Code   RO          620    .text._Z11setRegisterIVjEvPT_jj  init.o
    0x08000b80   0x08000b80   0x00000044   Code   RO          622    .text._Z17setBitsInRegisterIVjEvPT_jj  init.o
    0x08000bc4   0x08000bc4   0x00000044   Code   RO          624    .text._Z17setBitsInRegisterIVtEvPT_jj  init.o
    0x08000c08   0x08000c08   0x00000022   Code   RO          989    .text._Z3absIfET_S0_  pid.o
    0x08000c2a   0x08000c2a   0x00000002   PAD
    0x08000c2c   0x08000c2c   0x00000026   Code   RO          991    .text._Z3maxIfET_S0_S0_  pid.o
    0x08000c52   0x08000c52   0x00000002   PAD
    0x08000c54   0x08000c54   0x00000034   Code   RO         1237    .text._Z3maxIhET_S0_S0_  moving_avg.o
    0x08000c88   0x08000c88   0x0000004c   Code   RO          574    .text._Z5limitIfET_S0_S0_S0_  test_task.o
    0x08000cd4   0x08000cd4   0x00000064   Code   RO          659    .text._Z5limitItET_S0_S0_S0_  analog_monitor.o
    0x08000d38   0x08000d38   0x0000001e   Code   RO          576    .text._Z6toggleIfEvPT_S1_  test_task.o
    0x08000d56   0x08000d56   0x00000002   PAD
    0x08000d58   0x08000d58   0x00000022   Code   RO          661    .text._Z6toggleItEvPT_S1_  analog_monitor.o
    0x08000d7a   0x08000d7a   0x00000002   PAD
    0x08000d7c   0x08000d7c   0x00000158   Code   RO          610    .text._Z7adcInitv   init.o
    0x08000ed4   0x08000ed4   0x00000040   Code   RO          537    .text._Z7ledTaskPv  led_task.o
    0x08000f14   0x08000f14   0x00000064   Code   RO          579    .text._Z7pidTaskPv  pidtask.o
    0x08000f78   0x08000f78   0x000000aa   Code   RO          612    .text._Z7pwmInitv   init.o
    0x08001022   0x08001022   0x00000002   PAD
    0x08001024   0x08001024   0x000000ce   Code   RO          602    .text._Z7rccInitv   init.o
    0x080010f2   0x080010f2   0x00000002   PAD
    0x080010f4   0x080010f4   0x00000014   Code   RO         1033    .text._Z8getRangeIfET_PKS0_  ramp.o
    0x08001108   0x08001108   0x00000138   Code   RO          549    .text._Z8testTaskPv  test_task.o
    0x08001240   0x08001240   0x00000058   Code   RO          604    .text._Z8tickInitv  init.o
    0x08001298   0x08001298   0x00000030   Code   RO          606    .text._ZL16__NVIC_EnableIRQ4IRQn  init.o
    0x080012c8   0x080012c8   0x00000042   Code   RO          608    .text._ZL18__NVIC_SetPriority4IRQnj  init.o
    0x0800130a   0x0800130a   0x00000002   PAD
    0x0800130c   0x0800130c   0x0000003c   Code   RO          600    .text._ZL26__NVIC_SetPriorityGroupingj  init.o
    0x08001348   0x08001348   0x000000e2   Code   RO          747    .text._ZN10GPIOcommonC2EP12GPIO_TypeDefh  gpio_common.o
    0x0800142a   0x0800142a   0x00000002   PAD
    0x0800142c   0x0800142c   0x00000010   Code   RO          835    .text._ZN11CommonTimer10notStartedEv  common_timer.o
    0x0800143c   0x0800143c   0x00000016   Code   RO          837    .text._ZN11CommonTimer11notFinishedEv  common_timer.o
    0x08001452   0x08001452   0x00000002   PAD
    0x08001454   0x08001454   0x00000018   Code   RO          825    .text._ZN11CommonTimer15prepareAndStartEv  common_timer.o
    0x0800146c   0x0800146c   0x00000018   Code   RO          821    .text._ZN11CommonTimer4stopEv  common_timer.o
    0x08001484   0x08001484   0x0000000e   Code   RO          819    .text._ZN11CommonTimer5pauseEv  common_timer.o
    0x08001492   0x08001492   0x00000002   PAD
    0x08001494   0x08001494   0x00000010   Code   RO          823    .text._ZN11CommonTimer5resetEv  common_timer.o
    0x080014a4   0x080014a4   0x0000000e   Code   RO          817    .text._ZN11CommonTimer5startEv  common_timer.o
    0x080014b2   0x080014b2   0x00000002   PAD
    0x080014b4   0x080014b4   0x00000018   Code   RO          827    .text._ZN11CommonTimer6finishEv  common_timer.o
    0x080014cc   0x080014cc   0x0000002e   Code   RO          841    .text._ZN11CommonTimer6inWorkEv  common_timer.o
    0x080014fa   0x080014fa   0x00000002   PAD
    0x080014fc   0x080014fc   0x0000002c   Code   RO          843    .text._ZN11CommonTimer6isFreeEv  common_timer.o
    0x08001528   0x08001528   0x00000010   Code   RO          833    .text._ZN11CommonTimer7startedEv  common_timer.o
    0x08001538   0x08001538   0x00000016   Code   RO          807    .text._ZN11CommonTimer8finishedEv  common_timer.o
    0x0800154e   0x0800154e   0x00000002   PAD
    0x08001550   0x08001550   0x0000002c   Code   RO          829    .text._ZN11CommonTimer8setStartEb  common_timer.o
    0x0800157c   0x0800157c   0x00000038   Code   RO          805    .text._ZN11CommonTimer9update1msEv  common_timer.o
    0x080015b4   0x080015b4   0x0000002a   Code   RO          803    .text._ZN11CommonTimerC2Et  common_timer.o
    0x080015de   0x080015de   0x00000002   PAD
    0x080015e0   0x080015e0   0x00000020   Code   RO          831    .text._ZN11CommonTimeraSEb  common_timer.o
    0x08001600   0x08001600   0x00000016   Code   RO          852    .text._ZN11IUpdated1msC2Ev  common_timer.o
    0x08001616   0x08001616   0x00000002   PAD
    0x08001618   0x08001618   0x00000018   Code   RO          757    .text._ZN11SimpleInput8isActiveEv  simple_input.o
    0x08001630   0x08001630   0x00000092   Code   RO          755    .text._ZN11SimpleInputC2EP12GPIO_TypeDefh  simple_input.o
    0x080016c2   0x080016c2   0x00000002   PAD
    0x080016c4   0x080016c4   0x00000022   Code   RO         1038    .text._ZN11ThreePosReg12setPulseGistEf  three_pos.o
    0x080016e6   0x080016e6   0x00000002   PAD
    0x080016e8   0x080016e8   0x00000012   Code   RO         1072    .text._ZN11ThreePosReg17impulseCycleEndedEv  three_pos.o
    0x080016fa   0x080016fa   0x00000002   PAD
    0x080016fc   0x080016fc   0x00000030   Code   RO         1074    .text._ZN11ThreePosReg21halfImpulseCycleEndedEv  three_pos.o
    0x0800172c   0x0800172c   0x00000184   Code   RO         1076    .text._ZN11ThreePosReg9update1msEv  three_pos.o
    0x080018b0   0x080018b0   0x00000090   Code   RO         1036    .text._ZN11ThreePosRegC2Efffttb  three_pos.o
    0x08001940   0x08001940   0x00000044   Code   RO         1040    .text._ZN11ThreePosRegD2Ev  three_pos.o
    0x08001984   0x08001984   0x00000010   Code   RO          700    .text._ZN12ProgrammCoil8isActiveEv  coil.o
    0x08001994   0x08001994   0x00000018   Code   RO          702    .text._ZN12ProgrammCoil8setValueEb  coil.o
    0x080019ac   0x080019ac   0x00000020   Code   RO          741    .text._ZN12ProgrammCoilC2Ev  coil.o
    0x080019cc   0x080019cc   0x0000001e   Code   RO         1092    .text._ZN12TwoPosCommonC2Efb  two_pos.o
    0x080019ea   0x080019ea   0x00000002   PAD
    0x080019ec   0x080019ec   0x0000002c   Code   RO          631    .text._ZN13AnalogMonitor3setEt  analog_monitor.o
    0x08001a18   0x08001a18   0x00000086   Code   RO          627    .text._ZN13AnalogMonitorC2Ehff  analog_monitor.o
    0x08001a9e   0x08001a9e   0x00000002   PAD
    0x08001aa0   0x08001aa0   0x00000036   Code   RO          629    .text._ZN13AnalogMonitorD2Ev  analog_monitor.o
    0x08001ad6   0x08001ad6   0x00000002   PAD
    0x08001ad8   0x08001ad8   0x0000001c   Code   RO          633    .text._ZN13AnalogMonitoraSEt  analog_monitor.o
    0x08001af4   0x08001af4   0x00000016   Code   RO           76    .text._ZN17IUpdatedSomewhereC2Ev  main.o
    0x08001b0a   0x08001b0a   0x00000002   PAD
    0x08001b0c   0x08001b0c   0x00000012   Code   RO          765    .text._ZN18SimpleInputDelayed8isActiveEv  simple_input.o
    0x08001b1e   0x08001b1e   0x00000002   PAD
    0x08001b20   0x08001b20   0x00000024   Code   RO          761    .text._ZN18SimpleInputDelayed9update1msEv  simple_input.o
    0x08001b44   0x08001b44   0x00000042   Code   RO          759    .text._ZN18SimpleInputDelayedC2EP12GPIO_TypeDefht  simple_input.o
    0x08001b86   0x08001b86   0x00000002   PAD
    0x08001b88   0x08001b88   0x00000016   Code   RO          714    .text._ZN4Coil8isActiveEv  coil.o
    0x08001b9e   0x08001b9e   0x00000002   PAD
    0x08001ba0   0x08001ba0   0x00000042   Code   RO          716    .text._ZN4Coil8setValueEb  coil.o
    0x08001be2   0x08001be2   0x00000002   PAD
    0x08001be4   0x08001be4   0x00000076   Code   RO          712    .text._ZN4CoilC2EP12GPIO_TypeDefh  coil.o
    0x08001c5a   0x08001c5a   0x00000002   PAD
    0x08001c5c   0x08001c5c   0x00000022   Code   RO          718    .text._ZN4CoilaSEb  coil.o
    0x08001c7e   0x08001c7e   0x00000002   PAD
    0x08001c80   0x08001c80   0x00000012   Code   RO         1008    .text._ZN4Ramp11getOutRangeEv  ramp.o
    0x08001c92   0x08001c92   0x00000002   PAD
    0x08001c94   0x08001c94   0x00000040   Code   RO         1000    .text._ZN4Ramp16setFullRangeTimeEj  ramp.o
    0x08001cd4   0x08001cd4   0x0000000c   Code   RO         1012    .text._ZN4Ramp3getEv  ramp.o
    0x08001ce0   0x08001ce0   0x0000001e   Code   RO         1014    .text._ZN4Ramp3setEf  ramp.o
    0x08001cfe   0x08001cfe   0x00000002   PAD
    0x08001d00   0x08001d00   0x0000001c   Code   RO          998    .text._ZN4Ramp9setLimMaxEf  ramp.o
    0x08001d1c   0x08001d1c   0x0000009a   Code   RO         1010    .text._ZN4Ramp9update1msEv  ramp.o
    0x08001db6   0x08001db6   0x00000002   PAD
    0x08001db8   0x08001db8   0x0000002a   Code   RO         1004    .text._ZN4RampC2Ej  ramp.o
    0x08001de2   0x08001de2   0x00000002   PAD
    0x08001de4   0x08001de4   0x0000007a   Code   RO          996    .text._ZN4RampC2Ejffff  ramp.o
    0x08001e5e   0x08001e5e   0x00000002   PAD
    0x08001e60   0x08001e60   0x00000018   Code   RO         1020    .text._ZN4RampaSEf  ramp.o
    0x08001e78   0x08001e78   0x00000012   Code   RO          908    .text._ZN5Pulse3getEv  pulse.o
    0x08001e8a   0x08001e8a   0x00000002   PAD
    0x08001e8c   0x08001e8c   0x0000004c   Code   RO          906    .text._ZN5Pulse3setEb  pulse.o
    0x08001ed8   0x08001ed8   0x00000016   Code   RO          910    .text._ZN5Pulse5resetEv  pulse.o
    0x08001eee   0x08001eee   0x00000002   PAD
    0x08001ef0   0x08001ef0   0x0000002c   Code   RO          904    .text._ZN5Pulse9update1msEv  pulse.o
    0x08001f1c   0x08001f1c   0x0000003e   Code   RO          900    .text._ZN5PulseC2Et  pulse.o
    0x08001f5a   0x08001f5a   0x00000002   PAD
    0x08001f5c   0x08001f5c   0x0000002e   Code   RO          902    .text._ZN5PulseD2Ev  pulse.o
    0x08001f8a   0x08001f8a   0x00000002   PAD
    0x08001f8c   0x08001f8c   0x00000020   Code   RO          912    .text._ZN5PulseaSEb  pulse.o
    0x08001fac   0x08001fac   0x00000066   Code   RO           78    .text._ZN5ScaleIfsE15updateSomewhereEv  main.o
    0x08002012   0x08002012   0x00000002   PAD
    0x08002014   0x08002014   0x0000000e   Code   RO          570    .text._ZN5ScaleIfsE3getEv  test_task.o
    0x08002022   0x08002022   0x00000002   PAD
    0x08002024   0x08002024   0x00000026   Code   RO          572    .text._ZN5ScaleIfsE3setEf  test_task.o
    0x0800204a   0x0800204a   0x00000002   PAD
    0x0800204c   0x0800204c   0x00000046   Code   RO           74    .text._ZN5ScaleIfsEC2Effss  main.o
    0x08002092   0x08002092   0x00000002   PAD
    0x08002094   0x08002094   0x00000018   Code   RO          568    .text._ZN5ScaleIfsEaSEf  test_task.o
    0x080020ac   0x080020ac   0x00000062   Code   RO          696    .text._ZN5ScaleIftE15updateSomewhereEv  analog_out.o
    0x0800210e   0x0800210e   0x00000002   PAD
    0x08002110   0x08002110   0x00000026   Code   RO          692    .text._ZN5ScaleIftE3setEf  analog_out.o
    0x08002136   0x08002136   0x00000002   PAD
    0x08002138   0x08002138   0x00000046   Code   RO          690    .text._ZN5ScaleIftEC2Efftt  analog_out.o
    0x0800217e   0x0800217e   0x00000002   PAD
    0x08002180   0x08002180   0x00000052   Code   RO          655    .text._ZN5ScaleItfE15updateSomewhereEv  analog_monitor.o
    0x080021d2   0x080021d2   0x00000002   PAD
    0x080021d4   0x080021d4   0x0000000c   Code   RO          649    .text._ZN5ScaleItfE3getEv  analog_monitor.o
    0x080021e0   0x080021e0   0x0000002a   Code   RO          657    .text._ZN5ScaleItfE3setEt  analog_monitor.o
    0x0800220a   0x0800220a   0x00000002   PAD
    0x0800220c   0x0800220c   0x00000042   Code   RO          645    .text._ZN5ScaleItfEC2Ettff  analog_monitor.o
    0x0800224e   0x0800224e   0x00000002   PAD
    0x08002250   0x08002250   0x0000001c   Code   RO          647    .text._ZN5ScaleItfEaSEt  analog_monitor.o
    0x0800226c   0x0800226c   0x00000080   Code   RO         1222    .text._ZN6MovAvg15updateSomewhereEv  moving_avg.o
    0x080022ec   0x080022ec   0x0000000c   Code   RO         1220    .text._ZN6MovAvg3getEv  moving_avg.o
    0x080022f8   0x080022f8   0x00000018   Code   RO         1218    .text._ZN6MovAvg3setEf  moving_avg.o
    0x08002310   0x08002310   0x0000006a   Code   RO         1214    .text._ZN6MovAvgC2Eh  moving_avg.o
    0x0800237a   0x0800237a   0x00000002   PAD
    0x0800237c   0x0800237c   0x0000002c   Code   RO         1216    .text._ZN6MovAvgD2Ev  moving_avg.o
    0x080023a8   0x080023a8   0x00000018   Code   RO         1224    .text._ZN6MovAvgaSEf  moving_avg.o
    0x080023c0   0x080023c0   0x000000d4   Code   RO          924    .text._ZN6PIDreg10updateKoefEv  pid.o
    0x08002494   0x08002494   0x000000c4   Code   RO          974    .text._ZN6PIDreg15updateSomewhereEv  pid.o
    0x08002558   0x08002558   0x00000012   Code   RO          928    .text._ZN6PIDreg4getTEv  pid.o
    0x0800256a   0x0800256a   0x00000002   PAD
    0x0800256c   0x0800256c   0x00000014   Code   RO          926    .text._ZN6PIDreg5resetEv  pid.o
    0x08002580   0x08002580   0x00000016   Code   RO          938    .text._ZN6PIDreg5setKpEf  pid.o
    0x08002596   0x08002596   0x00000002   PAD
    0x08002598   0x08002598   0x00000018   Code   RO          930    .text._ZN6PIDreg5setPvEf  pid.o
    0x080025b0   0x080025b0   0x00000016   Code   RO          946    .text._ZN6PIDreg5setTdEf  pid.o
    0x080025c6   0x080025c6   0x00000002   PAD
    0x080025c8   0x080025c8   0x00000016   Code   RO          942    .text._ZN6PIDreg5setTiEf  pid.o
    0x080025de   0x080025de   0x00000002   PAD
    0x080025e0   0x080025e0   0x0000001a   Code   RO          966    .text._ZN6PIDreg7setAutoEb  pid.o
    0x080025fa   0x080025fa   0x00000002   PAD
    0x080025fc   0x080025fc   0x000000b4   Code   RO          922    .text._ZN6PIDregC2Etfffffffb  pid.o
    0x080026b0   0x080026b0   0x00000018   Code   RO          976    .text._ZN6PIDregaSEf  pid.o
    0x080026c8   0x080026c8   0x00000032   Code   RO         1242    .text._ZN7Counter3addEb  counter.o
    0x080026fa   0x080026fa   0x00000002   PAD
    0x080026fc   0x080026fc   0x00000022   Code   RO         1240    .text._ZN7CounterC2E7IMPULSEj  counter.o
    0x0800271e   0x0800271e   0x00000002   PAD
    0x08002720   0x08002720   0x00000020   Code   RO         1248    .text._ZN7CounterpLEb  counter.o
    0x08002740   0x08002740   0x00000016   Code   RO          743    .text._ZN7ISwitchC2Ev  coil.o
    0x08002756   0x08002756   0x00000002   PAD
    0x08002758   0x08002758   0x0000001c   Code   RO         1178    .text._ZN7Monitor11setValueMaxEf  monitor.o
    0x08002774   0x08002774   0x0000000c   Code   RO         1186    .text._ZN7Monitor3getEv  monitor.o
    0x08002780   0x08002780   0x0000001e   Code   RO         1188    .text._ZN7Monitor3setEf  monitor.o
    0x0800279e   0x0800279e   0x00000002   PAD
    0x080027a0   0x080027a0   0x000000f4   Code   RO         1184    .text._ZN7Monitor9update1msEv  monitor.o
    0x08002894   0x08002894   0x000000ae   Code   RO         1176    .text._ZN7MonitorC2Eff  monitor.o
    0x08002942   0x08002942   0x00000002   PAD
    0x08002944   0x08002944   0x00000050   Code   RO         1180    .text._ZN7MonitorD2Ev  monitor.o
    0x08002994   0x08002994   0x00000014   Code   RO          860    .text._ZN7OnDelay9update1msEv  on_delay.o
    0x080029a8   0x080029a8   0x0000003e   Code   RO          856    .text._ZN7OnDelayC2Et  on_delay.o
    0x080029e6   0x080029e6   0x00000002   PAD
    0x080029e8   0x080029e8   0x0000002e   Code   RO          858    .text._ZN7OnDelayD2Ev  on_delay.o
    0x08002a16   0x08002a16   0x00000002   PAD
    0x08002a18   0x08002a18   0x0000002c   Code   RO          882    .text._ZN8OffDelay9update1msEv  off_delay.o
    0x08002a44   0x08002a44   0x0000003e   Code   RO          878    .text._ZN8OffDelayC2Et  off_delay.o
    0x08002a82   0x08002a82   0x00000002   PAD
    0x08002a84   0x08002a84   0x0000002e   Code   RO          880    .text._ZN8OffDelayD2Ev  off_delay.o
    0x08002ab2   0x08002ab2   0x00000002   PAD
    0x08002ab4   0x08002ab4   0x00000010   Code   RO         1167    .text._ZN8Sequence15finishedImpulseEv  sequence.o
    0x08002ac4   0x08002ac4   0x00000018   Code   RO         1157    .text._ZN8Sequence4lockEb  sequence.o
    0x08002adc   0x08002adc   0x00000022   Code   RO         1155    .text._ZN8Sequence5startEb  sequence.o
    0x08002afe   0x08002afe   0x00000002   PAD
    0x08002b00   0x08002b00   0x00000028   Code   RO         1159    .text._ZN8Sequence6finishEb  sequence.o
    0x08002b28   0x08002b28   0x00000016   Code   RO         1151    .text._ZN8SequenceC2Ev  sequence.o
    0x08002b3e   0x08002b3e   0x00000002   PAD
    0x08002b40   0x08002b40   0x00000024   Code   RO          669    .text._ZN9AnalogOut9update1msEv  analog_out.o
    0x08002b64   0x08002b64   0x0000006c   Code   RO          667    .text._ZN9AnalogOutC2Etjffff  analog_out.o
    0x08002bd0   0x08002bd0   0x0000002e   Code   RO          671    .text._ZN9AnalogOutD2Ev  analog_out.o
    0x08002bfe   0x08002bfe   0x00000002   PAD
    0x08002c00   0x08002c00   0x00000018   Code   RO          677    .text._ZN9AnalogOutaSEf  analog_out.o
    0x08002c18   0x08002c18   0x00000020   Code   RO          792    .text._ZN9RFimpulse3getEv  rf_impulse.o
    0x08002c38   0x08002c38   0x0000008a   Code   RO          790    .text._ZN9RFimpulse3setEb  rf_impulse.o
    0x08002cc2   0x08002cc2   0x00000002   PAD
    0x08002cc4   0x08002cc4   0x00000014   Code   RO          788    .text._ZN9RFimpulseC2E7IMPULSE  rf_impulse.o
    0x08002cd8   0x08002cd8   0x00000020   Code   RO          794    .text._ZN9RFimpulseaSEb  rf_impulse.o
    0x08002cf8   0x08002cf8   0x0000008a   Code   RO         1138    .text._ZN9TwoPosTim9update1msEv  two_pos.o
    0x08002d82   0x08002d82   0x00000002   PAD
    0x08002d84   0x08002d84   0x0000007a   Code   RO         1126    .text._ZN9TwoPosTimC2Efttb  two_pos.o
    0x08002dfe   0x08002dfe   0x00000002   PAD
    0x08002e00   0x08002e00   0x00000044   Code   RO         1128    .text._ZN9TwoPosTimD2Ev  two_pos.o
    0x08002e44   0x08002e44   0x00000030   Code   RO         1542    .text._ZSt11__terminatePFvvE  libcppabi_w.l(cxa_handlers.cpp.o)
    0x08002e74   0x08002e74   0x0000000c   Code   RO         1546    .text._ZSt15get_new_handlerv  libcppabi_w.l(cxa_handlers.cpp.o)
    0x08002e80   0x08002e80   0x0000000e   Code   RO         1544    .text._ZSt9terminatev  libcppabi_w.l(cxa_handlers.cpp.o)
    0x08002e8e   0x08002e8e   0x00000002   PAD
    0x08002e90   0x08002e90   0x0000000e   Code   RO          763    .text._ZThn12_N18SimpleInputDelayed9update1msEv  simple_input.o
    0x08002e9e   0x08002e9e   0x00000004   Code   RO         1352    .text._ZdaPv        libcpp_w.l(new.cpp.o)
    0x08002ea2   0x08002ea2   0x00000004   Code   RO         1346    .text._ZdlPv        libcpp_w.l(new.cpp.o)
    0x08002ea6   0x08002ea6   0x00000004   Code   RO         1350    .text._ZdlPvj       libcpp_w.l(new.cpp.o)
    0x08002eaa   0x08002eaa   0x00000004   Code   RO         1342    .text._Znaj         libcpp_w.l(new.cpp.o)
    0x08002eae   0x08002eae   0x00000002   PAD
    0x08002eb0   0x08002eb0   0x00000026   Code   RO         1338    .text._Znwj         libcpp_w.l(new.cpp.o)
    0x08002ed6   0x08002ed6   0x00000002   PAD
    0x08002ed8   0x08002ed8   0x00000028   Code   RO         1389    .text.__cxa_pure_virtual  libcppabi_w.l(cxa_virtual.cpp.o)
    0x08002f00   0x08002f00   0x00000004   Code   RO         1385    .text.__cxa_throw_bad_array_new_length  libcppabi_w.l(cxa_aux_runtime.cpp.o)
    0x08002f04   0x08002f04   0x0000001a   Code   RO            2    .text.__cxx_global_var_init  main.o
    0x08002f1e   0x08002f1e   0x00000002   PAD
    0x08002f20   0x08002f20   0x00000012   Code   RO          545    .text.__cxx_global_var_init  test_task.o
    0x08002f32   0x08002f32   0x00000002   PAD
    0x08002f34   0x08002f34   0x0000001c   Code   RO            4    .text.__cxx_global_var_init.1  main.o
    0x08002f50   0x08002f50   0x00000010   Code   RO          547    .text.__cxx_global_var_init.1  test_task.o
    0x08002f60   0x08002f60   0x0000004c   Code   RO           22    .text.__cxx_global_var_init.10  main.o
    0x08002fac   0x08002fac   0x00000030   Code   RO           24    .text.__cxx_global_var_init.11  main.o
    0x08002fdc   0x08002fdc   0x00000030   Code   RO           26    .text.__cxx_global_var_init.12  main.o
    0x0800300c   0x0800300c   0x00000030   Code   RO           28    .text.__cxx_global_var_init.13  main.o
    0x0800303c   0x0800303c   0x00000014   Code   RO           30    .text.__cxx_global_var_init.14  main.o
    0x08003050   0x08003050   0x00000012   Code   RO            6    .text.__cxx_global_var_init.2  main.o
    0x08003062   0x08003062   0x00000002   PAD
    0x08003064   0x08003064   0x00000036   Code   RO            8    .text.__cxx_global_var_init.3  main.o
    0x0800309a   0x0800309a   0x00000002   PAD
    0x0800309c   0x0800309c   0x00000044   Code   RO           10    .text.__cxx_global_var_init.4  main.o
    0x080030e0   0x080030e0   0x0000003c   Code   RO           12    .text.__cxx_global_var_init.5  main.o
    0x0800311c   0x0800311c   0x00000024   Code   RO           14    .text.__cxx_global_var_init.6  main.o
    0x08003140   0x08003140   0x00000014   Code   RO           16    .text.__cxx_global_var_init.7  main.o
    0x08003154   0x08003154   0x0000002e   Code   RO           18    .text.__cxx_global_var_init.8  main.o
    0x08003182   0x08003182   0x00000002   PAD
    0x08003184   0x08003184   0x00000040   Code   RO           20    .text.__cxx_global_var_init.9  main.o
    0x080031c4   0x080031c4   0x00000004   Code   RO         1550    .text.abort_message  libcppabi_w.l(abort_message.cpp.o)
    0x080031c8   0x080031c8   0x0000008a   Code   RO           42    .text.main          main.o
    0x08003252   0x08003252   0x00000002   PAD
    0x08003254   0x08003254   0x0000011a   Code   RO          306    .text.prvAddCurrentTaskToDelayedList  tasks.o
    0x0800336e   0x0800336e   0x00000002   PAD
    0x08003370   0x08003370   0x00000154   Code   RO          294    .text.prvAddNewTaskToReadyList  tasks.o
    0x080034c4   0x080034c4   0x0000006a   Code   RO          442    .text.prvCheckForValidListAndQueue  timers.o
    0x0800352e   0x0800352e   0x00000002   PAD
    0x08003530   0x08003530   0x0000005a   Code   RO          408    .text.prvCheckTasksWaitingTermination  tasks.o
    0x0800358a   0x0800358a   0x00000002   PAD
    0x0800358c   0x0800358c   0x00000042   Code   RO          196    .text.prvCopyDataFromQueue  queue.o
    0x080035ce   0x080035ce   0x00000002   PAD
    0x080035d0   0x080035d0   0x00000018   Code   RO          300    .text.prvDeleteTCB  tasks.o
    0x080035e8   0x080035e8   0x00000040   Code   RO          476    .text.prvGetNextExpireTime  timers.o
    0x08003628   0x08003628   0x000000ae   Code   RO          117    .text.prvHeapInit   heap_4.o
    0x080036d6   0x080036d6   0x00000002   PAD
    0x080036d8   0x080036d8   0x0000003c   Code   RO          332    .text.prvIdleTask   tasks.o
    0x08003714   0x08003714   0x00000048   Code   RO          168    .text.prvInitialiseNewQueue  queue.o
    0x0800375c   0x0800375c   0x000000e6   Code   RO          292    .text.prvInitialiseNewTask  tasks.o
    0x08003842   0x08003842   0x00000002   PAD
    0x08003844   0x08003844   0x0000008e   Code   RO          406    .text.prvInitialiseTaskLists  tasks.o
    0x080038d2   0x080038d2   0x00000002   PAD
    0x080038d4   0x080038d4   0x000000c6   Code   RO          119    .text.prvInsertBlockIntoFreeList  heap_4.o
    0x0800399a   0x0800399a   0x00000002   PAD
    0x0800399c   0x0800399c   0x00000086   Code   RO          490    .text.prvInsertTimerInActiveList  timers.o
    0x08003a22   0x08003a22   0x00000002   PAD
    0x08003a24   0x08003a24   0x00000028   Code   RO          198    .text.prvIsQueueEmpty  queue.o
    0x08003a4c   0x08003a4c   0x00000020   Code   RO          517    .text.prvPortStartFirstTask  port.o
    0x08003a6c   0x08003a6c   0x00000054   Code   RO          484    .text.prvProcessExpiredTimer  timers.o
    0x08003ac0   0x08003ac0   0x00000126   Code   RO          480    .text.prvProcessReceivedCommands  timers.o
    0x08003be6   0x08003be6   0x00000002   PAD
    0x08003be8   0x08003be8   0x0000009a   Code   RO          478    .text.prvProcessTimerOrBlockTask  timers.o
    0x08003c82   0x08003c82   0x00000002   PAD
    0x08003c84   0x08003c84   0x00000034   Code   RO          488    .text.prvReloadTimer  timers.o
    0x08003cb8   0x08003cb8   0x0000003c   Code   RO          298    .text.prvResetNextTaskUnblockTime  tasks.o
    0x08003cf4   0x08003cf4   0x00000044   Code   RO          482    .text.prvSampleTimeNow  timers.o
    0x08003d38   0x08003d38   0x00000052   Code   RO          486    .text.prvSwitchTimerLists  timers.o
    0x08003d8a   0x08003d8a   0x00000002   PAD
    0x08003d8c   0x08003d8c   0x00000026   Code   RO          509    .text.prvTaskExitError  port.o
    0x08003db2   0x08003db2   0x00000002   PAD
    0x08003db4   0x08003db4   0x0000001e   Code   RO          444    .text.prvTimerTask  timers.o
    0x08003dd2   0x08003dd2   0x00000002   PAD
    0x08003dd4   0x08003dd4   0x000000ae   Code   RO          188    .text.prvUnlockQueue  queue.o
    0x08003e82   0x08003e82   0x00000002   PAD
    0x08003e84   0x08003e84   0x00000186   Code   RO          115    .text.pvPortMalloc  heap_4.o
    0x0800400a   0x0800400a   0x00000002   PAD
    0x0800400c   0x0800400c   0x00000050   Code   RO          507    .text.pxPortInitialiseStack  port.o
    0x0800405c   0x0800405c   0x00000048   Code   RO          155    .text.uxListRemove  list.o
    0x080040a4   0x080040a4   0x00000002   Code   RO           32    .text.vApplicationIdleHook  main.o
    0x080040a6   0x080040a6   0x00000002   PAD
    0x080040a8   0x080040a8   0x0000000a   Code   RO           38    .text.vApplicationStackOverflowHook  main.o
    0x080040b2   0x080040b2   0x00000002   PAD
    0x080040b4   0x080040b4   0x00000002   Code   RO           34    .text.vApplicationTickHook  main.o
    0x080040b6   0x080040b6   0x00000002   PAD
    0x080040b8   0x080040b8   0x0000002e   Code   RO          147    .text.vListInitialise  list.o
    0x080040e6   0x080040e6   0x00000002   PAD
    0x080040e8   0x080040e8   0x0000000e   Code   RO          149    .text.vListInitialiseItem  list.o
    0x080040f6   0x080040f6   0x00000002   PAD
    0x080040f8   0x080040f8   0x0000006a   Code   RO          153    .text.vListInsert   list.o
    0x08004162   0x08004162   0x00000002   PAD
    0x08004164   0x08004164   0x00000030   Code   RO          521    .text.vPortEnterCritical  port.o
    0x08004194   0x08004194   0x00000026   Code   RO          523    .text.vPortExitCritical  port.o
    0x080041ba   0x080041ba   0x00000002   PAD
    0x080041bc   0x080041bc   0x00000076   Code   RO          121    .text.vPortFree     heap_4.o
    0x08004232   0x08004232   0x00000002   PAD
    0x08004234   0x08004234   0x0000002e   Code   RO          515    .text.vPortSetupTimerInterrupt  port.o
    0x08004262   0x08004262   0x00000002   PAD
    0x08004264   0x08004264   0x00000064   Code   RO          226    .text.vQueueWaitForMessageRestricted  queue.o
    0x080042c8   0x080042c8   0x0000004a   Code   RO          310    .text.vTaskDelay    tasks.o
    0x08004312   0x08004312   0x00000002   PAD
    0x08004314   0x08004314   0x00000024   Code   RO          364    .text.vTaskInternalSetTimeOutState  tasks.o
    0x08004338   0x08004338   0x0000000e   Code   RO          368    .text.vTaskMissedYield  tasks.o
    0x08004346   0x08004346   0x00000002   PAD
    0x08004348   0x08004348   0x00000026   Code   RO          352    .text.vTaskPlaceOnEventList  tasks.o
    0x0800436e   0x0800436e   0x00000002   PAD
    0x08004370   0x08004370   0x00000060   Code   RO          356    .text.vTaskPlaceOnEventListRestricted  tasks.o
    0x080043d0   0x080043d0   0x00000094   Code   RO          330    .text.vTaskStartScheduler  tasks.o
    0x08004464   0x08004464   0x00000010   Code   RO          304    .text.vTaskSuspendAll  tasks.o
    0x08004474   0x08004474   0x000000ec   Code   RO          322    .text.vTaskSwitchContext  tasks.o
    0x08004560   0x08004560   0x00000040   Code   RO          513    .text.xPortStartScheduler  port.o
    0x080045a0   0x080045a0   0x0000007e   Code   RO          166    .text.xQueueGenericCreate  queue.o
    0x0800461e   0x0800461e   0x00000002   PAD
    0x08004620   0x08004620   0x000000d0   Code   RO          164    .text.xQueueGenericReset  queue.o
    0x080046f0   0x080046f0   0x00000152   Code   RO          194    .text.xQueueReceive  queue.o
    0x08004842   0x08004842   0x00000002   PAD
    0x08004844   0x08004844   0x0000009a   Code   RO          366    .text.xTaskCheckForTimeOut  tasks.o
    0x080048de   0x080048de   0x00000002   PAD
    0x080048e0   0x080048e0   0x000000a0   Code   RO          290    .text.xTaskCreate   tasks.o
    0x08004980   0x08004980   0x00000014   Code   RO          338    .text.xTaskGetTickCount  tasks.o
    0x08004994   0x08004994   0x00000254   Code   RO          336    .text.xTaskIncrementTick  tasks.o
    0x08004be8   0x08004be8   0x00000170   Code   RO          358    .text.xTaskRemoveFromEventList  tasks.o
    0x08004d58   0x08004d58   0x000001fe   Code   RO          308    .text.xTaskResumeAll  tasks.o
    0x08004f56   0x08004f56   0x00000002   PAD
    0x08004f58   0x08004f58   0x00000050   Code   RO          440    .text.xTimerCreateTimerTask  timers.o
    0x08004fa8   0x08004fa8   0x000000c4   Code   RO         1311    x$fpl$fadd          fz_ws.l(faddsub_clz.o)
    0x0800506c   0x0800506c   0x00000054   Code   RO         1317    x$fpl$fcmp          fz_ws.l(fcmp.o)
    0x080050c0   0x080050c0   0x00000018   Code   RO         1613    x$fpl$fcmpinf       fz_ws.l(fcmpi.o)
    0x080050d8   0x080050d8   0x00000184   Code   RO         1320    x$fpl$fdiv          fz_ws.l(fdiv.o)
    0x0800525c   0x0800525c   0x00000068   Code   RO         1522    x$fpl$feqf          fz_ws.l(feqf.o)
    0x080052c4   0x080052c4   0x00000036   Code   RO         1323    x$fpl$ffix          fz_ws.l(ffix.o)
    0x080052fa   0x080052fa   0x00000002   PAD
    0x080052fc   0x080052fc   0x00000030   Code   RO         1328    x$fpl$fflt          fz_ws.l(fflt_clz.o)
    0x0800532c   0x0800532c   0x00000026   Code   RO         1327    x$fpl$ffltu         fz_ws.l(fflt_clz.o)
    0x08005352   0x08005352   0x00000002   PAD
    0x08005354   0x08005354   0x00000068   Code   RO         1524    x$fpl$fgeqf         fz_ws.l(fgeqf.o)
    0x080053bc   0x080053bc   0x00000068   Code   RO         1526    x$fpl$fleqf         fz_ws.l(fleqf.o)
    0x08005424   0x08005424   0x00000102   Code   RO         1333    x$fpl$fmul          fz_ws.l(fmul.o)
    0x08005526   0x08005526   0x0000008c   Code   RO         1528    x$fpl$fnaninf       fz_ws.l(fnaninf.o)
    0x080055b2   0x080055b2   0x0000000a   Code   RO         1530    x$fpl$fretinf       fz_ws.l(fretinf.o)
    0x080055bc   0x080055bc   0x000000ea   Code   RO         1313    x$fpl$fsub          fz_ws.l(faddsub_clz.o)
    0x080056a6   0x080056a6   0x00000000   Code   RO         1532    x$fpl$usenofp       fz_ws.l(usenofp.o)
    0x080056a6   0x080056a6   0x00000010   Data   RO         1278    .rodata.AHBPrescTable  system_stm32f10x.o
    0x080056b6   0x080056b6   0x00000002   PAD
    0x080056b8   0x080056b8   0x00000010   Data   RO          845    .rodata._ZTV11CommonTimer  common_timer.o
    0x080056c8   0x080056c8   0x0000000c   Data   RO          854    .rodata._ZTV11IUpdated1ms  common_timer.o
    0x080056d4   0x080056d4   0x0000000c   Data   RO          767    .rodata._ZTV11SimpleInput  simple_input.o
    0x080056e0   0x080056e0   0x0000000c   Data   RO         1084    .rodata._ZTV11ThreePosReg  three_pos.o
    0x080056ec   0x080056ec   0x00000010   Data   RO          734    .rodata._ZTV12ProgrammCoil  coil.o
    0x080056fc   0x080056fc   0x0000000c   Data   RO          663    .rodata._ZTV13AnalogMonitor  analog_monitor.o
    0x08005708   0x08005708   0x0000000c   Data   RO           81    .rodata._ZTV17IUpdatedSomewhere  main.o
    0x08005714   0x08005714   0x00000020   Data   RO          768    .rodata._ZTV18SimpleInputDelayed  simple_input.o
    0x08005734   0x08005734   0x00000010   Data   RO          732    .rodata._ZTV4Coil   coil.o
    0x08005744   0x08005744   0x0000000c   Data   RO         1026    .rodata._ZTV4Ramp   ramp.o
    0x08005750   0x08005750   0x0000000c   Data   RO          914    .rodata._ZTV5Pulse  pulse.o
    0x0800575c   0x0800575c   0x0000000c   Data   RO           80    .rodata._ZTV5ScaleIfsE  main.o
    0x08005768   0x08005768   0x0000000c   Data   RO          698    .rodata._ZTV5ScaleIftE  analog_out.o
    0x08005774   0x08005774   0x0000000c   Data   RO          664    .rodata._ZTV5ScaleItfE  analog_monitor.o
    0x08005780   0x08005780   0x0000000c   Data   RO         1230    .rodata._ZTV6MovAvg  moving_avg.o
    0x0800578c   0x0800578c   0x0000000c   Data   RO          982    .rodata._ZTV6PIDreg  pid.o
    0x08005798   0x08005798   0x0000000c   Data   RO          745    .rodata._ZTV7ISwitch  coil.o
    0x080057a4   0x080057a4   0x0000000c   Data   RO         1206    .rodata._ZTV7Monitor  monitor.o
    0x080057b0   0x080057b0   0x0000000c   Data   RO          870    .rodata._ZTV7OnDelay  on_delay.o
    0x080057bc   0x080057bc   0x0000000c   Data   RO          892    .rodata._ZTV8OffDelay  off_delay.o
    0x080057c8   0x080057c8   0x0000000c   Data   RO          683    .rodata._ZTV9AnalogOut  analog_out.o
    0x080057d4   0x080057d4   0x0000000c   Data   RO         1143    .rodata._ZTV9TwoPosTim  two_pos.o
    0x080057e0   0x080057e0   0x00000019   Data   RO           64    .rodata.str1.1      main.o
    0x080057f9   0x080057f9   0x00000005   Data   RO          426    .rodata.str1.1      tasks.o
    0x080057fe   0x080057fe   0x00000008   Data   RO          493    .rodata.str1.1      timers.o
    0x08005806   0x08005806   0x00000002   PAD
    0x08005808   0x08005808   0x00000004   Data   RO          411    .rodata.uxTopUsedPriority  tasks.o
    0x0800580c   0x0800580c   0x00000020   Data   RO         1733    Region$$Table       anon$$obj.o
    0x0800582c   0x0800582c   0x00000004   Data   RO           65    .init_array         main.o
    0x08005830   0x0800582c   0x00000004   Data   RO          561    .init_array         test_task.o
    0x08005834   0x0800582c   0x00000000   Data   RO         1306    .init_array         c_w.l(init_aeabi.o)


    Execution Region RW_IRAM1 (Exec base: 0x20000000, Load base: 0x08005838, Size: 0x00003ba0, Max: 0x00005000, ABSOLUTE)

    Exec Addr    Load Addr    Size         Type   Attr      Idx    E Section Name        Object

    0x20000000   0x08005838   0x00000004   Data   RW         1277    .data.SystemCoreClock  system_stm32f10x.o
    0x20000004   0x0800583c   0x00000004   Data   RW         1624    .data.__cxa_terminate_handler  libcppabi_w.l(cxa_default_handlers.cpp.o)
    0x20000008   0x08005840   0x00000028   Data   RW           62    .data.updateObjects  main.o
    0x20000030   0x08005868   0x00000001   Data   RW           63    .data.updateObjectsSize  main.o
    0x20000031   0x08005869   0x00000003   PAD
    0x20000034   0x0800586c   0x00000004   Data   RW          529    .data.uxCriticalNesting  port.o
    0x20000038        -       0x00000060   Zero   RW         1633    .bss                c_w.l(libspace.o)
    0x20000098        -       0x00000004   Zero   RW         1626    .bss.__cxa_new_handler  libcppabi_w.l(cxa_default_handlers.cpp.o)
    0x2000009c        -       0x00000034   Zero   RW           50    .bss.adcMonitor     main.o
    0x200000d0        -       0x00000004   Zero   RW           49    .bss.adcValues      main.o
    0x200000d4        -       0x00000028   Zero   RW           51    .bss.analogOut      main.o
    0x200000fc        -       0x00000014   Zero   RW           55    .bss.avg            main.o
    0x20000110        -       0x00000018   Zero   RW           47    .bss.button         main.o
    0x20000128        -       0x00000008   Zero   RW           61    .bss.counter        main.o
    0x20000130        -       0x0000000c   Zero   RW           48    .bss.delay          main.o
    0x2000013c        -       0x00000010   Zero   RW           46    .bss.led            main.o
    0x2000014c        -       0x0000000c   Zero   RW           59    .bss.offDelay       main.o
    0x20000158        -       0x00000008   Zero   RW           58    .bss.onDelay        main.o
    0x20000160        -       0x00000048   Zero   RW           52    .bss.pid            main.o
    0x200001a8        -       0x00000004   Zero   RW          497    .bss.prvSampleTimeNow.xLastTime  timers.o
    0x200001ac        -       0x0000000c   Zero   RW           60    .bss.pulse          main.o
    0x200001b8        -       0x00000004   Zero   RW          410    .bss.pxCurrentTCB   tasks.o
    0x200001bc        -       0x00000004   Zero   RW          495    .bss.pxCurrentTimerList  timers.o
    0x200001c0        -       0x00000004   Zero   RW          420    .bss.pxDelayedTaskList  tasks.o
    0x200001c4        -       0x00000004   Zero   RW          133    .bss.pxEnd          heap_4.o
    0x200001c8        -       0x00000004   Zero   RW          421    .bss.pxOverflowDelayedTaskList  tasks.o
    0x200001cc        -       0x00000004   Zero   RW          496    .bss.pxOverflowTimerList  timers.o
    0x200001d0        -       0x00000064   Zero   RW          412    .bss.pxReadyTasksLists  tasks.o
    0x20000234        -       0x00000024   Zero   RW           54    .bss.ramp           main.o
    0x20000258        -       0x00000001   Zero   RW          557    .bss.reslt          test_task.o
    0x20000259        -       0x00000001   Zero   RW          556    .bss.rest           test_task.o
    0x2000025a        -       0x00000003   Zero   RW          553    .bss.rise           test_task.o
    0x2000025d   0x08005870   0x00000003   PAD
    0x20000260        -       0x00000018   Zero   RW           53    .bss.scale          main.o
    0x20000278        -       0x00000006   Zero   RW          554    .bss.seq            test_task.o
    0x2000027e        -       0x00000001   Zero   RW          560    .bss.seq_finish     test_task.o
    0x2000027f        -       0x00000001   Zero   RW          559    .bss.seq_lock       test_task.o
    0x20000280        -       0x00000001   Zero   RW          558    .bss.seq_start      test_task.o
    0x20000281        -       0x00000001   Zero   RW          555    .bss.strt           test_task.o
    0x20000282   0x08005870   0x00000002   PAD
    0x20000284        -       0x00000024   Zero   RW           57    .bss.threePosReg    main.o
    0x200002a8        -       0x00000018   Zero   RW           56    .bss.twoPos         main.o
    0x200002c0        -       0x00002800   Zero   RW          139    .bss.ucHeap         heap_4.o
    0x20002ac0        -       0x00000004   Zero   RW          417    .bss.uxCurrentNumberOfTasks  tasks.o
    0x20002ac4        -       0x00000004   Zero   RW          416    .bss.uxDeletedTasksWaitingCleanUp  tasks.o
    0x20002ac8        -       0x00000004   Zero   RW          423    .bss.uxSchedulerSuspended  tasks.o
    0x20002acc        -       0x00000004   Zero   RW          414    .bss.uxTaskNumber   tasks.o
    0x20002ad0        -       0x00000004   Zero   RW          413    .bss.uxTopReadyPriority  tasks.o
    0x20002ad4        -       0x00000014   Zero   RW          498    .bss.xActiveTimerList1  timers.o
    0x20002ae8        -       0x00000014   Zero   RW          499    .bss.xActiveTimerList2  timers.o
    0x20002afc        -       0x00000014   Zero   RW          431    .bss.xDelayedTaskList1  tasks.o
    0x20002b10        -       0x00000014   Zero   RW          432    .bss.xDelayedTaskList2  tasks.o
    0x20002b24        -       0x00000004   Zero   RW          134    .bss.xFreeBytesRemaining  heap_4.o
    0x20002b28        -       0x00000004   Zero   RW          427    .bss.xIdleTaskHandle  tasks.o
    0x20002b2c        -       0x00000004   Zero   RW          136    .bss.xMinimumEverFreeBytesRemaining  heap_4.o
    0x20002b30        -       0x00000004   Zero   RW          428    .bss.xNextTaskUnblockTime  tasks.o
    0x20002b34        -       0x00000004   Zero   RW          430    .bss.xNumOfOverflows  tasks.o
    0x20002b38        -       0x00000004   Zero   RW          137    .bss.xNumberOfSuccessfulAllocations  heap_4.o
    0x20002b3c        -       0x00000004   Zero   RW          138    .bss.xNumberOfSuccessfulFrees  heap_4.o
    0x20002b40        -       0x00000004   Zero   RW          429    .bss.xPendedTicks   tasks.o
    0x20002b44        -       0x00000014   Zero   RW          425    .bss.xPendingReadyList  tasks.o
    0x20002b58        -       0x00000004   Zero   RW          418    .bss.xSchedulerRunning  tasks.o
    0x20002b5c        -       0x00000008   Zero   RW          135    .bss.xStart         heap_4.o
    0x20002b64        -       0x00000014   Zero   RW          422    .bss.xSuspendedTaskList  tasks.o
    0x20002b78        -       0x00000014   Zero   RW          415    .bss.xTasksWaitingTermination  tasks.o
    0x20002b8c        -       0x00000004   Zero   RW          419    .bss.xTickCount     tasks.o
    0x20002b90        -       0x00000004   Zero   RW          492    .bss.xTimerQueue    timers.o
    0x20002b94        -       0x00000004   Zero   RW          494    .bss.xTimerTaskHandle  timers.o
    0x20002b98        -       0x00000004   Zero   RW          424    .bss.xYieldPending  tasks.o
    0x20002b9c   0x08005870   0x00000004   PAD
    0x20002ba0        -       0x00000c00   Zero   RW         1261    HEAP                startup_stm32f10x_md.o
    0x200037a0        -       0x00000400   Zero   RW         1260    STACK               startup_stm32f10x_md.o


==============================================================================

Image component sizes


      Code (inc. data)   RO Data    RW Data    ZI Data      Debug   Object Name

       624          0         24          0          0       5390   analog_monitor.o
       420          0         24          0          0       5300   analog_out.o
       334          0         44          0          0       5695   coil.o
        64          0          0          0          0       1810   common.o
       478          0         28          0          0       5593   common_timer.o
       116          0          0          0          0       2957   counter.o
       226          0          0          0          0       2307   gpio_common.o
       880          0          0          0      10268       4062   heap_4.o
      1164          0          0          0          0       7833   init.o
        64          0          0          0          0       7219   led_task.o
       238          0          0          0          0       2044   list.o
      1146          0         53         41        400      13328   main.o
       568          0         12          0          0       6310   monitor.o
       390          0         12          0          0       9323   moving_avg.o
       152          0         12          0          0       3302   off_delay.o
       128          0         12          0          0       3198   on_delay.o
       838          0         12          0          0       8493   pid.o
       100          0          0          0          0       7221   pidtask.o
       510         12          0          4          0       2483   port.o
       300          0         12          0          0       3273   pulse.o
      1124          0          0          0          0      12153   queue.o
       514          0         12          0          0       6027   ramp.o
       222          0          0          0          0       2561   rf_impulse.o
       136          0          0          0          0       3212   sequence.o
       304          0         44          0          0       3946   simple_input.o
        64         26        236          0       4096        820   startup_stm32f10x_md.o
       690          0         16          4          0       2938   system_stm32f10x.o
      3694          0          9          0        260      21770   tasks.o
       540          0          4          0         15       9251   test_task.o
       700          0         12          0          0       7499   three_pos.o
      1148         10          8          0         60       7642   timers.o
       358          0         12          0          0       7304   two_pos.o

    ----------------------------------------------------------------------
     18466         60        634         52      15108     192264   Object Totals
         0          0         32          0          0          0   (incl. Generated)
       232         12          4          3          9          0   (incl. Padding)

    ----------------------------------------------------------------------

      Code (inc. data)   RO Data    RW Data    ZI Data      Debug   Library Member Name

         8          0          0          0          0         68   __main.o
         0          0          0          0          0          0   __rtentry.o
        12          0          0          0          0          0   __rtentry2.o
         6          0          0          0          0          0   __rtentry4.o
        52          8          0          0          0          0   __scatter.o
        26          0          0          0          0          0   __scatter_copy.o
        28          0          0          0          0          0   __scatter_zi.o
        22          0          0          0          0         80   abort.o
        46          0          0          0          0         84   aeabi_atexit.o
        16          0          0          0          0         68   aeabi_memset4.o
        10          0          0          0          0         68   cxa_atexit.o
        66          0          0          0          0         84   cxa_finalize.o
        48         34          0          0          0         76   defsig_abrt_inner.o
        14          0          0          0          0         80   defsig_abrt_outer.o
        10          0          0          0          0         68   defsig_exit.o
        50          0          0          0          0         88   defsig_general.o
        80         58          0          0          0         76   defsig_rtmem_inner.o
        14          0          0          0          0         80   defsig_rtmem_outer.o
        18          0          0          0          0         80   exit.o
        94          0          0          0          0         80   h1_alloc.o
        52          0          0          0          0         68   h1_extend.o
        78          0          0          0          0         80   h1_free.o
        14          0          0          0          0         84   h1_init.o
         6          0          0          0          0        152   heapauxi.o
         4          0          0          0          0        136   hguard.o
         0          0          0          0          0          0   indicate_semi.o
        36          8          0          0          0         80   init_aeabi.o
       138          0          0          0          0        168   init_alloc.o
         2          0          0          0          0          0   libinit.o
        14          0          0          0          0          0   libinit2.o
         2          0          0          0          0          0   libshutdown.o
         8          0          0          0          0          0   libshutdown2.o
         8          4          0          0         96         68   libspace.o
         0          0          0          0          0          0   maybetermalloc1.o
         8          4          0          0          0         68   rt_ddtor_pointer_addr_intlibspace.o
         8          4          0          0          0         68   rt_heap_descriptor_intlibspace.o
        68          0          0          0          0         68   rt_memclr.o
        78          0          0          0          0         80   rt_memclr_w.o
       138          0          0          0          0         68   rt_memcpy_v6.o
       100          0          0          0          0         80   rt_memcpy_w.o
         2          0          0          0          0          0   rtexit.o
        10          0          0          0          0          0   rtexit2.o
        12          4          0          0          0         68   sys_exit.o
        74          0          0          0          0         80   sys_stackheap_outer.o
        14          0          0          0          0         76   sys_wrch.o
         2          0          0          0          0         68   use_no_semi.o
       430          8          0          0          0        168   faddsub_clz.o
        84          0          0          0          0        196   fcmp.o
        24          0          0          0          0         68   fcmpi.o
       388         76          0          0          0         96   fdiv.o
       104          4          0          0          0         84   feqf.o
        54          4          0          0          0         84   ffix.o
        86          0          0          0          0        136   fflt_clz.o
       104          4          0          0          0         84   fgeqf.o
       104          4          0          0          0         84   fleqf.o
       258          4          0          0          0         84   fmul.o
       140          4          0          0          0         84   fnaninf.o
        10          0          0          0          0         68   fretinf.o
         0          0          0          0          0          0   usenofp.o
        54          0          0          0          0        380   new.cpp.o
         4          0          0          0          0         36   abort_message.cpp.o
         4          0          0          0          0         68   cxa_aux_runtime.cpp.o
         0          0          0          4          4          0   cxa_default_handlers.cpp.o
        74         40          0          0          0        132   cxa_handlers.cpp.o
        40         32          0          0          0         52   cxa_virtual.cpp.o

    ----------------------------------------------------------------------
      3480        304          0          4        100       4544   Library Totals
        22          0          0          0          0          0   (incl. Padding)

    ----------------------------------------------------------------------

      Code (inc. data)   RO Data    RW Data    ZI Data      Debug   Library Name

      1496        124          0          0         96       2640   c_w.l
      1786        108          0          0          0       1236   fz_ws.l
        54          0          0          0          0        380   libcpp_w.l
       122         72          0          4          4        288   libcppabi_w.l

    ----------------------------------------------------------------------
      3480        304          0          4        100       4544   Library Totals

    ----------------------------------------------------------------------

==============================================================================


      Code (inc. data)   RO Data    RW Data    ZI Data      Debug   

     21946        364        634         56      15208     193920   Grand Totals
     21946        364        634         56      15208     193920   ELF Image Totals
     21946        364        634         56          0          0   ROM Totals

==============================================================================

    Total RO  Size (Code + RO Data)                22580 (  22.05kB)
    Total RW  Size (RW Data + ZI Data)             15264 (  14.91kB)
    Total ROM Size (Code + RO Data + RW Data)      22636 (  22.11kB)

==============================================================================

