Component: Arm Compiler for Embedded 6.18 Tool: armlink [5e4cc100]

==============================================================================

Section Cross References

    main.o(.ARM.exidx.text.vApplicationIdleHook) refers to main.o(.text.vApplicationIdleHook) for [Anonymous Symbol]
    main.o(.ARM.exidx.text.vApplicationTickHook) refers to main.o(.text.vApplicationTickHook) for [Anonymous Symbol]
    main.o(.ARM.exidx.text.vApplicationMallocFailedHook) refers to main.o(.text.vApplicationMallocFailedHook) for [Anonymous Symbol]
    main.o(.ARM.exidx.text.vApplicationStackOverflowHook) refers to main.o(.text.vApplicationStackOverflowHook) for [Anonymous Symbol]
    main.o(.text.__cxx_global_var_init) refers to main.o(.bss.led) for led
    main.o(.text.__cxx_global_var_init) refers to coil.o(.text._ZN4CoilC2EP12GPIO_TypeDefh) for Coil::Coil(GPIO_TypeDef*, unsigned char)
    main.o(.ARM.exidx.text.__cxx_global_var_init) refers to main.o(.text.__cxx_global_var_init) for [Anonymous Symbol]
    main.o(.text.__cxx_global_var_init.1) refers to main.o(.bss.button) for button
    main.o(.text.__cxx_global_var_init.1) refers to simple_input.o(.text._ZN18SimpleInputDelayedC2EP12GPIO_TypeDefht) for SimpleInputDelayed::SimpleInputDelayed(GPIO_TypeDef*, unsigned char, unsigned short)
    main.o(.ARM.exidx.text.__cxx_global_var_init.1) refers to main.o(.text.__cxx_global_var_init.1) for [Anonymous Symbol]
    main.o(.text.__cxx_global_var_init.2) refers to main.o(.bss.ledSwitch) for ledSwitch
    main.o(.text.__cxx_global_var_init.2) refers to main.o(.text._ZN12ProgrammCoilC2Ev) for ProgrammCoil::ProgrammCoil__sub_object()
    main.o(.ARM.exidx.text.__cxx_global_var_init.2) refers to main.o(.text.__cxx_global_var_init.2) for [Anonymous Symbol]
    main.o(.text.__cxx_global_var_init.3) refers to main.o(.bss.ledDelay) for ledDelay
    main.o(.text.__cxx_global_var_init.3) refers to main.o(.bss.ledSwitch) for ledSwitch
    main.o(.text.__cxx_global_var_init.3) refers to switch_delay.o(.text._ZN11SwitchDelayC2EP7ISwitcht) for SwitchDelay::SwitchDelay(ISwitch*, unsigned short)
    main.o(.ARM.exidx.text.__cxx_global_var_init.3) refers to main.o(.text.__cxx_global_var_init.3) for [Anonymous Symbol]
    main.o(.text.__cxx_global_var_init.4) refers to main.o(.bss.buttonDelay) for buttonDelay
    main.o(.text.__cxx_global_var_init.4) refers to main.o(.bss.button) for button
    main.o(.text.__cxx_global_var_init.4) refers to switch_delay.o(.text._ZN11SwitchDelayC2EP7ISwitcht) for SwitchDelay::SwitchDelay(ISwitch*, unsigned short)
    main.o(.ARM.exidx.text.__cxx_global_var_init.4) refers to main.o(.text.__cxx_global_var_init.4) for [Anonymous Symbol]
    main.o(.text.__cxx_global_var_init.5) refers to main.o(.bss.delay) for delay
    main.o(.text.__cxx_global_var_init.5) refers to common_timer.o(.text._ZN11CommonTimerC2Et) for CommonTimer::CommonTimer(unsigned short)
    main.o(.ARM.exidx.text.__cxx_global_var_init.5) refers to main.o(.text.__cxx_global_var_init.5) for [Anonymous Symbol]
    main.o(.text.__cxx_global_var_init.6) refers to main.o(.bss.adcMonitor) for adcMonitor
    main.o(.text.__cxx_global_var_init.6) refers to analog_monitor.o(.text._ZN13AnalogMonitorC2Ehff) for AnalogMonitor::AnalogMonitor(unsigned char, float, float)
    main.o(.text.__cxx_global_var_init.6) refers to analog_monitor.o(.text._ZN13AnalogMonitorD2Ev) for AnalogMonitor::~AnalogMonitor()
    main.o(.text.__cxx_global_var_init.6) refers to cxa_atexit.o(.text) for __cxa_atexit
    main.o(.ARM.exidx.text.__cxx_global_var_init.6) refers to main.o(.text.__cxx_global_var_init.6) for [Anonymous Symbol]
    main.o(.text.__cxx_global_var_init.7) refers to main.o(.bss.analogOut) for analogOut
    main.o(.text.__cxx_global_var_init.7) refers to analog_out.o(.text._ZN9AnalogOutC2Etjffff) for AnalogOut::AnalogOut(unsigned short, unsigned int, float, float, float, float)
    main.o(.text.__cxx_global_var_init.7) refers to analog_out.o(.text._ZN9AnalogOutD2Ev) for AnalogOut::~AnalogOut()
    main.o(.text.__cxx_global_var_init.7) refers to cxa_atexit.o(.text) for __cxa_atexit
    main.o(.ARM.exidx.text.__cxx_global_var_init.7) refers to main.o(.text.__cxx_global_var_init.7) for [Anonymous Symbol]
    main.o(.text.__cxx_global_var_init.8) refers to main.o(.bss.pid) for pid
    main.o(.text.__cxx_global_var_init.8) refers to pid.o(.text._ZN6PIDregC2Etfffffffb) for PIDreg::PIDreg(unsigned short, float, float, float, float, float, float, float, bool)
    main.o(.ARM.exidx.text.__cxx_global_var_init.8) refers to main.o(.text.__cxx_global_var_init.8) for [Anonymous Symbol]
    main.o(.text.__cxx_global_var_init.9) refers to main.o(.bss.scale) for scale
    main.o(.text.__cxx_global_var_init.9) refers to main.o(.text._ZN5ScaleIfsEC2Effss) for Scale<float, short>::Scale__sub_object(float, float, short, short)
    main.o(.ARM.exidx.text.__cxx_global_var_init.9) refers to main.o(.text.__cxx_global_var_init.9) for [Anonymous Symbol]
[...]
    ProgrammCoil::setValue(bool)             0x08001ae5   Thumb Code    24  coil.o(.text._ZN12ProgrammCoil8setValueEb)
    ProgrammCoil::ProgrammCoil__sub_object() 0x08001afd   Thumb Code    32  main.o(.text._ZN12ProgrammCoilC2Ev)
    ProgrammCoil::operator=(bool)            0x08001b1d   Thumb Code    34  coil.o(.text._ZN12ProgrammCoilaSEb)
    TwoPosCommon::set(float)                 0x08001b41   Thumb Code    16  two_pos.o(.text._ZN12TwoPosCommon3setEf)
    TwoPosCommon::TwoPosCommon(float, bool)  0x08001b51   Thumb Code    30  two_pos.o(.text._ZN12TwoPosCommonC2Efb)
    TwoPosCommon::TwoPosCommon__sub_object(float, bool) 0x08001b51   Thumb Code    30  two_pos.o(.text._ZN12TwoPosCommonC2Efb)
    AnalogMonitor::set(unsigned short)       0x08001b71   Thumb Code    44  analog_monitor.o(.text._ZN13AnalogMonitor3setEt)
    AnalogMonitor::AnalogMonitor(unsigned char, float, float) 0x08001b9d   Thumb Code   134  analog_monitor.o(.text._ZN13AnalogMonitorC2Ehff)
    AnalogMonitor::AnalogMonitor__sub_object(unsigned char, float, float) 0x08001b9d   Thumb Code   134  analog_monitor.o(.text._ZN13AnalogMonitorC2Ehff)
    AnalogMonitor::~AnalogMonitor()          0x08001c25   Thumb Code    54  analog_monitor.o(.text._ZN13AnalogMonitorD2Ev)
    AnalogMonitor::~AnalogMonitor__sub_object() 0x08001c25   Thumb Code    54  analog_monitor.o(.text._ZN13AnalogMonitorD2Ev)
    AnalogMonitor::operator=(unsigned short) 0x08001c5d   Thumb Code    28  analog_monitor.o(.text._ZN13AnalogMonitoraSEt)
    IUpdatedSomewhere::IUpdatedSomewhere__sub_object() 0x08001c79   Thumb Code    22  pid.o(.text._ZN17IUpdatedSomewhereC2Ev)
    SimpleInputDelayed::isActive()           0x08001c91   Thumb Code    18  simple_input.o(.text._ZN18SimpleInputDelayed8isActiveEv)
    SimpleInputDelayed::update1ms()          0x08001ca5   Thumb Code    38  simple_input.o(.text._ZN18SimpleInputDelayed9update1msEv)
    SimpleInputDelayed::SimpleInputDelayed(GPIO_TypeDef*, unsigned char, unsigned short) 0x08001ccd   Thumb Code    66  simple_input.o(.text._ZN18SimpleInputDelayedC2EP12GPIO_TypeDefht)
    SimpleInputDelayed::SimpleInputDelayed__sub_object(GPIO_TypeDef*, unsigned char, unsigned short) 0x08001ccd   Thumb Code    66  simple_input.o(.text._ZN18SimpleInputDelayedC2EP12GPIO_TypeDefht)
    Mux<float>::get()                        0x08001d11   Thumb Code    20  main.o(.text._ZN3MuxIfE3getEv)
    Mux<float>::reg(float*, unsigned char)   0x08001d25   Thumb Code    50  main.o(.text._ZN3MuxIfE3regEPfh)
    Mux<float>::reg(int, ...)                0x08001d59   Thumb Code    86  main.o(.text._ZN3MuxIfE3regEiz)
    Mux<float>::set(unsigned char)           0x08001db1   Thumb Code    36  main.o(.text._ZN3MuxIfE3setEh)
    Mux<float>::Mux__sub_object(unsigned char) 0x08001dd5   Thumb Code    66  main.o(.text._ZN3MuxIfEC2Eh)
    Mux<float>::~Mux__sub_object()           0x08001e19   Thumb Code    34  main.o(.text._ZN3MuxIfED2Ev)
    Coil::isActive()                         0x08001e3d   Thumb Code    22  coil.o(.text._ZN4Coil8isActiveEv)
    Coil::setValue(bool)                     0x08001e55   Thumb Code    66  coil.o(.text._ZN4Coil8setValueEb)
    Coil::Coil(GPIO_TypeDef*, unsigned char) 0x08001e99   Thumb Code   118  coil.o(.text._ZN4CoilC2EP12GPIO_TypeDefh)
    Coil::Coil__sub_object(GPIO_TypeDef*, unsigned char) 0x08001e99   Thumb Code   118  coil.o(.text._ZN4CoilC2EP12GPIO_TypeDefh)
    Coil::operator=(bool)                    0x08001f11   Thumb Code    34  coil.o(.text._ZN4CoilaSEb)
    Ramp::getOutRange()                      0x08001f35   Thumb Code    18  ramp.o(.text._ZN4Ramp11getOutRangeEv)
    Ramp::setFullRangeTime(unsigned int)     0x08001f49   Thumb Code    64  ramp.o(.text._ZN4Ramp16setFullRangeTimeEj)
    Ramp::get()                              0x08001f89   Thumb Code    12  ramp.o(.text._ZN4Ramp3getEv)
    Ramp::set(float)                         0x08001f95   Thumb Code    30  ramp.o(.text._ZN4Ramp3setEf)
    Ramp::setLimMax(float)                   0x08001fb5   Thumb Code    28  ramp.o(.text._ZN4Ramp9setLimMaxEf)
    Ramp::update1ms()                        0x08001fd1   Thumb Code   154  ramp.o(.text._ZN4Ramp9update1msEv)
    Ramp::Ramp(unsigned int)                 0x0800206d   Thumb Code    42  ramp.o(.text._ZN4RampC2Ej)
    Ramp::Ramp__sub_object(unsigned int)     0x0800206d   Thumb Code    42  ramp.o(.text._ZN4RampC2Ej)
    Ramp::Ramp(unsigned int, float, float, float, float) 0x08002099   Thumb Code   122  ramp.o(.text._ZN4RampC2Ejffff)
    Ramp::Ramp__sub_object(unsigned int, float, float, float, float) 0x08002099   Thumb Code   122  ramp.o(.text._ZN4RampC2Ejffff)
    Ramp::operator=(float)                   0x08002115   Thumb Code    24  ramp.o(.text._ZN4RampaSEf)
    Pulse::get()                             0x0800212d   Thumb Code    18  pulse.o(.text._ZN5Pulse3getEv)
    Pulse::set(bool)                         0x08002141   Thumb Code    76  pulse.o(.text._ZN5Pulse3setEb)
    Pulse::reset()                           0x0800218d   Thumb Code    22  pulse.o(.text._ZN5Pulse5resetEv)
    Pulse::update1ms()                       0x080021a5   Thumb Code    44  pulse.o(.text._ZN5Pulse9update1msEv)
    Pulse::Pulse(unsigned short)             0x080021d1   Thumb Code    62  pulse.o(.text._ZN5PulseC2Et)
    Pulse::Pulse__sub_object(unsigned short) 0x080021d1   Thumb Code    62  pulse.o(.text._ZN5PulseC2Et)
    Pulse::~Pulse()                          0x08002211   Thumb Code    46  pulse.o(.text._ZN5PulseD2Ev)
    Pulse::~Pulse__sub_object()              0x08002211   Thumb Code    46  pulse.o(.text._ZN5PulseD2Ev)
    Pulse::operator=(bool)                   0x08002241   Thumb Code    32  pulse.o(.text._ZN5PulseaSEb)
    Scale<float, short>::get()               0x08002261   Thumb Code    14  test_task.o(.text._ZN5ScaleIfsE3getEv)
    Scale<float, short>::set(float)          0x08002271   Thumb Code    36  test_task.o(.text._ZN5ScaleIfsE3setEf)
    Scale<float, short>::update()            0x08002295   Thumb Code   102  test_task.o(.text._ZN5ScaleIfsE6updateEv)
    Scale<float, short>::Scale__sub_object(float, float, short, short) 0x080022fd   Thumb Code    50  main.o(.text._ZN5ScaleIfsEC2Effss)
    Scale<float, short>::operator=(float)    0x08002331   Thumb Code    24  test_task.o(.text._ZN5ScaleIfsEaSEf)
    Scale<float, unsigned short>::set(float) 0x08002349   Thumb Code    36  analog_out.o(.text._ZN5ScaleIftE3setEf)
    Scale<float, unsigned short>::update()   0x0800236d   Thumb Code    98  analog_out.o(.text._ZN5ScaleIftE6updateEv)
    Scale<float, unsigned short>::Scale__sub_object(float, float, unsigned short, unsigned short) 0x080023d1   Thumb Code    50  analog_out.o(.text._ZN5ScaleIftEC2Efftt)
    Scale<unsigned short, float>::get()      0x08002405   Thumb Code    12  analog_monitor.o(.text._ZN5ScaleItfE3getEv)
    Scale<unsigned short, float>::set(unsigned short) 0x08002411   Thumb Code    40  analog_monitor.o(.text._ZN5ScaleItfE3setEt)
    Scale<unsigned short, float>::update()   0x08002439   Thumb Code    82  analog_monitor.o(.text._ZN5ScaleItfE6updateEv)
    Scale<unsigned short, float>::Scale__sub_object(unsigned short, unsigned short, float, float) 0x0800248d   Thumb Code    44  analog_monitor.o(.text._ZN5ScaleItfEC2Ettff)
    Scale<unsigned short, float>::operator=(unsigned short) 0x080024b9   Thumb Code    28  analog_monitor.o(.text._ZN5ScaleItfEaSEt)
    MovAvg::updateSomewhere()                0x080024d5   Thumb Code   128  moving_avg.o(.text._ZN6MovAvg15updateSomewhereEv)
    MovAvg::get()                            0x08002555   Thumb Code    12  moving_avg.o(.text._ZN6MovAvg3getEv)
    MovAvg::set(float)                       0x08002561   Thumb Code    24  moving_avg.o(.text._ZN6MovAvg3setEf)
    MovAvg::MovAvg(unsigned char)            0x08002579   Thumb Code   106  moving_avg.o(.text._ZN6MovAvgC2Eh)
    MovAvg::MovAvg__sub_object(unsigned char) 0x08002579   Thumb Code   106  moving_avg.o(.text._ZN6MovAvgC2Eh)
    MovAvg::~MovAvg()                        0x080025e5   Thumb Code    46  moving_avg.o(.text._ZN6MovAvgD2Ev)
    MovAvg::~MovAvg__sub_object()            0x080025e5   Thumb Code    46  moving_avg.o(.text._ZN6MovAvgD2Ev)
    MovAvg::operator=(float)                 0x08002615   Thumb Code    24  moving_avg.o(.text._ZN6MovAvgaSEf)
    PIDreg::updateKoef()                     0x0800262d   Thumb Code   212  pid.o(.text._ZN6PIDreg10updateKoefEv)
    PIDreg::updateSomewhere()                0x08002701   Thumb Code   196  pid.o(.text._ZN6PIDreg15updateSomewhereEv)
    PIDreg::getT()                           0x080027c5   Thumb Code    18  pid.o(.text._ZN6PIDreg4getTEv)
    PIDreg::reset()                          0x080027d9   Thumb Code    20  pid.o(.text._ZN6PIDreg5resetEv)
    PIDreg::setKp(float)                     0x080027ed   Thumb Code    22  pid.o(.text._ZN6PIDreg5setKpEf)
    PIDreg::setPv(float)                     0x08002805   Thumb Code    24  pid.o(.text._ZN6PIDreg5setPvEf)
    PIDreg::setTd(float)                     0x0800281d   Thumb Code    22  pid.o(.text._ZN6PIDreg5setTdEf)
    PIDreg::setTi(float)                     0x08002835   Thumb Code    22  pid.o(.text._ZN6PIDreg5setTiEf)
    PIDreg::setAuto(bool)                    0x0800284d   Thumb Code    26  pid.o(.text._ZN6PIDreg7setAutoEb)
    PIDreg::getOutRef()                      0x08002869   Thumb Code    12  pid.o(.text._ZN6PIDreg9getOutRefEv)
    PIDreg::PIDreg(unsigned short, float, float, float, float, float, float, float, bool) 0x08002875   Thumb Code   180  pid.o(.text._ZN6PIDregC2Etfffffffb)
    PIDreg::PIDreg__sub_object(unsigned short, float, float, float, float, float, float, float, bool) 0x08002875   Thumb Code   180  pid.o(.text._ZN6PIDregC2Etfffffffb)
    PIDreg::operator=(float)                 0x08002929   Thumb Code    24  pid.o(.text._ZN6PIDregaSEf)
    ISwitch::ISwitch__sub_object()           0x08002941   Thumb Code    22  main.o(.text._ZN7ISwitchC2Ev)
    Monitor::setValueMax(float)              0x08002959   Thumb Code    28  monitor.o(.text._ZN7Monitor11setValueMaxEf)
    Monitor::setTresDelay(TRES_TYPE, unsigned short) 0x08002975   Thumb Code    38  monitor.o(.text._ZN7Monitor12setTresDelayE9TRES_TYPEt)
    Monitor::get()                           0x0800299d   Thumb Code    12  monitor.o(.text._ZN7Monitor3getEv)
    Monitor::set(float)                      0x080029a9   Thumb Code    30  monitor.o(.text._ZN7Monitor3setEf)
    Monitor::update1ms()                     0x080029c9   Thumb Code   244  monitor.o(.text._ZN7Monitor9update1msEv)
    Monitor::Monitor(float, float)           0x08002abd   Thumb Code   174  monitor.o(.text._ZN7MonitorC2Eff)
    Monitor::Monitor__sub_object(float, float) 0x08002abd   Thumb Code   174  monitor.o(.text._ZN7MonitorC2Eff)
    Monitor::~Monitor()                      0x08002b6d   Thumb Code    80  monitor.o(.text._ZN7MonitorD2Ev)
    Monitor::~Monitor__sub_object()          0x08002b6d   Thumb Code    80  monitor.o(.text._ZN7MonitorD2Ev)
    OnDelay::update1ms()                     0x08002bbd   Thumb Code    20  on_delay.o(.text._ZN7OnDelay9update1msEv)
    OnDelay::OnDelay(unsigned short)         0x08002bd1   Thumb Code    62  on_delay.o(.text._ZN7OnDelayC2Et)
    OnDelay::OnDelay__sub_object(unsigned short) 0x08002bd1   Thumb Code    62  on_delay.o(.text._ZN7OnDelayC2Et)
    OnDelay::~OnDelay()                      0x08002c11   Thumb Code    46  on_delay.o(.text._ZN7OnDelayD2Ev)
    OnDelay::~OnDelay__sub_object()          0x08002c11   Thumb Code    46  on_delay.o(.text._ZN7OnDelayD2Ev)
    OffDelay::update1ms()                    0x08002c41   Thumb Code    44  off_delay.o(.text._ZN8OffDelay9update1msEv)
    OffDelay::OffDelay(unsigned short)       0x08002c6d   Thumb Code    62  off_delay.o(.text._ZN8OffDelayC2Et)
    OffDelay::OffDelay__sub_object(unsigned short) 0x08002c6d   Thumb Code    62  off_delay.o(.text._ZN8OffDelayC2Et)
    OffDelay::~OffDelay()                    0x08002cad   Thumb Code    46  off_delay.o(.text._ZN8OffDelayD2Ev)
    OffDelay::~OffDelay__sub_object()        0x08002cad   Thumb Code    46  off_delay.o(.text._ZN8OffDelayD2Ev)
    AnalogOut::update1ms()                   0x08002cdd   Thumb Code    36  analog_out.o(.text._ZN9AnalogOut9update1msEv)
    AnalogOut::AnalogOut(unsigned short, unsigned int, float, float, float, float) 0x08002d01   Thumb Code   108  analog_out.o(.text._ZN9AnalogOutC2Etjffff)
    AnalogOut::AnalogOut__sub_object(unsigned short, unsigned int, float, float, float, float) 0x08002d01   Thumb Code   108  analog_out.o(.text._ZN9AnalogOutC2Etjffff)
    AnalogOut::~AnalogOut()                  0x08002d6d   Thumb Code    46  analog_out.o(.text._ZN9AnalogOutD2Ev)
    AnalogOut::~AnalogOut__sub_object()      0x08002d6d   Thumb Code    46  analog_out.o(.text._ZN9AnalogOutD2Ev)
    AnalogOut::operator=(float)              0x08002d9d   Thumb Code    24  analog_out.o(.text._ZN9AnalogOutaSEf)
    RFimpulse::get()                         0x08002db5   Thumb Code    32  rf_impulse.o(.text._ZN9RFimpulse3getEv)
    RFimpulse::set(bool)                     0x08002dd5   Thumb Code    94  rf_impulse.o(.text._ZN9RFimpulse3setEb)
    RFimpulse::RFimpulse(IMPULSE)            0x08002e35   Thumb Code    20  rf_impulse.o(.text._ZN9RFimpulseC2E7IMPULSE)
    RFimpulse::RFimpulse__sub_object(IMPULSE) 0x08002e35   Thumb Code    20  rf_impulse.o(.text._ZN9RFimpulseC2E7IMPULSE)
    RFimpulse::operator=(bool)               0x08002e49   Thumb Code    32  rf_impulse.o(.text._ZN9RFimpulseaSEb)
    TwoPosTim::update1ms()                   0x08002e69   Thumb Code   138  two_pos.o(.text._ZN9TwoPosTim9update1msEv)
    TwoPosTim::TwoPosTim(float, unsigned short, unsigned short, bool) 0x08002ef5   Thumb Code   122  two_pos.o(.text._ZN9TwoPosTimC2Efttb)
    TwoPosTim::TwoPosTim__sub_object(float, unsigned short, unsigned short, bool) 0x08002ef5   Thumb Code   122  two_pos.o(.text._ZN9TwoPosTimC2Efttb)
    TwoPosTim::~TwoPosTim()                  0x08002f71   Thumb Code    68  two_pos.o(.text._ZN9TwoPosTimD2Ev)
    TwoPosTim::~TwoPosTim__sub_object()      0x08002f71   Thumb Code    68  two_pos.o(.text._ZN9TwoPosTimD2Ev)
    TwoPosTim::operator=(float)              0x08002fb5   Thumb Code    26  two_pos.o(.text._ZN9TwoPosTimaSEf)
    std::__terminate(void (*)())             0x08002fd1   Thumb Code     8  cxa_handlers.cpp.o(.text._ZSt11__terminatePFvvE)
    std::get_new_handler()                   0x08003001   Thumb Code    12  cxa_handlers.cpp.o(.text._ZSt15get_new_handlerv)
    std::terminate()                         0x0800300d   Thumb Code    14  cxa_handlers.cpp.o(.text._ZSt9terminatev)
    non-virtual thunk to SimpleInputDelayed::update1ms() 0x0800301d   Thumb Code    14  simple_input.o(.text._ZThn12_N18SimpleInputDelayed9update1msEv)
    operator delete(void*)                   0x0800302b   Thumb Code     4  new.cpp.o(.text._ZdlPv)
    operator delete(void*, unsigned int)     0x0800302f   Thumb Code     4  new.cpp.o(.text._ZdlPvj)
    operator new[](unsigned int)             0x08003033   Thumb Code     4  new.cpp.o(.text._Znaj)
    operator new(unsigned int)               0x08003039   Thumb Code    38  new.cpp.o(.text._Znwj)
    __cxa_pure_virtual                       0x08003061   Thumb Code     8  cxa_virtual.cpp.o(.text.__cxa_pure_virtual)
    __cxa_throw_bad_array_new_length         0x08003089   Thumb Code     4  cxa_aux_runtime.cpp.o(.text.__cxa_throw_bad_array_new_length)
    abort_message                            0x080033a1   Thumb Code     4  abort_message.cpp.o(.text.abort_message)
    main                                     0x080033a5   Thumb Code   254  main.o(.text.main)
    pvPortMalloc                             0x080040d5   Thumb Code   390  heap_4.o(.text.pvPortMalloc)
    pxPortInitialiseStack                    0x0800425d   Thumb Code    80  port.o(.text.pxPortInitialiseStack)
    uxListRemove                             0x080042ad   Thumb Code    72  list.o(.text.uxListRemove)
    vApplicationIdleHook                     0x080042f5   Thumb Code     2  main.o(.text.vApplicationIdleHook)
    vApplicationStackOverflowHook            0x080042f9   Thumb Code    10  main.o(.text.vApplicationStackOverflowHook)
    vApplicationTickHook                     0x08004305   Thumb Code     2  main.o(.text.vApplicationTickHook)
    vListInitialise                          0x08004309   Thumb Code    46  list.o(.text.vListInitialise)
    vListInitialiseItem                      0x08004339   Thumb Code    14  list.o(.text.vListInitialiseItem)
    vListInsert                              0x08004349   Thumb Code   106  list.o(.text.vListInsert)
    vPortEnterCritical                       0x080043b5   Thumb Code    48  port.o(.text.vPortEnterCritical)
    vPortExitCritical                        0x080043e5   Thumb Code    38  port.o(.text.vPortExitCritical)
    vPortFree                                0x0800440d   Thumb Code   118  heap_4.o(.text.vPortFree)
    vPortSetupTimerInterrupt                 0x08004485   Thumb Code    46  port.o(.text.vPortSetupTimerInterrupt)
    vQueueWaitForMessageRestricted           0x080044b5   Thumb Code   100  queue.o(.text.vQueueWaitForMessageRestricted)
    vTaskDelay                               0x08004519   Thumb Code    74  tasks.o(.text.vTaskDelay)
    vTaskInternalSetTimeOutState             0x08004565   Thumb Code    36  tasks.o(.text.vTaskInternalSetTimeOutState)
    vTaskMissedYield                         0x08004589   Thumb Code    14  tasks.o(.text.vTaskMissedYield)
    vTaskPlaceOnEventList                    0x08004599   Thumb Code    38  tasks.o(.text.vTaskPlaceOnEventList)
    vTaskPlaceOnEventListRestricted          0x080045c1   Thumb Code    96  tasks.o(.text.vTaskPlaceOnEventListRestricted)
    vTaskStartScheduler                      0x08004621   Thumb Code   148  tasks.o(.text.vTaskStartScheduler)
    vTaskSuspendAll                          0x080046b5   Thumb Code    16  tasks.o(.text.vTaskSuspendAll)
    vTaskSwitchContext                       0x080046c5   Thumb Code   236  tasks.o(.text.vTaskSwitchContext)
    xPortStartScheduler                      0x080047b1   Thumb Code    64  port.o(.text.xPortStartScheduler)
    xQueueGenericCreate                      0x080047f1   Thumb Code   126  queue.o(.text.xQueueGenericCreate)
    xQueueGenericReset                       0x08004871   Thumb Code   208  queue.o(.text.xQueueGenericReset)
    xQueueReceive                            0x08004941   Thumb Code   338  queue.o(.text.xQueueReceive)
    xTaskCheckForTimeOut                     0x08004a95   Thumb Code   154  tasks.o(.text.xTaskCheckForTimeOut)
    xTaskCreate                              0x08004b31   Thumb Code   160  tasks.o(.text.xTaskCreate)
    xTaskGetTickCount                        0x08004bd1   Thumb Code    20  tasks.o(.text.xTaskGetTickCount)
    xTaskIncrementTick                       0x08004be5   Thumb Code   596  tasks.o(.text.xTaskIncrementTick)
    xTaskRemoveFromEventList                 0x08004e39   Thumb Code   368  tasks.o(.text.xTaskRemoveFromEventList)
    xTaskResumeAll                           0x08004fa9   Thumb Code   510  tasks.o(.text.xTaskResumeAll)
    xTimerCreateTimerTask                    0x080051a9   Thumb Code    80  timers.o(.text.xTimerCreateTimerTask)
    __aeabi_fadd                             0x080051f9   Thumb Code     0  faddsub_clz.o(x$fpl$fadd)
    _fadd                                    0x080051f9   Thumb Code   196  faddsub_clz.o(x$fpl$fadd)
    __aeabi_fcmpeq                           0x080052bd   Thumb Code     0  fcmp.o(x$fpl$fcmp)
    _feq                                     0x080052bd   Thumb Code    14  fcmp.o(x$fpl$fcmp)
    _fneq                                    0x080052cb   Thumb Code    14  fcmp.o(x$fpl$fcmp)
    __aeabi_fcmpgt                           0x080052d9   Thumb Code     0  fcmp.o(x$fpl$fcmp)
    _fgr                                     0x080052d9   Thumb Code    14  fcmp.o(x$fpl$fcmp)
    __aeabi_fcmpge                           0x080052e7   Thumb Code     0  fcmp.o(x$fpl$fcmp)
    _fgeq                                    0x080052e7   Thumb Code    14  fcmp.o(x$fpl$fcmp)
    __aeabi_fcmple                           0x080052f5   Thumb Code     0  fcmp.o(x$fpl$fcmp)
    _fleq                                    0x080052f5   Thumb Code    14  fcmp.o(x$fpl$fcmp)
    __aeabi_fcmplt                           0x08005303   Thumb Code     0  fcmp.o(x$fpl$fcmp)
    _fls                                     0x08005303   Thumb Code    14  fcmp.o(x$fpl$fcmp)
    __fpl_fcmp_Inf                           0x08005311   Thumb Code    24  fcmpi.o(x$fpl$fcmpinf)
    __aeabi_fdiv                             0x08005329   Thumb Code     0  fdiv.o(x$fpl$fdiv)
    _fdiv                                    0x08005329   Thumb Code   384  fdiv.o(x$fpl$fdiv)
    __aeabi_cfcmpeq                          0x080054ad   Thumb Code     0  feqf.o(x$fpl$feqf)
    _fcmpeq                                  0x080054ad   Thumb Code   104  feqf.o(x$fpl$feqf)
    __aeabi_f2iz                             0x08005515   Thumb Code     0  ffix.o(x$fpl$ffix)
    _ffix                                    0x08005515   Thumb Code    54  ffix.o(x$fpl$ffix)
    __aeabi_i2f                              0x0800554d   Thumb Code     0  fflt_clz.o(x$fpl$fflt)
    _fflt                                    0x0800554d   Thumb Code    48  fflt_clz.o(x$fpl$fflt)
    __aeabi_ui2f                             0x0800557d   Thumb Code     0  fflt_clz.o(x$fpl$ffltu)
    _ffltu                                   0x0800557d   Thumb Code    38  fflt_clz.o(x$fpl$ffltu)
    _fcmpge                                  0x080055a5   Thumb Code   104  fgeqf.o(x$fpl$fgeqf)
    __aeabi_cfcmple                          0x0800560d   Thumb Code     0  fleqf.o(x$fpl$fleqf)
    _fcmple                                  0x0800560d   Thumb Code   104  fleqf.o(x$fpl$fleqf)
    __fpl_fcmple_InfNaN                      0x0800565f   Thumb Code     0  fleqf.o(x$fpl$fleqf)
    __aeabi_fmul                             0x08005675   Thumb Code     0  fmul.o(x$fpl$fmul)
    _fmul                                    0x08005675   Thumb Code   258  fmul.o(x$fpl$fmul)
    __fpl_fnaninf                            0x08005777   Thumb Code   140  fnaninf.o(x$fpl$fnaninf)
    __fpl_fretinf                            0x08005803   Thumb Code    10  fretinf.o(x$fpl$fretinf)
    __aeabi_fsub                             0x0800580d   Thumb Code     0  faddsub_clz.o(x$fpl$fsub)
    _fsub                                    0x0800580d   Thumb Code   234  faddsub_clz.o(x$fpl$fsub)
    AHBPrescTable                            0x080058f6   Data          16  system_stm32f10x.o(.rodata.AHBPrescTable)
    __I$use$fp                               0x080058f6   Number         0  usenofp.o(x$fpl$usenofp)
    vtable for CommonTimer                   0x08005908   Data          16  common_timer.o(.rodata._ZTV11CommonTimer)
    vtable for IUpdated1ms                   0x08005918   Data          12  common_timer.o(.rodata._ZTV11IUpdated1ms)
    vtable for SimpleInput                   0x08005924   Data          12  simple_input.o(.rodata._ZTV11SimpleInput)
    vtable for SwitchDelay                   0x08005930   Data          16  switch_delay.o(.rodata._ZTV11SwitchDelay)
    vtable for ThreePosReg                   0x08005940   Data          12  three_pos.o(.rodata._ZTV11ThreePosReg)
    vtable for ProgrammCoil                  0x0800594c   Data          16  coil.o(.rodata._ZTV12ProgrammCoil)
    vtable for AnalogMonitor                 0x0800595c   Data          12  analog_monitor.o(.rodata._ZTV13AnalogMonitor)
    vtable for IUpdatedSomewhere             0x08005968   Data          12  pid.o(.rodata._ZTV17IUpdatedSomewhere)
    vtable for SimpleInputDelayed            0x08005974   Data          32  simple_input.o(.rodata._ZTV18SimpleInputDelayed)
    vtable for Coil                          0x08005994   Data          16  coil.o(.rodata._ZTV4Coil)
    vtable for Ramp                          0x080059a4   Data          12  ramp.o(.rodata._ZTV4Ramp)
    vtable for Pulse                         0x080059b0   Data          12  pulse.o(.rodata._ZTV5Pulse)
    vtable for MovAvg                        0x080059bc   Data          12  moving_avg.o(.rodata._ZTV6MovAvg)
    vtable for PIDreg                        0x080059c8   Data          12  pid.o(.rodata._ZTV6PIDreg)
    vtable for ISwitch                       0x080059d4   Data          12  main.o(.rodata._ZTV7ISwitch)
    vtable for Monitor                       0x080059e0   Data          12  monitor.o(.rodata._ZTV7Monitor)
    vtable for OnDelay                       0x080059ec   Data          12  on_delay.o(.rodata._ZTV7OnDelay)
    vtable for OffDelay                      0x080059f8   Data          12  off_delay.o(.rodata._ZTV8OffDelay)
    vtable for AnalogOut                     0x08005a04   Data          12  analog_out.o(.rodata._ZTV9AnalogOut)
    vtable for TwoPosTim                     0x08005a10   Data          12  two_pos.o(.rodata._ZTV9TwoPosTim)
    uxTopUsedPriority                        0x08005a44   Data           4  tasks.o(.rodata.uxTopUsedPriority)
    Region$$Table$$Base                      0x08005a48   Number         0  anon$$obj.o(Region$$Table)
    Region$$Table$$Limit                     0x08005a68   Number         0  anon$$obj.o(Region$$Table)
    SHT$$INIT_ARRAY$$Base                    0x08005a68   Number         0  main.o(.init_array)
    SHT$$INIT_ARRAY$$Limit                   0x08005a70   Number         0  init_aeabi.o(.init_array)
    SystemCoreClock                          0x20000000   Data           4  system_stm32f10x.o(.data.SystemCoreClock)
    __cxa_terminate_handler                  0x20000004   Data           4  cxa_default_handlers.cpp.o(.data.__cxa_terminate_handler)
    allTimersSize                            0x20000008   Data           1  main.o(.data.allTimersSize)
    updateObjects                            0x2000000c   Data          48  main.o(.data.updateObjects)
    var2                                     0x20000040   Data           4  main.o(.data.var2)
    var3                                     0x20000044   Data           4  main.o(.data.var3)
    var4                                     0x20000048   Data           4  main.o(.data.var4)
    __libspace_start                         0x20000050   Data          96  libspace.o(.bss)
    __cxa_new_handler                        0x200000b0   Data           4  cxa_default_handlers.cpp.o(.bss.__cxa_new_handler)
    __temporary_stack_top$libspace           0x200000b0   Data           0  libspace.o(.bss)
    adcMonitor                               0x200000b4   Data          52  main.o(.bss.adcMonitor)
    adcValues                                0x200000e8   Data           4  main.o(.bss.adcValues)
    analogOut                                0x200000ec   Data          40  main.o(.bss.analogOut)
    avg                                      0x20000114   Data          20  main.o(.bss.avg)
    button                                   0x20000128   Data          24  main.o(.bss.button)
    buttonDelay                              0x20000140   Data          16  main.o(.bss.buttonDelay)
    delay                                    0x20000150   Data          12  main.o(.bss.delay)
    led                                      0x2000015c   Data          16  main.o(.bss.led)
    ledDelay                                 0x2000016c   Data          16  main.o(.bss.ledDelay)
    ledSwitch                                0x2000017c   Data           8  main.o(.bss.ledSwitch)
    mux                                      0x20000184   Data           8  main.o(.bss.mux)
    offDelay                                 0x2000018c   Data          12  main.o(.bss.offDelay)
    onDelay                                  0x20000198   Data           8  main.o(.bss.onDelay)
    pid                                      0x200001a0   Data          72  main.o(.bss.pid)
    pulse                                    0x200001ec   Data          12  main.o(.bss.pulse)
    pxCurrentTCB                             0x200001f8   Data           4  tasks.o(.bss.pxCurrentTCB)
    ramp                                     0x20000274   Data          36  main.o(.bss.ramp)
    reslt                                    0x20000298   Data           1  test_task.o(.bss.reslt)
    rest                                     0x20000299   Data           1  test_task.o(.bss.rest)
    rise                                     0x2000029a   Data           3  test_task.o(.bss.rise)
    scale                                    0x200002a0   Data          20  main.o(.bss.scale)
    strt                                     0x200002b4   Data           1  test_task.o(.bss.strt)
    threePosReg                              0x200002b8   Data          36  main.o(.bss.threePosReg)
    twoPos                                   0x200002dc   Data          24  main.o(.bss.twoPos)



==============================================================================

Memory Map of the image

  Image Entry point : 0x080000ed

  Load Region LR_IROM1 (Base: 0x08000000, Size: 0x00005ac0, Max: 0x00010000, ABSOLUTE)

    Execution Region ER_IROM1 (Exec base: 0x08000000, Load base: 0x08000000, Size: 0x00005a70, Max: 0x00010000, ABSOLUTE)

    Exec Addr    Load Addr    Size         Type   Attr      Idx    E Section Name        Object

    0x08000000   0x08000000   0x000000ec   Data   RO         1223    RESET               startup_stm32f10x_md.o
    0x080000ec   0x080000ec   0x00000008   Code   RO         1264  * !!!main             c_w.l(__main.o)
    0x080000f4   0x080000f4   0x00000034   Code   RO         1695    !!!scatter          c_w.l(__scatter.o)
    0x08000128   0x08000128   0x0000001a   Code   RO         1697    !!handler_copy      c_w.l(__scatter_copy.o)
    0x08000142   0x08000142   0x00000002   PAD
    0x08000144   0x08000144   0x0000001c   Code   RO         1699    !!handler_zi        c_w.l(__scatter_zi.o)
    0x08000160   0x08000160   0x00000002   Code   RO         1633    .ARM.Collect$$libinit$$00000000  c_w.l(libinit.o)
    0x08000162   0x08000162   0x00000000   Code   RO         1433    .ARM.Collect$$libinit$$00000002  c_w.l(libinit2.o)
    0x08000162   0x08000162   0x00000000   Code   RO         1435    .ARM.Collect$$libinit$$00000004  c_w.l(libinit2.o)
    0x08000162   0x08000162   0x00000000   Code   RO         1437    .ARM.Collect$$libinit$$00000006  c_w.l(libinit2.o)
    0x08000162   0x08000162   0x00000008   Code   RO         1438    .ARM.Collect$$libinit$$00000007  c_w.l(libinit2.o)
    0x0800016a   0x0800016a   0x00000000   Code   RO         1440    .ARM.Collect$$libinit$$0000000C  c_w.l(libinit2.o)
    0x0800016a   0x0800016a   0x00000000   Code   RO         1442    .ARM.Collect$$libinit$$0000000E  c_w.l(libinit2.o)
    0x0800016a   0x0800016a   0x00000000   Code   RO         1444    .ARM.Collect$$libinit$$00000010  c_w.l(libinit2.o)
    0x0800016a   0x0800016a   0x00000000   Code   RO         1447    .ARM.Collect$$libinit$$00000013  c_w.l(libinit2.o)
    0x0800016a   0x0800016a   0x00000000   Code   RO         1449    .ARM.Collect$$libinit$$00000015  c_w.l(libinit2.o)
    0x0800016a   0x0800016a   0x00000000   Code   RO         1451    .ARM.Collect$$libinit$$00000017  c_w.l(libinit2.o)
    0x0800016a   0x0800016a   0x00000000   Code   RO         1453    .ARM.Collect$$libinit$$00000019  c_w.l(libinit2.o)
    0x0800016a   0x0800016a   0x00000000   Code   RO         1455    .ARM.Collect$$libinit$$0000001B  c_w.l(libinit2.o)
    0x0800016a   0x0800016a   0x00000000   Code   RO         1457    .ARM.Collect$$libinit$$0000001D  c_w.l(libinit2.o)
    0x0800016a   0x0800016a   0x00000000   Code   RO         1459    .ARM.Collect$$libinit$$0000001F  c_w.l(libinit2.o)
    0x0800016a   0x0800016a   0x00000000   Code   RO         1461    .ARM.Collect$$libinit$$00000021  c_w.l(libinit2.o)
    0x0800016a   0x0800016a   0x00000000   Code   RO         1463    .ARM.Collect$$libinit$$00000023  c_w.l(libinit2.o)
    0x0800016a   0x0800016a   0x00000000   Code   RO         1465    .ARM.Collect$$libinit$$00000025  c_w.l(libinit2.o)
    0x0800016a   0x0800016a   0x00000000   Code   RO         1467    .ARM.Collect$$libinit$$00000027  c_w.l(libinit2.o)
    0x0800016a   0x0800016a   0x00000000   Code   RO         1471    .ARM.Collect$$libinit$$0000002E  c_w.l(libinit2.o)
    0x0800016a   0x0800016a   0x00000000   Code   RO         1473    .ARM.Collect$$libinit$$00000030  c_w.l(libinit2.o)
    0x0800016a   0x0800016a   0x00000000   Code   RO         1475    .ARM.Collect$$libinit$$00000032  c_w.l(libinit2.o)
    0x0800016a   0x0800016a   0x00000004   Code   RO         1476    .ARM.Collect$$libinit$$00000033  c_w.l(libinit2.o)
    0x0800016e   0x0800016e   0x00000000   Code   RO         1477    .ARM.Collect$$libinit$$00000034  c_w.l(libinit2.o)
    0x0800016e   0x0800016e   0x00000002   Code   RO         1478    .ARM.Collect$$libinit$$00000035  c_w.l(libinit2.o)
    0x08000170   0x08000170   0x00000002   Code   RO         1693    .ARM.Collect$$libshutdown$$00000000  c_w.l(libshutdown.o)
    0x08000172   0x08000172   0x00000006   Code   RO         1634    .ARM.Collect$$libshutdown$$00000001  c_w.l(libshutdown2.o)
    0x08000178   0x08000178   0x00000000   Code   RO         1635    .ARM.Collect$$libshutdown$$00000002  c_w.l(libshutdown2.o)
    0x08000178   0x08000178   0x00000000   Code   RO         1637    .ARM.Collect$$libshutdown$$00000004  c_w.l(libshutdown2.o)
    0x08000178   0x08000178   0x00000000   Code   RO         1640    .ARM.Collect$$libshutdown$$00000007  c_w.l(libshutdown2.o)
    0x08000178   0x08000178   0x00000000   Code   RO         1643    .ARM.Collect$$libshutdown$$0000000A  c_w.l(libshutdown2.o)
    0x08000178   0x08000178   0x00000000   Code   RO         1645    .ARM.Collect$$libshutdown$$0000000C  c_w.l(libshutdown2.o)
    0x08000178   0x08000178   0x00000000   Code   RO         1648    .ARM.Collect$$libshutdown$$0000000F  c_w.l(libshutdown2.o)
    0x08000178   0x08000178   0x00000002   Code   RO         1649    .ARM.Collect$$libshutdown$$00000010  c_w.l(libshutdown2.o)
    0x0800017a   0x0800017a   0x00000000   Code   RO         1355    .ARM.Collect$$rtentry$$00000000  c_w.l(__rtentry.o)
    0x0800017a   0x0800017a   0x00000000   Code   RO         1521    .ARM.Collect$$rtentry$$00000002  c_w.l(__rtentry2.o)
    0x0800017a   0x0800017a   0x00000006   Code   RO         1533    .ARM.Collect$$rtentry$$00000004  c_w.l(__rtentry4.o)
    0x08000180   0x08000180   0x00000000   Code   RO         1523    .ARM.Collect$$rtentry$$00000009  c_w.l(__rtentry2.o)
    0x08000180   0x08000180   0x00000004   Code   RO         1524    .ARM.Collect$$rtentry$$0000000A  c_w.l(__rtentry2.o)
    0x08000184   0x08000184   0x00000000   Code   RO         1526    .ARM.Collect$$rtentry$$0000000C  c_w.l(__rtentry2.o)
    0x08000184   0x08000184   0x00000008   Code   RO         1527    .ARM.Collect$$rtentry$$0000000D  c_w.l(__rtentry2.o)
    0x0800018c   0x0800018c   0x00000002   Code   RO         1650    .ARM.Collect$$rtexit$$00000000  c_w.l(rtexit.o)
    0x0800018e   0x0800018e   0x00000000   Code   RO         1665    .ARM.Collect$$rtexit$$00000002  c_w.l(rtexit2.o)
    0x0800018e   0x0800018e   0x00000004   Code   RO         1666    .ARM.Collect$$rtexit$$00000003  c_w.l(rtexit2.o)
    0x08000192   0x08000192   0x00000006   Code   RO         1667    .ARM.Collect$$rtexit$$00000004  c_w.l(rtexit2.o)
    0x08000198   0x08000198   0x00000040   Code   RO         1224    .text               startup_stm32f10x_md.o
    0x080001d8   0x080001d8   0x0000000a   Code   RO         1251    .text               c_w.l(cxa_atexit.o)
    0x080001e2   0x080001e2   0x0000008a   Code   RO         1254    .text               c_w.l(rt_memcpy_v6.o)
    0x0800026c   0x0800026c   0x00000010   Code   RO         1256    .text               c_w.l(aeabi_memset4.o)
    0x0800027c   0x0800027c   0x00000044   Code   RO         1258    .text               c_w.l(rt_memclr.o)
    0x080002c0   0x080002c0   0x0000004e   Code   RO         1260    .text               c_w.l(rt_memclr_w.o)
    0x0800030e   0x0800030e   0x00000006   Code   RO         1262    .text               c_w.l(heapauxi.o)
    0x08000314   0x08000314   0x00000024   Code   RO         1269    .text               c_w.l(init_aeabi.o)
    0x08000338   0x08000338   0x0000005e   Code   RO         1360    .text               c_w.l(h1_alloc.o)
    0x08000396   0x08000396   0x0000004e   Code   RO         1362    .text               c_w.l(h1_free.o)
    0x080003e4   0x080003e4   0x00000016   Code   RO         1422    .text               c_w.l(abort.o)
    0x080003fa   0x080003fa   0x0000002e   Code   RO         1427    .text               c_w.l(aeabi_atexit.o)
    0x08000428   0x08000428   0x00000064   Code   RO         1430    .text               c_w.l(rt_memcpy_w.o)
    0x0800048c   0x0800048c   0x0000000c   Code   RO         1514    .text               c_w.l(sys_exit.o)
    0x08000498   0x08000498   0x00000008   Code   RO         1538    .text               c_w.l(rt_heap_descriptor_intlibspace.o)
    0x080004a0   0x080004a0   0x00000008   Code   RO         1543    .text               c_w.l(rt_ddtor_pointer_addr_intlibspace.o)
    0x080004a8   0x080004a8   0x00000004   Code   RO         1545    .text               c_w.l(hguard.o)
    0x080004ac   0x080004ac   0x0000008a   Code   RO         1547    .text               c_w.l(init_alloc.o)
    0x08000536   0x08000536   0x0000000e   Code   RO         1551    .text               c_w.l(h1_init.o)
    0x08000544   0x08000544   0x00000042   Code   RO         1563    .text               c_w.l(cxa_finalize.o)
    0x08000586   0x08000586   0x0000000e   Code   RO         1566    .text               c_w.l(defsig_abrt_outer.o)
    0x08000594   0x08000594   0x00000008   Code   RO         1593    .text               c_w.l(libspace.o)
    0x0800059c   0x0800059c   0x00000002   Code   RO         1596    .text               c_w.l(use_no_semi.o)
    0x0800059e   0x0800059e   0x00000000   Code   RO         1598    .text               c_w.l(indicate_semi.o)
    0x0800059e   0x0800059e   0x0000004a   Code   RO         1599    .text               c_w.l(sys_stackheap_outer.o)
    0x080005e8   0x080005e8   0x00000000   Code   RO         1605    .text               c_w.l(maybetermalloc1.o)
    0x080005e8   0x080005e8   0x00000034   Code   RO         1607    .text               c_w.l(h1_extend.o)
    0x0800061c   0x0800061c   0x00000012   Code   RO         1611    .text               c_w.l(exit.o)
    0x0800062e   0x0800062e   0x0000000a   Code   RO         1613    .text               c_w.l(defsig_exit.o)
    0x08000638   0x08000638   0x00000030   Code   RO         1615    .text               c_w.l(defsig_abrt_inner.o)
    0x08000668   0x08000668   0x0000000e   Code   RO         1617    .text               c_w.l(defsig_rtmem_outer.o)
    0x08000676   0x08000676   0x00000032   Code   RO         1656    .text               c_w.l(defsig_general.o)
    0x080006a8   0x080006a8   0x00000050   Code   RO         1658    .text               c_w.l(defsig_rtmem_inner.o)
    0x080006f8   0x080006f8   0x0000000e   Code   RO         1660    .text               c_w.l(sys_wrch.o)
    0x08000706   0x08000706   0x0000000a   PAD
    0x08000710   0x08000710   0x00000044   Code   RO          555    .text.PendSV_Handler  port.o
    0x08000754   0x08000754   0x0000000c   PAD
    0x08000760   0x08000760   0x00000024   Code   RO          541    .text.SVC_Handler   port.o
    0x08000784   0x08000784   0x00000008   Code   RO         1232    .text.SetSysClock   system_stm32f10x.o
    0x0800078c   0x0800078c   0x00000122   Code   RO         1236    .text.SetSysClockTo72  system_stm32f10x.o
    0x080008ae   0x080008ae   0x00000002   PAD
    0x080008b0   0x080008b0   0x0000003c   Code   RO          557    .text.SysTick_Handler  port.o
    0x080008ec   0x080008ec   0x00000122   Code   RO         1234    .text.SystemCoreClockUpdate  system_stm32f10x.o
    0x08000a0e   0x08000a0e   0x00000002   PAD
    0x08000a10   0x08000a10   0x00000066   Code   RO         1230    .text.SystemInit    system_stm32f10x.o
    0x08000a76   0x08000a76   0x00000002   PAD
    0x08000a78   0x08000a78   0x0000004c   Code   RO           48    .text.TIM2_IRQHandler  main.o
    0x08000ac4   0x08000ac4   0x0000004c   Code   RO           50    .text._GLOBAL__sub_I_main.cpp  main.o
    0x08000b10   0x08000b10   0x00000008   Code   RO          579    .text._GLOBAL__sub_I_test_task.cpp  test_task.o
    0x08000b18   0x08000b18   0x0000000e   Code   RO          624    .text._Z10commonInitv  init.o
    0x08000b26   0x08000b26   0x00000002   PAD
    0x08000b28   0x08000b28   0x00000040   Code   RO          615    .text._Z11getPositionj  common.o
    0x08000b68   0x08000b68   0x00000020   Code   RO          646    .text._Z11setRegisterIVjEvPT_jj  init.o
    0x08000b88   0x08000b88   0x00000044   Code   RO          648    .text._Z17setBitsInRegisterIVjEvPT_jj  init.o
    0x08000bcc   0x08000bcc   0x00000044   Code   RO          650    .text._Z17setBitsInRegisterIVtEvPT_jj  init.o
    0x08000c10   0x08000c10   0x00000022   Code   RO          997    .text._Z3absIfET_S0_  pid.o
    0x08000c32   0x08000c32   0x00000002   PAD
    0x08000c34   0x08000c34   0x00000026   Code   RO          999    .text._Z3maxIfET_S0_S0_  pid.o
    0x08000c5a   0x08000c5a   0x00000002   PAD
    0x08000c5c   0x08000c5c   0x00000034   Code   RO          105    .text._Z3maxIhET_S0_S0_  main.o
    0x08000c90   0x08000c90   0x00000034   Code   RO          109    .text._Z3minIhET_S0_S0_  main.o
    0x08000cc4   0x08000cc4   0x00000022   Code   RO          107    .text._Z3minIiET_S0_S0_  main.o
    0x08000ce6   0x08000ce6   0x00000002   PAD
    0x08000ce8   0x08000ce8   0x0000004c   Code   RO          598    .text._Z5limitIfET_S0_S0_S0_  test_task.o
    0x08000d34   0x08000d34   0x00000064   Code   RO          683    .text._Z5limitItET_S0_S0_S0_  analog_monitor.o
    0x08000d98   0x08000d98   0x0000001e   Code   RO          602    .text._Z6toggleIfEvPT_S1_  test_task.o
    0x08000db6   0x08000db6   0x00000002   PAD
    0x08000db8   0x08000db8   0x00000022   Code   RO          687    .text._Z6toggleItEvPT_S1_  analog_monitor.o
    0x08000dda   0x08000dda   0x00000002   PAD
    0x08000ddc   0x08000ddc   0x00000158   Code   RO          636    .text._Z7adcInitv   init.o
    0x08000f34   0x08000f34   0x00000054   Code   RO          567    .text._Z7ledTaskPv  led_task.o
    0x08000f88   0x08000f88   0x00000064   Code   RO          605    .text._Z7pidTaskPv  pidtask.o
    0x08000fec   0x08000fec   0x000000aa   Code   RO          638    .text._Z7pwmInitv   init.o
    0x08001096   0x08001096   0x00000002   PAD
    0x08001098   0x08001098   0x000000ce   Code   RO          628    .text._Z7rccInitv   init.o
    0x08001166   0x08001166   0x00000002   PAD
    0x08001168   0x08001168   0x00000014   Code   RO         1042    .text._Z8getRangeIfET_PKS0_  ramp.o
    0x0800117c   0x0800117c   0x000000f8   Code   RO          577    .text._Z8testTaskPv  test_task.o
    0x08001274   0x08001274   0x00000058   Code   RO          630    .text._Z8tickInitv  init.o
    0x080012cc   0x080012cc   0x00000030   Code   RO          632    .text._ZL16__NVIC_EnableIRQ4IRQn  init.o
    0x080012fc   0x080012fc   0x00000042   Code   RO          634    .text._ZL18__NVIC_SetPriority4IRQnj  init.o
    0x0800133e   0x0800133e   0x00000002   PAD
    0x08001340   0x08001340   0x0000003c   Code   RO          626    .text._ZL26__NVIC_SetPriorityGroupingj  init.o
    0x0800137c   0x0800137c   0x000000e2   Code   RO          753    .text._ZN10GPIOcommonC2EP12GPIO_TypeDefh  gpio_common.o
    0x0800145e   0x0800145e   0x00000002   PAD
    0x08001460   0x08001460   0x00000010   Code   RO          841    .text._ZN11CommonTimer10notStartedEv  common_timer.o
    0x08001470   0x08001470   0x00000016   Code   RO          843    .text._ZN11CommonTimer11notFinishedEv  common_timer.o
    0x08001486   0x08001486   0x00000002   PAD
    0x08001488   0x08001488   0x0000004c   Code   RO          845    .text._ZN11CommonTimer15finishedImpulseEv  common_timer.o
    0x080014d4   0x080014d4   0x00000018   Code   RO          831    .text._ZN11CommonTimer15prepareAndStartEv  common_timer.o
    0x080014ec   0x080014ec   0x00000018   Code   RO          827    .text._ZN11CommonTimer4stopEv  common_timer.o
    0x08001504   0x08001504   0x0000000e   Code   RO          825    .text._ZN11CommonTimer5pauseEv  common_timer.o
    0x08001512   0x08001512   0x00000002   PAD
    0x08001514   0x08001514   0x00000010   Code   RO          829    .text._ZN11CommonTimer5resetEv  common_timer.o
    0x08001524   0x08001524   0x0000000e   Code   RO          823    .text._ZN11CommonTimer5startEv  common_timer.o
    0x08001532   0x08001532   0x00000002   PAD
    0x08001534   0x08001534   0x00000018   Code   RO          833    .text._ZN11CommonTimer6finishEv  common_timer.o
    0x0800154c   0x0800154c   0x0000002e   Code   RO          847    .text._ZN11CommonTimer6inWorkEv  common_timer.o
    0x0800157a   0x0800157a   0x00000002   PAD
    0x0800157c   0x0800157c   0x0000002c   Code   RO          849    .text._ZN11CommonTimer6isFreeEv  common_timer.o
    0x080015a8   0x080015a8   0x00000010   Code   RO          839    .text._ZN11CommonTimer7startedEv  common_timer.o
    0x080015b8   0x080015b8   0x00000016   Code   RO          813    .text._ZN11CommonTimer8finishedEv  common_timer.o
    0x080015ce   0x080015ce   0x00000002   PAD
    0x080015d0   0x080015d0   0x0000002c   Code   RO          835    .text._ZN11CommonTimer8setStartEb  common_timer.o
    0x080015fc   0x080015fc   0x00000014   Code   RO          817    .text._ZN11CommonTimer9setPeriodEt  common_timer.o
    0x08001610   0x08001610   0x00000038   Code   RO          811    .text._ZN11CommonTimer9update1msEv  common_timer.o
    0x08001648   0x08001648   0x0000002a   Code   RO          809    .text._ZN11CommonTimerC2Et  common_timer.o
    0x08001672   0x08001672   0x00000002   PAD
    0x08001674   0x08001674   0x00000020   Code   RO          837    .text._ZN11CommonTimeraSEb  common_timer.o
    0x08001694   0x08001694   0x00000016   Code   RO          858    .text._ZN11IUpdated1msC2Ev  common_timer.o
    0x080016aa   0x080016aa   0x00000002   PAD
    0x080016ac   0x080016ac   0x00000018   Code   RO          763    .text._ZN11SimpleInput8isActiveEv  simple_input.o
    0x080016c4   0x080016c4   0x00000092   Code   RO          761    .text._ZN11SimpleInputC2EP12GPIO_TypeDefh  simple_input.o
    0x08001756   0x08001756   0x00000002   PAD
    0x08001758   0x08001758   0x00000030   Code   RO          784    .text._ZN11SwitchDelay7startedEv  switch_delay.o
    0x08001788   0x08001788   0x0000002e   Code   RO          782    .text._ZN11SwitchDelayC2EP7ISwitcht  switch_delay.o
    0x080017b6   0x080017b6   0x00000002   PAD
    0x080017b8   0x080017b8   0x00000022   Code   RO         1047    .text._ZN11ThreePosReg12setPulseGistEf  three_pos.o
    0x080017da   0x080017da   0x00000002   PAD
    0x080017dc   0x080017dc   0x00000012   Code   RO         1081    .text._ZN11ThreePosReg17impulseCycleEndedEv  three_pos.o
    0x080017ee   0x080017ee   0x00000002   PAD
    0x080017f0   0x080017f0   0x00000030   Code   RO         1083    .text._ZN11ThreePosReg21halfImpulseCycleEndedEv  three_pos.o
    0x08001820   0x08001820   0x00000036   Code   RO         1079    .text._ZN11ThreePosReg7getOut2Ev  three_pos.o
    0x08001856   0x08001856   0x00000002   PAD
    0x08001858   0x08001858   0x00000184   Code   RO         1085    .text._ZN11ThreePosReg9update1msEv  three_pos.o
    0x080019dc   0x080019dc   0x00000090   Code   RO         1045    .text._ZN11ThreePosRegC2Efffttb  three_pos.o
    0x08001a6c   0x08001a6c   0x00000044   Code   RO         1049    .text._ZN11ThreePosRegD2Ev  three_pos.o
    0x08001ab0   0x08001ab0   0x00000022   Code   RO          732    .text._ZN12ProgrammCoil6toggleEv  coil.o
    0x08001ad2   0x08001ad2   0x00000002   PAD
    0x08001ad4   0x08001ad4   0x00000010   Code   RO          724    .text._ZN12ProgrammCoil8isActiveEv  coil.o
    0x08001ae4   0x08001ae4   0x00000018   Code   RO          726    .text._ZN12ProgrammCoil8setValueEb  coil.o
    0x08001afc   0x08001afc   0x00000020   Code   RO           87    .text._ZN12ProgrammCoilC2Ev  main.o
    0x08001b1c   0x08001b1c   0x00000022   Code   RO          734    .text._ZN12ProgrammCoilaSEb  coil.o
    0x08001b3e   0x08001b3e   0x00000002   PAD
    0x08001b40   0x08001b40   0x00000010   Code   RO         1103    .text._ZN12TwoPosCommon3setEf  two_pos.o
    0x08001b50   0x08001b50   0x0000001e   Code   RO         1101    .text._ZN12TwoPosCommonC2Efb  two_pos.o
    0x08001b6e   0x08001b6e   0x00000002   PAD
    0x08001b70   0x08001b70   0x0000002c   Code   RO          657    .text._ZN13AnalogMonitor3setEt  analog_monitor.o
    0x08001b9c   0x08001b9c   0x00000086   Code   RO          653    .text._ZN13AnalogMonitorC2Ehff  analog_monitor.o
    0x08001c22   0x08001c22   0x00000002   PAD
    0x08001c24   0x08001c24   0x00000036   Code   RO          655    .text._ZN13AnalogMonitorD2Ev  analog_monitor.o
    0x08001c5a   0x08001c5a   0x00000002   PAD
    0x08001c5c   0x08001c5c   0x0000001c   Code   RO          659    .text._ZN13AnalogMonitoraSEt  analog_monitor.o
    0x08001c78   0x08001c78   0x00000016   Code   RO          995    .text._ZN17IUpdatedSomewhereC2Ev  pid.o
    0x08001c8e   0x08001c8e   0x00000002   PAD
    0x08001c90   0x08001c90   0x00000012   Code   RO          771    .text._ZN18SimpleInputDelayed8isActiveEv  simple_input.o
    0x08001ca2   0x08001ca2   0x00000002   PAD
    0x08001ca4   0x08001ca4   0x00000026   Code   RO          767    .text._ZN18SimpleInputDelayed9update1msEv  simple_input.o
    0x08001cca   0x08001cca   0x00000002   PAD
    0x08001ccc   0x08001ccc   0x00000042   Code   RO          765    .text._ZN18SimpleInputDelayedC2EP12GPIO_TypeDefht  simple_input.o
    0x08001d0e   0x08001d0e   0x00000002   PAD
    0x08001d10   0x08001d10   0x00000014   Code   RO          101    .text._ZN3MuxIfE3getEv  main.o
    0x08001d24   0x08001d24   0x00000032   Code   RO           97    .text._ZN3MuxIfE3regEPfh  main.o
    0x08001d56   0x08001d56   0x00000002   PAD
    0x08001d58   0x08001d58   0x00000056   Code   RO           95    .text._ZN3MuxIfE3regEiz  main.o
    0x08001dae   0x08001dae   0x00000002   PAD
    0x08001db0   0x08001db0   0x00000024   Code   RO           99    .text._ZN3MuxIfE3setEh  main.o
    0x08001dd4   0x08001dd4   0x00000042   Code   RO           91    .text._ZN3MuxIfEC2Eh  main.o
    0x08001e16   0x08001e16   0x00000002   PAD
    0x08001e18   0x08001e18   0x00000022   Code   RO           93    .text._ZN3MuxIfED2Ev  main.o
    0x08001e3a   0x08001e3a   0x00000002   PAD
    0x08001e3c   0x08001e3c   0x00000016   Code   RO          738    .text._ZN4Coil8isActiveEv  coil.o
    0x08001e52   0x08001e52   0x00000002   PAD
    0x08001e54   0x08001e54   0x00000042   Code   RO          740    .text._ZN4Coil8setValueEb  coil.o
    0x08001e96   0x08001e96   0x00000002   PAD
    0x08001e98   0x08001e98   0x00000076   Code   RO          736    .text._ZN4CoilC2EP12GPIO_TypeDefh  coil.o
    0x08001f0e   0x08001f0e   0x00000002   PAD
    0x08001f10   0x08001f10   0x00000022   Code   RO          742    .text._ZN4CoilaSEb  coil.o
    0x08001f32   0x08001f32   0x00000002   PAD
    0x08001f34   0x08001f34   0x00000012   Code   RO         1017    .text._ZN4Ramp11getOutRangeEv  ramp.o
    0x08001f46   0x08001f46   0x00000002   PAD
    0x08001f48   0x08001f48   0x00000040   Code   RO         1009    .text._ZN4Ramp16setFullRangeTimeEj  ramp.o
    0x08001f88   0x08001f88   0x0000000c   Code   RO         1021    .text._ZN4Ramp3getEv  ramp.o
    0x08001f94   0x08001f94   0x0000001e   Code   RO         1023    .text._ZN4Ramp3setEf  ramp.o
    0x08001fb2   0x08001fb2   0x00000002   PAD
    0x08001fb4   0x08001fb4   0x0000001c   Code   RO         1007    .text._ZN4Ramp9setLimMaxEf  ramp.o
    0x08001fd0   0x08001fd0   0x0000009a   Code   RO         1019    .text._ZN4Ramp9update1msEv  ramp.o
    0x0800206a   0x0800206a   0x00000002   PAD
    0x0800206c   0x0800206c   0x0000002a   Code   RO         1013    .text._ZN4RampC2Ej  ramp.o
    0x08002096   0x08002096   0x00000002   PAD
    0x08002098   0x08002098   0x0000007a   Code   RO         1005    .text._ZN4RampC2Ejffff  ramp.o
    0x08002112   0x08002112   0x00000002   PAD
    0x08002114   0x08002114   0x00000018   Code   RO         1029    .text._ZN4RampaSEf  ramp.o
    0x0800212c   0x0800212c   0x00000012   Code   RO          914    .text._ZN5Pulse3getEv  pulse.o
    0x0800213e   0x0800213e   0x00000002   PAD
    0x08002140   0x08002140   0x0000004c   Code   RO          912    .text._ZN5Pulse3setEb  pulse.o
    0x0800218c   0x0800218c   0x00000016   Code   RO          916    .text._ZN5Pulse5resetEv  pulse.o
    0x080021a2   0x080021a2   0x00000002   PAD
    0x080021a4   0x080021a4   0x0000002c   Code   RO          910    .text._ZN5Pulse9update1msEv  pulse.o
    0x080021d0   0x080021d0   0x0000003e   Code   RO          906    .text._ZN5PulseC2Et  pulse.o
    0x0800220e   0x0800220e   0x00000002   PAD
    0x08002210   0x08002210   0x0000002e   Code   RO          908    .text._ZN5PulseD2Ev  pulse.o
    0x0800223e   0x0800223e   0x00000002   PAD
    0x08002240   0x08002240   0x00000020   Code   RO          918    .text._ZN5PulseaSEb  pulse.o
    0x08002260   0x08002260   0x0000000e   Code   RO          594    .text._ZN5ScaleIfsE3getEv  test_task.o
    0x0800226e   0x0800226e   0x00000002   PAD
    0x08002270   0x08002270   0x00000024   Code   RO          596    .text._ZN5ScaleIfsE3setEf  test_task.o
    0x08002294   0x08002294   0x00000066   Code   RO          600    .text._ZN5ScaleIfsE6updateEv  test_task.o
    0x080022fa   0x080022fa   0x00000002   PAD
    0x080022fc   0x080022fc   0x00000032   Code   RO           89    .text._ZN5ScaleIfsEC2Effss  main.o
    0x0800232e   0x0800232e   0x00000002   PAD
    0x08002330   0x08002330   0x00000018   Code   RO          592    .text._ZN5ScaleIfsEaSEf  test_task.o
    0x08002348   0x08002348   0x00000024   Code   RO          716    .text._ZN5ScaleIftE3setEf  analog_out.o
    0x0800236c   0x0800236c   0x00000062   Code   RO          720    .text._ZN5ScaleIftE6updateEv  analog_out.o
    0x080023ce   0x080023ce   0x00000002   PAD
    0x080023d0   0x080023d0   0x00000032   Code   RO          714    .text._ZN5ScaleIftEC2Efftt  analog_out.o
    0x08002402   0x08002402   0x00000002   PAD
    0x08002404   0x08002404   0x0000000c   Code   RO          675    .text._ZN5ScaleItfE3getEv  analog_monitor.o
    0x08002410   0x08002410   0x00000028   Code   RO          681    .text._ZN5ScaleItfE3setEt  analog_monitor.o
    0x08002438   0x08002438   0x00000052   Code   RO          685    .text._ZN5ScaleItfE6updateEv  analog_monitor.o
    0x0800248a   0x0800248a   0x00000002   PAD
    0x0800248c   0x0800248c   0x0000002c   Code   RO          671    .text._ZN5ScaleItfEC2Ettff  analog_monitor.o
    0x080024b8   0x080024b8   0x0000001c   Code   RO          673    .text._ZN5ScaleItfEaSEt  analog_monitor.o
    0x080024d4   0x080024d4   0x00000080   Code   RO         1206    .text._ZN6MovAvg15updateSomewhereEv  moving_avg.o
    0x08002554   0x08002554   0x0000000c   Code   RO         1204    .text._ZN6MovAvg3getEv  moving_avg.o
    0x08002560   0x08002560   0x00000018   Code   RO         1202    .text._ZN6MovAvg3setEf  moving_avg.o
    0x08002578   0x08002578   0x0000006a   Code   RO         1198    .text._ZN6MovAvgC2Eh  moving_avg.o
    0x080025e2   0x080025e2   0x00000002   PAD
    0x080025e4   0x080025e4   0x0000002e   Code   RO         1200    .text._ZN6MovAvgD2Ev  moving_avg.o
    0x08002612   0x08002612   0x00000002   PAD
    0x08002614   0x08002614   0x00000018   Code   RO         1208    .text._ZN6MovAvgaSEf  moving_avg.o
    0x0800262c   0x0800262c   0x000000d4   Code   RO          930    .text._ZN6PIDreg10updateKoefEv  pid.o
    0x08002700   0x08002700   0x000000c4   Code   RO          980    .text._ZN6PIDreg15updateSomewhereEv  pid.o
    0x080027c4   0x080027c4   0x00000012   Code   RO          934    .text._ZN6PIDreg4getTEv  pid.o
    0x080027d6   0x080027d6   0x00000002   PAD
    0x080027d8   0x080027d8   0x00000014   Code   RO          932    .text._ZN6PIDreg5resetEv  pid.o
    0x080027ec   0x080027ec   0x00000016   Code   RO          944    .text._ZN6PIDreg5setKpEf  pid.o
    0x08002802   0x08002802   0x00000002   PAD
    0x08002804   0x08002804   0x00000018   Code   RO          936    .text._ZN6PIDreg5setPvEf  pid.o
    0x0800281c   0x0800281c   0x00000016   Code   RO          952    .text._ZN6PIDreg5setTdEf  pid.o
    0x08002832   0x08002832   0x00000002   PAD
    0x08002834   0x08002834   0x00000016   Code   RO          948    .text._ZN6PIDreg5setTiEf  pid.o
    0x0800284a   0x0800284a   0x00000002   PAD
    0x0800284c   0x0800284c   0x0000001a   Code   RO          972    .text._ZN6PIDreg7setAutoEb  pid.o
    0x08002866   0x08002866   0x00000002   PAD
    0x08002868   0x08002868   0x0000000c   Code   RO          986    .text._ZN6PIDreg9getOutRefEv  pid.o
    0x08002874   0x08002874   0x000000b4   Code   RO          928    .text._ZN6PIDregC2Etfffffffb  pid.o
    0x08002928   0x08002928   0x00000018   Code   RO          982    .text._ZN6PIDregaSEf  pid.o
    0x08002940   0x08002940   0x00000016   Code   RO          103    .text._ZN7ISwitchC2Ev  main.o
    0x08002956   0x08002956   0x00000002   PAD
    0x08002958   0x08002958   0x0000001c   Code   RO         1162    .text._ZN7Monitor11setValueMaxEf  monitor.o
    0x08002974   0x08002974   0x00000026   Code   RO         1176    .text._ZN7Monitor12setTresDelayE9TRES_TYPEt  monitor.o
    0x0800299a   0x0800299a   0x00000002   PAD
    0x0800299c   0x0800299c   0x0000000c   Code   RO         1170    .text._ZN7Monitor3getEv  monitor.o
    0x080029a8   0x080029a8   0x0000001e   Code   RO         1172    .text._ZN7Monitor3setEf  monitor.o
    0x080029c6   0x080029c6   0x00000002   PAD
    0x080029c8   0x080029c8   0x000000f4   Code   RO         1168    .text._ZN7Monitor9update1msEv  monitor.o
    0x08002abc   0x08002abc   0x000000ae   Code   RO         1160    .text._ZN7MonitorC2Eff  monitor.o
    0x08002b6a   0x08002b6a   0x00000002   PAD
    0x08002b6c   0x08002b6c   0x00000050   Code   RO         1164    .text._ZN7MonitorD2Ev  monitor.o
    0x08002bbc   0x08002bbc   0x00000014   Code   RO          866    .text._ZN7OnDelay9update1msEv  on_delay.o
    0x08002bd0   0x08002bd0   0x0000003e   Code   RO          862    .text._ZN7OnDelayC2Et  on_delay.o
    0x08002c0e   0x08002c0e   0x00000002   PAD
    0x08002c10   0x08002c10   0x0000002e   Code   RO          864    .text._ZN7OnDelayD2Ev  on_delay.o
    0x08002c3e   0x08002c3e   0x00000002   PAD
    0x08002c40   0x08002c40   0x0000002c   Code   RO          888    .text._ZN8OffDelay9update1msEv  off_delay.o
    0x08002c6c   0x08002c6c   0x0000003e   Code   RO          884    .text._ZN8OffDelayC2Et  off_delay.o
    0x08002caa   0x08002caa   0x00000002   PAD
    0x08002cac   0x08002cac   0x0000002e   Code   RO          886    .text._ZN8OffDelayD2Ev  off_delay.o
    0x08002cda   0x08002cda   0x00000002   PAD
    0x08002cdc   0x08002cdc   0x00000024   Code   RO          693    .text._ZN9AnalogOut9update1msEv  analog_out.o
    0x08002d00   0x08002d00   0x0000006c   Code   RO          691    .text._ZN9AnalogOutC2Etjffff  analog_out.o
    0x08002d6c   0x08002d6c   0x0000002e   Code   RO          695    .text._ZN9AnalogOutD2Ev  analog_out.o
    0x08002d9a   0x08002d9a   0x00000002   PAD
    0x08002d9c   0x08002d9c   0x00000018   Code   RO          701    .text._ZN9AnalogOutaSEf  analog_out.o
    0x08002db4   0x08002db4   0x00000020   Code   RO          798    .text._ZN9RFimpulse3getEv  rf_impulse.o
    0x08002dd4   0x08002dd4   0x0000005e   Code   RO          796    .text._ZN9RFimpulse3setEb  rf_impulse.o
    0x08002e32   0x08002e32   0x00000002   PAD
    0x08002e34   0x08002e34   0x00000014   Code   RO          794    .text._ZN9RFimpulseC2E7IMPULSE  rf_impulse.o
    0x08002e48   0x08002e48   0x00000020   Code   RO          800    .text._ZN9RFimpulseaSEb  rf_impulse.o
    0x08002e68   0x08002e68   0x0000008a   Code   RO         1147    .text._ZN9TwoPosTim9update1msEv  two_pos.o
    0x08002ef2   0x08002ef2   0x00000002   PAD
    0x08002ef4   0x08002ef4   0x0000007a   Code   RO         1135    .text._ZN9TwoPosTimC2Efttb  two_pos.o
    0x08002f6e   0x08002f6e   0x00000002   PAD
    0x08002f70   0x08002f70   0x00000044   Code   RO         1137    .text._ZN9TwoPosTimD2Ev  two_pos.o
    0x08002fb4   0x08002fb4   0x0000001a   Code   RO         1149    .text._ZN9TwoPosTimaSEf  two_pos.o
    0x08002fce   0x08002fce   0x00000002   PAD
    0x08002fd0   0x08002fd0   0x00000030   Code   RO         1503    .text._ZSt11__terminatePFvvE  libcppabi_w.l(cxa_handlers.cpp.o)
    0x08003000   0x08003000   0x0000000c   Code   RO         1507    .text._ZSt15get_new_handlerv  libcppabi_w.l(cxa_handlers.cpp.o)
    0x0800300c   0x0800300c   0x0000000e   Code   RO         1505    .text._ZSt9terminatev  libcppabi_w.l(cxa_handlers.cpp.o)
    0x0800301a   0x0800301a   0x00000002   PAD
    0x0800301c   0x0800301c   0x0000000e   Code   RO          769    .text._ZThn12_N18SimpleInputDelayed9update1msEv  simple_input.o
    0x0800302a   0x0800302a   0x00000004   Code   RO         1307    .text._ZdlPv        libcpp_w.l(new.cpp.o)
    0x0800302e   0x0800302e   0x00000004   Code   RO         1311    .text._ZdlPvj       libcpp_w.l(new.cpp.o)
    0x08003032   0x08003032   0x00000004   Code   RO         1303    .text._Znaj         libcpp_w.l(new.cpp.o)
    0x08003036   0x08003036   0x00000002   PAD
    0x08003038   0x08003038   0x00000026   Code   RO         1299    .text._Znwj         libcpp_w.l(new.cpp.o)
    0x0800305e   0x0800305e   0x00000002   PAD
    0x08003060   0x08003060   0x00000028   Code   RO         1350    .text.__cxa_pure_virtual  libcppabi_w.l(cxa_virtual.cpp.o)
    0x08003088   0x08003088   0x00000004   Code   RO         1346    .text.__cxa_throw_bad_array_new_length  libcppabi_w.l(cxa_aux_runtime.cpp.o)
    0x0800308c   0x0800308c   0x0000001a   Code   RO           10    .text.__cxx_global_var_init  main.o
    0x080030a6   0x080030a6   0x00000002   PAD
    0x080030a8   0x080030a8   0x00000012   Code   RO          575    .text.__cxx_global_var_init  test_task.o
    0x080030ba   0x080030ba   0x00000002   PAD
    0x080030bc   0x080030bc   0x0000001c   Code   RO           12    .text.__cxx_global_var_init.1  main.o
    0x080030d8   0x080030d8   0x00000014   Code   RO           30    .text.__cxx_global_var_init.10  main.o
    0x080030ec   0x080030ec   0x0000002e   Code   RO           32    .text.__cxx_global_var_init.11  main.o
    0x0800311a   0x0800311a   0x00000002   PAD
    0x0800311c   0x0800311c   0x00000040   Code   RO           34    .text.__cxx_global_var_init.12  main.o
    0x0800315c   0x0800315c   0x0000004c   Code   RO           36    .text.__cxx_global_var_init.13  main.o
    0x080031a8   0x080031a8   0x0000002e   Code   RO           38    .text.__cxx_global_var_init.14  main.o
    0x080031d6   0x080031d6   0x00000002   PAD
    0x080031d8   0x080031d8   0x00000030   Code   RO           40    .text.__cxx_global_var_init.15  main.o
    0x08003208   0x08003208   0x00000030   Code   RO           42    .text.__cxx_global_var_init.16  main.o
    0x08003238   0x08003238   0x00000030   Code   RO           44    .text.__cxx_global_var_init.17  main.o
    0x08003268   0x08003268   0x00000010   Code   RO           14    .text.__cxx_global_var_init.2  main.o
    0x08003278   0x08003278   0x0000001c   Code   RO           16    .text.__cxx_global_var_init.3  main.o
    0x08003294   0x08003294   0x0000001a   Code   RO           18    .text.__cxx_global_var_init.4  main.o
    0x080032ae   0x080032ae   0x00000002   PAD
    0x080032b0   0x080032b0   0x00000012   Code   RO           20    .text.__cxx_global_var_init.5  main.o
    0x080032c2   0x080032c2   0x00000002   PAD
    0x080032c4   0x080032c4   0x00000036   Code   RO           22    .text.__cxx_global_var_init.6  main.o
    0x080032fa   0x080032fa   0x00000002   PAD
    0x080032fc   0x080032fc   0x00000044   Code   RO           24    .text.__cxx_global_var_init.7  main.o
    0x08003340   0x08003340   0x0000003c   Code   RO           26    .text.__cxx_global_var_init.8  main.o
    0x0800337c   0x0800337c   0x00000024   Code   RO           28    .text.__cxx_global_var_init.9  main.o
    0x080033a0   0x080033a0   0x00000004   Code   RO         1511    .text.abort_message  libcppabi_w.l(abort_message.cpp.o)
    0x080033a4   0x080033a4   0x000000fe   Code   RO           46    .text.main          main.o
    0x080034a2   0x080034a2   0x00000002   PAD
    0x080034a4   0x080034a4   0x0000011a   Code   RO          336    .text.prvAddCurrentTaskToDelayedList  tasks.o
    0x080035be   0x080035be   0x00000002   PAD
    0x080035c0   0x080035c0   0x00000154   Code   RO          324    .text.prvAddNewTaskToReadyList  tasks.o
    0x08003714   0x08003714   0x0000006a   Code   RO          472    .text.prvCheckForValidListAndQueue  timers.o
    0x0800377e   0x0800377e   0x00000002   PAD
    0x08003780   0x08003780   0x0000005a   Code   RO          438    .text.prvCheckTasksWaitingTermination  tasks.o
    0x080037da   0x080037da   0x00000002   PAD
    0x080037dc   0x080037dc   0x00000042   Code   RO          226    .text.prvCopyDataFromQueue  queue.o
    0x0800381e   0x0800381e   0x00000002   PAD
    0x08003820   0x08003820   0x00000018   Code   RO          330    .text.prvDeleteTCB  tasks.o
    0x08003838   0x08003838   0x00000040   Code   RO          506    .text.prvGetNextExpireTime  timers.o
    0x08003878   0x08003878   0x000000ae   Code   RO          147    .text.prvHeapInit   heap_4.o
    0x08003926   0x08003926   0x00000002   PAD
    0x08003928   0x08003928   0x0000003c   Code   RO          362    .text.prvIdleTask   tasks.o
    0x08003964   0x08003964   0x00000048   Code   RO          198    .text.prvInitialiseNewQueue  queue.o
    0x080039ac   0x080039ac   0x000000e6   Code   RO          322    .text.prvInitialiseNewTask  tasks.o
    0x08003a92   0x08003a92   0x00000002   PAD
    0x08003a94   0x08003a94   0x0000008e   Code   RO          436    .text.prvInitialiseTaskLists  tasks.o
    0x08003b22   0x08003b22   0x00000002   PAD
    0x08003b24   0x08003b24   0x000000c6   Code   RO          149    .text.prvInsertBlockIntoFreeList  heap_4.o
    0x08003bea   0x08003bea   0x00000002   PAD
    0x08003bec   0x08003bec   0x00000086   Code   RO          520    .text.prvInsertTimerInActiveList  timers.o
    0x08003c72   0x08003c72   0x00000002   PAD
    0x08003c74   0x08003c74   0x00000028   Code   RO          228    .text.prvIsQueueEmpty  queue.o
    0x08003c9c   0x08003c9c   0x00000020   Code   RO          547    .text.prvPortStartFirstTask  port.o
    0x08003cbc   0x08003cbc   0x00000054   Code   RO          514    .text.prvProcessExpiredTimer  timers.o
    0x08003d10   0x08003d10   0x00000126   Code   RO          510    .text.prvProcessReceivedCommands  timers.o
    0x08003e36   0x08003e36   0x00000002   PAD
    0x08003e38   0x08003e38   0x0000009a   Code   RO          508    .text.prvProcessTimerOrBlockTask  timers.o
    0x08003ed2   0x08003ed2   0x00000002   PAD
    0x08003ed4   0x08003ed4   0x00000034   Code   RO          518    .text.prvReloadTimer  timers.o
    0x08003f08   0x08003f08   0x0000003c   Code   RO          328    .text.prvResetNextTaskUnblockTime  tasks.o
    0x08003f44   0x08003f44   0x00000044   Code   RO          512    .text.prvSampleTimeNow  timers.o
    0x08003f88   0x08003f88   0x00000052   Code   RO          516    .text.prvSwitchTimerLists  timers.o
    0x08003fda   0x08003fda   0x00000002   PAD
    0x08003fdc   0x08003fdc   0x00000026   Code   RO          539    .text.prvTaskExitError  port.o
    0x08004002   0x08004002   0x00000002   PAD
    0x08004004   0x08004004   0x0000001e   Code   RO          474    .text.prvTimerTask  timers.o
    0x08004022   0x08004022   0x00000002   PAD
    0x08004024   0x08004024   0x000000ae   Code   RO          218    .text.prvUnlockQueue  queue.o
    0x080040d2   0x080040d2   0x00000002   PAD
    0x080040d4   0x080040d4   0x00000186   Code   RO          145    .text.pvPortMalloc  heap_4.o
    0x0800425a   0x0800425a   0x00000002   PAD
    0x0800425c   0x0800425c   0x00000050   Code   RO          537    .text.pxPortInitialiseStack  port.o
    0x080042ac   0x080042ac   0x00000048   Code   RO          185    .text.uxListRemove  list.o
    0x080042f4   0x080042f4   0x00000002   Code   RO            2    .text.vApplicationIdleHook  main.o
    0x080042f6   0x080042f6   0x00000002   PAD
    0x080042f8   0x080042f8   0x0000000a   Code   RO            8    .text.vApplicationStackOverflowHook  main.o
    0x08004302   0x08004302   0x00000002   PAD
    0x08004304   0x08004304   0x00000002   Code   RO            4    .text.vApplicationTickHook  main.o
    0x08004306   0x08004306   0x00000002   PAD
    0x08004308   0x08004308   0x0000002e   Code   RO          177    .text.vListInitialise  list.o
    0x08004336   0x08004336   0x00000002   PAD
    0x08004338   0x08004338   0x0000000e   Code   RO          179    .text.vListInitialiseItem  list.o
    0x08004346   0x08004346   0x00000002   PAD
    0x08004348   0x08004348   0x0000006a   Code   RO          183    .text.vListInsert   list.o
    0x080043b2   0x080043b2   0x00000002   PAD
    0x080043b4   0x080043b4   0x00000030   Code   RO          551    .text.vPortEnterCritical  port.o
    0x080043e4   0x080043e4   0x00000026   Code   RO          553    .text.vPortExitCritical  port.o
    0x0800440a   0x0800440a   0x00000002   PAD
    0x0800440c   0x0800440c   0x00000076   Code   RO          151    .text.vPortFree     heap_4.o
    0x08004482   0x08004482   0x00000002   PAD
    0x08004484   0x08004484   0x0000002e   Code   RO          545    .text.vPortSetupTimerInterrupt  port.o
    0x080044b2   0x080044b2   0x00000002   PAD
    0x080044b4   0x080044b4   0x00000064   Code   RO          256    .text.vQueueWaitForMessageRestricted  queue.o
    0x08004518   0x08004518   0x0000004a   Code   RO          340    .text.vTaskDelay    tasks.o
    0x08004562   0x08004562   0x00000002   PAD
    0x08004564   0x08004564   0x00000024   Code   RO          394    .text.vTaskInternalSetTimeOutState  tasks.o
    0x08004588   0x08004588   0x0000000e   Code   RO          398    .text.vTaskMissedYield  tasks.o
    0x08004596   0x08004596   0x00000002   PAD
    0x08004598   0x08004598   0x00000026   Code   RO          382    .text.vTaskPlaceOnEventList  tasks.o
    0x080045be   0x080045be   0x00000002   PAD
    0x080045c0   0x080045c0   0x00000060   Code   RO          386    .text.vTaskPlaceOnEventListRestricted  tasks.o
    0x08004620   0x08004620   0x00000094   Code   RO          360    .text.vTaskStartScheduler  tasks.o
    0x080046b4   0x080046b4   0x00000010   Code   RO          334    .text.vTaskSuspendAll  tasks.o
    0x080046c4   0x080046c4   0x000000ec   Code   RO          352    .text.vTaskSwitchContext  tasks.o
    0x080047b0   0x080047b0   0x00000040   Code   RO          543    .text.xPortStartScheduler  port.o
    0x080047f0   0x080047f0   0x0000007e   Code   RO          196    .text.xQueueGenericCreate  queue.o
    0x0800486e   0x0800486e   0x00000002   PAD
    0x08004870   0x08004870   0x000000d0   Code   RO          194    .text.xQueueGenericReset  queue.o
    0x08004940   0x08004940   0x00000152   Code   RO          224    .text.xQueueReceive  queue.o
    0x08004a92   0x08004a92   0x00000002   PAD
    0x08004a94   0x08004a94   0x0000009a   Code   RO          396    .text.xTaskCheckForTimeOut  tasks.o
    0x08004b2e   0x08004b2e   0x00000002   PAD
    0x08004b30   0x08004b30   0x000000a0   Code   RO          320    .text.xTaskCreate   tasks.o
    0x08004bd0   0x08004bd0   0x00000014   Code   RO          368    .text.xTaskGetTickCount  tasks.o
    0x08004be4   0x08004be4   0x00000254   Code   RO          366    .text.xTaskIncrementTick  tasks.o
    0x08004e38   0x08004e38   0x00000170   Code   RO          388    .text.xTaskRemoveFromEventList  tasks.o
    0x08004fa8   0x08004fa8   0x000001fe   Code   RO          338    .text.xTaskResumeAll  tasks.o
    0x080051a6   0x080051a6   0x00000002   PAD
    0x080051a8   0x080051a8   0x00000050   Code   RO          470    .text.xTimerCreateTimerTask  timers.o
    0x080051f8   0x080051f8   0x000000c4   Code   RO         1272    x$fpl$fadd          fz_ws.l(faddsub_clz.o)
    0x080052bc   0x080052bc   0x00000054   Code   RO         1278    x$fpl$fcmp          fz_ws.l(fcmp.o)
    0x08005310   0x08005310   0x00000018   Code   RO         1574    x$fpl$fcmpinf       fz_ws.l(fcmpi.o)
    0x08005328   0x08005328   0x00000184   Code   RO         1281    x$fpl$fdiv          fz_ws.l(fdiv.o)
    0x080054ac   0x080054ac   0x00000068   Code   RO         1483    x$fpl$feqf          fz_ws.l(feqf.o)
    0x08005514   0x08005514   0x00000036   Code   RO         1284    x$fpl$ffix          fz_ws.l(ffix.o)
    0x0800554a   0x0800554a   0x00000002   PAD
    0x0800554c   0x0800554c   0x00000030   Code   RO         1289    x$fpl$fflt          fz_ws.l(fflt_clz.o)
    0x0800557c   0x0800557c   0x00000026   Code   RO         1288    x$fpl$ffltu         fz_ws.l(fflt_clz.o)
    0x080055a2   0x080055a2   0x00000002   PAD
    0x080055a4   0x080055a4   0x00000068   Code   RO         1485    x$fpl$fgeqf         fz_ws.l(fgeqf.o)
    0x0800560c   0x0800560c   0x00000068   Code   RO         1487    x$fpl$fleqf         fz_ws.l(fleqf.o)
    0x08005674   0x08005674   0x00000102   Code   RO         1294    x$fpl$fmul          fz_ws.l(fmul.o)
    0x08005776   0x08005776   0x0000008c   Code   RO         1489    x$fpl$fnaninf       fz_ws.l(fnaninf.o)
    0x08005802   0x08005802   0x0000000a   Code   RO         1491    x$fpl$fretinf       fz_ws.l(fretinf.o)
    0x0800580c   0x0800580c   0x000000ea   Code   RO         1274    x$fpl$fsub          fz_ws.l(faddsub_clz.o)
    0x080058f6   0x080058f6   0x00000000   Code   RO         1493    x$fpl$usenofp       fz_ws.l(usenofp.o)
    0x080058f6   0x080058f6   0x00000010   Data   RO         1239    .rodata.AHBPrescTable  system_stm32f10x.o
    0x08005906   0x08005906   0x00000002   PAD
    0x08005908   0x08005908   0x00000010   Data   RO          851    .rodata._ZTV11CommonTimer  common_timer.o
    0x08005918   0x08005918   0x0000000c   Data   RO          860    .rodata._ZTV11IUpdated1ms  common_timer.o
    0x08005924   0x08005924   0x0000000c   Data   RO          773    .rodata._ZTV11SimpleInput  simple_input.o
    0x08005930   0x08005930   0x00000010   Data   RO          786    .rodata._ZTV11SwitchDelay  switch_delay.o
    0x08005940   0x08005940   0x0000000c   Data   RO         1093    .rodata._ZTV11ThreePosReg  three_pos.o
    0x0800594c   0x0800594c   0x00000010   Data   RO          745    .rodata._ZTV12ProgrammCoil  coil.o
    0x0800595c   0x0800595c   0x0000000c   Data   RO          689    .rodata._ZTV13AnalogMonitor  analog_monitor.o
    0x08005968   0x08005968   0x0000000c   Data   RO         1003    .rodata._ZTV17IUpdatedSomewhere  pid.o
    0x08005974   0x08005974   0x00000020   Data   RO          774    .rodata._ZTV18SimpleInputDelayed  simple_input.o
    0x08005994   0x08005994   0x00000010   Data   RO          744    .rodata._ZTV4Coil   coil.o
    0x080059a4   0x080059a4   0x0000000c   Data   RO         1035    .rodata._ZTV4Ramp   ramp.o
    0x080059b0   0x080059b0   0x0000000c   Data   RO          920    .rodata._ZTV5Pulse  pulse.o
    0x080059bc   0x080059bc   0x0000000c   Data   RO         1214    .rodata._ZTV6MovAvg  moving_avg.o
    0x080059c8   0x080059c8   0x0000000c   Data   RO          988    .rodata._ZTV6PIDreg  pid.o
    0x080059d4   0x080059d4   0x0000000c   Data   RO          111    .rodata._ZTV7ISwitch  main.o
    0x080059e0   0x080059e0   0x0000000c   Data   RO         1190    .rodata._ZTV7Monitor  monitor.o
    0x080059ec   0x080059ec   0x0000000c   Data   RO          876    .rodata._ZTV7OnDelay  on_delay.o
    0x080059f8   0x080059f8   0x0000000c   Data   RO          898    .rodata._ZTV8OffDelay  off_delay.o
    0x08005a04   0x08005a04   0x0000000c   Data   RO          707    .rodata._ZTV9AnalogOut  analog_out.o
    0x08005a10   0x08005a10   0x0000000c   Data   RO         1152    .rodata._ZTV9TwoPosTim  two_pos.o
    0x08005a1c   0x08005a1c   0x00000019   Data   RO           77    .rodata.str1.1      main.o
    0x08005a35   0x08005a35   0x00000005   Data   RO          456    .rodata.str1.1      tasks.o
    0x08005a3a   0x08005a3a   0x00000008   Data   RO          523    .rodata.str1.1      timers.o
    0x08005a42   0x08005a42   0x00000002   PAD
    0x08005a44   0x08005a44   0x00000004   Data   RO          441    .rodata.uxTopUsedPriority  tasks.o
    0x08005a48   0x08005a48   0x00000020   Data   RO         1694    Region$$Table       anon$$obj.o
    0x08005a68   0x08005a68   0x00000004   Data   RO           78    .init_array         main.o
    0x08005a6c   0x08005a68   0x00000004   Data   RO          585    .init_array         test_task.o
    0x08005a70   0x08005a68   0x00000000   Data   RO         1267    .init_array         c_w.l(init_aeabi.o)


    Execution Region RW_IRAM1 (Exec base: 0x20000000, Load base: 0x08005a70, Size: 0x00003bd0, Max: 0x00005000, ABSOLUTE)

    Exec Addr    Load Addr    Size         Type   Attr      Idx    E Section Name        Object

    0x20000000   0x08005a70   0x00000004   Data   RW         1238    .data.SystemCoreClock  system_stm32f10x.o
    0x20000004   0x08005a74   0x00000004   Data   RW         1585    .data.__cxa_terminate_handler  libcppabi_w.l(cxa_default_handlers.cpp.o)
    0x20000008   0x08005a78   0x00000001   Data   RW           76    .data.allTimersSize  main.o
    0x20000009   0x08005a79   0x00000003   PAD
    0x2000000c   0x08005a7c   0x00000030   Data   RW           75    .data.updateObjects  main.o
    0x2000003c   0x08005aac   0x00000004   Data   RW          559    .data.uxCriticalNesting  port.o
    0x20000040   0x08005ab0   0x00000004   Data   RW           68    .data.var2          main.o
    0x20000044   0x08005ab4   0x00000004   Data   RW           69    .data.var3          main.o
    0x20000048   0x08005ab8   0x00000004   Data   RW           70    .data.var4          main.o
    0x2000004c   0x08005abc   0x00000004   PAD
    0x20000050        -       0x00000060   Zero   RW         1594    .bss                c_w.l(libspace.o)
    0x200000b0        -       0x00000004   Zero   RW         1587    .bss.__cxa_new_handler  libcppabi_w.l(cxa_default_handlers.cpp.o)
    0x200000b4        -       0x00000034   Zero   RW           59    .bss.adcMonitor     main.o
    0x200000e8        -       0x00000004   Zero   RW           58    .bss.adcValues      main.o
    0x200000ec        -       0x00000028   Zero   RW           60    .bss.analogOut      main.o
    0x20000114        -       0x00000014   Zero   RW           64    .bss.avg            main.o
    0x20000128        -       0x00000018   Zero   RW           53    .bss.button         main.o
    0x20000140        -       0x00000010   Zero   RW           56    .bss.buttonDelay    main.o
    0x20000150        -       0x0000000c   Zero   RW           57    .bss.delay          main.o
    0x2000015c        -       0x00000010   Zero   RW           52    .bss.led            main.o
    0x2000016c        -       0x00000010   Zero   RW           55    .bss.ledDelay       main.o
    0x2000017c        -       0x00000008   Zero   RW           54    .bss.ledSwitch      main.o
    0x20000184        -       0x00000008   Zero   RW           71    .bss.mux            main.o
    0x2000018c        -       0x0000000c   Zero   RW           73    .bss.offDelay       main.o
    0x20000198        -       0x00000008   Zero   RW           72    .bss.onDelay        main.o
    0x200001a0        -       0x00000048   Zero   RW           61    .bss.pid            main.o
    0x200001e8        -       0x00000004   Zero   RW          527    .bss.prvSampleTimeNow.xLastTime  timers.o
    0x200001ec        -       0x0000000c   Zero   RW           74    .bss.pulse          main.o
    0x200001f8        -       0x00000004   Zero   RW          440    .bss.pxCurrentTCB   tasks.o
    0x200001fc        -       0x00000004   Zero   RW          525    .bss.pxCurrentTimerList  timers.o
    0x20000200        -       0x00000004   Zero   RW          450    .bss.pxDelayedTaskList  tasks.o
    0x20000204        -       0x00000004   Zero   RW          163    .bss.pxEnd          heap_4.o
    0x20000208        -       0x00000004   Zero   RW          451    .bss.pxOverflowDelayedTaskList  tasks.o
    0x2000020c        -       0x00000004   Zero   RW          526    .bss.pxOverflowTimerList  timers.o
    0x20000210        -       0x00000064   Zero   RW          442    .bss.pxReadyTasksLists  tasks.o
    0x20000274        -       0x00000024   Zero   RW           63    .bss.ramp           main.o
    0x20000298        -       0x00000001   Zero   RW          583    .bss.reslt          test_task.o
    0x20000299        -       0x00000001   Zero   RW          582    .bss.rest           test_task.o
    0x2000029a        -       0x00000003   Zero   RW          584    .bss.rise           test_task.o
    0x2000029d   0x08005abc   0x00000003   PAD
    0x200002a0        -       0x00000014   Zero   RW           62    .bss.scale          main.o
    0x200002b4        -       0x00000001   Zero   RW          581    .bss.strt           test_task.o
    0x200002b5   0x08005abc   0x00000003   PAD
    0x200002b8        -       0x00000024   Zero   RW           66    .bss.threePosReg    main.o
    0x200002dc        -       0x00000018   Zero   RW           65    .bss.twoPos         main.o
    0x200002f4        -       0x00002800   Zero   RW          169    .bss.ucHeap         heap_4.o
    0x20002af4        -       0x00000004   Zero   RW          447    .bss.uxCurrentNumberOfTasks  tasks.o
    0x20002af8        -       0x00000004   Zero   RW          446    .bss.uxDeletedTasksWaitingCleanUp  tasks.o
    0x20002afc        -       0x00000004   Zero   RW          453    .bss.uxSchedulerSuspended  tasks.o
    0x20002b00        -       0x00000004   Zero   RW          444    .bss.uxTaskNumber   tasks.o
    0x20002b04        -       0x00000004   Zero   RW          443    .bss.uxTopReadyPriority  tasks.o
    0x20002b08        -       0x00000014   Zero   RW          528    .bss.xActiveTimerList1  timers.o
    0x20002b1c        -       0x00000014   Zero   RW          529    .bss.xActiveTimerList2  timers.o
    0x20002b30        -       0x00000014   Zero   RW          461    .bss.xDelayedTaskList1  tasks.o
    0x20002b44        -       0x00000014   Zero   RW          462    .bss.xDelayedTaskList2  tasks.o
    0x20002b58        -       0x00000004   Zero   RW          164    .bss.xFreeBytesRemaining  heap_4.o
    0x20002b5c        -       0x00000004   Zero   RW          457    .bss.xIdleTaskHandle  tasks.o
    0x20002b60        -       0x00000004   Zero   RW          166    .bss.xMinimumEverFreeBytesRemaining  heap_4.o
    0x20002b64        -       0x00000004   Zero   RW          458    .bss.xNextTaskUnblockTime  tasks.o
    0x20002b68        -       0x00000004   Zero   RW          460    .bss.xNumOfOverflows  tasks.o
    0x20002b6c        -       0x00000004   Zero   RW          167    .bss.xNumberOfSuccessfulAllocations  heap_4.o
    0x20002b70        -       0x00000004   Zero   RW          168    .bss.xNumberOfSuccessfulFrees  heap_4.o
    0x20002b74        -       0x00000004   Zero   RW          459    .bss.xPendedTicks   tasks.o
    0x20002b78        -       0x00000014   Zero   RW          455    .bss.xPendingReadyList  tasks.o
    0x20002b8c        -       0x00000004   Zero   RW          448    .bss.xSchedulerRunning  tasks.o
    0x20002b90        -       0x00000008   Zero   RW          165    .bss.xStart         heap_4.o
    0x20002b98        -       0x00000014   Zero   RW          452    .bss.xSuspendedTaskList  tasks.o
    0x20002bac        -       0x00000014   Zero   RW          445    .bss.xTasksWaitingTermination  tasks.o
    0x20002bc0        -       0x00000004   Zero   RW          449    .bss.xTickCount     tasks.o
    0x20002bc4        -       0x00000004   Zero   RW          522    .bss.xTimerQueue    timers.o
    0x20002bc8        -       0x00000004   Zero   RW          524    .bss.xTimerTaskHandle  timers.o
    0x20002bcc        -       0x00000004   Zero   RW          454    .bss.xYieldPending  tasks.o
    0x20002bd0        -       0x00000c00   Zero   RW         1222    HEAP                startup_stm32f10x_md.o
    0x200037d0        -       0x00000400   Zero   RW         1221    STACK               startup_stm32f10x_md.o


==============================================================================

Image component sizes


      Code (inc. data)   RO Data    RW Data    ZI Data      Debug   Object Name

       600          0         12          0          0       4948   analog_monitor.o
       398          0         12          0          0       4895   analog_out.o
       348          0         32          0          0       4629   coil.o
        64          0          0          0          0       1810   common.o
       574          0         28          0          0       5593   common_timer.o
       226          0          0          0          0       2307   gpio_common.o
       880          0          0          0      10268       4062   heap_4.o
      1164          0          0          0          0       7833   init.o
        84          0          0          0          0       7435   led_task.o
       238          0          0          0          0       2044   list.o
      1710          0         41         61        436      15983   main.o
       606          0         12          0          0       6309   monitor.o
       340          0         12          0          0       9323   moving_avg.o
       152          0         12          0          0       3302   off_delay.o
       128          0         12          0          0       3198   on_delay.o
       872          0         24          0          0       8493   pid.o
       100          0          0          0          0       7350   pidtask.o
       510         12          0          4          0       2483   port.o
       300          0         12          0          0       3273   pulse.o
      1124          0          0          0          0      12153   queue.o
       514          0         12          0          0       6026   ramp.o
       178          0          0          0          0       1428   rf_impulse.o
       306          0         44          0          0       3943   simple_input.o
        64         26        236          0       4096        820   startup_stm32f10x_md.o
        94          0         16          0          0       2125   switch_delay.o
       690          0         16          4          0       2938   system_stm32f10x.o
      3694          0          9          0        260      21770   tasks.o
       556          0          4          0          6       9310   test_task.o
       754          0         12          0          0       7499   three_pos.o
      1148         10          8          0         60       7642   timers.o
       400          0         12          0          0       7304   two_pos.o

    ----------------------------------------------------------------------
     19062         60        614         72      15136     188228   Object Totals
         0          0         32          0          0          0   (incl. Generated)
       246         12          4          3         10          0   (incl. Padding)

    ----------------------------------------------------------------------

      Code (inc. data)   RO Data    RW Data    ZI Data      Debug   Library Member Name

         8          0          0          0          0         68   __main.o
         0          0          0          0          0          0   __rtentry.o
        12          0          0          0          0          0   __rtentry2.o
         6          0          0          0          0          0   __rtentry4.o
        52          8          0          0          0          0   __scatter.o
        26          0          0          0          0          0   __scatter_copy.o
        28          0          0          0          0          0   __scatter_zi.o
        22          0          0          0          0         80   abort.o
        46          0          0          0          0         84   aeabi_atexit.o
        16          0          0          0          0         68   aeabi_memset4.o
        10          0          0          0          0         68   cxa_atexit.o
        66          0          0          0          0         84   cxa_finalize.o
        48         34          0          0          0         76   defsig_abrt_inner.o
        14          0          0          0          0         80   defsig_abrt_outer.o
        10          0          0          0          0         68   defsig_exit.o
        50          0          0          0          0         88   defsig_general.o
        80         58          0          0          0         76   defsig_rtmem_inner.o
        14          0          0          0          0         80   defsig_rtmem_outer.o
        18          0          0          0          0         80   exit.o
        94          0          0          0          0         80   h1_alloc.o
        52          0          0          0          0         68   h1_extend.o
        78          0          0          0          0         80   h1_free.o
        14          0          0          0          0         84   h1_init.o
         6          0          0          0          0        152   heapauxi.o
         4          0          0          0          0        136   hguard.o
         0          0          0          0          0          0   indicate_semi.o
        36          8          0          0          0         80   init_aeabi.o
       138          0          0          0          0        168   init_alloc.o
         2          0          0          0          0          0   libinit.o
        14          0          0          0          0          0   libinit2.o
         2          0          0          0          0          0   libshutdown.o
         8          0          0          0          0          0   libshutdown2.o
         8          4          0          0         96         68   libspace.o
         0          0          0          0          0          0   maybetermalloc1.o
         8          4          0          0          0         68   rt_ddtor_pointer_addr_intlibspace.o
         8          4          0          0          0         68   rt_heap_descriptor_intlibspace.o
        68          0          0          0          0         68   rt_memclr.o
        78          0          0          0          0         80   rt_memclr_w.o
       138          0          0          0          0         68   rt_memcpy_v6.o
       100          0          0          0          0         80   rt_memcpy_w.o
         2          0          0          0          0          0   rtexit.o
        10          0          0          0          0          0   rtexit2.o
        12          4          0          0          0         68   sys_exit.o
        74          0          0          0          0         80   sys_stackheap_outer.o
        14          0          0          0          0         76   sys_wrch.o
         2          0          0          0          0         68   use_no_semi.o
       430          8          0          0          0        168   faddsub_clz.o
        84          0          0          0          0        196   fcmp.o
        24          0          0          0          0         68   fcmpi.o
       388         76          0          0          0         96   fdiv.o
       104          4          0          0          0         84   feqf.o
        54          4          0          0          0         84   ffix.o
        86          0          0          0          0        136   fflt_clz.o
       104          4          0          0          0         84   fgeqf.o
       104          4          0          0          0         84   fleqf.o
       258          4          0          0          0         84   fmul.o
       140          4          0          0          0         84   fnaninf.o
        10          0          0          0          0         68   fretinf.o
         0          0          0          0          0          0   usenofp.o
        50          0          0          0          0        380   new.cpp.o
         4          0          0          0          0         36   abort_message.cpp.o
         4          0          0          0          0         68   cxa_aux_runtime.cpp.o
         0          0          0          4          4          0   cxa_default_handlers.cpp.o
        74         40          0          0          0        132   cxa_handlers.cpp.o
        40         32          0          0          0         52   cxa_virtual.cpp.o

    ----------------------------------------------------------------------
      3476        304          0          4        100       4544   Library Totals
        22          0          0          0          0          0   (incl. Padding)

    ----------------------------------------------------------------------

      Code (inc. data)   RO Data    RW Data    ZI Data      Debug   Library Name

      1496        124          0          0         96       2640   c_w.l
      1786        108          0          0          0       1236   fz_ws.l
        50          0          0          0          0        380   libcpp_w.l
       122         72          0          4          4        288   libcppabi_w.l

    ----------------------------------------------------------------------
      3476        304          0          4        100       4544   Library Totals

    ----------------------------------------------------------------------

==============================================================================


      Code (inc. data)   RO Data    RW Data    ZI Data      Debug   

     22538        364        614         76      15236     189904   Grand Totals
     22538        364        614         76      15236     189904   ELF Image Totals
     22538        364        614         76          0          0   ROM Totals

==============================================================================

    Total RO  Size (Code + RO Data)                23152 (  22.61kB)
    Total RW  Size (RW Data + ZI Data)             15312 (  14.95kB)
    Total ROM Size (Code + RO Data + RW Data)      23228 (  22.68kB)

==============================================================================

