Component: Arm Compiler for Embedded 6.18 Tool: armlink [5e4cc100]

==============================================================================

Section Cross References

    main.o(.text.__cxx_global_var_init) refers to main.o(.bss.led) for led
    main.o(.text.__cxx_global_var_init) refers to coil.o(.text._ZN12CoilOffDelayC2EP12GPIO_TypeDefht) for CoilOffDelay::CoilOffDelay(GPIO_TypeDef*, unsigned char, unsigned short)
    main.o(.ARM.exidx.text.__cxx_global_var_init) refers to main.o(.text.__cxx_global_var_init) for [Anonymous Symbol]
    main.o(.text.__cxx_global_var_init.1) refers to main.o(.bss.button) for button
    main.o(.text.__cxx_global_var_init.1) refers to simple_input.o(.text._ZN18SimpleInputDelayedC2EP12GPIO_TypeDefht) for SimpleInputDelayed::SimpleInputDelayed(GPIO_TypeDef*, unsigned char, unsigned short)
    main.o(.ARM.exidx.text.__cxx_global_var_init.1) refers to main.o(.text.__cxx_global_var_init.1) for [Anonymous Symbol]
    main.o(.text.__cxx_global_var_init.2) refers to main.o(.bss.delay) for delay
    main.o(.text.__cxx_global_var_init.2) refers to on_delay.o(.text._ZN7OnDelayC2Ej) for OnDelay::OnDelay(unsigned int)
    main.o(.ARM.exidx.text.__cxx_global_var_init.2) refers to main.o(.text.__cxx_global_var_init.2) for [Anonymous Symbol]
    main.o(.text.__cxx_global_var_init.3) refers to main.o(.bss.adcMonitor) for adcMonitor
    main.o(.text.__cxx_global_var_init.3) refers to analog_monitor.o(.text._ZN13AnalogMonitorC2Ehff) for AnalogMonitor::AnalogMonitor(unsigned char, float, float)
    main.o(.text.__cxx_global_var_init.3) refers to analog_monitor.o(.text._ZN13AnalogMonitorD2Ev) for AnalogMonitor::~AnalogMonitor()
    main.o(.text.__cxx_global_var_init.3) refers to cxa_atexit.o(.text) for __cxa_atexit
    main.o(.ARM.exidx.text.__cxx_global_var_init.3) refers to main.o(.text.__cxx_global_var_init.3) for [Anonymous Symbol]
    main.o(.text.__cxx_global_var_init.4) refers to main.o(.bss.analogOut) for analogOut
    main.o(.text.__cxx_global_var_init.4) refers to analog_out.o(.text._ZN9AnalogOutC2Etjffff) for AnalogOut::AnalogOut(unsigned short, unsigned int, float, float, float, float)
    main.o(.text.__cxx_global_var_init.4) refers to analog_out.o(.text._ZN9AnalogOutD2Ev) for AnalogOut::~AnalogOut()
    main.o(.text.__cxx_global_var_init.4) refers to cxa_atexit.o(.text) for __cxa_atexit
    main.o(.ARM.exidx.text.__cxx_global_var_init.4) refers to main.o(.text.__cxx_global_var_init.4) for [Anonymous Symbol]
    main.o(.text.__cxx_global_var_init.5) refers to main.o(.bss.pid) for pid
    main.o(.text.__cxx_global_var_init.5) refers to pid.o(.text._ZN6PIDregC2Etfffffffb) for PIDreg::PIDreg(unsigned short, float, float, float, float, float, float, float, bool)
    main.o(.ARM.exidx.text.__cxx_global_var_init.5) refers to main.o(.text.__cxx_global_var_init.5) for [Anonymous Symbol]
    main.o(.text.__cxx_global_var_init.6) refers to main.o(.bss.scale) for scale
    main.o(.text.__cxx_global_var_init.6) refers to main.o(.text._ZN5ScaleIfsEC2Effss) for Scale<float, short>::Scale__sub_object(float, float, short, short)
    main.o(.ARM.exidx.text.__cxx_global_var_init.6) refers to main.o(.text.__cxx_global_var_init.6) for [Anonymous Symbol]
    main.o(.text.__cxx_global_var_init.7) refers to main.o(.bss.ramp) for ramp
    main.o(.text.__cxx_global_var_init.7) refers to ramp.o(.text._ZN4RampC2Ej) for Ramp::Ramp(unsigned int)
    main.o(.ARM.exidx.text.__cxx_global_var_init.7) refers to main.o(.text.__cxx_global_var_init.7) for [Anonymous Symbol]
    main.o(.text.__cxx_global_var_init.8) refers to main.o(.bss.avg) for avg
    main.o(.text.__cxx_global_var_init.8) refers to moving_avg.o(.text._ZN6MovAvgC2Eh) for MovAvg::MovAvg(unsigned char)
    main.o(.text.__cxx_global_var_init.8) refers to moving_avg.o(.text._ZN6MovAvgD2Ev) for MovAvg::~MovAvg()
    main.o(.text.__cxx_global_var_init.8) refers to cxa_atexit.o(.text) for __cxa_atexit
    main.o(.ARM.exidx.text.__cxx_global_var_init.8) refers to main.o(.text.__cxx_global_var_init.8) for [Anonymous Symbol]
    main.o(.text.__cxx_global_var_init.9) refers to main.o(.bss.twoPos) for twoPos
    main.o(.text.__cxx_global_var_init.9) refers to two_pos.o(.text._ZN9TwoPosTimC2Efttb) for TwoPosTim::TwoPosTim(float, unsigned short, unsigned short, bool)
    main.o(.text.__cxx_global_var_init.9) refers to two_pos.o(.text._ZN9TwoPosTimD2Ev) for TwoPosTim::~TwoPosTim()
    main.o(.text.__cxx_global_var_init.9) refers to cxa_atexit.o(.text) for __cxa_atexit
    main.o(.ARM.exidx.text.__cxx_global_var_init.9) refers to main.o(.text.__cxx_global_var_init.9) for [Anonymous Symbol]
    main.o(.text.__cxx_global_var_init.10) refers to main.o(.bss.threePosReg) for threePosReg
    main.o(.text.__cxx_global_var_init.10) refers to three_pos.o(.text._ZN11ThreePosRegC2Efffttb) for ThreePosReg::ThreePosReg(float, float, float, unsigned short, unsigned short, bool)
[...]
    heap2_threads.o(i.__Heap_Stats$realtime$concurrent) refers to heap2_threads.o(i._Heap2_StatsIterate) for _Heap2_StatsIterate
    heap2_threads.o(i.__Heap_Valid$realtime$concurrent) refers to heap2_threads.o(i._FDIterate) for _FDIterate
    heap2_threads.o(i.__Heap_Valid$realtime$concurrent) refers to heap2_threads.o(.conststring) for .conststring
    heap2_threads.o(i.free$realtime$concurrent) refers to rt_heap_descriptor_intlibspace.o(.text) for __rt_heap_descriptor
    heap2_threads.o(i.free$realtime$concurrent) refers to fdtree.o(i._FDTree_Delete) for _FDTree_Delete
    heap2_threads.o(i.free$realtime$concurrent) refers to fdtree.o(i._FDTree_Insert) for _FDTree_Insert
    heap2_threads.o(i.malloc$realtime$concurrent) refers to rt_heap_descriptor_intlibspace.o(.text) for __rt_heap_descriptor
    heap2_threads.o(i.malloc$realtime$concurrent) refers to fdtree.o(i._FDTree_FindFirst) for _FDTree_FindFirst
    heap2_threads.o(i.malloc$realtime$concurrent) refers to init_alloc.o(.text) for __Heap_Full
    heap2_threads.o(i.malloc$realtime$concurrent) refers to fdtree.o(i._FDTree_RemoveNode) for _FDTree_RemoveNode
    heap2_threads.o(i.malloc$realtime$concurrent) refers to fdtree.o(i._FDTree_Insert) for _FDTree_Insert
    heap2_threads.o(i.posix_memalign$realtime$concurrent) refers to rt_heap_descriptor_intlibspace.o(.text) for __rt_heap_descriptor
    heap2_threads.o(i.posix_memalign$realtime$concurrent) refers to fdtree.o(i._FDTree_FindFirst) for _FDTree_FindFirst
    heap2_threads.o(i.posix_memalign$realtime$concurrent) refers to init_alloc.o(.text) for __Heap_Full
    heap2_threads.o(i.posix_memalign$realtime$concurrent) refers to fdtree.o(i._FDTree_RemoveNode) for _FDTree_RemoveNode
    heap2_threads.o(i.posix_memalign$realtime$concurrent) refers to fdtree.o(i._FDTree_Insert) for _FDTree_Insert
    heap2_threads.o(i.realloc$realtime$concurrent) refers to rt_heap_descriptor_intlibspace.o(.text) for __rt_heap_descriptor
    heap2_threads.o(i.realloc$realtime$concurrent) refers to fdtree.o(i._FDTree_Insert) for _FDTree_Insert
    heap2_threads.o(i.realloc$realtime$concurrent) refers to h1_free.o(.text) for free
    heap2_threads.o(i.realloc$realtime$concurrent) refers to h1_alloc.o(.text) for malloc
    heap2_threads.o(i.realloc$realtime$concurrent) refers to fdtree.o(i._FDTree_Delete) for _FDTree_Delete
    heap2_threads.o(i.realloc$realtime$concurrent) refers to rt_memcpy_w.o(.text) for __aeabi_memcpy4
    abort.o(.text) refers to defsig_abrt_outer.o(.text) for __rt_SIGABRT
    abort.o(.text) refers (Weak) to libshutdown.o(.ARM.Collect$$libshutdown$$00000000) for __rt_lib_shutdown
    abort.o(.text) refers to sys_exit.o(.text) for _sys_exit
    atexit_aeabi.o(.text) refers to aeabi_atexit.o(.text) for __aeabi_atexit
    atexit_aeabi.o(.ARM.exidx) refers to atexit_aeabi.o(.text) for .text
    aeabi_atexit.o(.text) refers (Special) to cxa_finalize.o(.text) for __cxa_finalize
    aeabi_atexit.o(.text) refers to h1_alloc.o(.text) for malloc
    aeabi_atexit.o(.text) refers to rt_ddtor_pointer_addr_intlibspace.o(.text) for __rt_ddtor_pointer_addr
    aeabi_atexit.o(.ARM.exidx) refers (Special) to cxa_finalize.o(.text) for __cxa_finalize
    aeabi_atexit.o(.ARM.exidx) refers to aeabi_atexit.o(.text) for .text
    libinit2.o(.ARM.Collect$$libinit$$00000007) refers (Weak) to init_alloc.o(.text) for _init_alloc
    libinit2.o(.ARM.Collect$$libinit$$00000012) refers to libinit2.o(.ARM.Collect$$libinit$$00000011) for .ARM.Collect$$libinit$$00000011
    libinit2.o(.ARM.Collect$$libinit$$00000014) refers to libinit2.o(.ARM.Collect$$libinit$$00000011) for .ARM.Collect$$libinit$$00000011
    libinit2.o(.ARM.Collect$$libinit$$00000016) refers to libinit2.o(.ARM.Collect$$libinit$$00000011) for .ARM.Collect$$libinit$$00000011
    libinit2.o(.ARM.Collect$$libinit$$00000018) refers to libinit2.o(.ARM.Collect$$libinit$$00000011) for .ARM.Collect$$libinit$$00000011
    libinit2.o(.ARM.Collect$$libinit$$0000001A) refers to libinit2.o(.ARM.Collect$$libinit$$00000011) for .ARM.Collect$$libinit$$00000011
    libinit2.o(.ARM.Collect$$libinit$$00000028) refers to argv_veneer.o(.emb_text) for __ARM_argv_veneer
    libinit2.o(.ARM.Collect$$libinit$$00000029) refers to argv_veneer.o(.emb_text) for __ARM_argv_veneer
    libinit2.o(.ARM.Collect$$libinit$$00000033) refers (Weak) to init_aeabi.o(.text) for __cpp_initialize__aeabi_
    feqf.o(x$fpl$feqf) refers (Special) to usenofp.o(x$fpl$usenofp) for __I$use$fp
    feqf.o(x$fpl$feqf) refers to fnaninf.o(x$fpl$fnaninf) for __fpl_fnaninf
    feqf.o(x$fpl$feqf) refers to fcmpi.o(x$fpl$fcmpinf) for __fpl_fcmp_Inf
    fgeqf.o(x$fpl$fgeqf) refers (Special) to usenofp.o(x$fpl$usenofp) for __I$use$fp
    fgeqf.o(x$fpl$fgeqf) refers to fnaninf.o(x$fpl$fnaninf) for __fpl_fnaninf
    fgeqf.o(x$fpl$fgeqf) refers to fcmpi.o(x$fpl$fcmpinf) for __fpl_fcmp_Inf
    fleqf.o(x$fpl$fleqf) refers (Special) to usenofp.o(x$fpl$usenofp) for __I$use$fp
    fleqf.o(x$fpl$fleqf) refers to fnaninf.o(x$fpl$fnaninf) for __fpl_fnaninf
    fleqf.o(x$fpl$fleqf) refers to fcmpi.o(x$fpl$fcmpinf) for __fpl_fcmp_Inf
    fnaninf.o(x$fpl$fnaninf) refers (Special) to usenofp.o(x$fpl$usenofp) for __I$use$fp
    fretinf.o(x$fpl$fretinf) refers (Special) to usenofp.o(x$fpl$usenofp) for __I$use$fp
    cxa_handlers.cpp.o(.text._ZSt14get_unexpectedv) refers to cxa_default_handlers.cpp.o(.data.__cxa_unexpected_handler) for __cxa_unexpected_handler
    cxa_handlers.cpp.o(.ARM.exidx.text._ZSt14get_unexpectedv) refers to cxa_handlers.cpp.o(.text._ZSt14get_unexpectedv) for [Anonymous Symbol]
    cxa_handlers.cpp.o(.text._ZSt12__unexpectedPFvvE) refers to abort_message.cpp.o(.text.abort_message) for abort_message
    cxa_handlers.cpp.o(.ARM.exidx.text._ZSt12__unexpectedPFvvE) refers to cxa_handlers.cpp.o(.text._ZSt12__unexpectedPFvvE) for [Anonymous Symbol]
    cxa_handlers.cpp.o(.text._ZSt10unexpectedv) refers to cxa_default_handlers.cpp.o(.data.__cxa_unexpected_handler) for __cxa_unexpected_handler
    cxa_handlers.cpp.o(.text._ZSt10unexpectedv) refers to cxa_handlers.cpp.o(.text._ZSt12__unexpectedPFvvE) for std::__unexpected(void (*)())
    cxa_handlers.cpp.o(.ARM.exidx.text._ZSt10unexpectedv) refers to cxa_handlers.cpp.o(.text._ZSt10unexpectedv) for [Anonymous Symbol]
    cxa_handlers.cpp.o(.text._ZSt13get_terminatev) refers to cxa_default_handlers.cpp.o(.data.__cxa_terminate_handler) for __cxa_terminate_handler
    cxa_handlers.cpp.o(.ARM.exidx.text._ZSt13get_terminatev) refers to cxa_handlers.cpp.o(.text._ZSt13get_terminatev) for [Anonymous Symbol]
    cxa_handlers.cpp.o(.text._ZSt11__terminatePFvvE) refers to abort_message.cpp.o(.text.abort_message) for abort_message
    cxa_handlers.cpp.o(.ARM.exidx.text._ZSt11__terminatePFvvE) refers to cxa_handlers.cpp.o(.text._ZSt11__terminatePFvvE) for [Anonymous Symbol]
    cxa_handlers.cpp.o(.text._ZSt9terminatev) refers to cxa_default_handlers.cpp.o(.data.__cxa_terminate_handler) for __cxa_terminate_handler
    cxa_handlers.cpp.o(.text._ZSt9terminatev) refers to cxa_handlers.cpp.o(.text._ZSt11__terminatePFvvE) for std::__terminate(void (*)())
    cxa_handlers.cpp.o(.ARM.exidx.text._ZSt9terminatev) refers to cxa_handlers.cpp.o(.text._ZSt9terminatev) for [Anonymous Symbol]
    cxa_handlers.cpp.o(.text._ZSt15get_new_handlerv) refers to cxa_default_handlers.cpp.o(.bss.__cxa_new_handler) for __cxa_new_handler
    cxa_handlers.cpp.o(.ARM.exidx.text._ZSt15get_new_handlerv) refers to cxa_handlers.cpp.o(.text._ZSt15get_new_handlerv) for [Anonymous Symbol]
    abort_message.cpp.o(.text.abort_message) refers to abort.o(.text) for abort
    abort_message.cpp.o(.ARM.exidx.text.abort_message) refers to abort_message.cpp.o(.text.abort_message) for [Anonymous Symbol]
    sys_exit.o(.text) refers (Special) to use_no_semi.o(.text) for __I$use$semihosting
    sys_exit.o(.text) refers (Special) to indicate_semi.o(.text) for __semihosting_library_function
    sys_exit_hlt.o(.text) refers (Special) to use_no_semi.o(.text) for __I$use$semihosting
    sys_exit_hlt.o(.text) refers (Special) to indicate_semi.o(.text) for __semihosting_library_function
    __rtentry2.o(.ARM.Collect$$rtentry$$00000008) refers to boardinit2.o(.text) for _platform_post_stackheap_init
    __rtentry2.o(.ARM.Collect$$rtentry$$0000000A) refers to libinit.o(.ARM.Collect$$libinit$$00000000) for __rt_lib_init
    __rtentry2.o(.ARM.Collect$$rtentry$$0000000B) refers to boardinit3.o(.text) for _platform_post_lib_init
    __rtentry2.o(.ARM.Collect$$rtentry$$0000000D) refers to main.o(.text.main) for main
    __rtentry2.o(.ARM.Collect$$rtentry$$0000000D) refers to exit.o(.text) for exit
    __rtentry2.o(.ARM.exidx) refers to __rtentry2.o(.ARM.Collect$$rtentry$$00000001) for .ARM.Collect$$rtentry$$00000001
    __rtentry2.o(.ARM.exidx) refers to __rtentry2.o(.ARM.Collect$$rtentry$$00000008) for .ARM.Collect$$rtentry$$00000008
    __rtentry2.o(.ARM.exidx) refers to __rtentry2.o(.ARM.Collect$$rtentry$$0000000A) for .ARM.Collect$$rtentry$$0000000A
    __rtentry2.o(.ARM.exidx) refers to __rtentry2.o(.ARM.Collect$$rtentry$$0000000B) for .ARM.Collect$$rtentry$$0000000B
    __rtentry2.o(.ARM.exidx) refers to __rtentry2.o(.ARM.Collect$$rtentry$$0000000D) for .ARM.Collect$$rtentry$$0000000D
    __rtentry4.o(.ARM.Collect$$rtentry$$00000004) refers to sys_stackheap_outer.o(.text) for __user_setup_stackheap
    __rtentry4.o(.ARM.exidx) refers to __rtentry4.o(.ARM.Collect$$rtentry$$00000004) for .ARM.Collect$$rtentry$$00000004
    rt_heap_descriptor.o(.text) refers to rt_heap_descriptor.o(.bss) for __rt_heap_descriptor_data
    rt_heap_descriptor_intlibspace.o(.text) refers to libspace.o(.bss) for __libspace_start
    rt_ddtor_pointer_addr.o(.text) refers to rt_ddtor_pointer_addr.o(.bss) for __rt_ddtor_pointer_addr_data
    rt_ddtor_pointer_addr_intlibspace.o(.text) refers to libspace.o(.bss) for __libspace_start
    init_alloc.o(.text) refers (Special) to hguard.o(.text) for __heap$guard
    init_alloc.o(.text) refers (Special) to libinit2.o(.ARM.Collect$$libinit$$00000007) for __rt_lib_init_heap_2
    init_alloc.o(.text) refers (Special) to maybetermalloc1.o(.text) for _maybe_terminate_alloc
    init_alloc.o(.text) refers to h1_extend.o(.text) for __Heap_ProvideMemory
    init_alloc.o(.text) refers to defsig_rtmem_outer.o(.text) for __rt_SIGRTMEM
    init_alloc.o(.text) refers to rt_heap_descriptor_intlibspace.o(.text) for __rt_heap_descriptor
    init_alloc.o(.text) refers to h1_init.o(.text) for __Heap_Initialize
    h1_init_threads.o(.text) refers to mutex_dummy.o(.text) for _mutex_initialize
    cxa_finalize.o(.text) refers (Special) to libshutdown2.o(.ARM.Collect$$libshutdown$$00000001) for __rt_lib_shutdown_cpp_2
    cxa_finalize.o(.text) refers to rt_ddtor_pointer_addr_intlibspace.o(.text) for __rt_ddtor_pointer_addr
    cxa_finalize.o(.text) refers to h1_free.o(.text) for free
    cxa_finalize.o(.ARM.exidx) refers (Special) to libshutdown2.o(.ARM.Collect$$libshutdown$$00000001) for __rt_lib_shutdown_cpp_2
    cxa_finalize.o(.ARM.exidx) refers to cxa_finalize.o(.text) for .text
    defsig_abrt_outer.o(.text) refers to defsig_abrt_inner.o(.text) for __rt_SIGABRT_inner
    defsig_abrt_outer.o(.text) refers to defsig_exit.o(.text) for __sig_exit
    defsig_abrt_formal.o(.text) refers to rt_raise.o(.text) for __rt_raise
    _get_argv.o(.text) refers (Special) to hrguard.o(.text) for __heap_region$guard
    _get_argv.o(.text) refers to h1_alloc.o(.text) for malloc
    _get_argv.o(.text) refers to defsig_rtmem_outer.o(.text) for __rt_SIGRTMEM
    _get_argv.o(.text) refers to sys_command.o(.text) for _sys_command_string
    argv_veneer.o(.emb_text) refers to no_argv.o(.text) for __ARM_get_argv
    fcmpi.o(x$fpl$fcmpinf) refers (Special) to usenofp.o(x$fpl$usenofp) for __I$use$fp
    cxa_default_handlers.cpp.o(.text._ZSt14set_unexpectedPFvvE) refers to cxa_default_handlers.cpp.o(.data.__cxa_unexpected_handler) for __cxa_unexpected_handler
    cxa_default_handlers.cpp.o(.text._ZSt14set_unexpectedPFvvE) refers to cxa_handlers.cpp.o(.text._ZSt9terminatev) for std::terminate()
    cxa_default_handlers.cpp.o(.ARM.exidx.text._ZSt14set_unexpectedPFvvE) refers to cxa_default_handlers.cpp.o(.text._ZSt14set_unexpectedPFvvE) for [Anonymous Symbol]
    cxa_default_handlers.cpp.o(.text._ZSt13set_terminatePFvvE) refers to cxa_default_handlers.cpp.o(.data.__cxa_terminate_handler) for __cxa_terminate_handler
    cxa_default_handlers.cpp.o(.text._ZSt13set_terminatePFvvE) refers to abort.o(.text) for abort
    cxa_default_handlers.cpp.o(.ARM.exidx.text._ZSt13set_terminatePFvvE) refers to cxa_default_handlers.cpp.o(.text._ZSt13set_terminatePFvvE) for [Anonymous Symbol]
    cxa_default_handlers.cpp.o(.text._ZSt15set_new_handlerPFvvE) refers to cxa_default_handlers.cpp.o(.bss.__cxa_new_handler) for __cxa_new_handler
    cxa_default_handlers.cpp.o(.ARM.exidx.text._ZSt15set_new_handlerPFvvE) refers to cxa_default_handlers.cpp.o(.text._ZSt15set_new_handlerPFvvE) for [Anonymous Symbol]
    cxa_default_handlers.cpp.o(.data.__cxa_terminate_handler) refers to abort.o(.text) for abort
    cxa_default_handlers.cpp.o(.data.__cxa_unexpected_handler) refers to cxa_handlers.cpp.o(.text._ZSt9terminatev) for std::terminate()
    sys_command.o(.text) refers (Special) to use_no_semi.o(.text) for __I$use$semihosting
    sys_command.o(.text) refers (Special) to indicate_semi.o(.text) for __semihosting_library_function
    sys_command_hlt.o(.text) refers (Special) to use_no_semi.o(.text) for __I$use$semihosting
    sys_command_hlt.o(.text) refers (Special) to indicate_semi.o(.text) for __semihosting_library_function
    libspace.o(.text) refers to libspace.o(.bss) for __libspace_start
    sys_stackheap_outer.o(.text) refers to libspace.o(.text) for __user_perproc_libspace
    sys_stackheap_outer.o(.text) refers to startup_stm32f10x_md.o(.text) for __user_initial_stackheap
    rt_raise.o(.text) refers to __raise.o(.text) for __raise
    rt_raise.o(.text) refers to sys_exit.o(.text) for _sys_exit
    maybetermalloc2.o(.text) refers (Special) to term_alloc.o(.text) for _terminate_alloc
    h1_extend.o(.text) refers to h1_free.o(.text) for free
    h1_extend_threads.o(.text) refers to h1_free_threads.o(.text) for free_internal$concurrent
    exit.o(.text) refers to rtexit.o(.ARM.Collect$$rtexit$$00000000) for __rt_exit
    defsig_exit.o(.text) refers to sys_exit.o(.text) for _sys_exit
    defsig_abrt_inner.o(.text) refers to defsig_general.o(.text) for __default_signal_display
    defsig_rtmem_outer.o(.text) refers to defsig_rtmem_inner.o(.text) for __rt_SIGRTMEM_inner
    defsig_rtmem_outer.o(.text) refers to defsig_exit.o(.text) for __sig_exit
    defsig_rtmem_formal.o(.text) refers to rt_raise.o(.text) for __rt_raise
    heapauxa.o(.text) refers to heapauxa.o(.data) for .data
    _get_argv_nomalloc.o(.text) refers (Special) to hrguard.o(.text) for __heap_region$guard
    _get_argv_nomalloc.o(.text) refers to defsig_rtmem_outer.o(.text) for __rt_SIGRTMEM
    _get_argv_nomalloc.o(.text) refers to sys_command.o(.text) for _sys_command_string
    libinit.o(.ARM.Collect$$libinit$$00000000) refers (Special) to libinit2.o(.ARM.Collect$$libinit$$00000030) for __rt_lib_init_alloca_1
    libinit.o(.ARM.Collect$$libinit$$00000000) refers (Special) to libinit2.o(.ARM.Collect$$libinit$$0000002E) for __rt_lib_init_argv_1
    libinit.o(.ARM.Collect$$libinit$$00000000) refers (Special) to libinit2.o(.ARM.Collect$$libinit$$0000001D) for __rt_lib_init_atexit_1
    libinit.o(.ARM.Collect$$libinit$$00000000) refers (Special) to libinit2.o(.ARM.Collect$$libinit$$00000023) for __rt_lib_init_clock_1
    libinit.o(.ARM.Collect$$libinit$$00000000) refers (Special) to libinit2.o(.ARM.Collect$$libinit$$00000034) for __rt_lib_init_cpp_1
    libinit.o(.ARM.Collect$$libinit$$00000000) refers (Special) to libinit2.o(.ARM.Collect$$libinit$$00000032) for __rt_lib_init_exceptions_1
    libinit.o(.ARM.Collect$$libinit$$00000000) refers (Special) to libinit2.o(.ARM.Collect$$libinit$$00000002) for __rt_lib_init_fp_1
    libinit.o(.ARM.Collect$$libinit$$00000000) refers (Special) to libinit2.o(.ARM.Collect$$libinit$$00000021) for __rt_lib_init_fp_trap_1
    libinit.o(.ARM.Collect$$libinit$$00000000) refers (Special) to libinit2.o(.ARM.Collect$$libinit$$00000025) for __rt_lib_init_getenv_1
    libinit.o(.ARM.Collect$$libinit$$00000000) refers (Special) to libinit2.o(.ARM.Collect$$libinit$$0000000C) for __rt_lib_init_heap_1
    libinit.o(.ARM.Collect$$libinit$$00000000) refers (Special) to libinit2.o(.ARM.Collect$$libinit$$00000013) for __rt_lib_init_lc_collate_1
    libinit.o(.ARM.Collect$$libinit$$00000000) refers (Special) to libinit2.o(.ARM.Collect$$libinit$$00000015) for __rt_lib_init_lc_ctype_1
    libinit.o(.ARM.Collect$$libinit$$00000000) refers (Special) to libinit2.o(.ARM.Collect$$libinit$$00000017) for __rt_lib_init_lc_monetary_1
    libinit.o(.ARM.Collect$$libinit$$00000000) refers (Special) to libinit2.o(.ARM.Collect$$libinit$$00000019) for __rt_lib_init_lc_numeric_1
    libinit.o(.ARM.Collect$$libinit$$00000000) refers (Special) to libinit2.o(.ARM.Collect$$libinit$$0000001B) for __rt_lib_init_lc_time_1
    libinit.o(.ARM.Collect$$libinit$$00000000) refers (Special) to libinit2.o(.ARM.Collect$$libinit$$00000006) for __rt_lib_init_preinit_1
    libinit.o(.ARM.Collect$$libinit$$00000000) refers (Special) to libinit2.o(.ARM.Collect$$libinit$$00000010) for __rt_lib_init_rand_1
    libinit.o(.ARM.Collect$$libinit$$00000000) refers (Special) to libinit2.o(.ARM.Collect$$libinit$$00000004) for __rt_lib_init_relocate_pie_1
    libinit.o(.ARM.Collect$$libinit$$00000000) refers (Special) to libinit2.o(.ARM.Collect$$libinit$$00000035) for __rt_lib_init_return
    libinit.o(.ARM.Collect$$libinit$$00000000) refers (Special) to libinit2.o(.ARM.Collect$$libinit$$0000001F) for __rt_lib_init_signal_1
    libinit.o(.ARM.Collect$$libinit$$00000000) refers (Special) to libinit2.o(.ARM.Collect$$libinit$$00000027) for __rt_lib_init_stdio_1
    libinit.o(.ARM.Collect$$libinit$$00000000) refers (Special) to libinit2.o(.ARM.Collect$$libinit$$0000000E) for __rt_lib_init_user_alloc_1
    libshutdown2.o(.ARM.Collect$$libshutdown$$00000001) refers (Weak) to cxa_finalize.o(.text) for __cxa_finalize
    libshutdown2.o(.ARM.Collect$$libshutdown$$0000000D) refers (Weak) to term_alloc.o(.text) for _terminate_alloc
    rtexit.o(.ARM.Collect$$rtexit$$00000000) refers (Special) to rtexit2.o(.ARM.Collect$$rtexit$$00000004) for __rt_exit_exit
    rtexit.o(.ARM.Collect$$rtexit$$00000000) refers (Special) to rtexit2.o(.ARM.Collect$$rtexit$$00000003) for __rt_exit_ls
    rtexit.o(.ARM.Collect$$rtexit$$00000000) refers (Special) to rtexit2.o(.ARM.Collect$$rtexit$$00000002) for __rt_exit_prels_1
    rtexit.o(.ARM.exidx) refers (Special) to rtexit2.o(.ARM.Collect$$rtexit$$00000004) for __rt_exit_exit
    rtexit.o(.ARM.exidx) refers (Special) to rtexit2.o(.ARM.Collect$$rtexit$$00000003) for __rt_exit_ls
    rtexit.o(.ARM.exidx) refers (Special) to rtexit2.o(.ARM.Collect$$rtexit$$00000002) for __rt_exit_prels_1
    rtexit.o(.ARM.exidx) refers to rtexit.o(.ARM.Collect$$rtexit$$00000000) for .ARM.Collect$$rtexit$$00000000
    term_alloc.o(.text) refers (Special) to libshutdown2.o(.ARM.Collect$$libshutdown$$0000000E) for __rt_lib_shutdown_heap_2
    term_alloc.o(.text) refers to rt_heap_descriptor_intlibspace.o(.text) for __rt_heap_descriptor
    term_alloc.o(.text) refers to h1_final.o(.text) for __Heap_Finalize
    __raise.o(.text) refers to defsig.o(CL$$defsig) for __default_signal_handler
    defsig_general.o(.text) refers to sys_wrch.o(.text) for _ttywrch
    defsig_rtmem_inner.o(.text) refers to defsig_general.o(.text) for __default_signal_display
    sys_wrch.o(.text) refers (Special) to use_no_semi.o(.text) for __I$use$semihosting
    sys_wrch.o(.text) refers (Special) to indicate_semi.o(.text) for __semihosting_library_function
    sys_wrch_hlt.o(.text) refers (Special) to use_no_semi.o(.text) for __I$use$semihosting
    sys_wrch_hlt.o(.text) refers (Special) to indicate_semi.o(.text) for __semihosting_library_function
    rtexit2.o(.ARM.Collect$$rtexit$$00000003) refers to libshutdown.o(.ARM.Collect$$libshutdown$$00000000) for __rt_lib_shutdown
    rtexit2.o(.ARM.Collect$$rtexit$$00000004) refers to sys_exit.o(.text) for _sys_exit
    rtexit2.o(.ARM.exidx) refers to rtexit2.o(.ARM.Collect$$rtexit$$00000001) for .ARM.Collect$$rtexit$$00000001
    rtexit2.o(.ARM.exidx) refers to rtexit2.o(.ARM.Collect$$rtexit$$00000003) for .ARM.Collect$$rtexit$$00000003
    rtexit2.o(.ARM.exidx) refers to rtexit2.o(.ARM.Collect$$rtexit$$00000004) for .ARM.Collect$$rtexit$$00000004
    defsig.o(CL$$defsig) refers to defsig_abrt_inner.o(.text) for __rt_SIGABRT_inner
    defsig.o(CL$$defsig) refers to defsig_rtmem_inner.o(.text) for __rt_SIGRTMEM_inner
    defsig_fpe_inner.o(.text) refers to defsig_general.o(.text) for __default_signal_display
    defsig_rtred_inner.o(.text) refers to defsig_general.o(.text) for __default_signal_display
    defsig_stak_inner.o(.text) refers to defsig_general.o(.text) for __default_signal_display
    defsig_pvfn_inner.o(.text) refers to defsig_general.o(.text) for __default_signal_display
    defsig_cppl_inner.o(.text) refers to defsig_general.o(.text) for __default_signal_display
    defsig_segv_inner.o(.text) refers to defsig_general.o(.text) for __default_signal_display
    defsig_other.o(.text) refers to defsig_general.o(.text) for __default_signal_display
    libshutdown.o(.ARM.Collect$$libshutdown$$00000000) refers (Special) to libshutdown2.o(.ARM.Collect$$libshutdown$$00000002) for __rt_lib_shutdown_cpp_1
    libshutdown.o(.ARM.Collect$$libshutdown$$00000000) refers (Special) to libshutdown2.o(.ARM.Collect$$libshutdown$$00000007) for __rt_lib_shutdown_fp_trap_1
    libshutdown.o(.ARM.Collect$$libshutdown$$00000000) refers (Special) to libshutdown2.o(.ARM.Collect$$libshutdown$$0000000F) for __rt_lib_shutdown_heap_1
    libshutdown.o(.ARM.Collect$$libshutdown$$00000000) refers (Special) to libshutdown2.o(.ARM.Collect$$libshutdown$$00000010) for __rt_lib_shutdown_return
    libshutdown.o(.ARM.Collect$$libshutdown$$00000000) refers (Special) to libshutdown2.o(.ARM.Collect$$libshutdown$$0000000A) for __rt_lib_shutdown_signal_1
    libshutdown.o(.ARM.Collect$$libshutdown$$00000000) refers (Special) to libshutdown2.o(.ARM.Collect$$libshutdown$$00000004) for __rt_lib_shutdown_stdio_1
    libshutdown.o(.ARM.Collect$$libshutdown$$00000000) refers (Special) to libshutdown2.o(.ARM.Collect$$libshutdown$$0000000C) for __rt_lib_shutdown_user_alloc_1
    main.o(.text._ZN5ScaleIfsEC2Effss) refers to main.o(.text._ZN17IUpdatedSomewhereC2Ev) for IUpdatedSomewhere::IUpdatedSomewhere__sub_object()
    main.o(.text._ZN5ScaleIfsEC2Effss) refers to main.o(.rodata._ZTV5ScaleIfsE) for vtable for Scale<float, short>
    main.o(.ARM.exidx.text._ZN5ScaleIfsEC2Effss) refers to main.o(.text._ZN5ScaleIfsEC2Effss) for [Anonymous Symbol]
    main.o(.text._ZN17IUpdatedSomewhereC2Ev) refers to main.o(.rodata._ZTV17IUpdatedSomewhere) for vtable for IUpdatedSomewhere
    main.o(.ARM.exidx.text._ZN17IUpdatedSomewhereC2Ev) refers to main.o(.text._ZN17IUpdatedSomewhereC2Ev) for [Anonymous Symbol]
    main.o(.text._ZN5ScaleIfsE15updateSomewhereEv) refers to fflt_clz.o(x$fpl$fflt) for __aeabi_i2f
    main.o(.text._ZN5ScaleIfsE15updateSomewhereEv) refers to faddsub_clz.o(x$fpl$fsub) for __aeabi_fsub
    main.o(.text._ZN5ScaleIfsE15updateSomewhereEv) refers to fmul.o(x$fpl$fmul) for __aeabi_fmul
    main.o(.text._ZN5ScaleIfsE15updateSomewhereEv) refers to fdiv.o(x$fpl$fdiv) for __aeabi_fdiv
    main.o(.text._ZN5ScaleIfsE15updateSomewhereEv) refers to faddsub_clz.o(x$fpl$fadd) for __aeabi_fadd
    main.o(.text._ZN5ScaleIfsE15updateSomewhereEv) refers to ffix.o(x$fpl$ffix) for __aeabi_f2iz
    main.o(.ARM.exidx.text._ZN5ScaleIfsE15updateSomewhereEv) refers to main.o(.text._ZN5ScaleIfsE15updateSomewhereEv) for [Anonymous Symbol]
    main.o(.rodata._ZTV5ScaleIfsE) refers to main.o(.text._ZN5ScaleIfsE15updateSomewhereEv) for Scale<float, short>::updateSomewhere()
    main.o(.rodata._ZTV17IUpdatedSomewhere) refers to cxa_virtual.cpp.o(.text.__cxa_pure_virtual) for __cxa_pure_virtual
    test_task.o(.text._ZN5ScaleIfsEaSEf) refers to test_task.o(.text._ZN5ScaleIfsE3setEf) for Scale<float, short>::set(float)
    test_task.o(.ARM.exidx.text._ZN5ScaleIfsEaSEf) refers to test_task.o(.text._ZN5ScaleIfsEaSEf) for [Anonymous Symbol]
    test_task.o(.ARM.exidx.text._ZN5ScaleIfsE3getEv) refers to test_task.o(.text._ZN5ScaleIfsE3getEv) for [Anonymous Symbol]
    test_task.o(.text._ZN5ScaleIfsE3setEf) refers to test_task.o(.text._Z5limitIfET_S0_S0_S0_) for float limit<float>(float, float, float)
    test_task.o(.ARM.exidx.text._ZN5ScaleIfsE3setEf) refers to test_task.o(.text._ZN5ScaleIfsE3setEf) for [Anonymous Symbol]
    test_task.o(.text._Z5limitIfET_S0_S0_S0_) refers to fcmp.o(x$fpl$fcmp) for __aeabi_fcmple
    test_task.o(.text._Z5limitIfET_S0_S0_S0_) refers to test_task.o(.text._Z6toggleIfEvPT_S1_) for void toggle<float>(float*, float*)
    test_task.o(.ARM.exidx.text._Z5limitIfET_S0_S0_S0_) refers to test_task.o(.text._Z5limitIfET_S0_S0_S0_) for [Anonymous Symbol]
    test_task.o(.ARM.exidx.text._Z6toggleIfEvPT_S1_) refers to test_task.o(.text._Z6toggleIfEvPT_S1_) for [Anonymous Symbol]
    init.o(.ARM.exidx.text._Z11setRegisterIVjEvPT_jj) refers to init.o(.text._Z11setRegisterIVjEvPT_jj) for [Anonymous Symbol]
    init.o(.text._Z17setBitsInRegisterIVjEvPT_jj) refers to common.o(.text._Z11getPositionj) for getPosition(unsigned int)
    init.o(.ARM.exidx.text._Z17setBitsInRegisterIVjEvPT_jj) refers to init.o(.text._Z17setBitsInRegisterIVjEvPT_jj) for [Anonymous Symbol]
    init.o(.text._Z17setBitsInRegisterIVtEvPT_jj) refers to common.o(.text._Z11getPositionj) for getPosition(unsigned int)
    init.o(.ARM.exidx.text._Z17setBitsInRegisterIVtEvPT_jj) refers to init.o(.text._Z17setBitsInRegisterIVtEvPT_jj) for [Anonymous Symbol]
    analog_monitor.o(.text._ZN5ScaleItfEC2Ettff) refers to main.o(.text._ZN17IUpdatedSomewhereC2Ev) for IUpdatedSomewhere::IUpdatedSomewhere__sub_object()
    analog_monitor.o(.text._ZN5ScaleItfEC2Ettff) refers to analog_monitor.o(.rodata._ZTV5ScaleItfE) for vtable for Scale<unsigned short, float>
    analog_monitor.o(.ARM.exidx.text._ZN5ScaleItfEC2Ettff) refers to analog_monitor.o(.text._ZN5ScaleItfEC2Ettff) for [Anonymous Symbol]
    analog_monitor.o(.text._ZN5ScaleItfEaSEt) refers to analog_monitor.o(.text._ZN5ScaleItfE3setEt) for Scale<unsigned short, float>::set(unsigned short)
    analog_monitor.o(.ARM.exidx.text._ZN5ScaleItfEaSEt) refers to analog_monitor.o(.text._ZN5ScaleItfEaSEt) for [Anonymous Symbol]
    analog_monitor.o(.ARM.exidx.text._ZN5ScaleItfE3getEv) refers to analog_monitor.o(.text._ZN5ScaleItfE3getEv) for [Anonymous Symbol]
    analog_monitor.o(.ARM.exidx.text._ZN5ScaleItfE8getInRefEv) refers to analog_monitor.o(.text._ZN5ScaleItfE8getInRefEv) for [Anonymous Symbol]
    analog_monitor.o(.ARM.exidx.text._ZN5ScaleItfE9getOutRefEv) refers to analog_monitor.o(.text._ZN5ScaleItfE9getOutRefEv) for [Anonymous Symbol]
    analog_monitor.o(.text._ZN5ScaleItfE15updateSomewhereEv) refers to faddsub_clz.o(x$fpl$fsub) for __aeabi_fsub
    analog_monitor.o(.text._ZN5ScaleItfE15updateSomewhereEv) refers to fflt_clz.o(x$fpl$fflt) for __aeabi_i2f
    analog_monitor.o(.text._ZN5ScaleItfE15updateSomewhereEv) refers to fmul.o(x$fpl$fmul) for __aeabi_fmul
    analog_monitor.o(.text._ZN5ScaleItfE15updateSomewhereEv) refers to fdiv.o(x$fpl$fdiv) for __aeabi_fdiv
    analog_monitor.o(.text._ZN5ScaleItfE15updateSomewhereEv) refers to faddsub_clz.o(x$fpl$fadd) for __aeabi_fadd
    analog_monitor.o(.ARM.exidx.text._ZN5ScaleItfE15updateSomewhereEv) refers to analog_monitor.o(.text._ZN5ScaleItfE15updateSomewhereEv) for [Anonymous Symbol]
    analog_monitor.o(.text._ZN5ScaleItfE3setEt) refers to analog_monitor.o(.text._Z5limitItET_S0_S0_S0_) for unsigned short limit<unsigned short>(unsigned short, unsigned short, unsigned short)
    analog_monitor.o(.ARM.exidx.text._ZN5ScaleItfE3setEt) refers to analog_monitor.o(.text._ZN5ScaleItfE3setEt) for [Anonymous Symbol]
    analog_monitor.o(.text._Z5limitItET_S0_S0_S0_) refers to analog_monitor.o(.text._Z6toggleItEvPT_S1_) for void toggle<unsigned short>(unsigned short*, unsigned short*)
    analog_monitor.o(.ARM.exidx.text._Z5limitItET_S0_S0_S0_) refers to analog_monitor.o(.text._Z5limitItET_S0_S0_S0_) for [Anonymous Symbol]
    analog_monitor.o(.ARM.exidx.text._Z6toggleItEvPT_S1_) refers to analog_monitor.o(.text._Z6toggleItEvPT_S1_) for [Anonymous Symbol]
    analog_monitor.o(.rodata._ZTV13AnalogMonitor) refers to monitor.o(.text._ZN7Monitor9update1msEv) for Monitor::update1ms()
    analog_monitor.o(.rodata._ZTV5ScaleItfE) refers to analog_monitor.o(.text._ZN5ScaleItfE15updateSomewhereEv) for Scale<unsigned short, float>::updateSomewhere()
    analog_out.o(.text._ZN5ScaleIftEC2Efftt) refers to main.o(.text._ZN17IUpdatedSomewhereC2Ev) for IUpdatedSomewhere::IUpdatedSomewhere__sub_object()
    analog_out.o(.text._ZN5ScaleIftEC2Efftt) refers to analog_out.o(.rodata._ZTV5ScaleIftE) for vtable for Scale<float, unsigned short>
    analog_out.o(.ARM.exidx.text._ZN5ScaleIftEC2Efftt) refers to analog_out.o(.text._ZN5ScaleIftEC2Efftt) for [Anonymous Symbol]
    analog_out.o(.text._ZN5ScaleIftE3setEf) refers to test_task.o(.text._Z5limitIfET_S0_S0_S0_) for float limit<float>(float, float, float)
    analog_out.o(.ARM.exidx.text._ZN5ScaleIftE3setEf) refers to analog_out.o(.text._ZN5ScaleIftE3setEf) for [Anonymous Symbol]
    analog_out.o(.ARM.exidx.text._ZN5ScaleIftE9getOutRefEv) refers to analog_out.o(.text._ZN5ScaleIftE9getOutRefEv) for [Anonymous Symbol]
    analog_out.o(.text._ZN5ScaleIftE15updateSomewhereEv) refers to fflt_clz.o(x$fpl$fflt) for __aeabi_i2f
    analog_out.o(.text._ZN5ScaleIftE15updateSomewhereEv) refers to faddsub_clz.o(x$fpl$fsub) for __aeabi_fsub
    analog_out.o(.text._ZN5ScaleIftE15updateSomewhereEv) refers to fmul.o(x$fpl$fmul) for __aeabi_fmul
    analog_out.o(.text._ZN5ScaleIftE15updateSomewhereEv) refers to fdiv.o(x$fpl$fdiv) for __aeabi_fdiv
    analog_out.o(.text._ZN5ScaleIftE15updateSomewhereEv) refers to faddsub_clz.o(x$fpl$fadd) for __aeabi_fadd
    analog_out.o(.text._ZN5ScaleIftE15updateSomewhereEv) refers to ffix.o(x$fpl$ffix) for __aeabi_f2iz
    analog_out.o(.ARM.exidx.text._ZN5ScaleIftE15updateSomewhereEv) refers to analog_out.o(.text._ZN5ScaleIftE15updateSomewhereEv) for [Anonymous Symbol]
    analog_out.o(.rodata._ZTV5ScaleIftE) refers to analog_out.o(.text._ZN5ScaleIftE15updateSomewhereEv) for Scale<float, unsigned short>::updateSomewhere()
    coil.o(.text._ZN12ProgrammCoilC2Ev) refers to coil.o(.text._ZN7ISwitchC2Ev) for ISwitch::ISwitch__sub_object()
    coil.o(.text._ZN12ProgrammCoilC2Ev) refers to coil.o(.rodata._ZTV12ProgrammCoil) for vtable for ProgrammCoil
    coil.o(.ARM.exidx.text._ZN12ProgrammCoilC2Ev) refers to coil.o(.text._ZN12ProgrammCoilC2Ev) for [Anonymous Symbol]
    coil.o(.text._ZN11IUpdated1msC2Ev) refers to coil.o(.rodata._ZTV11IUpdated1ms) for vtable for IUpdated1ms
    coil.o(.ARM.exidx.text._ZN11IUpdated1msC2Ev) refers to coil.o(.text._ZN11IUpdated1msC2Ev) for [Anonymous Symbol]
    coil.o(.text._ZN7ISwitchC2Ev) refers to coil.o(.rodata._ZTV7ISwitch) for vtable for ISwitch
    coil.o(.ARM.exidx.text._ZN7ISwitchC2Ev) refers to coil.o(.text._ZN7ISwitchC2Ev) for [Anonymous Symbol]
    coil.o(.rodata._ZTV7ISwitch) refers to cxa_virtual.cpp.o(.text.__cxa_pure_virtual) for __cxa_pure_virtual
    coil.o(.rodata._ZTV11IUpdated1ms) refers to cxa_virtual.cpp.o(.text.__cxa_pure_virtual) for __cxa_pure_virtual
    on_delay.o(.rodata._ZTV13OnDelayCommon) refers to common_timer.o(.text._ZN11CommonTimer7startedEv) for CommonTimer::started()
    off_delay.o(.rodata._ZTV14OffDelayCommon) refers to common_timer.o(.text._ZN11CommonTimer7startedEv) for CommonTimer::started()
    pulse.o(.rodata._ZTV11PulseCommon) refers to common_timer.o(.text._ZN11CommonTimer7startedEv) for CommonTimer::started()
    pid.o(.text._Z3absIfET_S0_) refers to fcmp.o(x$fpl$fcmp) for __aeabi_fcmpge
    pid.o(.ARM.exidx.text._Z3absIfET_S0_) refers to pid.o(.text._Z3absIfET_S0_) for [Anonymous Symbol]
    pid.o(.text._Z3maxIfET_S0_S0_) refers to fcmp.o(x$fpl$fcmp) for __aeabi_fcmple
    pid.o(.ARM.exidx.text._Z3maxIfET_S0_S0_) refers to pid.o(.text._Z3maxIfET_S0_S0_) for [Anonymous Symbol]
    pid.o(.text._Z3minIfET_S0_S0_) refers to fcmp.o(x$fpl$fcmp) for __aeabi_fcmpge
    pid.o(.ARM.exidx.text._Z3minIfET_S0_S0_) refers to pid.o(.text._Z3minIfET_S0_S0_) for [Anonymous Symbol]
    ramp.o(.text._Z8getRangeIfET_PKS0_) refers to faddsub_clz.o(x$fpl$fsub) for __aeabi_fsub
    ramp.o(.ARM.exidx.text._Z8getRangeIfET_PKS0_) refers to ramp.o(.text._Z8getRangeIfET_PKS0_) for [Anonymous Symbol]
    moving_avg.o(.ARM.exidx.text._Z3maxIhET_S0_S0_) refers to moving_avg.o(.text._Z3maxIhET_S0_S0_) for [Anonymous Symbol]


==============================================================================

Removing Unused input sections from the image.

    Removing main.o(.text), (0 bytes).
    Removing main.o(.ARM.exidx.text.__cxx_global_var_init), (8 bytes).
    Removing main.o(.ARM.exidx.text.__cxx_global_var_init.1), (8 bytes).
    Removing main.o(.ARM.exidx.text.__cxx_global_var_init.2), (8 bytes).
    Removing main.o(.ARM.exidx.text.__cxx_global_var_init.3), (8 bytes).
    Removing main.o(.ARM.exidx.text.__cxx_global_var_init.4), (8 bytes).
    Removing main.o(.ARM.exidx.text.__cxx_global_var_init.5), (8 bytes).
    Removing main.o(.ARM.exidx.text.__cxx_global_var_init.6), (8 bytes).
    Removing main.o(.ARM.exidx.text.__cxx_global_var_init.7), (8 bytes).
    Removing main.o(.ARM.exidx.text.__cxx_global_var_init.8), (8 bytes).
    Removing main.o(.ARM.exidx.text.__cxx_global_var_init.9), (8 bytes).
    Removing main.o(.ARM.exidx.text.__cxx_global_var_init.10), (8 bytes).
    Removing main.o(.ARM.exidx.text.__cxx_global_var_init.11), (8 bytes).
    Removing main.o(.ARM.exidx.text.__cxx_global_var_init.12), (8 bytes).
    Removing main.o(.ARM.exidx.text.__cxx_global_var_init.13), (8 bytes).
    Removing main.o(.ARM.exidx.text.__cxx_global_var_init.14), (8 bytes).
    Removing main.o(.ARM.exidx.text.__cxx_global_var_init.15), (8 bytes).
    Removing main.o(.ARM.exidx.text.__cxx_global_var_init.16), (8 bytes).
    Removing main.o(.ARM.exidx.text.vApplicationIdleHook), (8 bytes).
    Removing main.o(.ARM.exidx.text.vApplicationTickHook), (8 bytes).
    Removing main.o(.text.vApplicationMallocFailedHook), (4 bytes).
    Removing main.o(.ARM.exidx.text.vApplicationMallocFailedHook), (8 bytes).
    Removing main.o(.ARM.exidx.text.vApplicationStackOverflowHook), (8 bytes).
    Removing main.o(.ARM.exidx.text.TIM2_IRQHandler), (8 bytes).
    Removing main.o(.ARM.exidx.text.main), (8 bytes).
    Removing main.o(.ARM.exidx.text._GLOBAL__sub_I_main.cpp), (8 bytes).
    Removing main.o(.ARM.use_no_argv), (4 bytes).
    Removing croutine.o(.text), (0 bytes).
    Removing event_groups.o(.text), (0 bytes).
    Removing event_groups.o(.text.xEventGroupCreate), (42 bytes).
    Removing event_groups.o(.ARM.exidx.text.xEventGroupCreate), (8 bytes).
    Removing event_groups.o(.text.xEventGroupSync), (246 bytes).
    Removing event_groups.o(.ARM.exidx.text.xEventGroupSync), (8 bytes).
    Removing event_groups.o(.text.xEventGroupSetBits), (224 bytes).
    Removing event_groups.o(.ARM.exidx.text.xEventGroupSetBits), (8 bytes).
    Removing event_groups.o(.text.xEventGroupWaitBits), (300 bytes).
    Removing event_groups.o(.ARM.exidx.text.xEventGroupWaitBits), (8 bytes).
    Removing event_groups.o(.text.prvTestWaitCondition), (66 bytes).
    Removing event_groups.o(.ARM.exidx.text.prvTestWaitCondition), (8 bytes).
    Removing event_groups.o(.text.xEventGroupClearBits), (42 bytes).
    Removing event_groups.o(.ARM.exidx.text.xEventGroupClearBits), (8 bytes).
    Removing event_groups.o(.text.xEventGroupGetBitsFromISR), (58 bytes).
    Removing event_groups.o(.ARM.exidx.text.xEventGroupGetBitsFromISR), (8 bytes).
    Removing event_groups.o(.text.vEventGroupDelete), (58 bytes).
    Removing event_groups.o(.ARM.exidx.text.vEventGroupDelete), (8 bytes).
    Removing event_groups.o(.text.vEventGroupSetBitsCallback), (20 bytes).
    Removing event_groups.o(.ARM.exidx.text.vEventGroupSetBitsCallback), (8 bytes).
    Removing event_groups.o(.text.vEventGroupClearBitsCallback), (20 bytes).
    Removing event_groups.o(.ARM.exidx.text.vEventGroupClearBitsCallback), (8 bytes).
    Removing event_groups.o(.text.uxEventGroupGetNumber), (34 bytes).
    Removing event_groups.o(.ARM.exidx.text.uxEventGroupGetNumber), (8 bytes).
    Removing event_groups.o(.text.vEventGroupSetNumber), (16 bytes).
    Removing event_groups.o(.ARM.exidx.text.vEventGroupSetNumber), (8 bytes).
    Removing heap_4.o(.text), (0 bytes).
    Removing heap_4.o(.ARM.exidx.text.pvPortMalloc), (8 bytes).
    Removing heap_4.o(.ARM.exidx.text.prvHeapInit), (8 bytes).
    Removing heap_4.o(.ARM.exidx.text.prvInsertBlockIntoFreeList), (8 bytes).
    Removing heap_4.o(.ARM.exidx.text.vPortFree), (8 bytes).
    Removing heap_4.o(.text.xPortGetFreeHeapSize), (12 bytes).
    Removing heap_4.o(.ARM.exidx.text.xPortGetFreeHeapSize), (8 bytes).
    Removing heap_4.o(.text.xPortGetMinimumEverFreeHeapSize), (12 bytes).
    Removing heap_4.o(.ARM.exidx.text.xPortGetMinimumEverFreeHeapSize), (8 bytes).
    Removing heap_4.o(.text.vPortInitialiseBlocks), (2 bytes).
    Removing heap_4.o(.ARM.exidx.text.vPortInitialiseBlocks), (8 bytes).
    Removing heap_4.o(.text.pvPortCalloc), (92 bytes).
    Removing heap_4.o(.ARM.exidx.text.pvPortCalloc), (8 bytes).
    Removing heap_4.o(.text.vPortGetHeapStats), (206 bytes).
    Removing heap_4.o(.ARM.exidx.text.vPortGetHeapStats), (8 bytes).
    Removing list.o(.text), (0 bytes).
    Removing list.o(.ARM.exidx.text.vListInitialise), (8 bytes).
    Removing list.o(.ARM.exidx.text.vListInitialiseItem), (8 bytes).
    Removing list.o(.text.vListInsertEnd), (58 bytes).
    Removing list.o(.ARM.exidx.text.vListInsertEnd), (8 bytes).
    Removing list.o(.ARM.exidx.text.vListInsert), (8 bytes).
    Removing list.o(.ARM.exidx.text.uxListRemove), (8 bytes).
    Removing queue.o(.text), (0 bytes).
    Removing queue.o(.ARM.exidx.text.xQueueGenericReset), (8 bytes).
    Removing queue.o(.ARM.exidx.text.xQueueGenericCreate), (8 bytes).
    Removing queue.o(.ARM.exidx.text.prvInitialiseNewQueue), (8 bytes).
    Removing queue.o(.text.xQueueCreateMutex), (38 bytes).
    Removing queue.o(.ARM.exidx.text.xQueueCreateMutex), (8 bytes).
    Removing queue.o(.text.prvInitialiseMutex), (44 bytes).
    Removing queue.o(.ARM.exidx.text.prvInitialiseMutex), (8 bytes).
    Removing queue.o(.text.xQueueGiveMutexRecursive), (80 bytes).
    Removing queue.o(.ARM.exidx.text.xQueueGiveMutexRecursive), (8 bytes).
    Removing queue.o(.text.xQueueGenericSend), (362 bytes).
    Removing queue.o(.ARM.exidx.text.xQueueGenericSend), (8 bytes).
    Removing queue.o(.text.xQueueTakeMutexRecursive), (82 bytes).
    Removing queue.o(.ARM.exidx.text.xQueueTakeMutexRecursive), (8 bytes).
    Removing queue.o(.text.xQueueSemaphoreTake), (414 bytes).
    Removing queue.o(.ARM.exidx.text.xQueueSemaphoreTake), (8 bytes).
    Removing queue.o(.text.xQueueCreateCountingSemaphore), (66 bytes).
    Removing queue.o(.ARM.exidx.text.xQueueCreateCountingSemaphore), (8 bytes).
    Removing queue.o(.text.prvCopyDataToQueue), (204 bytes).
    Removing queue.o(.ARM.exidx.text.prvCopyDataToQueue), (8 bytes).
    Removing queue.o(.text.prvIsQueueFull), (46 bytes).
    Removing queue.o(.ARM.exidx.text.prvIsQueueFull), (8 bytes).
    Removing queue.o(.ARM.exidx.text.prvUnlockQueue), (8 bytes).
    Removing queue.o(.text.xQueueGenericSendFromISR), (210 bytes).
    Removing queue.o(.ARM.exidx.text.xQueueGenericSendFromISR), (8 bytes).
    Removing queue.o(.text.xQueueGiveFromISR), (194 bytes).
    Removing queue.o(.ARM.exidx.text.xQueueGiveFromISR), (8 bytes).
    Removing queue.o(.ARM.exidx.text.xQueueReceive), (8 bytes).
    Removing queue.o(.ARM.exidx.text.prvCopyDataFromQueue), (8 bytes).
    Removing queue.o(.ARM.exidx.text.prvIsQueueEmpty), (8 bytes).
    Removing queue.o(.text.prvGetDisinheritPriorityAfterTimeout), (38 bytes).
    Removing queue.o(.ARM.exidx.text.prvGetDisinheritPriorityAfterTimeout), (8 bytes).
    Removing queue.o(.text.xQueuePeek), (342 bytes).
    Removing queue.o(.ARM.exidx.text.xQueuePeek), (8 bytes).
    Removing queue.o(.text.xQueueReceiveFromISR), (198 bytes).
    Removing queue.o(.ARM.exidx.text.xQueueReceiveFromISR), (8 bytes).
    Removing queue.o(.text.xQueuePeekFromISR), (96 bytes).
    Removing queue.o(.ARM.exidx.text.xQueuePeekFromISR), (8 bytes).
    Removing queue.o(.text.uxQueueMessagesWaiting), (26 bytes).
    Removing queue.o(.ARM.exidx.text.uxQueueMessagesWaiting), (8 bytes).
    Removing queue.o(.text.uxQueueSpacesAvailable), (34 bytes).
    Removing queue.o(.ARM.exidx.text.uxQueueSpacesAvailable), (8 bytes).
    Removing queue.o(.text.uxQueueMessagesWaitingFromISR), (20 bytes).
    Removing queue.o(.ARM.exidx.text.uxQueueMessagesWaitingFromISR), (8 bytes).
    Removing queue.o(.text.vQueueDelete), (20 bytes).
    Removing queue.o(.ARM.exidx.text.vQueueDelete), (8 bytes).
    Removing queue.o(.text.uxQueueGetQueueNumber), (12 bytes).
    Removing queue.o(.ARM.exidx.text.uxQueueGetQueueNumber), (8 bytes).
    Removing queue.o(.text.vQueueSetQueueNumber), (16 bytes).
    Removing queue.o(.ARM.exidx.text.vQueueSetQueueNumber), (8 bytes).
    Removing queue.o(.text.ucQueueGetQueueType), (14 bytes).
    Removing queue.o(.ARM.exidx.text.ucQueueGetQueueType), (8 bytes).
    Removing queue.o(.text.xQueueIsQueueEmptyFromISR), (34 bytes).
    Removing queue.o(.ARM.exidx.text.xQueueIsQueueEmptyFromISR), (8 bytes).
    Removing queue.o(.text.xQueueIsQueueFullFromISR), (40 bytes).
    Removing queue.o(.ARM.exidx.text.xQueueIsQueueFullFromISR), (8 bytes).
    Removing queue.o(.ARM.exidx.text.vQueueWaitForMessageRestricted), (8 bytes).
    Removing stream_buffer.o(.text), (0 bytes).
    Removing stream_buffer.o(.text.xStreamBufferGenericCreate), (140 bytes).
    Removing stream_buffer.o(.ARM.exidx.text.xStreamBufferGenericCreate), (8 bytes).
    Removing stream_buffer.o(.text.prvInitialiseNewStreamBuffer), (64 bytes).
    Removing stream_buffer.o(.ARM.exidx.text.prvInitialiseNewStreamBuffer), (8 bytes).
    Removing stream_buffer.o(.text.vStreamBufferDelete), (44 bytes).
    Removing stream_buffer.o(.ARM.exidx.text.vStreamBufferDelete), (8 bytes).
    Removing stream_buffer.o(.text.xStreamBufferReset), (100 bytes).
    Removing stream_buffer.o(.ARM.exidx.text.xStreamBufferReset), (8 bytes).
    Removing stream_buffer.o(.text.xStreamBufferSetTriggerLevel), (58 bytes).
    Removing stream_buffer.o(.ARM.exidx.text.xStreamBufferSetTriggerLevel), (8 bytes).
    Removing stream_buffer.o(.text.xStreamBufferSpacesAvailable), (88 bytes).
    Removing stream_buffer.o(.ARM.exidx.text.xStreamBufferSpacesAvailable), (8 bytes).
    Removing stream_buffer.o(.text.xStreamBufferBytesAvailable), (24 bytes).
    Removing stream_buffer.o(.ARM.exidx.text.xStreamBufferBytesAvailable), (8 bytes).
    Removing stream_buffer.o(.text.prvBytesInBuffer), (56 bytes).
    Removing stream_buffer.o(.ARM.exidx.text.prvBytesInBuffer), (8 bytes).
    Removing stream_buffer.o(.text.xStreamBufferSend), (322 bytes).
    Removing stream_buffer.o(.ARM.exidx.text.xStreamBufferSend), (8 bytes).
    Removing stream_buffer.o(.text.prvWriteMessageToBuffer), (128 bytes).
    Removing stream_buffer.o(.ARM.exidx.text.prvWriteMessageToBuffer), (8 bytes).
    Removing stream_buffer.o(.text.xStreamBufferSendFromISR), (186 bytes).
    Removing stream_buffer.o(.ARM.exidx.text.xStreamBufferSendFromISR), (8 bytes).
    Removing stream_buffer.o(.text.xStreamBufferReceive), (242 bytes).
    Removing stream_buffer.o(.ARM.exidx.text.xStreamBufferReceive), (8 bytes).
    Removing stream_buffer.o(.text.prvReadMessageFromBuffer), (134 bytes).
    Removing stream_buffer.o(.ARM.exidx.text.prvReadMessageFromBuffer), (8 bytes).
    Removing stream_buffer.o(.text.xStreamBufferNextMessageLengthBytes), (74 bytes).
    Removing stream_buffer.o(.ARM.exidx.text.xStreamBufferNextMessageLengthBytes), (8 bytes).
    Removing stream_buffer.o(.text.prvReadBytesFromBuffer), (136 bytes).
    Removing stream_buffer.o(.ARM.exidx.text.prvReadBytesFromBuffer), (8 bytes).
    Removing stream_buffer.o(.text.xStreamBufferReceiveFromISR), (172 bytes).
    Removing stream_buffer.o(.ARM.exidx.text.xStreamBufferReceiveFromISR), (8 bytes).
    Removing stream_buffer.o(.text.xStreamBufferIsEmpty), (44 bytes).
    Removing stream_buffer.o(.ARM.exidx.text.xStreamBufferIsEmpty), (8 bytes).
    Removing stream_buffer.o(.text.xStreamBufferIsFull), (64 bytes).
    Removing stream_buffer.o(.ARM.exidx.text.xStreamBufferIsFull), (8 bytes).
    Removing stream_buffer.o(.text.xStreamBufferSendCompletedFromISR), (106 bytes).
    Removing stream_buffer.o(.ARM.exidx.text.xStreamBufferSendCompletedFromISR), (8 bytes).
    Removing stream_buffer.o(.text.xStreamBufferReceiveCompletedFromISR), (106 bytes).
    Removing stream_buffer.o(.ARM.exidx.text.xStreamBufferReceiveCompletedFromISR), (8 bytes).
    Removing stream_buffer.o(.text.uxStreamBufferGetStreamBufferNumber), (12 bytes).
    Removing stream_buffer.o(.ARM.exidx.text.uxStreamBufferGetStreamBufferNumber), (8 bytes).
    Removing stream_buffer.o(.text.vStreamBufferSetStreamBufferNumber), (16 bytes).
    Removing stream_buffer.o(.ARM.exidx.text.vStreamBufferSetStreamBufferNumber), (8 bytes).
    Removing stream_buffer.o(.text.ucStreamBufferGetStreamBufferType), (16 bytes).
    Removing stream_buffer.o(.ARM.exidx.text.ucStreamBufferGetStreamBufferType), (8 bytes).
    Removing stream_buffer.o(.text.prvWriteBytesToBuffer), (138 bytes).
    Removing stream_buffer.o(.ARM.exidx.text.prvWriteBytesToBuffer), (8 bytes).
    Removing tasks.o(.text), (0 bytes).
    Removing tasks.o(.ARM.exidx.text.xTaskCreate), (8 bytes).
    Removing tasks.o(.ARM.exidx.text.prvInitialiseNewTask), (8 bytes).
    Removing tasks.o(.ARM.exidx.text.prvAddNewTaskToReadyList), (8 bytes).
    Removing tasks.o(.text.vTaskDelete), (304 bytes).
    Removing tasks.o(.ARM.exidx.text.vTaskDelete), (8 bytes).
    Removing tasks.o(.ARM.exidx.text.prvResetNextTaskUnblockTime), (8 bytes).
    Removing tasks.o(.ARM.exidx.text.prvDeleteTCB), (8 bytes).
    Removing tasks.o(.text.xTaskDelayUntil), (186 bytes).
    Removing tasks.o(.ARM.exidx.text.xTaskDelayUntil), (8 bytes).
    Removing tasks.o(.ARM.exidx.text.vTaskSuspendAll), (8 bytes).
    Removing tasks.o(.ARM.exidx.text.prvAddCurrentTaskToDelayedList), (8 bytes).
    Removing tasks.o(.ARM.exidx.text.xTaskResumeAll), (8 bytes).
    Removing tasks.o(.ARM.exidx.text.vTaskDelay), (8 bytes).
    Removing tasks.o(.text.eTaskGetState), (244 bytes).
    Removing tasks.o(.ARM.exidx.text.eTaskGetState), (8 bytes).
    Removing tasks.o(.text.uxTaskPriorityGet), (56 bytes).
    Removing tasks.o(.ARM.exidx.text.uxTaskPriorityGet), (8 bytes).
    Removing tasks.o(.text.uxTaskPriorityGetFromISR), (84 bytes).
    Removing tasks.o(.ARM.exidx.text.uxTaskPriorityGetFromISR), (8 bytes).
    Removing tasks.o(.text.vTaskPrioritySet), (454 bytes).
    Removing tasks.o(.ARM.exidx.text.vTaskPrioritySet), (8 bytes).
    Removing tasks.o(.text.vTaskSuspend), (342 bytes).
    Removing tasks.o(.ARM.exidx.text.vTaskSuspend), (8 bytes).
    Removing tasks.o(.ARM.exidx.text.vTaskSwitchContext), (8 bytes).
    Removing tasks.o(.text.vTaskResume), (236 bytes).
    Removing tasks.o(.ARM.exidx.text.vTaskResume), (8 bytes).
    Removing tasks.o(.text.prvTaskIsTaskSuspended), (78 bytes).
    Removing tasks.o(.ARM.exidx.text.prvTaskIsTaskSuspended), (8 bytes).
    Removing tasks.o(.text.xTaskResumeFromISR), (272 bytes).
    Removing tasks.o(.ARM.exidx.text.xTaskResumeFromISR), (8 bytes).
    Removing tasks.o(.ARM.exidx.text.vTaskStartScheduler), (8 bytes).
    Removing tasks.o(.ARM.exidx.text.prvIdleTask), (8 bytes).
    Removing tasks.o(.text.vTaskEndScheduler), (42 bytes).
    Removing tasks.o(.ARM.exidx.text.vTaskEndScheduler), (8 bytes).
    Removing tasks.o(.ARM.exidx.text.xTaskIncrementTick), (8 bytes).
    Removing tasks.o(.ARM.exidx.text.xTaskGetTickCount), (8 bytes).
    Removing tasks.o(.text.xTaskGetTickCountFromISR), (24 bytes).
    Removing tasks.o(.ARM.exidx.text.xTaskGetTickCountFromISR), (8 bytes).
    Removing tasks.o(.text.uxTaskGetNumberOfTasks), (12 bytes).
    Removing tasks.o(.ARM.exidx.text.uxTaskGetNumberOfTasks), (8 bytes).
    Removing tasks.o(.text.pcTaskGetName), (42 bytes).
    Removing tasks.o(.ARM.exidx.text.pcTaskGetName), (8 bytes).
    Removing tasks.o(.text.uxTaskGetSystemState), (272 bytes).
    Removing tasks.o(.ARM.exidx.text.uxTaskGetSystemState), (8 bytes).
    Removing tasks.o(.text.prvListTasksWithinSingleList), (164 bytes).
    Removing tasks.o(.ARM.exidx.text.prvListTasksWithinSingleList), (8 bytes).
    Removing tasks.o(.text.xTaskCatchUpTicks), (46 bytes).
    Removing tasks.o(.ARM.exidx.text.xTaskCatchUpTicks), (8 bytes).
    Removing tasks.o(.ARM.exidx.text.vTaskPlaceOnEventList), (8 bytes).
    Removing tasks.o(.text.vTaskPlaceOnUnorderedEventList), (92 bytes).
    Removing tasks.o(.ARM.exidx.text.vTaskPlaceOnUnorderedEventList), (8 bytes).
    Removing tasks.o(.ARM.exidx.text.vTaskPlaceOnEventListRestricted), (8 bytes).
    Removing tasks.o(.ARM.exidx.text.xTaskRemoveFromEventList), (8 bytes).
    Removing tasks.o(.text.vTaskRemoveFromUnorderedEventList), (292 bytes).
    Removing tasks.o(.ARM.exidx.text.vTaskRemoveFromUnorderedEventList), (8 bytes).
    Removing tasks.o(.text.vTaskSetTimeOutState), (46 bytes).
    Removing tasks.o(.ARM.exidx.text.vTaskSetTimeOutState), (8 bytes).
    Removing tasks.o(.ARM.exidx.text.vTaskInternalSetTimeOutState), (8 bytes).
    Removing tasks.o(.ARM.exidx.text.xTaskCheckForTimeOut), (8 bytes).
    Removing tasks.o(.ARM.exidx.text.vTaskMissedYield), (8 bytes).
    Removing tasks.o(.text.uxTaskGetTaskNumber), (34 bytes).
    Removing tasks.o(.ARM.exidx.text.uxTaskGetTaskNumber), (8 bytes).
    Removing tasks.o(.text.vTaskSetTaskNumber), (28 bytes).
    Removing tasks.o(.ARM.exidx.text.vTaskSetTaskNumber), (8 bytes).
    Removing tasks.o(.text.vTaskGetInfo), (224 bytes).
    Removing tasks.o(.ARM.exidx.text.vTaskGetInfo), (8 bytes).
    Removing tasks.o(.text.prvTaskCheckFreeStackSpace), (48 bytes).
    Removing tasks.o(.ARM.exidx.text.prvTaskCheckFreeStackSpace), (8 bytes).
    Removing tasks.o(.text.xTaskGetCurrentTaskHandle), (20 bytes).
    Removing tasks.o(.ARM.exidx.text.xTaskGetCurrentTaskHandle), (8 bytes).
    Removing tasks.o(.text.xTaskGetSchedulerState), (56 bytes).
    Removing tasks.o(.ARM.exidx.text.xTaskGetSchedulerState), (8 bytes).
    Removing tasks.o(.text.xTaskPriorityInherit), (348 bytes).
    Removing tasks.o(.ARM.exidx.text.xTaskPriorityInherit), (8 bytes).
    Removing tasks.o(.text.xTaskPriorityDisinherit), (240 bytes).
    Removing tasks.o(.ARM.exidx.text.xTaskPriorityDisinherit), (8 bytes).
    Removing tasks.o(.text.vTaskPriorityDisinheritAfterTimeout), (312 bytes).
    Removing tasks.o(.ARM.exidx.text.vTaskPriorityDisinheritAfterTimeout), (8 bytes).
    Removing tasks.o(.text.uxTaskResetEventItemValue), (34 bytes).
    Removing tasks.o(.ARM.exidx.text.uxTaskResetEventItemValue), (8 bytes).
    Removing tasks.o(.text.pvTaskIncrementMutexHeldCount), (44 bytes).
    Removing tasks.o(.ARM.exidx.text.pvTaskIncrementMutexHeldCount), (8 bytes).
    Removing tasks.o(.text.ulTaskGenericNotifyTake), (220 bytes).
    Removing tasks.o(.ARM.exidx.text.ulTaskGenericNotifyTake), (8 bytes).
    Removing tasks.o(.text.xTaskGenericNotifyWait), (252 bytes).
    Removing tasks.o(.ARM.exidx.text.xTaskGenericNotifyWait), (8 bytes).
    Removing tasks.o(.text.xTaskGenericNotify), (430 bytes).
    Removing tasks.o(.ARM.exidx.text.xTaskGenericNotify), (8 bytes).
    Removing tasks.o(.text.xTaskGenericNotifyFromISR), (540 bytes).
    Removing tasks.o(.ARM.exidx.text.xTaskGenericNotifyFromISR), (8 bytes).
    Removing tasks.o(.text.vTaskGenericNotifyGiveFromISR), (406 bytes).
    Removing tasks.o(.ARM.exidx.text.vTaskGenericNotifyGiveFromISR), (8 bytes).
    Removing tasks.o(.text.xTaskGenericNotifyStateClear), (92 bytes).
    Removing tasks.o(.ARM.exidx.text.xTaskGenericNotifyStateClear), (8 bytes).
    Removing tasks.o(.text.ulTaskGenericNotifyValueClear), (82 bytes).
    Removing tasks.o(.ARM.exidx.text.ulTaskGenericNotifyValueClear), (8 bytes).
    Removing tasks.o(.ARM.exidx.text.prvInitialiseTaskLists), (8 bytes).
    Removing tasks.o(.ARM.exidx.text.prvCheckTasksWaitingTermination), (8 bytes).
    Removing timers.o(.text), (0 bytes).
    Removing timers.o(.ARM.exidx.text.xTimerCreateTimerTask), (8 bytes).
    Removing timers.o(.ARM.exidx.text.prvCheckForValidListAndQueue), (8 bytes).
    Removing timers.o(.ARM.exidx.text.prvTimerTask), (8 bytes).
    Removing timers.o(.text.xTimerCreate), (74 bytes).
    Removing timers.o(.ARM.exidx.text.xTimerCreate), (8 bytes).
    Removing timers.o(.text.prvInitialiseNewTimer), (82 bytes).
    Removing timers.o(.ARM.exidx.text.prvInitialiseNewTimer), (8 bytes).
    Removing timers.o(.text.xTimerGenericCommand), (148 bytes).
    Removing timers.o(.ARM.exidx.text.xTimerGenericCommand), (8 bytes).
    Removing timers.o(.text.xTimerGetTimerDaemonTaskHandle), (12 bytes).
    Removing timers.o(.ARM.exidx.text.xTimerGetTimerDaemonTaskHandle), (8 bytes).
    Removing timers.o(.text.xTimerGetPeriod), (16 bytes).
    Removing timers.o(.ARM.exidx.text.xTimerGetPeriod), (8 bytes).
    Removing timers.o(.text.vTimerSetReloadMode), (62 bytes).
    Removing timers.o(.ARM.exidx.text.vTimerSetReloadMode), (8 bytes).
    Removing timers.o(.text.xTimerGetReloadMode), (50 bytes).
    Removing timers.o(.ARM.exidx.text.xTimerGetReloadMode), (8 bytes).
    Removing timers.o(.text.uxTimerGetReloadMode), (16 bytes).
    Removing timers.o(.ARM.exidx.text.uxTimerGetReloadMode), (8 bytes).
    Removing timers.o(.text.xTimerGetExpiryTime), (20 bytes).
    Removing timers.o(.ARM.exidx.text.xTimerGetExpiryTime), (8 bytes).
    Removing timers.o(.text.pcTimerGetName), (16 bytes).
    Removing timers.o(.ARM.exidx.text.pcTimerGetName), (8 bytes).
    Removing timers.o(.text.xTimerIsTimerActive), (48 bytes).
    Removing timers.o(.ARM.exidx.text.xTimerIsTimerActive), (8 bytes).
    Removing timers.o(.text.pvTimerGetTimerID), (30 bytes).
    Removing timers.o(.ARM.exidx.text.pvTimerGetTimerID), (8 bytes).
    Removing timers.o(.text.vTimerSetTimerID), (30 bytes).
    Removing timers.o(.ARM.exidx.text.vTimerSetTimerID), (8 bytes).
    Removing timers.o(.text.uxTimerGetTimerNumber), (12 bytes).
    Removing timers.o(.ARM.exidx.text.uxTimerGetTimerNumber), (8 bytes).
    Removing timers.o(.text.vTimerSetTimerNumber), (16 bytes).
    Removing timers.o(.ARM.exidx.text.vTimerSetTimerNumber), (8 bytes).
    Removing timers.o(.ARM.exidx.text.prvGetNextExpireTime), (8 bytes).
    Removing timers.o(.ARM.exidx.text.prvProcessTimerOrBlockTask), (8 bytes).
    Removing timers.o(.ARM.exidx.text.prvProcessReceivedCommands), (8 bytes).
    Removing timers.o(.ARM.exidx.text.prvSampleTimeNow), (8 bytes).
    Removing timers.o(.ARM.exidx.text.prvProcessExpiredTimer), (8 bytes).
    Removing timers.o(.ARM.exidx.text.prvSwitchTimerLists), (8 bytes).
    Removing timers.o(.ARM.exidx.text.prvReloadTimer), (8 bytes).
    Removing timers.o(.ARM.exidx.text.prvInsertTimerInActiveList), (8 bytes).
    Removing port.o(.text), (0 bytes).
    Removing port.o(.ARM.exidx.text.pxPortInitialiseStack), (8 bytes).
    Removing port.o(.ARM.exidx.text.prvTaskExitError), (8 bytes).
    Removing port.o(.ARM.exidx.text.SVC_Handler), (8 bytes).
    Removing port.o(.ARM.exidx.text.xPortStartScheduler), (8 bytes).
    Removing port.o(.ARM.exidx.text.vPortSetupTimerInterrupt), (8 bytes).
    Removing port.o(.ARM.exidx.text.prvPortStartFirstTask), (8 bytes).
    Removing port.o(.text.vPortEndScheduler), (2 bytes).
    Removing port.o(.ARM.exidx.text.vPortEndScheduler), (8 bytes).
    Removing port.o(.ARM.exidx.text.vPortEnterCritical), (8 bytes).
    Removing port.o(.ARM.exidx.text.vPortExitCritical), (8 bytes).
    Removing port.o(.ARM.exidx.text.PendSV_Handler), (8 bytes).
    Removing port.o(.ARM.exidx.text.SysTick_Handler), (8 bytes).
    Removing led_task.o(.text), (0 bytes).
    Removing led_task.o(.ARM.exidx.text._Z7ledTaskPv), (8 bytes).
    Removing test_task.o(.text), (0 bytes).
    Removing test_task.o(.ARM.exidx.text.__cxx_global_var_init), (8 bytes).
    Removing test_task.o(.ARM.exidx.text._Z8testTaskPv), (8 bytes).
    Removing test_task.o(.ARM.exidx.text._GLOBAL__sub_I_test_task.cpp), (8 bytes).
    Removing pidtask.o(.text), (0 bytes).
    Removing pidtask.o(.ARM.exidx.text._Z7pidTaskPv), (8 bytes).
    Removing common.o(.text), (0 bytes).
    Removing common.o(.text._Z10badTimeOutj), (34 bytes).
    Removing common.o(.ARM.exidx.text._Z10badTimeOutj), (8 bytes).
    Removing common.o(.ARM.exidx.text._Z11getPositionj), (8 bytes).
    Removing init.o(.text), (0 bytes).
    Removing init.o(.ARM.exidx.text._Z10commonInitv), (8 bytes).
    Removing init.o(.ARM.exidx.text._ZL26__NVIC_SetPriorityGroupingj), (8 bytes).
    Removing init.o(.ARM.exidx.text._Z7rccInitv), (8 bytes).
    Removing init.o(.ARM.exidx.text._Z8tickInitv), (8 bytes).
    Removing init.o(.ARM.exidx.text._ZL16__NVIC_EnableIRQ4IRQn), (8 bytes).
    Removing init.o(.ARM.exidx.text._ZL18__NVIC_SetPriority4IRQnj), (8 bytes).
    Removing init.o(.ARM.exidx.text._Z7adcInitv), (8 bytes).
    Removing init.o(.ARM.exidx.text._Z7pwmInitv), (8 bytes).
    Removing analog_monitor.o(.text), (0 bytes).
    Removing analog_monitor.o(.ARM.exidx.text._ZN13AnalogMonitorC2Ehff), (8 bytes).
    Removing analog_monitor.o(.ARM.exidx.text._ZN13AnalogMonitorD2Ev), (8 bytes).
    Removing analog_monitor.o(.ARM.exidx.text._ZN13AnalogMonitor3setEt), (8 bytes).
    Removing analog_monitor.o(.ARM.exidx.text._ZN13AnalogMonitoraSEt), (8 bytes).
    Removing analog_monitor.o(.text._ZN13AnalogMonitor8getInRefEv), (18 bytes).
    Removing analog_monitor.o(.ARM.exidx.text._ZN13AnalogMonitor8getInRefEv), (8 bytes).
    Removing analog_monitor.o(.text._ZN13AnalogMonitor9getOutRefEv), (18 bytes).
    Removing analog_monitor.o(.ARM.exidx.text._ZN13AnalogMonitor9getOutRefEv), (8 bytes).
    Removing analog_out.o(.text), (0 bytes).
    Removing analog_out.o(.ARM.exidx.text._ZN9AnalogOutC2Etjffff), (8 bytes).
    Removing analog_out.o(.ARM.exidx.text._ZN9AnalogOut9update1msEv), (8 bytes).
    Removing analog_out.o(.ARM.exidx.text._ZN9AnalogOutD2Ev), (8 bytes).
    Removing analog_out.o(.text._ZN9AnalogOut3setEf), (20 bytes).
    Removing analog_out.o(.ARM.exidx.text._ZN9AnalogOut3setEf), (8 bytes).
    Removing analog_out.o(.text._ZN9AnalogOut3getEv), (20 bytes).
    Removing analog_out.o(.ARM.exidx.text._ZN9AnalogOut3getEv), (8 bytes).
    Removing analog_out.o(.ARM.exidx.text._ZN9AnalogOutaSEf), (8 bytes).
    Removing analog_out.o(.text._ZN9AnalogOut8getInRefEv), (16 bytes).
    Removing analog_out.o(.ARM.exidx.text._ZN9AnalogOut8getInRefEv), (8 bytes).
    Removing analog_out.o(.text._ZN9AnalogOut9getOutRefEv), (18 bytes).
    Removing analog_out.o(.ARM.exidx.text._ZN9AnalogOut9getOutRefEv), (8 bytes).
    Removing coil.o(.text), (0 bytes).
    Removing coil.o(.ARM.exidx.text._ZN12ProgrammCoil8isActiveEv), (8 bytes).
    Removing coil.o(.ARM.exidx.text._ZN12ProgrammCoil8setValueEb), (8 bytes).
    Removing coil.o(.text._ZN12ProgrammCoil3setEv), (20 bytes).
    Removing coil.o(.ARM.exidx.text._ZN12ProgrammCoil3setEv), (8 bytes).
    Removing coil.o(.text._ZN12ProgrammCoil5resetEv), (20 bytes).
    Removing coil.o(.ARM.exidx.text._ZN12ProgrammCoil5resetEv), (8 bytes).
    Removing coil.o(.text._ZN12ProgrammCoil6toggleEv), (34 bytes).
    Removing coil.o(.ARM.exidx.text._ZN12ProgrammCoil6toggleEv), (8 bytes).
    Removing coil.o(.text._ZN12ProgrammCoilaSEb), (34 bytes).
    Removing coil.o(.ARM.exidx.text._ZN12ProgrammCoilaSEb), (8 bytes).
    Removing coil.o(.ARM.exidx.text._ZN4CoilC2EP12GPIO_TypeDefh), (8 bytes).
    Removing coil.o(.ARM.exidx.text._ZN4Coil8isActiveEv), (8 bytes).
    Removing coil.o(.ARM.exidx.text._ZN4Coil8setValueEb), (8 bytes).
    Removing coil.o(.text._ZN4CoilaSEb), (34 bytes).
    Removing coil.o(.ARM.exidx.text._ZN4CoilaSEb), (8 bytes).
    Removing coil.o(.text._ZN11CoilOnDelayC2EP12GPIO_TypeDefht), (80 bytes).
    Removing coil.o(.ARM.exidx.text._ZN11CoilOnDelayC2EP12GPIO_TypeDefht), (8 bytes).
    Removing coil.o(.text._ZN11CoilOnDelay9update1msEv), (38 bytes).
    Removing coil.o(.ARM.exidx.text._ZN11CoilOnDelay9update1msEv), (8 bytes).
    Removing coil.o(.text._ZThn32_N11CoilOnDelay9update1msEv), (14 bytes).
    Removing coil.o(.ARM.exidx.text._ZThn32_N11CoilOnDelay9update1msEv), (8 bytes).
    Removing coil.o(.text._ZN11CoilOnDelay8setValueEb), (28 bytes).
    Removing coil.o(.ARM.exidx.text._ZN11CoilOnDelay8setValueEb), (8 bytes).
    Removing coil.o(.text._ZThn16_N11CoilOnDelay8setValueEb), (26 bytes).
    Removing coil.o(.ARM.exidx.text._ZThn16_N11CoilOnDelay8setValueEb), (8 bytes).
    Removing coil.o(.text._ZN11CoilOnDelayaSEb), (34 bytes).
    Removing coil.o(.ARM.exidx.text._ZN11CoilOnDelayaSEb), (8 bytes).
    Removing coil.o(.ARM.exidx.text._ZN12CoilOffDelayC2EP12GPIO_TypeDefht), (8 bytes).
    Removing coil.o(.ARM.exidx.text._ZN12CoilOffDelay9update1msEv), (8 bytes).
    Removing coil.o(.ARM.exidx.text._ZThn32_N12CoilOffDelay9update1msEv), (8 bytes).
    Removing coil.o(.ARM.exidx.text._ZN12CoilOffDelay8setValueEb), (8 bytes).
    Removing coil.o(.ARM.exidx.text._ZThn16_N12CoilOffDelay8setValueEb), (8 bytes).
    Removing coil.o(.ARM.exidx.text._ZN12CoilOffDelayaSEb), (8 bytes).
    Removing coil.o(.text._ZN9CoilPulseC2EP12GPIO_TypeDefht), (80 bytes).
    Removing coil.o(.ARM.exidx.text._ZN9CoilPulseC2EP12GPIO_TypeDefht), (8 bytes).
    Removing coil.o(.text._ZN9CoilPulse9update1msEv), (38 bytes).
    Removing coil.o(.ARM.exidx.text._ZN9CoilPulse9update1msEv), (8 bytes).
    Removing coil.o(.text._ZThn32_N9CoilPulse9update1msEv), (14 bytes).
    Removing coil.o(.ARM.exidx.text._ZThn32_N9CoilPulse9update1msEv), (8 bytes).
    Removing coil.o(.text._ZN9CoilPulse8setValueEb), (28 bytes).
    Removing coil.o(.ARM.exidx.text._ZN9CoilPulse8setValueEb), (8 bytes).
    Removing coil.o(.text._ZThn16_N9CoilPulse8setValueEb), (26 bytes).
    Removing coil.o(.ARM.exidx.text._ZThn16_N9CoilPulse8setValueEb), (8 bytes).
    Removing coil.o(.text._ZN9CoilPulseaSEb), (34 bytes).
    Removing coil.o(.ARM.exidx.text._ZN9CoilPulseaSEb), (8 bytes).
    Removing coil.o(.rodata._ZTV11CoilOnDelay), (48 bytes).
    Removing coil.o(.rodata._ZTV9CoilPulse), (48 bytes).
    Removing gpio_common.o(.text), (0 bytes).
    Removing gpio_common.o(.ARM.exidx.text._ZN10GPIOcommonC2EP12GPIO_TypeDefh), (8 bytes).
    Removing simple_input.o(.text), (0 bytes).
    Removing simple_input.o(.ARM.exidx.text._ZN11SimpleInputC2EP12GPIO_TypeDefh), (8 bytes).
    Removing simple_input.o(.ARM.exidx.text._ZN11SimpleInput8isActiveEv), (8 bytes).
    Removing simple_input.o(.text._ZN11SimpleInput11isNotActiveEv), (22 bytes).
    Removing simple_input.o(.ARM.exidx.text._ZN11SimpleInput11isNotActiveEv), (8 bytes).
    Removing simple_input.o(.ARM.exidx.text._ZN18SimpleInputDelayedC2EP12GPIO_TypeDefht), (8 bytes).
    Removing simple_input.o(.ARM.exidx.text._ZN18SimpleInputDelayed9update1msEv), (8 bytes).
    Removing simple_input.o(.ARM.exidx.text._ZThn32_N18SimpleInputDelayed9update1msEv), (8 bytes).
    Removing simple_input.o(.ARM.exidx.text._ZN18SimpleInputDelayed8isActiveEv), (8 bytes).
    Removing simple_input.o(.ARM.exidx.text._ZThn16_N18SimpleInputDelayed8isActiveEv), (8 bytes).
    Removing switch_delay.o(.text), (0 bytes).
    Removing switch_delay.o(.text._ZN11SwitchDelayC2EP7ISwitcht), (60 bytes).
    Removing switch_delay.o(.ARM.exidx.text._ZN11SwitchDelayC2EP7ISwitcht), (8 bytes).
    Removing switch_delay.o(.text._ZN11SwitchDelay9update1msEv), (16 bytes).
    Removing switch_delay.o(.ARM.exidx.text._ZN11SwitchDelay9update1msEv), (8 bytes).
    Removing switch_delay.o(.text._ZThn16_N11SwitchDelay9update1msEv), (14 bytes).
    Removing switch_delay.o(.ARM.exidx.text._ZThn16_N11SwitchDelay9update1msEv), (8 bytes).
    Removing switch_delay.o(.text._ZN11SwitchDelay7startedEv), (20 bytes).
    Removing switch_delay.o(.ARM.exidx.text._ZN11SwitchDelay7startedEv), (8 bytes).
    Removing switch_delay.o(.rodata._ZTV11SwitchDelay), (28 bytes).
    Removing rf_impulse.o(.text), (0 bytes).
    Removing rf_impulse.o(.ARM.exidx.text._ZN9RFimpulseC2E7IMPULSE), (8 bytes).
    Removing rf_impulse.o(.ARM.exidx.text._ZN9RFimpulse3setEb), (8 bytes).
    Removing rf_impulse.o(.ARM.exidx.text._ZN9RFimpulse3getEv), (8 bytes).
    Removing rf_impulse.o(.ARM.exidx.text._ZN9RFimpulseaSEb), (8 bytes).
    Removing common_timer.o(.text), (0 bytes).
    Removing common_timer.o(.ARM.exidx.text._ZN11CommonTimerC2Ej), (8 bytes).
    Removing common_timer.o(.ARM.exidx.text._ZN11CommonTimer6updateEv), (8 bytes).
    Removing common_timer.o(.ARM.exidx.text._ZN11CommonTimer8finishedEv), (8 bytes).
    Removing common_timer.o(.text._ZN11CommonTimer9getPeriodEv), (12 bytes).
    Removing common_timer.o(.ARM.exidx.text._ZN11CommonTimer9getPeriodEv), (8 bytes).
    Removing common_timer.o(.text._ZN11CommonTimer9setPeriodEj), (16 bytes).
    Removing common_timer.o(.ARM.exidx.text._ZN11CommonTimer9setPeriodEj), (8 bytes).
    Removing common_timer.o(.text._ZN11CommonTimer14getCurrentTimeEv), (12 bytes).
    Removing common_timer.o(.ARM.exidx.text._ZN11CommonTimer14getCurrentTimeEv), (8 bytes).
    Removing common_timer.o(.text._ZN11CommonTimer14setCurrentTimeEj), (16 bytes).
    Removing common_timer.o(.ARM.exidx.text._ZN11CommonTimer14setCurrentTimeEj), (8 bytes).
    Removing common_timer.o(.ARM.exidx.text._ZN11CommonTimer5startEv), (8 bytes).
    Removing common_timer.o(.ARM.exidx.text._ZN11CommonTimer5pauseEv), (8 bytes).
    Removing common_timer.o(.ARM.exidx.text._ZN11CommonTimer4stopEv), (8 bytes).
    Removing common_timer.o(.ARM.exidx.text._ZN11CommonTimer5resetEv), (8 bytes).
    Removing common_timer.o(.ARM.exidx.text._ZN11CommonTimer15prepareAndStartEv), (8 bytes).
    Removing common_timer.o(.ARM.exidx.text._ZN11CommonTimer6finishEv), (8 bytes).
    Removing common_timer.o(.ARM.exidx.text._ZN11CommonTimer8setStartEb), (8 bytes).
    Removing common_timer.o(.ARM.exidx.text._ZN11CommonTimeraSEb), (8 bytes).
    Removing common_timer.o(.ARM.exidx.text._ZN11CommonTimer7startedEv), (8 bytes).
    Removing common_timer.o(.ARM.exidx.text._ZN11CommonTimer10notStartedEv), (8 bytes).
    Removing common_timer.o(.ARM.exidx.text._ZN11CommonTimer11notFinishedEv), (8 bytes).
    Removing common_timer.o(.text._ZN11CommonTimer15finishedImpulseEv), (76 bytes).
    Removing common_timer.o(.ARM.exidx.text._ZN11CommonTimer15finishedImpulseEv), (8 bytes).
    Removing common_timer.o(.ARM.exidx.text._ZN11CommonTimer6inWorkEv), (8 bytes).
    Removing common_timer.o(.ARM.exidx.text._ZN11CommonTimer6isFreeEv), (8 bytes).
    Removing on_delay.o(.text), (0 bytes).
    Removing on_delay.o(.ARM.exidx.text._ZN13OnDelayCommonC2Ej), (8 bytes).
    Removing on_delay.o(.ARM.exidx.text._ZN13OnDelayCommon6updateEv), (8 bytes).
    Removing on_delay.o(.text._ZN13OnDelayCommon3setEb), (28 bytes).
    Removing on_delay.o(.ARM.exidx.text._ZN13OnDelayCommon3setEb), (8 bytes).
    Removing on_delay.o(.text._ZN13OnDelayCommon3getEv), (16 bytes).
    Removing on_delay.o(.ARM.exidx.text._ZN13OnDelayCommon3getEv), (8 bytes).
    Removing on_delay.o(.text._ZN13OnDelayCommon5resetEv), (16 bytes).
    Removing on_delay.o(.ARM.exidx.text._ZN13OnDelayCommon5resetEv), (8 bytes).
    Removing on_delay.o(.ARM.exidx.text._ZN7OnDelayC2Ej), (8 bytes).
    Removing on_delay.o(.ARM.exidx.text._ZN7OnDelay9update1msEv), (8 bytes).
    Removing on_delay.o(.ARM.exidx.text._ZThn16_N7OnDelay9update1msEv), (8 bytes).
    Removing on_delay.o(.text._ZN7OnDelayaSEb), (32 bytes).
    Removing on_delay.o(.ARM.exidx.text._ZN7OnDelayaSEb), (8 bytes).
    Removing off_delay.o(.text), (0 bytes).
    Removing off_delay.o(.ARM.exidx.text._ZN14OffDelayCommonC2Ej), (8 bytes).
    Removing off_delay.o(.ARM.exidx.text._ZN14OffDelayCommon6updateEv), (8 bytes).
    Removing off_delay.o(.ARM.exidx.text._ZN14OffDelayCommon3setEb), (8 bytes).
    Removing off_delay.o(.ARM.exidx.text._ZN14OffDelayCommon3getEv), (8 bytes).
    Removing off_delay.o(.text._ZN14OffDelayCommon5resetEv), (16 bytes).
    Removing off_delay.o(.ARM.exidx.text._ZN14OffDelayCommon5resetEv), (8 bytes).
    Removing off_delay.o(.ARM.exidx.text._ZN8OffDelayC2Ej), (8 bytes).
    Removing off_delay.o(.ARM.exidx.text._ZN8OffDelay9update1msEv), (8 bytes).
    Removing off_delay.o(.ARM.exidx.text._ZThn16_N8OffDelay9update1msEv), (8 bytes).
    Removing off_delay.o(.text._ZN8OffDelayaSEb), (32 bytes).
    Removing off_delay.o(.ARM.exidx.text._ZN8OffDelayaSEb), (8 bytes).
    Removing pulse.o(.text), (0 bytes).
    Removing pulse.o(.ARM.exidx.text._ZN11PulseCommonC2Ej), (8 bytes).
    Removing pulse.o(.ARM.exidx.text._ZN11PulseCommon6updateEv), (8 bytes).
    Removing pulse.o(.ARM.exidx.text._ZN11PulseCommon3setEb), (8 bytes).
    Removing pulse.o(.ARM.exidx.text._ZN11PulseCommon3getEv), (8 bytes).
    Removing pulse.o(.ARM.exidx.text._ZN11PulseCommon5resetEv), (8 bytes).
    Removing pulse.o(.ARM.exidx.text._ZN5PulseC2Ej), (8 bytes).
    Removing pulse.o(.ARM.exidx.text._ZN5Pulse9update1msEv), (8 bytes).
    Removing pulse.o(.ARM.exidx.text._ZThn16_N5Pulse9update1msEv), (8 bytes).
    Removing pulse.o(.ARM.exidx.text._ZN5PulseaSEb), (8 bytes).
    Removing pulse.o(.text._ZN14PulseInterraptC2Ej), (50 bytes).
    Removing pulse.o(.ARM.exidx.text._ZN14PulseInterraptC2Ej), (8 bytes).
    Removing pulse.o(.text._ZN14PulseInterrapt3setEb), (48 bytes).
    Removing pulse.o(.ARM.exidx.text._ZN14PulseInterrapt3setEb), (8 bytes).
    Removing pulse.o(.text._ZN14PulseInterraptaSEb), (32 bytes).
    Removing pulse.o(.ARM.exidx.text._ZN14PulseInterraptaSEb), (8 bytes).
    Removing pid.o(.text), (0 bytes).
    Removing pid.o(.ARM.exidx.text._ZN6PIDregC2Etfffffffb), (8 bytes).
    Removing pid.o(.ARM.exidx.text._ZN6PIDreg10updateKoefEv), (8 bytes).
    Removing pid.o(.ARM.exidx.text._ZN6PIDreg5resetEv), (8 bytes).
    Removing pid.o(.ARM.exidx.text._ZN6PIDreg4getTEv), (8 bytes).
    Removing pid.o(.ARM.exidx.text._ZN6PIDreg5setPvEf), (8 bytes).
    Removing pid.o(.text._ZN6PIDreg5getPvEv), (12 bytes).
    Removing pid.o(.ARM.exidx.text._ZN6PIDreg5getPvEv), (8 bytes).
    Removing pid.o(.text._ZN6PIDreg5setSpEf), (16 bytes).
    Removing pid.o(.ARM.exidx.text._ZN6PIDreg5setSpEf), (8 bytes).
    Removing pid.o(.text._ZN6PIDreg5getSpEv), (12 bytes).
    Removing pid.o(.ARM.exidx.text._ZN6PIDreg5getSpEv), (8 bytes).
    Removing pid.o(.ARM.exidx.text._ZN6PIDreg5setKpEf), (8 bytes).
    Removing pid.o(.text._ZN6PIDreg5getKpEv), (12 bytes).
    Removing pid.o(.ARM.exidx.text._ZN6PIDreg5getKpEv), (8 bytes).
    Removing pid.o(.ARM.exidx.text._ZN6PIDreg5setTiEf), (8 bytes).
    Removing pid.o(.text._ZN6PIDreg5getTiEv), (12 bytes).
    Removing pid.o(.ARM.exidx.text._ZN6PIDreg5getTiEv), (8 bytes).
    Removing pid.o(.ARM.exidx.text._ZN6PIDreg5setTdEf), (8 bytes).
    Removing pid.o(.text._ZN6PIDreg5getTdEv), (12 bytes).
    Removing pid.o(.ARM.exidx.text._ZN6PIDreg5getTdEv), (8 bytes).
    Removing pid.o(.text._ZN6PIDreg5setDbEf), (26 bytes).
    Removing pid.o(.ARM.exidx.text._ZN6PIDreg5setDbEf), (8 bytes).
    Removing pid.o(.text._ZN6PIDreg5getDbEv), (12 bytes).
    Removing pid.o(.ARM.exidx.text._ZN6PIDreg5getDbEv), (8 bytes).
    Removing pid.o(.text._ZN6PIDreg11setUpOutLimEf), (28 bytes).
    Removing pid.o(.ARM.exidx.text._ZN6PIDreg11setUpOutLimEf), (8 bytes).
    Removing pid.o(.text._ZN6PIDreg11getUpOutLimEv), (12 bytes).
    Removing pid.o(.ARM.exidx.text._ZN6PIDreg11getUpOutLimEv), (8 bytes).
    Removing pid.o(.text._ZN6PIDreg13setDownOutLimEf), (28 bytes).
    Removing pid.o(.ARM.exidx.text._ZN6PIDreg13setDownOutLimEf), (8 bytes).
    Removing pid.o(.text._ZN6PIDreg13getDownOutLimEv), (12 bytes).
    Removing pid.o(.ARM.exidx.text._ZN6PIDreg13getDownOutLimEv), (8 bytes).
    Removing pid.o(.text._ZN6PIDreg6setOutEf), (46 bytes).
    Removing pid.o(.ARM.exidx.text._ZN6PIDreg6setOutEf), (8 bytes).
    Removing pid.o(.text._ZN6PIDreg6getOutEv), (12 bytes).
    Removing pid.o(.ARM.exidx.text._ZN6PIDreg6getOutEv), (8 bytes).
    Removing pid.o(.ARM.exidx.text._ZN6PIDreg7setAutoEb), (8 bytes).
    Removing pid.o(.text._ZN6PIDreg6isAUTOEv), (18 bytes).
    Removing pid.o(.ARM.exidx.text._ZN6PIDreg6isAUTOEv), (8 bytes).
    Removing pid.o(.text._ZN6PIDreg10setInverseEb), (26 bytes).
    Removing pid.o(.ARM.exidx.text._ZN6PIDreg10setInverseEb), (8 bytes).
    Removing pid.o(.text._ZN6PIDreg9isInverseEv), (18 bytes).
    Removing pid.o(.ARM.exidx.text._ZN6PIDreg9isInverseEv), (8 bytes).
    Removing pid.o(.ARM.exidx.text._ZN6PIDreg15updateSomewhereEv), (8 bytes).
    Removing pid.o(.ARM.exidx.text._ZN6PIDregaSEf), (8 bytes).
    Removing pid.o(.text._ZN6PIDreg8getPvRefEv), (12 bytes).
    Removing pid.o(.ARM.exidx.text._ZN6PIDreg8getPvRefEv), (8 bytes).
    Removing pid.o(.text._ZN6PIDreg9getOutRefEv), (12 bytes).
    Removing pid.o(.ARM.exidx.text._ZN6PIDreg9getOutRefEv), (8 bytes).
    Removing ramp.o(.text), (0 bytes).
    Removing ramp.o(.ARM.exidx.text._ZN4RampC2Ejffff), (8 bytes).
    Removing ramp.o(.ARM.exidx.text._ZN4Ramp9setLimMaxEf), (8 bytes).
    Removing ramp.o(.ARM.exidx.text._ZN4Ramp16setFullRangeTimeEj), (8 bytes).
    Removing ramp.o(.text._ZN4RampC2Ejff), (42 bytes).
    Removing ramp.o(.ARM.exidx.text._ZN4RampC2Ejff), (8 bytes).
    Removing ramp.o(.ARM.exidx.text._ZN4RampC2Ej), (8 bytes).
    Removing ramp.o(.text._ZN4Ramp9getOutMinEv), (12 bytes).
    Removing ramp.o(.ARM.exidx.text._ZN4Ramp9getOutMinEv), (8 bytes).
    Removing ramp.o(.ARM.exidx.text._ZN4Ramp11getOutRangeEv), (8 bytes).
    Removing ramp.o(.ARM.exidx.text._ZN4Ramp9update1msEv), (8 bytes).
    Removing ramp.o(.ARM.exidx.text._ZN4Ramp3getEv), (8 bytes).
    Removing ramp.o(.ARM.exidx.text._ZN4Ramp3setEf), (8 bytes).
    Removing ramp.o(.text._ZN4Ramp16getFullRangeTimeEv), (12 bytes).
    Removing ramp.o(.ARM.exidx.text._ZN4Ramp16getFullRangeTimeEv), (8 bytes).
    Removing ramp.o(.text._ZN4Ramp9setLimMinEf), (28 bytes).
    Removing ramp.o(.ARM.exidx.text._ZN4Ramp9setLimMinEf), (8 bytes).
    Removing ramp.o(.ARM.exidx.text._ZN4RampaSEf), (8 bytes).
    Removing ramp.o(.text._ZN4Ramp8getSpRefEv), (12 bytes).
    Removing ramp.o(.ARM.exidx.text._ZN4Ramp8getSpRefEv), (8 bytes).
    Removing ramp.o(.text._ZN4Ramp9getOutRefEv), (12 bytes).
    Removing ramp.o(.ARM.exidx.text._ZN4Ramp9getOutRefEv), (8 bytes).
    Removing three_pos.o(.text), (0 bytes).
    Removing three_pos.o(.ARM.exidx.text._ZN11ThreePosRegC2Efffttb), (8 bytes).
    Removing three_pos.o(.ARM.exidx.text._ZN11ThreePosReg12setPulseGistEf), (8 bytes).
    Removing three_pos.o(.ARM.exidx.text._ZN11ThreePosRegD2Ev), (8 bytes).
    Removing three_pos.o(.text._ZN11ThreePosReg3setEf), (16 bytes).
    Removing three_pos.o(.ARM.exidx.text._ZN11ThreePosReg3setEf), (8 bytes).
    Removing three_pos.o(.text._ZN11ThreePosRegaSEf), (24 bytes).
    Removing three_pos.o(.ARM.exidx.text._ZN11ThreePosRegaSEf), (8 bytes).
    Removing three_pos.o(.text._ZN11ThreePosReg5setSpEf), (16 bytes).
    Removing three_pos.o(.ARM.exidx.text._ZN11ThreePosReg5setSpEf), (8 bytes).
    Removing three_pos.o(.text._ZN11ThreePosReg5getSpEv), (12 bytes).
    Removing three_pos.o(.ARM.exidx.text._ZN11ThreePosReg5getSpEv), (8 bytes).
    Removing three_pos.o(.text._ZN11ThreePosReg11setZeroGistEf), (34 bytes).
    Removing three_pos.o(.ARM.exidx.text._ZN11ThreePosReg11setZeroGistEf), (8 bytes).
    Removing three_pos.o(.text._ZN11ThreePosReg11getZeroGistEv), (12 bytes).
    Removing three_pos.o(.ARM.exidx.text._ZN11ThreePosReg11getZeroGistEv), (8 bytes).
    Removing three_pos.o(.text._ZN11ThreePosReg12getPulseGistEv), (12 bytes).
    Removing three_pos.o(.ARM.exidx.text._ZN11ThreePosReg12getPulseGistEv), (8 bytes).
    Removing three_pos.o(.text._ZN11ThreePosReg12setPauseTimeEt), (26 bytes).
    Removing three_pos.o(.ARM.exidx.text._ZN11ThreePosReg12setPauseTimeEt), (8 bytes).
    Removing three_pos.o(.text._ZN11ThreePosReg12getPauseTimeEv), (20 bytes).
    Removing three_pos.o(.ARM.exidx.text._ZN11ThreePosReg12getPauseTimeEv), (8 bytes).
    Removing three_pos.o(.text._ZN11ThreePosReg12setPulseTimeEt), (26 bytes).
    Removing three_pos.o(.ARM.exidx.text._ZN11ThreePosReg12setPulseTimeEt), (8 bytes).
    Removing three_pos.o(.text._ZN11ThreePosReg12getPulseTimeEv), (20 bytes).
    Removing three_pos.o(.ARM.exidx.text._ZN11ThreePosReg12getPulseTimeEv), (8 bytes).
    Removing three_pos.o(.text._ZN11ThreePosReg10setReverseEb), (24 bytes).
    Removing three_pos.o(.ARM.exidx.text._ZN11ThreePosReg10setReverseEb), (8 bytes).
    Removing three_pos.o(.text._ZN11ThreePosReg10getReverseEv), (16 bytes).
    Removing three_pos.o(.ARM.exidx.text._ZN11ThreePosReg10getReverseEv), (8 bytes).
    Removing three_pos.o(.text._ZN11ThreePosReg7getOut1Ev), (54 bytes).
    Removing three_pos.o(.ARM.exidx.text._ZN11ThreePosReg7getOut1Ev), (8 bytes).
    Removing three_pos.o(.text._ZN11ThreePosReg7getOut2Ev), (54 bytes).
    Removing three_pos.o(.ARM.exidx.text._ZN11ThreePosReg7getOut2Ev), (8 bytes).
    Removing three_pos.o(.ARM.exidx.text._ZN11ThreePosReg17impulseCycleEndedEv), (8 bytes).
    Removing three_pos.o(.ARM.exidx.text._ZN11ThreePosReg21halfImpulseCycleEndedEv), (8 bytes).
    Removing three_pos.o(.ARM.exidx.text._ZN11ThreePosReg9update1msEv), (8 bytes).
    Removing three_pos.o(.text._ZN11ThreePosReg8getInRefEv), (12 bytes).
    Removing three_pos.o(.ARM.exidx.text._ZN11ThreePosReg8getInRefEv), (8 bytes).
    Removing three_pos.o(.text._ZN11ThreePosReg10getOut1RefEv), (38 bytes).
    Removing three_pos.o(.ARM.exidx.text._ZN11ThreePosReg10getOut1RefEv), (8 bytes).
    Removing three_pos.o(.text._ZN11ThreePosReg10getOut2RefEv), (38 bytes).
    Removing three_pos.o(.ARM.exidx.text._ZN11ThreePosReg10getOut2RefEv), (8 bytes).
    Removing two_pos.o(.text), (0 bytes).
    Removing two_pos.o(.ARM.exidx.text._ZN12TwoPosCommonC2Efb), (8 bytes).
    Removing two_pos.o(.text._ZN12TwoPosCommon3setEf), (16 bytes).
    Removing two_pos.o(.ARM.exidx.text._ZN12TwoPosCommon3setEf), (8 bytes).
    Removing two_pos.o(.text._ZN12TwoPosCommon3getEv), (22 bytes).
    Removing two_pos.o(.ARM.exidx.text._ZN12TwoPosCommon3getEv), (8 bytes).
    Removing two_pos.o(.text._ZN12TwoPosCommon5setSpEf), (16 bytes).
    Removing two_pos.o(.ARM.exidx.text._ZN12TwoPosCommon5setSpEf), (8 bytes).
    Removing two_pos.o(.text._ZN12TwoPosCommon5getSpEv), (12 bytes).
    Removing two_pos.o(.ARM.exidx.text._ZN12TwoPosCommon5getSpEv), (8 bytes).
    Removing two_pos.o(.text._ZN12TwoPosCommon10setReverseEb), (24 bytes).
    Removing two_pos.o(.ARM.exidx.text._ZN12TwoPosCommon10setReverseEb), (8 bytes).
    Removing two_pos.o(.text._ZN12TwoPosCommon10getReverseEv), (16 bytes).
    Removing two_pos.o(.ARM.exidx.text._ZN12TwoPosCommon10getReverseEv), (8 bytes).
    Removing two_pos.o(.text._ZN12TwoPosCommon8getInRefEv), (10 bytes).
    Removing two_pos.o(.ARM.exidx.text._ZN12TwoPosCommon8getInRefEv), (8 bytes).
    Removing two_pos.o(.text._ZN12TwoPosCommon9getOutRefEv), (12 bytes).
    Removing two_pos.o(.ARM.exidx.text._ZN12TwoPosCommon9getOutRefEv), (8 bytes).
    Removing two_pos.o(.text._ZN10TwoPosGistC2Efffb), (82 bytes).
    Removing two_pos.o(.ARM.exidx.text._ZN10TwoPosGistC2Efffb), (8 bytes).
    Removing two_pos.o(.text._ZN10TwoPosGist10setLowGistEf), (28 bytes).
    Removing two_pos.o(.ARM.exidx.text._ZN10TwoPosGist10setLowGistEf), (8 bytes).
    Removing two_pos.o(.text._ZN10TwoPosGist11setHighGistEf), (28 bytes).
    Removing two_pos.o(.ARM.exidx.text._ZN10TwoPosGist11setHighGistEf), (8 bytes).
    Removing two_pos.o(.text._ZN10TwoPosGist3setEf), (32 bytes).
    Removing two_pos.o(.ARM.exidx.text._ZN10TwoPosGist3setEf), (8 bytes).
    Removing two_pos.o(.text._ZN10TwoPosGist10getLowGistEv), (12 bytes).
    Removing two_pos.o(.ARM.exidx.text._ZN10TwoPosGist10getLowGistEv), (8 bytes).
    Removing two_pos.o(.text._ZN10TwoPosGist11getHighGistEv), (12 bytes).
    Removing two_pos.o(.ARM.exidx.text._ZN10TwoPosGist11getHighGistEv), (8 bytes).
    Removing two_pos.o(.text._ZN10TwoPosGist15updateSomewhereEv), (90 bytes).
    Removing two_pos.o(.ARM.exidx.text._ZN10TwoPosGist15updateSomewhereEv), (8 bytes).
    Removing two_pos.o(.text._ZN10TwoPosGistaSEf), (24 bytes).
    Removing two_pos.o(.ARM.exidx.text._ZN10TwoPosGistaSEf), (8 bytes).
    Removing two_pos.o(.ARM.exidx.text._ZN9TwoPosTimC2Efttb), (8 bytes).
    Removing two_pos.o(.ARM.exidx.text._ZN9TwoPosTimD2Ev), (8 bytes).
    Removing two_pos.o(.text._ZN9TwoPosTim10setLowTimeEt), (26 bytes).
    Removing two_pos.o(.ARM.exidx.text._ZN9TwoPosTim10setLowTimeEt), (8 bytes).
    Removing two_pos.o(.text._ZN9TwoPosTim10getLowTimeEv), (20 bytes).
    Removing two_pos.o(.ARM.exidx.text._ZN9TwoPosTim10getLowTimeEv), (8 bytes).
    Removing two_pos.o(.text._ZN9TwoPosTim11setHighTimeEt), (26 bytes).
    Removing two_pos.o(.ARM.exidx.text._ZN9TwoPosTim11setHighTimeEt), (8 bytes).
    Removing two_pos.o(.text._ZN9TwoPosTim11getHighTimeEv), (20 bytes).
    Removing two_pos.o(.ARM.exidx.text._ZN9TwoPosTim11getHighTimeEv), (8 bytes).
    Removing two_pos.o(.ARM.exidx.text._ZN9TwoPosTim9update1msEv), (8 bytes).
    Removing two_pos.o(.text._ZN9TwoPosTimaSEf), (26 bytes).
    Removing two_pos.o(.ARM.exidx.text._ZN9TwoPosTimaSEf), (8 bytes).
    Removing two_pos.o(.rodata._ZTV10TwoPosGist), (12 bytes).
    Removing sequence.o(.text), (0 bytes).
    Removing sequence.o(.ARM.exidx.text._ZN8SequenceC2EPhh), (8 bytes).
    Removing sequence.o(.ARM.exidx.text._ZN8Sequence8isMyStepEv), (8 bytes).
    Removing sequence.o(.text._ZN8Sequence5resetEv), (24 bytes).
    Removing sequence.o(.ARM.exidx.text._ZN8Sequence5resetEv), (8 bytes).
    Removing sequence.o(.ARM.exidx.text._ZN8Sequence5startEb), (8 bytes).
    Removing sequence.o(.ARM.exidx.text._ZN8Sequence4lockEb), (8 bytes).
    Removing sequence.o(.ARM.exidx.text._ZN8Sequence6finishEb), (8 bytes).
    Removing sequence.o(.text._ZN8Sequence6slfSetEbbb), (80 bytes).
    Removing sequence.o(.ARM.exidx.text._ZN8Sequence6slfSetEbbb), (8 bytes).
    Removing sequence.o(.ARM.exidx.text._ZN8Sequence7startedEv), (8 bytes).
    Removing sequence.o(.ARM.exidx.text._ZN8Sequence6lockedEv), (8 bytes).
    Removing sequence.o(.ARM.exidx.text._ZN8Sequence8finishedEv), (8 bytes).
    Removing sequence.o(.text._ZN8Sequence15finishedImpulseEv), (16 bytes).
    Removing sequence.o(.ARM.exidx.text._ZN8Sequence15finishedImpulseEv), (8 bytes).
    Removing sequence.o(.ARM.exidx.text._ZN15SequenceDelayedC2EPhhj), (8 bytes).
    Removing sequence.o(.ARM.exidx.text._ZN15SequenceDelayed9update1msEv), (8 bytes).
    Removing sequence.o(.ARM.exidx.text._ZThn28_N15SequenceDelayed9update1msEv), (8 bytes).
    Removing monitor.o(.text), (0 bytes).
    Removing monitor.o(.ARM.exidx.text._ZN7MonitorC2Eff), (8 bytes).
    Removing monitor.o(.ARM.exidx.text._ZN7Monitor11setValueMaxEf), (8 bytes).
    Removing monitor.o(.ARM.exidx.text._ZN7MonitorD2Ev), (8 bytes).
    Removing monitor.o(.text._ZN7Monitor11setValueMinEf), (28 bytes).
    Removing monitor.o(.ARM.exidx.text._ZN7Monitor11setValueMinEf), (8 bytes).
    Removing monitor.o(.ARM.exidx.text._ZN7Monitor9update1msEv), (8 bytes).
    Removing monitor.o(.ARM.exidx.text._ZN7Monitor3getEv), (8 bytes).
    Removing monitor.o(.ARM.exidx.text._ZN7Monitor3setEf), (8 bytes).
    Removing monitor.o(.text._ZN7Monitor11setTresholdE9TRES_TYPEt), (42 bytes).
    Removing monitor.o(.ARM.exidx.text._ZN7Monitor11setTresholdE9TRES_TYPEt), (8 bytes).
    Removing monitor.o(.text._ZN7Monitor12setTresDelayE9TRES_TYPEt), (38 bytes).
    Removing monitor.o(.ARM.exidx.text._ZN7Monitor12setTresDelayE9TRES_TYPEt), (8 bytes).
    Removing monitor.o(.text._ZN7Monitor11isHighAlarmEv), (18 bytes).
    Removing monitor.o(.ARM.exidx.text._ZN7Monitor11isHighAlarmEv), (8 bytes).
    Removing monitor.o(.text._ZN7Monitor10isHighWarnEv), (18 bytes).
    Removing monitor.o(.ARM.exidx.text._ZN7Monitor10isHighWarnEv), (8 bytes).
    Removing monitor.o(.text._ZN7Monitor9isLowWarnEv), (18 bytes).
    Removing monitor.o(.ARM.exidx.text._ZN7Monitor9isLowWarnEv), (8 bytes).
    Removing monitor.o(.text._ZN7Monitor10isLowAlarmEv), (18 bytes).
    Removing monitor.o(.ARM.exidx.text._ZN7Monitor10isLowAlarmEv), (8 bytes).
    Removing monitor.o(.text._ZN7MonitoraSEf), (24 bytes).
    Removing monitor.o(.ARM.exidx.text._ZN7MonitoraSEf), (8 bytes).
    Removing monitor.o(.text._ZN7Monitor8getInRefEv), (12 bytes).
    Removing monitor.o(.ARM.exidx.text._ZN7Monitor8getInRefEv), (8 bytes).
    Removing moving_avg.o(.text), (0 bytes).
    Removing moving_avg.o(.ARM.exidx.text._ZN6MovAvgC2Eh), (8 bytes).
    Removing moving_avg.o(.ARM.exidx.text._ZN6MovAvgD2Ev), (8 bytes).
    Removing moving_avg.o(.ARM.exidx.text._ZN6MovAvg3setEf), (8 bytes).
    Removing moving_avg.o(.ARM.exidx.text._ZN6MovAvg3getEv), (8 bytes).
    Removing moving_avg.o(.ARM.exidx.text._ZN6MovAvg15updateSomewhereEv), (8 bytes).
    Removing moving_avg.o(.ARM.exidx.text._ZN6MovAvgaSEf), (8 bytes).
    Removing moving_avg.o(.text._ZN6MovAvg8getInRefEv), (12 bytes).
    Removing moving_avg.o(.ARM.exidx.text._ZN6MovAvg8getInRefEv), (8 bytes).
    Removing moving_avg.o(.text._ZN6MovAvg9getOutRefEv), (12 bytes).
    Removing moving_avg.o(.ARM.exidx.text._ZN6MovAvg9getOutRefEv), (8 bytes).
    Removing counter.o(.text), (0 bytes).
    Removing counter.o(.ARM.exidx.text._ZN7CounterC2E7IMPULSEj), (8 bytes).
    Removing counter.o(.text._ZN7Counter3addEb), (50 bytes).
    Removing counter.o(.ARM.exidx.text._ZN7Counter3addEb), (8 bytes).
    Removing counter.o(.text._ZN7Counter3subEb), (50 bytes).
    Removing counter.o(.ARM.exidx.text._ZN7Counter3subEb), (8 bytes).
    Removing counter.o(.text._ZN7Counter3getEv), (12 bytes).
    Removing counter.o(.ARM.exidx.text._ZN7Counter3getEv), (8 bytes).
    Removing counter.o(.text._ZN7CounterpLEb), (32 bytes).
    Removing counter.o(.ARM.exidx.text._ZN7CounterpLEb), (8 bytes).
    Removing counter.o(.text._ZN7CountermIEb), (32 bytes).
    Removing counter.o(.ARM.exidx.text._ZN7CountermIEb), (8 bytes).
    Removing counter.o(.text._ZN7Counter9getOutRefEv), (12 bytes).
    Removing counter.o(.ARM.exidx.text._ZN7Counter9getOutRefEv), (8 bytes).
    Removing system_stm32f10x.o(.text), (0 bytes).
    Removing system_stm32f10x.o(.ARM.exidx.text.SystemInit), (8 bytes).
    Removing system_stm32f10x.o(.ARM.exidx.text.SetSysClock), (8 bytes).
    Removing system_stm32f10x.o(.ARM.exidx.text.SystemCoreClockUpdate), (8 bytes).
    Removing system_stm32f10x.o(.ARM.exidx.text.SetSysClockTo72), (8 bytes).
    Removing new.cpp.o(.text), (0 bytes).
    Removing new.cpp.o(.text._ZSt17__throw_bad_allocv), (4 bytes).
    Removing new.cpp.o(.ARM.exidx.text._ZSt17__throw_bad_allocv), (8 bytes).
    Removing new.cpp.o(.ARM.exidx.text._Znwj), (8 bytes).
    Removing new.cpp.o(.text._ZnwjRKSt9nothrow_t), (4 bytes).
    Removing new.cpp.o(.ARM.exidx.text._ZnwjRKSt9nothrow_t), (8 bytes).
    Removing new.cpp.o(.ARM.exidx.text._Znaj), (8 bytes).
    Removing new.cpp.o(.text._ZnajRKSt9nothrow_t), (4 bytes).
    Removing new.cpp.o(.ARM.exidx.text._ZnajRKSt9nothrow_t), (8 bytes).
    Removing new.cpp.o(.ARM.exidx.text._ZdlPv), (8 bytes).
    Removing new.cpp.o(.text._ZdlPvRKSt9nothrow_t), (4 bytes).
    Removing new.cpp.o(.ARM.exidx.text._ZdlPvRKSt9nothrow_t), (8 bytes).
    Removing new.cpp.o(.ARM.exidx.text._ZdlPvj), (8 bytes).
    Removing new.cpp.o(.ARM.exidx.text._ZdaPv), (8 bytes).
    Removing new.cpp.o(.text._ZdaPvRKSt9nothrow_t), (4 bytes).
    Removing new.cpp.o(.ARM.exidx.text._ZdaPvRKSt9nothrow_t), (8 bytes).
    Removing new.cpp.o(.text._ZdaPvj), (4 bytes).
    Removing new.cpp.o(.ARM.exidx.text._ZdaPvj), (8 bytes).
    Removing new.cpp.o(.text._ZnwjSt11align_val_t), (74 bytes).
    Removing new.cpp.o(.ARM.exidx.text._ZnwjSt11align_val_t), (8 bytes).
    Removing new.cpp.o(.text._ZnwjSt11align_val_tRKSt9nothrow_t), (4 bytes).
    Removing new.cpp.o(.ARM.exidx.text._ZnwjSt11align_val_tRKSt9nothrow_t), (8 bytes).
    Removing new.cpp.o(.text._ZnajSt11align_val_t), (4 bytes).
    Removing new.cpp.o(.ARM.exidx.text._ZnajSt11align_val_t), (8 bytes).
    Removing new.cpp.o(.text._ZnajSt11align_val_tRKSt9nothrow_t), (4 bytes).
    Removing new.cpp.o(.ARM.exidx.text._ZnajSt11align_val_tRKSt9nothrow_t), (8 bytes).
    Removing new.cpp.o(.text._ZdlPvSt11align_val_t), (4 bytes).
    Removing new.cpp.o(.ARM.exidx.text._ZdlPvSt11align_val_t), (8 bytes).
    Removing new.cpp.o(.text._ZdlPvSt11align_val_tRKSt9nothrow_t), (4 bytes).
    Removing new.cpp.o(.ARM.exidx.text._ZdlPvSt11align_val_tRKSt9nothrow_t), (8 bytes).
    Removing new.cpp.o(.text._ZdlPvjSt11align_val_t), (6 bytes).
    Removing new.cpp.o(.ARM.exidx.text._ZdlPvjSt11align_val_t), (8 bytes).
    Removing new.cpp.o(.text._ZdaPvSt11align_val_t), (4 bytes).
    Removing new.cpp.o(.ARM.exidx.text._ZdaPvSt11align_val_t), (8 bytes).
    Removing new.cpp.o(.text._ZdaPvSt11align_val_tRKSt9nothrow_t), (4 bytes).
    Removing new.cpp.o(.ARM.exidx.text._ZdaPvSt11align_val_tRKSt9nothrow_t), (8 bytes).
    Removing new.cpp.o(.text._ZdaPvjSt11align_val_t), (6 bytes).
    Removing new.cpp.o(.ARM.exidx.text._ZdaPvjSt11align_val_t), (8 bytes).
    Removing new.cpp.o(.rodata._ZSt7nothrow), (1 bytes).
    Removing cxa_aux_runtime.cpp.o(.text), (0 bytes).
    Removing cxa_aux_runtime.cpp.o(.text.__cxa_bad_cast), (4 bytes).
    Removing cxa_aux_runtime.cpp.o(.ARM.exidx.text.__cxa_bad_cast), (8 bytes).
    Removing cxa_aux_runtime.cpp.o(.text.__cxa_bad_typeid), (4 bytes).
    Removing cxa_aux_runtime.cpp.o(.ARM.exidx.text.__cxa_bad_typeid), (8 bytes).
    Removing cxa_aux_runtime.cpp.o(.ARM.exidx.text.__cxa_throw_bad_array_new_length), (8 bytes).
    Removing cxa_virtual.cpp.o(.text), (0 bytes).
    Removing cxa_virtual.cpp.o(.ARM.exidx.text.__cxa_pure_virtual), (8 bytes).
    Removing cxa_virtual.cpp.o(.text.__cxa_deleted_virtual), (44 bytes).
    Removing cxa_virtual.cpp.o(.ARM.exidx.text.__cxa_deleted_virtual), (8 bytes).
    Removing cxa_handlers.cpp.o(.text), (0 bytes).
    Removing cxa_handlers.cpp.o(.text._ZSt14get_unexpectedv), (12 bytes).
    Removing cxa_handlers.cpp.o(.ARM.exidx.text._ZSt14get_unexpectedv), (8 bytes).
    Removing cxa_handlers.cpp.o(.text._ZSt12__unexpectedPFvvE), (52 bytes).
    Removing cxa_handlers.cpp.o(.ARM.exidx.text._ZSt12__unexpectedPFvvE), (8 bytes).
    Removing cxa_handlers.cpp.o(.text._ZSt10unexpectedv), (14 bytes).
    Removing cxa_handlers.cpp.o(.ARM.exidx.text._ZSt10unexpectedv), (8 bytes).
    Removing cxa_handlers.cpp.o(.text._ZSt13get_terminatev), (12 bytes).
    Removing cxa_handlers.cpp.o(.ARM.exidx.text._ZSt13get_terminatev), (8 bytes).
    Removing cxa_handlers.cpp.o(.ARM.exidx.text._ZSt11__terminatePFvvE), (8 bytes).
    Removing cxa_handlers.cpp.o(.ARM.exidx.text._ZSt9terminatev), (8 bytes).
    Removing cxa_handlers.cpp.o(.ARM.exidx.text._ZSt15get_new_handlerv), (8 bytes).
    Removing abort_message.cpp.o(.text), (0 bytes).
    Removing abort_message.cpp.o(.ARM.exidx.text.abort_message), (8 bytes).
    Removing cxa_default_handlers.cpp.o(.text), (0 bytes).
    Removing cxa_default_handlers.cpp.o(.text._ZSt14set_unexpectedPFvvE), (30 bytes).
    Removing cxa_default_handlers.cpp.o(.ARM.exidx.text._ZSt14set_unexpectedPFvvE), (8 bytes).
    Removing cxa_default_handlers.cpp.o(.text._ZSt13set_terminatePFvvE), (30 bytes).
    Removing cxa_default_handlers.cpp.o(.ARM.exidx.text._ZSt13set_terminatePFvvE), (8 bytes).
    Removing cxa_default_handlers.cpp.o(.text._ZSt15set_new_handlerPFvvE), (18 bytes).
    Removing cxa_default_handlers.cpp.o(.ARM.exidx.text._ZSt15set_new_handlerPFvvE), (8 bytes).
    Removing cxa_default_handlers.cpp.o(.data.__cxa_unexpected_handler), (4 bytes).
    Removing main.o(.ARM.exidx.text._ZN5ScaleIfsEC2Effss), (8 bytes).
    Removing main.o(.ARM.exidx.text._ZN17IUpdatedSomewhereC2Ev), (8 bytes).
    Removing main.o(.ARM.exidx.text._ZN5ScaleIfsE15updateSomewhereEv), (8 bytes).
    Removing test_task.o(.ARM.exidx.text._ZN5ScaleIfsEaSEf), (8 bytes).
    Removing test_task.o(.ARM.exidx.text._ZN5ScaleIfsE3getEv), (8 bytes).
    Removing test_task.o(.ARM.exidx.text._ZN5ScaleIfsE3setEf), (8 bytes).
    Removing test_task.o(.ARM.exidx.text._Z5limitIfET_S0_S0_S0_), (8 bytes).
    Removing test_task.o(.ARM.exidx.text._Z6toggleIfEvPT_S1_), (8 bytes).
    Removing init.o(.ARM.exidx.text._Z11setRegisterIVjEvPT_jj), (8 bytes).
    Removing init.o(.ARM.exidx.text._Z17setBitsInRegisterIVjEvPT_jj), (8 bytes).
    Removing init.o(.ARM.exidx.text._Z17setBitsInRegisterIVtEvPT_jj), (8 bytes).
    Removing analog_monitor.o(.ARM.exidx.text._ZN5ScaleItfEC2Ettff), (8 bytes).
    Removing analog_monitor.o(.ARM.exidx.text._ZN5ScaleItfEaSEt), (8 bytes).
    Removing analog_monitor.o(.ARM.exidx.text._ZN5ScaleItfE3getEv), (8 bytes).
    Removing analog_monitor.o(.text._ZN5ScaleItfE8getInRefEv), (12 bytes).
    Removing analog_monitor.o(.ARM.exidx.text._ZN5ScaleItfE8getInRefEv), (8 bytes).
    Removing analog_monitor.o(.text._ZN5ScaleItfE9getOutRefEv), (12 bytes).
    Removing analog_monitor.o(.ARM.exidx.text._ZN5ScaleItfE9getOutRefEv), (8 bytes).
    Removing analog_monitor.o(.ARM.exidx.text._ZN5ScaleItfE15updateSomewhereEv), (8 bytes).
    Removing analog_monitor.o(.ARM.exidx.text._ZN5ScaleItfE3setEt), (8 bytes).
    Removing analog_monitor.o(.ARM.exidx.text._Z5limitItET_S0_S0_S0_), (8 bytes).
    Removing analog_monitor.o(.ARM.exidx.text._Z6toggleItEvPT_S1_), (8 bytes).
    Removing analog_out.o(.ARM.exidx.text._ZN5ScaleIftEC2Efftt), (8 bytes).
    Removing analog_out.o(.ARM.exidx.text._ZN5ScaleIftE3setEf), (8 bytes).
    Removing analog_out.o(.text._ZN5ScaleIftE9getOutRefEv), (12 bytes).
    Removing analog_out.o(.ARM.exidx.text._ZN5ScaleIftE9getOutRefEv), (8 bytes).
    Removing analog_out.o(.ARM.exidx.text._ZN5ScaleIftE15updateSomewhereEv), (8 bytes).
    Removing coil.o(.ARM.exidx.text._ZN12ProgrammCoilC2Ev), (8 bytes).
    Removing coil.o(.ARM.exidx.text._ZN11IUpdated1msC2Ev), (8 bytes).
    Removing coil.o(.ARM.exidx.text._ZN7ISwitchC2Ev), (8 bytes).
    Removing pid.o(.ARM.exidx.text._Z3absIfET_S0_), (8 bytes).
    Removing pid.o(.ARM.exidx.text._Z3maxIfET_S0_S0_), (8 bytes).
    Removing pid.o(.text._Z3minIfET_S0_S0_), (38 bytes).
    Removing pid.o(.ARM.exidx.text._Z3minIfET_S0_S0_), (8 bytes).
    Removing ramp.o(.ARM.exidx.text._Z8getRangeIfET_PKS0_), (8 bytes).
    Removing moving_avg.o(.ARM.exidx.text._Z3maxIhET_S0_S0_), (8 bytes).

865 unused section(s) (total 22105 bytes) removed from the image.
