Component: Arm Compiler for Embedded 6.18 Tool: armlink [5e4cc100]

==============================================================================

Section Cross References

    main.o(.ARM.exidx.text.vApplicationIdleHook) refers to main.o(.text.vApplicationIdleHook) for [Anonymous Symbol]
    main.o(.ARM.exidx.text.vApplicationTickHook) refers to main.o(.text.vApplicationTickHook) for [Anonymous Symbol]
    main.o(.ARM.exidx.text.vApplicationMallocFailedHook) refers to main.o(.text.vApplicationMallocFailedHook) for [Anonymous Symbol]
    main.o(.ARM.exidx.text.vApplicationStackOverflowHook) refers to main.o(.text.vApplicationStackOverflowHook) for [Anonymous Symbol]
    main.o(.text.__cxx_global_var_init) refers to main.o(.bss.led) for led
    main.o(.text.__cxx_global_var_init) refers to coil.o(.text._ZN4CoilC2EP12GPIO_TypeDefh) for Coil::Coil(GPIO_TypeDef*, unsigned char)
    main.o(.ARM.exidx.text.__cxx_global_var_init) refers to main.o(.text.__cxx_global_var_init) for [Anonymous Symbol]
    main.o(.text.__cxx_global_var_init.1) refers to main.o(.bss.button) for button
    main.o(.text.__cxx_global_var_init.1) refers to simple_input.o(.text._ZN11SimpleInputC2EP12GPIO_TypeDefh) for SimpleInput::SimpleInput(GPIO_TypeDef*, unsigned char)
    main.o(.ARM.exidx.text.__cxx_global_var_init.1) refers to main.o(.text.__cxx_global_var_init.1) for [Anonymous Symbol]
    main.o(.text.__cxx_global_var_init.2) refers to main.o(.bss.ledSwitch) for ledSwitch
    main.o(.text.__cxx_global_var_init.2) refers to main.o(.text._ZN12ProgrammCoilC2Ev) for ProgrammCoil::ProgrammCoil__sub_object()
    main.o(.ARM.exidx.text.__cxx_global_var_init.2) refers to main.o(.text.__cxx_global_var_init.2) for [Anonymous Symbol]
    main.o(.text.__cxx_global_var_init.3) refers to main.o(.bss.ledDelay) for ledDelay
    main.o(.text.__cxx_global_var_init.3) refers to main.o(.bss.ledSwitch) for ledSwitch
    main.o(.text.__cxx_global_var_init.3) refers to custom_timer.o(.text._ZN7DIDelayC2EP7ISwitcht) for DIDelay::DIDelay(ISwitch*, unsigned short)
    main.o(.ARM.exidx.text.__cxx_global_var_init.3) refers to main.o(.text.__cxx_global_var_init.3) for [Anonymous Symbol]
    main.o(.text.__cxx_global_var_init.4) refers to main.o(.bss.buttonDelay) for buttonDelay
    main.o(.text.__cxx_global_var_init.4) refers to main.o(.bss.button) for button
    main.o(.text.__cxx_global_var_init.4) refers to custom_timer.o(.text._ZN7DIDelayC2EP7ISwitcht) for DIDelay::DIDelay(ISwitch*, unsigned short)
    main.o(.ARM.exidx.text.__cxx_global_var_init.4) refers to main.o(.text.__cxx_global_var_init.4) for [Anonymous Symbol]
    main.o(.text.__cxx_global_var_init.5) refers to main.o(.bss.delay) for delay
    main.o(.text.__cxx_global_var_init.5) refers to custom_timer.o(.text._ZN11CommonDelayC2Et) for CommonDelay::CommonDelay(unsigned short)
    main.o(.ARM.exidx.text.__cxx_global_var_init.5) refers to main.o(.text.__cxx_global_var_init.5) for [Anonymous Symbol]
    main.o(.text.__cxx_global_var_init.6) refers to main.o(.bss.adcMonitor) for adcMonitor
    main.o(.text.__cxx_global_var_init.6) refers to analog_monitor.o(.text._ZN13AnalogMonitorC2Ehff) for AnalogMonitor::AnalogMonitor(unsigned char, float, float)
    main.o(.text.__cxx_global_var_init.6) refers to analog_monitor.o(.text._ZN13AnalogMonitorD2Ev) for AnalogMonitor::~AnalogMonitor()
    main.o(.text.__cxx_global_var_init.6) refers to cxa_atexit.o(.text) for __cxa_atexit
    main.o(.ARM.exidx.text.__cxx_global_var_init.6) refers to main.o(.text.__cxx_global_var_init.6) for [Anonymous Symbol]
    main.o(.text.__cxx_global_var_init.7) refers to main.o(.bss.analogOut) for analogOut
    main.o(.text.__cxx_global_var_init.7) refers to analog_out.o(.text._ZN9AnalogOutC2Etjffff) for AnalogOut::AnalogOut(unsigned short, unsigned int, float, float, float, float)
    main.o(.text.__cxx_global_var_init.7) refers to analog_out.o(.text._ZN9AnalogOutD2Ev) for AnalogOut::~AnalogOut()
    main.o(.text.__cxx_global_var_init.7) refers to cxa_atexit.o(.text) for __cxa_atexit
    main.o(.ARM.exidx.text.__cxx_global_var_init.7) refers to main.o(.text.__cxx_global_var_init.7) for [Anonymous Symbol]
    main.o(.text.__cxx_global_var_init.8) refers to main.o(.bss.pid) for pid
    main.o(.text.__cxx_global_var_init.8) refers to pid.o(.text._ZN6PIDregC2Etfffffffb) for PIDreg::PIDreg(unsigned short, float, float, float, float, float, float, float, bool)
    main.o(.ARM.exidx.text.__cxx_global_var_init.8) refers to main.o(.text.__cxx_global_var_init.8) for [Anonymous Symbol]
    main.o(.text.__cxx_global_var_init.9) refers to main.o(.bss.scale) for scale
    main.o(.text.__cxx_global_var_init.9) refers to main.o(.text._ZN5ScaleIfsEC2Effss) for Scale<float, short>::Scale__sub_object(float, float, short, short)
    main.o(.ARM.exidx.text.__cxx_global_var_init.9) refers to main.o(.text.__cxx_global_var_init.9) for [Anonymous Symbol]
    main.o(.text.__cxx_global_var_init.10) refers to main.o(.bss.ramp) for ramp
[...]
    malloc                                   0x08000339   Thumb Code    94  h1_alloc.o(.text)
    free                                     0x08000397   Thumb Code    78  h1_free.o(.text)
    abort                                    0x080003e5   Thumb Code    22  abort.o(.text)
    __aeabi_atexit                           0x080003fb   Thumb Code    46  aeabi_atexit.o(.text)
    __aeabi_memcpy4                          0x08000429   Thumb Code     0  rt_memcpy_w.o(.text)
    __aeabi_memcpy8                          0x08000429   Thumb Code     0  rt_memcpy_w.o(.text)
    __rt_memcpy_w                            0x08000429   Thumb Code   100  rt_memcpy_w.o(.text)
    _memcpy_lastbytes_aligned                0x08000471   Thumb Code     0  rt_memcpy_w.o(.text)
    _sys_exit                                0x0800048d   Thumb Code     8  sys_exit.o(.text)
    __rt_heap_descriptor                     0x08000499   Thumb Code     8  rt_heap_descriptor_intlibspace.o(.text)
    __rt_ddtor_pointer_addr                  0x080004a1   Thumb Code     8  rt_ddtor_pointer_addr_intlibspace.o(.text)
    __use_no_heap                            0x080004a9   Thumb Code     2  hguard.o(.text)
    __heap$guard                             0x080004ab   Thumb Code     2  hguard.o(.text)
    _terminate_user_alloc                    0x080004ad   Thumb Code     2  init_alloc.o(.text)
    _init_user_alloc                         0x080004af   Thumb Code     2  init_alloc.o(.text)
    __Heap_Full                              0x080004b1   Thumb Code    34  init_alloc.o(.text)
    __Heap_Broken                            0x080004d3   Thumb Code     6  init_alloc.o(.text)
    _init_alloc                              0x080004d9   Thumb Code    94  init_alloc.o(.text)
    __Heap_Initialize                        0x08000537   Thumb Code    10  h1_init.o(.text)
    __Heap_DescSize                          0x08000541   Thumb Code     4  h1_init.o(.text)
    __cxa_finalize                           0x08000545   Thumb Code    66  cxa_finalize.o(.text)
    __rt_SIGABRT                             0x08000587   Thumb Code    14  defsig_abrt_outer.o(.text)
    __user_libspace                          0x08000595   Thumb Code     8  libspace.o(.text)
    __user_perproc_libspace                  0x08000595   Thumb Code     0  libspace.o(.text)
    __user_perthread_libspace                0x08000595   Thumb Code     0  libspace.o(.text)
    __I$use$semihosting                      0x0800059d   Thumb Code     0  use_no_semi.o(.text)
    __use_no_semihosting_swi                 0x0800059d   Thumb Code     2  use_no_semi.o(.text)
    __semihosting_library_function           0x0800059f   Thumb Code     0  indicate_semi.o(.text)
    __user_setup_stackheap                   0x0800059f   Thumb Code    74  sys_stackheap_outer.o(.text)
    __Heap_ProvideMemory                     0x080005e9   Thumb Code    52  h1_extend.o(.text)
    _maybe_terminate_alloc                   0x080005e9   Thumb Code     0  maybetermalloc1.o(.text)
    exit                                     0x0800061d   Thumb Code    18  exit.o(.text)
    __sig_exit                               0x0800062f   Thumb Code    10  defsig_exit.o(.text)
    __rt_SIGABRT_inner                       0x08000639   Thumb Code    14  defsig_abrt_inner.o(.text)
    __rt_SIGRTMEM                            0x08000669   Thumb Code    14  defsig_rtmem_outer.o(.text)
    __default_signal_display                 0x08000677   Thumb Code    50  defsig_general.o(.text)
    __rt_SIGRTMEM_inner                      0x080006a9   Thumb Code    22  defsig_rtmem_inner.o(.text)
    _ttywrch                                 0x080006f9   Thumb Code    14  sys_wrch.o(.text)
    PendSV_Handler                           0x08000711   Thumb Code    68  port.o(.text.PendSV_Handler)
    SVC_Handler                              0x08000761   Thumb Code    36  port.o(.text.SVC_Handler)
    SysTick_Handler                          0x080008b1   Thumb Code    60  port.o(.text.SysTick_Handler)
    SystemCoreClockUpdate                    0x080008ed   Thumb Code   290  system_stm32f10x.o(.text.SystemCoreClockUpdate)
    SystemInit                               0x08000a11   Thumb Code   102  system_stm32f10x.o(.text.SystemInit)
    TIM2_IRQHandler                          0x08000a79   Thumb Code    76  main.o(.text.TIM2_IRQHandler)
    commonInit()                             0x08000b05   Thumb Code    14  init.o(.text._Z10commonInitv)
    getPosition(unsigned int)                0x08000b15   Thumb Code    64  common.o(.text._Z11getPositionj)
    void setRegister<unsigned int volatile>(unsigned int volatile*, unsigned int, unsigned int) 0x08000b55   Thumb Code    32  init.o(.text._Z11setRegisterIVjEvPT_jj)
    void setBitsInRegister<unsigned int volatile>(unsigned int volatile*, unsigned int, unsigned int) 0x08000b75   Thumb Code    68  init.o(.text._Z17setBitsInRegisterIVjEvPT_jj)
    void setBitsInRegister<unsigned short volatile>(unsigned short volatile*, unsigned int, unsigned int) 0x08000bb9   Thumb Code    68  init.o(.text._Z17setBitsInRegisterIVtEvPT_jj)
    float abs<float>(float)                  0x08000bfd   Thumb Code    34  pid.o(.text._Z3absIfET_S0_)
    float max<float>(float, float)           0x08000c21   Thumb Code    38  pid.o(.text._Z3maxIfET_S0_S0_)
    unsigned char max<unsigned char>(unsigned char, unsigned char) 0x08000c49   Thumb Code    52  main.o(.text._Z3maxIhET_S0_S0_)
    float limit<float>(float, float, float)  0x08000c7d   Thumb Code    76  test_task.o(.text._Z5limitIfET_S0_S0_S0_)
    unsigned short limit<unsigned short>(unsigned short, unsigned short, unsigned short) 0x08000cc9   Thumb Code   100  analog_monitor.o(.text._Z5limitItET_S0_S0_S0_)
    void toggle<float>(float*, float*)       0x08000d2d   Thumb Code    30  test_task.o(.text._Z6toggleIfEvPT_S1_)
    void toggle<unsigned short>(unsigned short*, unsigned short*) 0x08000d4d   Thumb Code    34  analog_monitor.o(.text._Z6toggleItEvPT_S1_)
    adcInit()                                0x08000d71   Thumb Code   344  init.o(.text._Z7adcInitv)
    ledTask(void*)                           0x08000ec9   Thumb Code    84  led_task.o(.text._Z7ledTaskPv)
    pidTask(void*)                           0x08000f1d   Thumb Code   100  pidtask.o(.text._Z7pidTaskPv)
    pwmInit()                                0x08000f81   Thumb Code   170  init.o(.text._Z7pwmInitv)
    rccInit()                                0x0800102d   Thumb Code   206  init.o(.text._Z7rccInitv)
    float getRange<float>(float const*)      0x080010fd   Thumb Code    20  ramp.o(.text._Z8getRangeIfET_PKS0_)
    testTask(void*)                          0x08001111   Thumb Code   148  test_task.o(.text._Z8testTaskPv)
    tickInit()                               0x080011a5   Thumb Code    88  init.o(.text._Z8tickInitv)
    GPIOcommon::GPIOcommon(GPIO_TypeDef*, unsigned char) 0x080012ad   Thumb Code   226  gpio_common.o(.text._ZN10GPIOcommonC2EP12GPIO_TypeDefh)
    GPIOcommon::GPIOcommon__sub_object(GPIO_TypeDef*, unsigned char) 0x080012ad   Thumb Code   226  gpio_common.o(.text._ZN10GPIOcommonC2EP12GPIO_TypeDefh)
    CommonDelay::notStarted()                0x08001391   Thumb Code    16  custom_timer.o(.text._ZN11CommonDelay10notStartedEv)
    CommonDelay::notFinished()               0x080013a1   Thumb Code    22  custom_timer.o(.text._ZN11CommonDelay11notFinishedEv)
    CommonDelay::finishedImpulse()           0x080013b9   Thumb Code    76  custom_timer.o(.text._ZN11CommonDelay15finishedImpulseEv)
    CommonDelay::prepareAndStart()           0x08001405   Thumb Code    24  custom_timer.o(.text._ZN11CommonDelay15prepareAndStartEv)
    CommonDelay::stop()                      0x0800141d   Thumb Code    24  custom_timer.o(.text._ZN11CommonDelay4stopEv)
    CommonDelay::pause()                     0x08001435   Thumb Code    14  custom_timer.o(.text._ZN11CommonDelay5pauseEv)
    CommonDelay::reset()                     0x08001445   Thumb Code    16  custom_timer.o(.text._ZN11CommonDelay5resetEv)
    CommonDelay::start()                     0x08001455   Thumb Code    14  custom_timer.o(.text._ZN11CommonDelay5startEv)
    CommonDelay::finish()                    0x08001465   Thumb Code    24  custom_timer.o(.text._ZN11CommonDelay6finishEv)
    CommonDelay::inWork()                    0x0800147d   Thumb Code    46  custom_timer.o(.text._ZN11CommonDelay6inWorkEv)
    CommonDelay::isFree()                    0x080014ad   Thumb Code    44  custom_timer.o(.text._ZN11CommonDelay6isFreeEv)
    CommonDelay::started()                   0x080014d9   Thumb Code    16  custom_timer.o(.text._ZN11CommonDelay7startedEv)
    CommonDelay::finished()                  0x080014e9   Thumb Code    22  custom_timer.o(.text._ZN11CommonDelay8finishedEv)
    CommonDelay::setStart(bool)              0x08001501   Thumb Code    44  custom_timer.o(.text._ZN11CommonDelay8setStartEb)
    CommonDelay::setPeriod(unsigned short)   0x0800152d   Thumb Code    20  custom_timer.o(.text._ZN11CommonDelay9setPeriodEt)
    CommonDelay::update1ms()                 0x08001541   Thumb Code    56  custom_timer.o(.text._ZN11CommonDelay9update1msEv)
    CommonDelay::CommonDelay(unsigned short) 0x08001579   Thumb Code    42  custom_timer.o(.text._ZN11CommonDelayC2Et)
    CommonDelay::CommonDelay__sub_object(unsigned short) 0x08001579   Thumb Code    42  custom_timer.o(.text._ZN11CommonDelayC2Et)
    CommonDelay::operator=(bool)             0x080015a5   Thumb Code    32  custom_timer.o(.text._ZN11CommonDelayaSEb)
    IUpdated1ms::IUpdated1ms__sub_object()   0x080015c5   Thumb Code    22  custom_timer.o(.text._ZN11IUpdated1msC2Ev)
    SimpleInput::isActive()                  0x080015dd   Thumb Code    24  simple_input.o(.text._ZN11SimpleInput8isActiveEv)
    SimpleInput::SimpleInput(GPIO_TypeDef*, unsigned char) 0x080015f5   Thumb Code   146  simple_input.o(.text._ZN11SimpleInputC2EP12GPIO_TypeDefh)
    SimpleInput::SimpleInput__sub_object(GPIO_TypeDef*, unsigned char) 0x080015f5   Thumb Code   146  simple_input.o(.text._ZN11SimpleInputC2EP12GPIO_TypeDefh)
    ThreePosReg::setPulseGist(float)         0x08001689   Thumb Code    34  three_pos.o(.text._ZN11ThreePosReg12setPulseGistEf)
    ThreePosReg::impulseCycleEnded()         0x080016ad   Thumb Code    18  three_pos.o(.text._ZN11ThreePosReg17impulseCycleEndedEv)
    ThreePosReg::halfImpulseCycleEnded()     0x080016c1   Thumb Code    48  three_pos.o(.text._ZN11ThreePosReg21halfImpulseCycleEndedEv)
    ThreePosReg::getOut2()                   0x080016f1   Thumb Code    54  three_pos.o(.text._ZN11ThreePosReg7getOut2Ev)
    ThreePosReg::update1ms()                 0x08001729   Thumb Code   388  three_pos.o(.text._ZN11ThreePosReg9update1msEv)
    ThreePosReg::ThreePosReg(float, float, float, unsigned short, unsigned short, bool) 0x080018ad   Thumb Code   144  three_pos.o(.text._ZN11ThreePosRegC2Efffttb)
    ThreePosReg::ThreePosReg__sub_object(float, float, float, unsigned short, unsigned short, bool) 0x080018ad   Thumb Code   144  three_pos.o(.text._ZN11ThreePosRegC2Efffttb)
    ThreePosReg::~ThreePosReg()              0x0800193d   Thumb Code    68  three_pos.o(.text._ZN11ThreePosRegD2Ev)
    ThreePosReg::~ThreePosReg__sub_object()  0x0800193d   Thumb Code    68  three_pos.o(.text._ZN11ThreePosRegD2Ev)
    ProgrammCoil::toggle()                   0x08001981   Thumb Code    34  coil.o(.text._ZN12ProgrammCoil6toggleEv)
    ProgrammCoil::isActive()                 0x080019a5   Thumb Code    16  coil.o(.text._ZN12ProgrammCoil8isActiveEv)
    ProgrammCoil::setValue(bool)             0x080019b5   Thumb Code    24  coil.o(.text._ZN12ProgrammCoil8setValueEb)
    ProgrammCoil::ProgrammCoil__sub_object() 0x080019cd   Thumb Code    32  main.o(.text._ZN12ProgrammCoilC2Ev)
    ProgrammCoil::operator=(bool)            0x080019ed   Thumb Code    34  coil.o(.text._ZN12ProgrammCoilaSEb)
    TwoPosCommon::set(float)                 0x08001a11   Thumb Code    16  two_pos.o(.text._ZN12TwoPosCommon3setEf)
    TwoPosCommon::TwoPosCommon(float, bool)  0x08001a21   Thumb Code    30  two_pos.o(.text._ZN12TwoPosCommonC2Efb)
    TwoPosCommon::TwoPosCommon__sub_object(float, bool) 0x08001a21   Thumb Code    30  two_pos.o(.text._ZN12TwoPosCommonC2Efb)
    AnalogMonitor::set(unsigned short)       0x08001a41   Thumb Code    44  analog_monitor.o(.text._ZN13AnalogMonitor3setEt)
    AnalogMonitor::AnalogMonitor(unsigned char, float, float) 0x08001a6d   Thumb Code   134  analog_monitor.o(.text._ZN13AnalogMonitorC2Ehff)
    AnalogMonitor::AnalogMonitor__sub_object(unsigned char, float, float) 0x08001a6d   Thumb Code   134  analog_monitor.o(.text._ZN13AnalogMonitorC2Ehff)
    AnalogMonitor::~AnalogMonitor()          0x08001af5   Thumb Code    54  analog_monitor.o(.text._ZN13AnalogMonitorD2Ev)
    AnalogMonitor::~AnalogMonitor__sub_object() 0x08001af5   Thumb Code    54  analog_monitor.o(.text._ZN13AnalogMonitorD2Ev)
    AnalogMonitor::operator=(unsigned short) 0x08001b2d   Thumb Code    28  analog_monitor.o(.text._ZN13AnalogMonitoraSEt)
    IUpdatedSomewhere::IUpdatedSomewhere__sub_object() 0x08001b49   Thumb Code    22  pid.o(.text._ZN17IUpdatedSomewhereC2Ev)
    Mux<float>::Mux__sub_object(unsigned char) 0x08001b61   Thumb Code    66  main.o(.text._ZN3MuxIfEC2Eh)
    Mux<float>::~Mux__sub_object()           0x08001ba5   Thumb Code    34  main.o(.text._ZN3MuxIfED2Ev)
    Coil::isActive()                         0x08001bc9   Thumb Code    22  coil.o(.text._ZN4Coil8isActiveEv)
    Coil::setValue(bool)                     0x08001be1   Thumb Code    66  coil.o(.text._ZN4Coil8setValueEb)
    Coil::Coil(GPIO_TypeDef*, unsigned char) 0x08001c25   Thumb Code   118  coil.o(.text._ZN4CoilC2EP12GPIO_TypeDefh)
    Coil::Coil__sub_object(GPIO_TypeDef*, unsigned char) 0x08001c25   Thumb Code   118  coil.o(.text._ZN4CoilC2EP12GPIO_TypeDefh)
    Coil::operator=(bool)                    0x08001c9d   Thumb Code    34  coil.o(.text._ZN4CoilaSEb)
    Ramp::getOutRange()                      0x08001cc1   Thumb Code    18  ramp.o(.text._ZN4Ramp11getOutRangeEv)
    Ramp::setFullRangeTime(unsigned int)     0x08001cd5   Thumb Code    64  ramp.o(.text._ZN4Ramp16setFullRangeTimeEj)
    Ramp::get()                              0x08001d15   Thumb Code    12  ramp.o(.text._ZN4Ramp3getEv)
    Ramp::set(float)                         0x08001d21   Thumb Code    30  ramp.o(.text._ZN4Ramp3setEf)
    Ramp::setLimMax(float)                   0x08001d41   Thumb Code    28  ramp.o(.text._ZN4Ramp9setLimMaxEf)
    Ramp::update1ms()                        0x08001d5d   Thumb Code   154  ramp.o(.text._ZN4Ramp9update1msEv)
    Ramp::Ramp(unsigned int)                 0x08001df9   Thumb Code    42  ramp.o(.text._ZN4RampC2Ej)
    Ramp::Ramp__sub_object(unsigned int)     0x08001df9   Thumb Code    42  ramp.o(.text._ZN4RampC2Ej)
    Ramp::Ramp(unsigned int, float, float, float, float) 0x08001e25   Thumb Code   122  ramp.o(.text._ZN4RampC2Ejffff)
    Ramp::Ramp__sub_object(unsigned int, float, float, float, float) 0x08001e25   Thumb Code   122  ramp.o(.text._ZN4RampC2Ejffff)
    Ramp::operator=(float)                   0x08001ea1   Thumb Code    24  ramp.o(.text._ZN4RampaSEf)
    Scale<float, short>::get()               0x08001eb9   Thumb Code    14  test_task.o(.text._ZN5ScaleIfsE3getEv)
    Scale<float, short>::set(float)          0x08001ec9   Thumb Code    36  test_task.o(.text._ZN5ScaleIfsE3setEf)
    Scale<float, short>::update()            0x08001eed   Thumb Code   102  test_task.o(.text._ZN5ScaleIfsE6updateEv)
    Scale<float, short>::Scale__sub_object(float, float, short, short) 0x08001f55   Thumb Code    50  main.o(.text._ZN5ScaleIfsEC2Effss)
    Scale<float, short>::operator=(float)    0x08001f89   Thumb Code    24  test_task.o(.text._ZN5ScaleIfsEaSEf)
    Scale<float, unsigned short>::set(float) 0x08001fa1   Thumb Code    36  analog_out.o(.text._ZN5ScaleIftE3setEf)
    Scale<float, unsigned short>::update()   0x08001fc5   Thumb Code    98  analog_out.o(.text._ZN5ScaleIftE6updateEv)
    Scale<float, unsigned short>::Scale__sub_object(float, float, unsigned short, unsigned short) 0x08002029   Thumb Code    50  analog_out.o(.text._ZN5ScaleIftEC2Efftt)
    Scale<unsigned short, float>::get()      0x0800205d   Thumb Code    12  analog_monitor.o(.text._ZN5ScaleItfE3getEv)
    Scale<unsigned short, float>::set(unsigned short) 0x08002069   Thumb Code    40  analog_monitor.o(.text._ZN5ScaleItfE3setEt)
    Scale<unsigned short, float>::update()   0x08002091   Thumb Code    82  analog_monitor.o(.text._ZN5ScaleItfE6updateEv)
    Scale<unsigned short, float>::Scale__sub_object(unsigned short, unsigned short, float, float) 0x080020e5   Thumb Code    44  analog_monitor.o(.text._ZN5ScaleItfEC2Ettff)
    Scale<unsigned short, float>::operator=(unsigned short) 0x08002111   Thumb Code    28  analog_monitor.o(.text._ZN5ScaleItfEaSEt)
    MovAvg::updateSomewhere()                0x0800212d   Thumb Code   128  moving_avg.o(.text._ZN6MovAvg15updateSomewhereEv)
    MovAvg::get()                            0x080021ad   Thumb Code    12  moving_avg.o(.text._ZN6MovAvg3getEv)
    MovAvg::set(float)                       0x080021b9   Thumb Code    24  moving_avg.o(.text._ZN6MovAvg3setEf)
    MovAvg::MovAvg(unsigned char)            0x080021d1   Thumb Code   106  moving_avg.o(.text._ZN6MovAvgC2Eh)
    MovAvg::MovAvg__sub_object(unsigned char) 0x080021d1   Thumb Code   106  moving_avg.o(.text._ZN6MovAvgC2Eh)
    MovAvg::~MovAvg()                        0x0800223d   Thumb Code    46  moving_avg.o(.text._ZN6MovAvgD2Ev)
    MovAvg::~MovAvg__sub_object()            0x0800223d   Thumb Code    46  moving_avg.o(.text._ZN6MovAvgD2Ev)
    MovAvg::operator=(float)                 0x0800226d   Thumb Code    24  moving_avg.o(.text._ZN6MovAvgaSEf)
    PIDreg::updateKoef()                     0x08002285   Thumb Code   212  pid.o(.text._ZN6PIDreg10updateKoefEv)
    PIDreg::updateSomewhere()                0x08002359   Thumb Code   196  pid.o(.text._ZN6PIDreg15updateSomewhereEv)
    PIDreg::getT()                           0x0800241d   Thumb Code    18  pid.o(.text._ZN6PIDreg4getTEv)
    PIDreg::reset()                          0x08002431   Thumb Code    20  pid.o(.text._ZN6PIDreg5resetEv)
    PIDreg::setKp(float)                     0x08002445   Thumb Code    22  pid.o(.text._ZN6PIDreg5setKpEf)
    PIDreg::setPv(float)                     0x0800245d   Thumb Code    24  pid.o(.text._ZN6PIDreg5setPvEf)
    PIDreg::setTd(float)                     0x08002475   Thumb Code    22  pid.o(.text._ZN6PIDreg5setTdEf)
    PIDreg::setTi(float)                     0x0800248d   Thumb Code    22  pid.o(.text._ZN6PIDreg5setTiEf)
    PIDreg::setAuto(bool)                    0x080024a5   Thumb Code    26  pid.o(.text._ZN6PIDreg7setAutoEb)
    PIDreg::PIDreg(unsigned short, float, float, float, float, float, float, float, bool) 0x080024c1   Thumb Code   180  pid.o(.text._ZN6PIDregC2Etfffffffb)
    PIDreg::PIDreg__sub_object(unsigned short, float, float, float, float, float, float, float, bool) 0x080024c1   Thumb Code   180  pid.o(.text._ZN6PIDregC2Etfffffffb)
    PIDreg::operator=(float)                 0x08002575   Thumb Code    24  pid.o(.text._ZN6PIDregaSEf)
    DIDelay::started()                       0x0800258d   Thumb Code    48  custom_timer.o(.text._ZN7DIDelay7startedEv)
    DIDelay::DIDelay(ISwitch*, unsigned short) 0x080025bd   Thumb Code    46  custom_timer.o(.text._ZN7DIDelayC2EP7ISwitcht)
    DIDelay::DIDelay__sub_object(ISwitch*, unsigned short) 0x080025bd   Thumb Code    46  custom_timer.o(.text._ZN7DIDelayC2EP7ISwitcht)
    ISwitch::ISwitch__sub_object()           0x080025ed   Thumb Code    22  main.o(.text._ZN7ISwitchC2Ev)
    Monitor::setValueMax(float)              0x08002605   Thumb Code    28  monitor.o(.text._ZN7Monitor11setValueMaxEf)
    Monitor::setTresDelay(TRES_TYPE, unsigned short) 0x08002621   Thumb Code    38  monitor.o(.text._ZN7Monitor12setTresDelayE9TRES_TYPEt)
    Monitor::get()                           0x08002649   Thumb Code    12  monitor.o(.text._ZN7Monitor3getEv)
    Monitor::set(float)                      0x08002655   Thumb Code    30  monitor.o(.text._ZN7Monitor3setEf)
    Monitor::update1ms()                     0x08002675   Thumb Code   244  monitor.o(.text._ZN7Monitor9update1msEv)
    Monitor::Monitor(float, float)           0x08002769   Thumb Code   174  monitor.o(.text._ZN7MonitorC2Eff)
    Monitor::Monitor__sub_object(float, float) 0x08002769   Thumb Code   174  monitor.o(.text._ZN7MonitorC2Eff)
    Monitor::~Monitor()                      0x08002819   Thumb Code    80  monitor.o(.text._ZN7MonitorD2Ev)
    Monitor::~Monitor__sub_object()          0x08002819   Thumb Code    80  monitor.o(.text._ZN7MonitorD2Ev)
    AnalogOut::update1ms()                   0x08002869   Thumb Code    36  analog_out.o(.text._ZN9AnalogOut9update1msEv)
    AnalogOut::AnalogOut(unsigned short, unsigned int, float, float, float, float) 0x0800288d   Thumb Code   108  analog_out.o(.text._ZN9AnalogOutC2Etjffff)
    AnalogOut::AnalogOut__sub_object(unsigned short, unsigned int, float, float, float, float) 0x0800288d   Thumb Code   108  analog_out.o(.text._ZN9AnalogOutC2Etjffff)
    AnalogOut::~AnalogOut()                  0x080028f9   Thumb Code    46  analog_out.o(.text._ZN9AnalogOutD2Ev)
    AnalogOut::~AnalogOut__sub_object()      0x080028f9   Thumb Code    46  analog_out.o(.text._ZN9AnalogOutD2Ev)
    AnalogOut::operator=(float)              0x08002929   Thumb Code    24  analog_out.o(.text._ZN9AnalogOutaSEf)
    TwoPosTim::update1ms()                   0x08002941   Thumb Code   138  two_pos.o(.text._ZN9TwoPosTim9update1msEv)
    TwoPosTim::TwoPosTim(float, unsigned short, unsigned short, bool) 0x080029cd   Thumb Code   122  two_pos.o(.text._ZN9TwoPosTimC2Efttb)
    TwoPosTim::TwoPosTim__sub_object(float, unsigned short, unsigned short, bool) 0x080029cd   Thumb Code   122  two_pos.o(.text._ZN9TwoPosTimC2Efttb)
    TwoPosTim::~TwoPosTim()                  0x08002a49   Thumb Code    68  two_pos.o(.text._ZN9TwoPosTimD2Ev)
    TwoPosTim::~TwoPosTim__sub_object()      0x08002a49   Thumb Code    68  two_pos.o(.text._ZN9TwoPosTimD2Ev)
    TwoPosTim::operator=(float)              0x08002a8d   Thumb Code    26  two_pos.o(.text._ZN9TwoPosTimaSEf)
    std::__terminate(void (*)())             0x08002aa9   Thumb Code     8  cxa_handlers.cpp.o(.text._ZSt11__terminatePFvvE)
    std::get_new_handler()                   0x08002ad9   Thumb Code    12  cxa_handlers.cpp.o(.text._ZSt15get_new_handlerv)
    std::terminate()                         0x08002ae5   Thumb Code    14  cxa_handlers.cpp.o(.text._ZSt9terminatev)
    operator delete(void*)                   0x08002af3   Thumb Code     4  new.cpp.o(.text._ZdlPv)
    operator delete(void*, unsigned int)     0x08002af7   Thumb Code     4  new.cpp.o(.text._ZdlPvj)
    operator new[](unsigned int)             0x08002afb   Thumb Code     4  new.cpp.o(.text._Znaj)
    operator new(unsigned int)               0x08002b01   Thumb Code    38  new.cpp.o(.text._Znwj)
    __cxa_pure_virtual                       0x08002b29   Thumb Code     8  cxa_virtual.cpp.o(.text.__cxa_pure_virtual)
    __cxa_throw_bad_array_new_length         0x08002b51   Thumb Code     4  cxa_aux_runtime.cpp.o(.text.__cxa_throw_bad_array_new_length)
    abort_message                            0x08002dc5   Thumb Code     4  abort_message.cpp.o(.text.abort_message)
    main                                     0x08002dc9   Thumb Code   168  main.o(.text.main)
    pvPortMalloc                             0x08003aa1   Thumb Code   390  heap_4.o(.text.pvPortMalloc)
    pxPortInitialiseStack                    0x08003c29   Thumb Code    80  port.o(.text.pxPortInitialiseStack)
    uxListRemove                             0x08003c79   Thumb Code    72  list.o(.text.uxListRemove)
    vApplicationIdleHook                     0x08003cc1   Thumb Code     2  main.o(.text.vApplicationIdleHook)
    vApplicationStackOverflowHook            0x08003cc5   Thumb Code    10  main.o(.text.vApplicationStackOverflowHook)
    vApplicationTickHook                     0x08003cd1   Thumb Code     2  main.o(.text.vApplicationTickHook)
    vListInitialise                          0x08003cd5   Thumb Code    46  list.o(.text.vListInitialise)
    vListInitialiseItem                      0x08003d05   Thumb Code    14  list.o(.text.vListInitialiseItem)
    vListInsert                              0x08003d15   Thumb Code   106  list.o(.text.vListInsert)
    vPortEnterCritical                       0x08003d81   Thumb Code    48  port.o(.text.vPortEnterCritical)
    vPortExitCritical                        0x08003db1   Thumb Code    38  port.o(.text.vPortExitCritical)
    vPortFree                                0x08003dd9   Thumb Code   118  heap_4.o(.text.vPortFree)
    vPortSetupTimerInterrupt                 0x08003e51   Thumb Code    46  port.o(.text.vPortSetupTimerInterrupt)
    vQueueWaitForMessageRestricted           0x08003e81   Thumb Code   100  queue.o(.text.vQueueWaitForMessageRestricted)
    vTaskDelay                               0x08003ee5   Thumb Code    74  tasks.o(.text.vTaskDelay)
    vTaskInternalSetTimeOutState             0x08003f31   Thumb Code    36  tasks.o(.text.vTaskInternalSetTimeOutState)
    vTaskMissedYield                         0x08003f55   Thumb Code    14  tasks.o(.text.vTaskMissedYield)
    vTaskPlaceOnEventList                    0x08003f65   Thumb Code    38  tasks.o(.text.vTaskPlaceOnEventList)
    vTaskPlaceOnEventListRestricted          0x08003f8d   Thumb Code    96  tasks.o(.text.vTaskPlaceOnEventListRestricted)
    vTaskStartScheduler                      0x08003fed   Thumb Code   148  tasks.o(.text.vTaskStartScheduler)
    vTaskSuspendAll                          0x08004081   Thumb Code    16  tasks.o(.text.vTaskSuspendAll)
    vTaskSwitchContext                       0x08004091   Thumb Code   236  tasks.o(.text.vTaskSwitchContext)
    xPortStartScheduler                      0x0800417d   Thumb Code    64  port.o(.text.xPortStartScheduler)
    xQueueGenericCreate                      0x080041bd   Thumb Code   126  queue.o(.text.xQueueGenericCreate)
    xQueueGenericReset                       0x0800423d   Thumb Code   208  queue.o(.text.xQueueGenericReset)
    xQueueReceive                            0x0800430d   Thumb Code   338  queue.o(.text.xQueueReceive)
    xTaskCheckForTimeOut                     0x08004461   Thumb Code   154  tasks.o(.text.xTaskCheckForTimeOut)
    xTaskCreate                              0x080044fd   Thumb Code   160  tasks.o(.text.xTaskCreate)
    xTaskGetTickCount                        0x0800459d   Thumb Code    20  tasks.o(.text.xTaskGetTickCount)
    xTaskIncrementTick                       0x080045b1   Thumb Code   596  tasks.o(.text.xTaskIncrementTick)
    xTaskRemoveFromEventList                 0x08004805   Thumb Code   368  tasks.o(.text.xTaskRemoveFromEventList)
    xTaskResumeAll                           0x08004975   Thumb Code   510  tasks.o(.text.xTaskResumeAll)
    xTimerCreateTimerTask                    0x08004b75   Thumb Code    80  timers.o(.text.xTimerCreateTimerTask)
    __aeabi_fadd                             0x08004bc5   Thumb Code     0  faddsub_clz.o(x$fpl$fadd)
    _fadd                                    0x08004bc5   Thumb Code   196  faddsub_clz.o(x$fpl$fadd)
    __aeabi_fcmpeq                           0x08004c89   Thumb Code     0  fcmp.o(x$fpl$fcmp)
    _feq                                     0x08004c89   Thumb Code    14  fcmp.o(x$fpl$fcmp)
    _fneq                                    0x08004c97   Thumb Code    14  fcmp.o(x$fpl$fcmp)
    __aeabi_fcmpgt                           0x08004ca5   Thumb Code     0  fcmp.o(x$fpl$fcmp)
    _fgr                                     0x08004ca5   Thumb Code    14  fcmp.o(x$fpl$fcmp)
    __aeabi_fcmpge                           0x08004cb3   Thumb Code     0  fcmp.o(x$fpl$fcmp)
    _fgeq                                    0x08004cb3   Thumb Code    14  fcmp.o(x$fpl$fcmp)
    __aeabi_fcmple                           0x08004cc1   Thumb Code     0  fcmp.o(x$fpl$fcmp)
    _fleq                                    0x08004cc1   Thumb Code    14  fcmp.o(x$fpl$fcmp)
    __aeabi_fcmplt                           0x08004ccf   Thumb Code     0  fcmp.o(x$fpl$fcmp)
    _fls                                     0x08004ccf   Thumb Code    14  fcmp.o(x$fpl$fcmp)
    __fpl_fcmp_Inf                           0x08004cdd   Thumb Code    24  fcmpi.o(x$fpl$fcmpinf)
    __aeabi_fdiv                             0x08004cf5   Thumb Code     0  fdiv.o(x$fpl$fdiv)
    _fdiv                                    0x08004cf5   Thumb Code   384  fdiv.o(x$fpl$fdiv)
    __aeabi_cfcmpeq                          0x08004e79   Thumb Code     0  feqf.o(x$fpl$feqf)
    _fcmpeq                                  0x08004e79   Thumb Code   104  feqf.o(x$fpl$feqf)
    __aeabi_f2iz                             0x08004ee1   Thumb Code     0  ffix.o(x$fpl$ffix)
    _ffix                                    0x08004ee1   Thumb Code    54  ffix.o(x$fpl$ffix)
    __aeabi_i2f                              0x08004f19   Thumb Code     0  fflt_clz.o(x$fpl$fflt)
    _fflt                                    0x08004f19   Thumb Code    48  fflt_clz.o(x$fpl$fflt)
    __aeabi_ui2f                             0x08004f49   Thumb Code     0  fflt_clz.o(x$fpl$ffltu)
    _ffltu                                   0x08004f49   Thumb Code    38  fflt_clz.o(x$fpl$ffltu)
    _fcmpge                                  0x08004f71   Thumb Code   104  fgeqf.o(x$fpl$fgeqf)
    __aeabi_cfcmple                          0x08004fd9   Thumb Code     0  fleqf.o(x$fpl$fleqf)
    _fcmple                                  0x08004fd9   Thumb Code   104  fleqf.o(x$fpl$fleqf)
    __fpl_fcmple_InfNaN                      0x0800502b   Thumb Code     0  fleqf.o(x$fpl$fleqf)
    __aeabi_fmul                             0x08005041   Thumb Code     0  fmul.o(x$fpl$fmul)
    _fmul                                    0x08005041   Thumb Code   258  fmul.o(x$fpl$fmul)
    __fpl_fnaninf                            0x08005143   Thumb Code   140  fnaninf.o(x$fpl$fnaninf)
    __fpl_fretinf                            0x080051cf   Thumb Code    10  fretinf.o(x$fpl$fretinf)
    __aeabi_fsub                             0x080051d9   Thumb Code     0  faddsub_clz.o(x$fpl$fsub)
    _fsub                                    0x080051d9   Thumb Code   234  faddsub_clz.o(x$fpl$fsub)
    AHBPrescTable                            0x080052c2   Data          16  system_stm32f10x.o(.rodata.AHBPrescTable)
    __I$use$fp                               0x080052c2   Number         0  usenofp.o(x$fpl$usenofp)
    vtable for CommonDelay                   0x080052d4   Data          16  custom_timer.o(.rodata._ZTV11CommonDelay)
    vtable for IUpdated1ms                   0x080052e4   Data          12  custom_timer.o(.rodata._ZTV11IUpdated1ms)
    vtable for SimpleInput                   0x080052f0   Data          12  simple_input.o(.rodata._ZTV11SimpleInput)
    vtable for ThreePosReg                   0x080052fc   Data          12  three_pos.o(.rodata._ZTV11ThreePosReg)
    vtable for ProgrammCoil                  0x08005308   Data          16  coil.o(.rodata._ZTV12ProgrammCoil)
    vtable for AnalogMonitor                 0x08005318   Data          12  analog_monitor.o(.rodata._ZTV13AnalogMonitor)
    vtable for IUpdatedSomewhere             0x08005324   Data          12  pid.o(.rodata._ZTV17IUpdatedSomewhere)
    vtable for Coil                          0x08005330   Data          16  coil.o(.rodata._ZTV4Coil)
    vtable for Ramp                          0x08005340   Data          12  ramp.o(.rodata._ZTV4Ramp)
    vtable for MovAvg                        0x0800534c   Data          12  moving_avg.o(.rodata._ZTV6MovAvg)
    vtable for PIDreg                        0x08005358   Data          12  pid.o(.rodata._ZTV6PIDreg)
    vtable for DIDelay                       0x08005364   Data          16  custom_timer.o(.rodata._ZTV7DIDelay)
    vtable for ISwitch                       0x08005374   Data          12  main.o(.rodata._ZTV7ISwitch)
    vtable for Monitor                       0x08005380   Data          12  monitor.o(.rodata._ZTV7Monitor)
    vtable for AnalogOut                     0x0800538c   Data          12  analog_out.o(.rodata._ZTV9AnalogOut)
    vtable for TwoPosTim                     0x08005398   Data          12  two_pos.o(.rodata._ZTV9TwoPosTim)
    uxTopUsedPriority                        0x080053cc   Data           4  tasks.o(.rodata.uxTopUsedPriority)
    Region$$Table$$Base                      0x080053d0   Number         0  anon$$obj.o(Region$$Table)
    Region$$Table$$Limit                     0x080053f0   Number         0  anon$$obj.o(Region$$Table)
    SHT$$INIT_ARRAY$$Base                    0x080053f0   Number         0  main.o(.init_array)
    SHT$$INIT_ARRAY$$Limit                   0x080053f4   Number         0  init_aeabi.o(.init_array)
    SystemCoreClock                          0x20000000   Data           4  system_stm32f10x.o(.data.SystemCoreClock)
    __cxa_terminate_handler                  0x20000004   Data           4  cxa_default_handlers.cpp.o(.data.__cxa_terminate_handler)
    allTimersSize                            0x20000008   Data           1  main.o(.data.allTimersSize)
    updateObjects                            0x2000000c   Data          32  main.o(.data.updateObjects)
    __libspace_start                         0x20000030   Data          96  libspace.o(.bss)
    __cxa_new_handler                        0x20000090   Data           4  cxa_default_handlers.cpp.o(.bss.__cxa_new_handler)
    __temporary_stack_top$libspace           0x20000090   Data           0  libspace.o(.bss)
    adcMonitor                               0x20000094   Data          52  main.o(.bss.adcMonitor)
    adcValues                                0x200000c8   Data           4  main.o(.bss.adcValues)
    analogOut                                0x200000cc   Data          40  main.o(.bss.analogOut)
    avg                                      0x200000f4   Data          20  main.o(.bss.avg)
    button                                   0x20000108   Data          12  main.o(.bss.button)
    buttonDelay                              0x20000114   Data          16  main.o(.bss.buttonDelay)
    delay                                    0x20000124   Data          12  main.o(.bss.delay)
    led                                      0x20000130   Data          16  main.o(.bss.led)
    ledDelay                                 0x20000140   Data          16  main.o(.bss.ledDelay)
    ledSwitch                                0x20000150   Data           8  main.o(.bss.ledSwitch)
    mux                                      0x20000158   Data           8  main.o(.bss.mux)
    pid                                      0x20000160   Data          72  main.o(.bss.pid)
    pxCurrentTCB                             0x200001ac   Data           4  tasks.o(.bss.pxCurrentTCB)
    ramp                                     0x20000228   Data          36  main.o(.bss.ramp)
    scale                                    0x2000024c   Data          20  main.o(.bss.scale)
    threePosReg                              0x20000260   Data          36  main.o(.bss.threePosReg)
    twoPos                                   0x20000284   Data          24  main.o(.bss.twoPos)



==============================================================================

Memory Map of the image

  Image Entry point : 0x080000ed

  Load Region LR_IROM1 (Base: 0x08000000, Size: 0x00005428, Max: 0x00010000, ABSOLUTE)

    Execution Region ER_IROM1 (Exec base: 0x08000000, Load base: 0x08000000, Size: 0x000053f4, Max: 0x00010000, ABSOLUTE)

    Exec Addr    Load Addr    Size         Type   Attr      Idx    E Section Name        Object

    0x08000000   0x08000000   0x000000ec   Data   RO         1096    RESET               startup_stm32f10x_md.o
    0x080000ec   0x080000ec   0x00000008   Code   RO         1137  * !!!main             c_w.l(__main.o)
    0x080000f4   0x080000f4   0x00000034   Code   RO         1568    !!!scatter          c_w.l(__scatter.o)
    0x08000128   0x08000128   0x0000001a   Code   RO         1570    !!handler_copy      c_w.l(__scatter_copy.o)
    0x08000142   0x08000142   0x00000002   PAD
    0x08000144   0x08000144   0x0000001c   Code   RO         1572    !!handler_zi        c_w.l(__scatter_zi.o)
    0x08000160   0x08000160   0x00000002   Code   RO         1506    .ARM.Collect$$libinit$$00000000  c_w.l(libinit.o)
    0x08000162   0x08000162   0x00000000   Code   RO         1306    .ARM.Collect$$libinit$$00000002  c_w.l(libinit2.o)
    0x08000162   0x08000162   0x00000000   Code   RO         1308    .ARM.Collect$$libinit$$00000004  c_w.l(libinit2.o)
    0x08000162   0x08000162   0x00000000   Code   RO         1310    .ARM.Collect$$libinit$$00000006  c_w.l(libinit2.o)
    0x08000162   0x08000162   0x00000008   Code   RO         1311    .ARM.Collect$$libinit$$00000007  c_w.l(libinit2.o)
    0x0800016a   0x0800016a   0x00000000   Code   RO         1313    .ARM.Collect$$libinit$$0000000C  c_w.l(libinit2.o)
    0x0800016a   0x0800016a   0x00000000   Code   RO         1315    .ARM.Collect$$libinit$$0000000E  c_w.l(libinit2.o)
    0x0800016a   0x0800016a   0x00000000   Code   RO         1317    .ARM.Collect$$libinit$$00000010  c_w.l(libinit2.o)
    0x0800016a   0x0800016a   0x00000000   Code   RO         1320    .ARM.Collect$$libinit$$00000013  c_w.l(libinit2.o)
    0x0800016a   0x0800016a   0x00000000   Code   RO         1322    .ARM.Collect$$libinit$$00000015  c_w.l(libinit2.o)
    0x0800016a   0x0800016a   0x00000000   Code   RO         1324    .ARM.Collect$$libinit$$00000017  c_w.l(libinit2.o)
    0x0800016a   0x0800016a   0x00000000   Code   RO         1326    .ARM.Collect$$libinit$$00000019  c_w.l(libinit2.o)
    0x0800016a   0x0800016a   0x00000000   Code   RO         1328    .ARM.Collect$$libinit$$0000001B  c_w.l(libinit2.o)
    0x0800016a   0x0800016a   0x00000000   Code   RO         1330    .ARM.Collect$$libinit$$0000001D  c_w.l(libinit2.o)
    0x0800016a   0x0800016a   0x00000000   Code   RO         1332    .ARM.Collect$$libinit$$0000001F  c_w.l(libinit2.o)
    0x0800016a   0x0800016a   0x00000000   Code   RO         1334    .ARM.Collect$$libinit$$00000021  c_w.l(libinit2.o)
    0x0800016a   0x0800016a   0x00000000   Code   RO         1336    .ARM.Collect$$libinit$$00000023  c_w.l(libinit2.o)
    0x0800016a   0x0800016a   0x00000000   Code   RO         1338    .ARM.Collect$$libinit$$00000025  c_w.l(libinit2.o)
    0x0800016a   0x0800016a   0x00000000   Code   RO         1340    .ARM.Collect$$libinit$$00000027  c_w.l(libinit2.o)
    0x0800016a   0x0800016a   0x00000000   Code   RO         1344    .ARM.Collect$$libinit$$0000002E  c_w.l(libinit2.o)
    0x0800016a   0x0800016a   0x00000000   Code   RO         1346    .ARM.Collect$$libinit$$00000030  c_w.l(libinit2.o)
    0x0800016a   0x0800016a   0x00000000   Code   RO         1348    .ARM.Collect$$libinit$$00000032  c_w.l(libinit2.o)
    0x0800016a   0x0800016a   0x00000004   Code   RO         1349    .ARM.Collect$$libinit$$00000033  c_w.l(libinit2.o)
    0x0800016e   0x0800016e   0x00000000   Code   RO         1350    .ARM.Collect$$libinit$$00000034  c_w.l(libinit2.o)
    0x0800016e   0x0800016e   0x00000002   Code   RO         1351    .ARM.Collect$$libinit$$00000035  c_w.l(libinit2.o)
    0x08000170   0x08000170   0x00000002   Code   RO         1566    .ARM.Collect$$libshutdown$$00000000  c_w.l(libshutdown.o)
    0x08000172   0x08000172   0x00000006   Code   RO         1507    .ARM.Collect$$libshutdown$$00000001  c_w.l(libshutdown2.o)
    0x08000178   0x08000178   0x00000000   Code   RO         1508    .ARM.Collect$$libshutdown$$00000002  c_w.l(libshutdown2.o)
    0x08000178   0x08000178   0x00000000   Code   RO         1510    .ARM.Collect$$libshutdown$$00000004  c_w.l(libshutdown2.o)
    0x08000178   0x08000178   0x00000000   Code   RO         1513    .ARM.Collect$$libshutdown$$00000007  c_w.l(libshutdown2.o)
    0x08000178   0x08000178   0x00000000   Code   RO         1516    .ARM.Collect$$libshutdown$$0000000A  c_w.l(libshutdown2.o)
    0x08000178   0x08000178   0x00000000   Code   RO         1518    .ARM.Collect$$libshutdown$$0000000C  c_w.l(libshutdown2.o)
    0x08000178   0x08000178   0x00000000   Code   RO         1521    .ARM.Collect$$libshutdown$$0000000F  c_w.l(libshutdown2.o)
    0x08000178   0x08000178   0x00000002   Code   RO         1522    .ARM.Collect$$libshutdown$$00000010  c_w.l(libshutdown2.o)
    0x0800017a   0x0800017a   0x00000000   Code   RO         1228    .ARM.Collect$$rtentry$$00000000  c_w.l(__rtentry.o)
    0x0800017a   0x0800017a   0x00000000   Code   RO         1394    .ARM.Collect$$rtentry$$00000002  c_w.l(__rtentry2.o)
    0x0800017a   0x0800017a   0x00000006   Code   RO         1406    .ARM.Collect$$rtentry$$00000004  c_w.l(__rtentry4.o)
    0x08000180   0x08000180   0x00000000   Code   RO         1396    .ARM.Collect$$rtentry$$00000009  c_w.l(__rtentry2.o)
    0x08000180   0x08000180   0x00000004   Code   RO         1397    .ARM.Collect$$rtentry$$0000000A  c_w.l(__rtentry2.o)
    0x08000184   0x08000184   0x00000000   Code   RO         1399    .ARM.Collect$$rtentry$$0000000C  c_w.l(__rtentry2.o)
    0x08000184   0x08000184   0x00000008   Code   RO         1400    .ARM.Collect$$rtentry$$0000000D  c_w.l(__rtentry2.o)
    0x0800018c   0x0800018c   0x00000002   Code   RO         1523    .ARM.Collect$$rtexit$$00000000  c_w.l(rtexit.o)
    0x0800018e   0x0800018e   0x00000000   Code   RO         1538    .ARM.Collect$$rtexit$$00000002  c_w.l(rtexit2.o)
    0x0800018e   0x0800018e   0x00000004   Code   RO         1539    .ARM.Collect$$rtexit$$00000003  c_w.l(rtexit2.o)
    0x08000192   0x08000192   0x00000006   Code   RO         1540    .ARM.Collect$$rtexit$$00000004  c_w.l(rtexit2.o)
    0x08000198   0x08000198   0x00000040   Code   RO         1097    .text               startup_stm32f10x_md.o
    0x080001d8   0x080001d8   0x0000000a   Code   RO         1124    .text               c_w.l(cxa_atexit.o)
    0x080001e2   0x080001e2   0x0000008a   Code   RO         1127    .text               c_w.l(rt_memcpy_v6.o)
    0x0800026c   0x0800026c   0x00000010   Code   RO         1129    .text               c_w.l(aeabi_memset4.o)
    0x0800027c   0x0800027c   0x00000044   Code   RO         1131    .text               c_w.l(rt_memclr.o)
    0x080002c0   0x080002c0   0x0000004e   Code   RO         1133    .text               c_w.l(rt_memclr_w.o)
    0x0800030e   0x0800030e   0x00000006   Code   RO         1135    .text               c_w.l(heapauxi.o)
    0x08000314   0x08000314   0x00000024   Code   RO         1142    .text               c_w.l(init_aeabi.o)
    0x08000338   0x08000338   0x0000005e   Code   RO         1233    .text               c_w.l(h1_alloc.o)
    0x08000396   0x08000396   0x0000004e   Code   RO         1235    .text               c_w.l(h1_free.o)
    0x080003e4   0x080003e4   0x00000016   Code   RO         1295    .text               c_w.l(abort.o)
    0x080003fa   0x080003fa   0x0000002e   Code   RO         1300    .text               c_w.l(aeabi_atexit.o)
    0x08000428   0x08000428   0x00000064   Code   RO         1303    .text               c_w.l(rt_memcpy_w.o)
    0x0800048c   0x0800048c   0x0000000c   Code   RO         1387    .text               c_w.l(sys_exit.o)
    0x08000498   0x08000498   0x00000008   Code   RO         1411    .text               c_w.l(rt_heap_descriptor_intlibspace.o)
    0x080004a0   0x080004a0   0x00000008   Code   RO         1416    .text               c_w.l(rt_ddtor_pointer_addr_intlibspace.o)
    0x080004a8   0x080004a8   0x00000004   Code   RO         1418    .text               c_w.l(hguard.o)
    0x080004ac   0x080004ac   0x0000008a   Code   RO         1420    .text               c_w.l(init_alloc.o)
    0x08000536   0x08000536   0x0000000e   Code   RO         1424    .text               c_w.l(h1_init.o)
    0x08000544   0x08000544   0x00000042   Code   RO         1436    .text               c_w.l(cxa_finalize.o)
    0x08000586   0x08000586   0x0000000e   Code   RO         1439    .text               c_w.l(defsig_abrt_outer.o)
    0x08000594   0x08000594   0x00000008   Code   RO         1466    .text               c_w.l(libspace.o)
    0x0800059c   0x0800059c   0x00000002   Code   RO         1469    .text               c_w.l(use_no_semi.o)
    0x0800059e   0x0800059e   0x00000000   Code   RO         1471    .text               c_w.l(indicate_semi.o)
    0x0800059e   0x0800059e   0x0000004a   Code   RO         1472    .text               c_w.l(sys_stackheap_outer.o)
    0x080005e8   0x080005e8   0x00000000   Code   RO         1478    .text               c_w.l(maybetermalloc1.o)
    0x080005e8   0x080005e8   0x00000034   Code   RO         1480    .text               c_w.l(h1_extend.o)
    0x0800061c   0x0800061c   0x00000012   Code   RO         1484    .text               c_w.l(exit.o)
    0x0800062e   0x0800062e   0x0000000a   Code   RO         1486    .text               c_w.l(defsig_exit.o)
    0x08000638   0x08000638   0x00000030   Code   RO         1488    .text               c_w.l(defsig_abrt_inner.o)
    0x08000668   0x08000668   0x0000000e   Code   RO         1490    .text               c_w.l(defsig_rtmem_outer.o)
    0x08000676   0x08000676   0x00000032   Code   RO         1529    .text               c_w.l(defsig_general.o)
    0x080006a8   0x080006a8   0x00000050   Code   RO         1531    .text               c_w.l(defsig_rtmem_inner.o)
    0x080006f8   0x080006f8   0x0000000e   Code   RO         1533    .text               c_w.l(sys_wrch.o)
    0x08000706   0x08000706   0x0000000a   PAD
    0x08000710   0x08000710   0x00000044   Code   RO          534    .text.PendSV_Handler  port.o
    0x08000754   0x08000754   0x0000000c   PAD
    0x08000760   0x08000760   0x00000024   Code   RO          520    .text.SVC_Handler   port.o
    0x08000784   0x08000784   0x00000008   Code   RO         1105    .text.SetSysClock   system_stm32f10x.o
    0x0800078c   0x0800078c   0x00000122   Code   RO         1109    .text.SetSysClockTo72  system_stm32f10x.o
    0x080008ae   0x080008ae   0x00000002   PAD
    0x080008b0   0x080008b0   0x0000003c   Code   RO          536    .text.SysTick_Handler  port.o
    0x080008ec   0x080008ec   0x00000122   Code   RO         1107    .text.SystemCoreClockUpdate  system_stm32f10x.o
    0x08000a0e   0x08000a0e   0x00000002   PAD
    0x08000a10   0x08000a10   0x00000066   Code   RO         1103    .text.SystemInit    system_stm32f10x.o
    0x08000a76   0x08000a76   0x00000002   PAD
    0x08000a78   0x08000a78   0x0000004c   Code   RO           42    .text.TIM2_IRQHandler  main.o
    0x08000ac4   0x08000ac4   0x00000040   Code   RO           44    .text._GLOBAL__sub_I_main.cpp  main.o
    0x08000b04   0x08000b04   0x0000000e   Code   RO          594    .text._Z10commonInitv  init.o
    0x08000b12   0x08000b12   0x00000002   PAD
    0x08000b14   0x08000b14   0x00000040   Code   RO          585    .text._Z11getPositionj  common.o
    0x08000b54   0x08000b54   0x00000020   Code   RO          616    .text._Z11setRegisterIVjEvPT_jj  init.o
    0x08000b74   0x08000b74   0x00000044   Code   RO          618    .text._Z17setBitsInRegisterIVjEvPT_jj  init.o
    0x08000bb8   0x08000bb8   0x00000044   Code   RO          620    .text._Z17setBitsInRegisterIVtEvPT_jj  init.o
    0x08000bfc   0x08000bfc   0x00000022   Code   RO          870    .text._Z3absIfET_S0_  pid.o
    0x08000c1e   0x08000c1e   0x00000002   PAD
    0x08000c20   0x08000c20   0x00000026   Code   RO          872    .text._Z3maxIfET_S0_S0_  pid.o
    0x08000c46   0x08000c46   0x00000002   PAD
    0x08000c48   0x08000c48   0x00000034   Code   RO           88    .text._Z3maxIhET_S0_S0_  main.o
    0x08000c7c   0x08000c7c   0x0000004c   Code   RO          568    .text._Z5limitIfET_S0_S0_S0_  test_task.o
    0x08000cc8   0x08000cc8   0x00000064   Code   RO          653    .text._Z5limitItET_S0_S0_S0_  analog_monitor.o
    0x08000d2c   0x08000d2c   0x0000001e   Code   RO          572    .text._Z6toggleIfEvPT_S1_  test_task.o
    0x08000d4a   0x08000d4a   0x00000002   PAD
    0x08000d4c   0x08000d4c   0x00000022   Code   RO          657    .text._Z6toggleItEvPT_S1_  analog_monitor.o
    0x08000d6e   0x08000d6e   0x00000002   PAD
    0x08000d70   0x08000d70   0x00000158   Code   RO          606    .text._Z7adcInitv   init.o
    0x08000ec8   0x08000ec8   0x00000054   Code   RO          546    .text._Z7ledTaskPv  led_task.o
    0x08000f1c   0x08000f1c   0x00000064   Code   RO          575    .text._Z7pidTaskPv  pidtask.o
    0x08000f80   0x08000f80   0x000000aa   Code   RO          608    .text._Z7pwmInitv   init.o
    0x0800102a   0x0800102a   0x00000002   PAD
    0x0800102c   0x0800102c   0x000000ce   Code   RO          598    .text._Z7rccInitv   init.o
    0x080010fa   0x080010fa   0x00000002   PAD
    0x080010fc   0x080010fc   0x00000014   Code   RO          915    .text._Z8getRangeIfET_PKS0_  ramp.o
    0x08001110   0x08001110   0x00000094   Code   RO          554    .text._Z8testTaskPv  test_task.o
    0x080011a4   0x080011a4   0x00000058   Code   RO          600    .text._Z8tickInitv  init.o
    0x080011fc   0x080011fc   0x00000030   Code   RO          602    .text._ZL16__NVIC_EnableIRQ4IRQn  init.o
    0x0800122c   0x0800122c   0x00000042   Code   RO          604    .text._ZL18__NVIC_SetPriority4IRQnj  init.o
    0x0800126e   0x0800126e   0x00000002   PAD
    0x08001270   0x08001270   0x0000003c   Code   RO          596    .text._ZL26__NVIC_SetPriorityGroupingj  init.o
    0x080012ac   0x080012ac   0x000000e2   Code   RO          723    .text._ZN10GPIOcommonC2EP12GPIO_TypeDefh  gpio_common.o
    0x0800138e   0x0800138e   0x00000002   PAD
    0x08001390   0x08001390   0x00000010   Code   RO          775    .text._ZN11CommonDelay10notStartedEv  custom_timer.o
    0x080013a0   0x080013a0   0x00000016   Code   RO          777    .text._ZN11CommonDelay11notFinishedEv  custom_timer.o
    0x080013b6   0x080013b6   0x00000002   PAD
    0x080013b8   0x080013b8   0x0000004c   Code   RO          779    .text._ZN11CommonDelay15finishedImpulseEv  custom_timer.o
    0x08001404   0x08001404   0x00000018   Code   RO          765    .text._ZN11CommonDelay15prepareAndStartEv  custom_timer.o
    0x0800141c   0x0800141c   0x00000018   Code   RO          761    .text._ZN11CommonDelay4stopEv  custom_timer.o
    0x08001434   0x08001434   0x0000000e   Code   RO          759    .text._ZN11CommonDelay5pauseEv  custom_timer.o
    0x08001442   0x08001442   0x00000002   PAD
    0x08001444   0x08001444   0x00000010   Code   RO          763    .text._ZN11CommonDelay5resetEv  custom_timer.o
    0x08001454   0x08001454   0x0000000e   Code   RO          757    .text._ZN11CommonDelay5startEv  custom_timer.o
    0x08001462   0x08001462   0x00000002   PAD
    0x08001464   0x08001464   0x00000018   Code   RO          767    .text._ZN11CommonDelay6finishEv  custom_timer.o
    0x0800147c   0x0800147c   0x0000002e   Code   RO          781    .text._ZN11CommonDelay6inWorkEv  custom_timer.o
    0x080014aa   0x080014aa   0x00000002   PAD
    0x080014ac   0x080014ac   0x0000002c   Code   RO          783    .text._ZN11CommonDelay6isFreeEv  custom_timer.o
    0x080014d8   0x080014d8   0x00000010   Code   RO          773    .text._ZN11CommonDelay7startedEv  custom_timer.o
    0x080014e8   0x080014e8   0x00000016   Code   RO          747    .text._ZN11CommonDelay8finishedEv  custom_timer.o
    0x080014fe   0x080014fe   0x00000002   PAD
    0x08001500   0x08001500   0x0000002c   Code   RO          769    .text._ZN11CommonDelay8setStartEb  custom_timer.o
    0x0800152c   0x0800152c   0x00000014   Code   RO          751    .text._ZN11CommonDelay9setPeriodEt  custom_timer.o
    0x08001540   0x08001540   0x00000038   Code   RO          745    .text._ZN11CommonDelay9update1msEv  custom_timer.o
    0x08001578   0x08001578   0x0000002a   Code   RO          743    .text._ZN11CommonDelayC2Et  custom_timer.o
    0x080015a2   0x080015a2   0x00000002   PAD
    0x080015a4   0x080015a4   0x00000020   Code   RO          771    .text._ZN11CommonDelayaSEb  custom_timer.o
    0x080015c4   0x080015c4   0x00000016   Code   RO          797    .text._ZN11IUpdated1msC2Ev  custom_timer.o
    0x080015da   0x080015da   0x00000002   PAD
    0x080015dc   0x080015dc   0x00000018   Code   RO          733    .text._ZN11SimpleInput8isActiveEv  simple_input.o
    0x080015f4   0x080015f4   0x00000092   Code   RO          731    .text._ZN11SimpleInputC2EP12GPIO_TypeDefh  simple_input.o
    0x08001686   0x08001686   0x00000002   PAD
    0x08001688   0x08001688   0x00000022   Code   RO          920    .text._ZN11ThreePosReg12setPulseGistEf  three_pos.o
    0x080016aa   0x080016aa   0x00000002   PAD
    0x080016ac   0x080016ac   0x00000012   Code   RO          954    .text._ZN11ThreePosReg17impulseCycleEndedEv  three_pos.o
    0x080016be   0x080016be   0x00000002   PAD
    0x080016c0   0x080016c0   0x00000030   Code   RO          956    .text._ZN11ThreePosReg21halfImpulseCycleEndedEv  three_pos.o
    0x080016f0   0x080016f0   0x00000036   Code   RO          952    .text._ZN11ThreePosReg7getOut2Ev  three_pos.o
    0x08001726   0x08001726   0x00000002   PAD
    0x08001728   0x08001728   0x00000184   Code   RO          958    .text._ZN11ThreePosReg9update1msEv  three_pos.o
    0x080018ac   0x080018ac   0x00000090   Code   RO          918    .text._ZN11ThreePosRegC2Efffttb  three_pos.o
    0x0800193c   0x0800193c   0x00000044   Code   RO          922    .text._ZN11ThreePosRegD2Ev  three_pos.o
    0x08001980   0x08001980   0x00000022   Code   RO          702    .text._ZN12ProgrammCoil6toggleEv  coil.o
    0x080019a2   0x080019a2   0x00000002   PAD
    0x080019a4   0x080019a4   0x00000010   Code   RO          694    .text._ZN12ProgrammCoil8isActiveEv  coil.o
    0x080019b4   0x080019b4   0x00000018   Code   RO          696    .text._ZN12ProgrammCoil8setValueEb  coil.o
    0x080019cc   0x080019cc   0x00000020   Code   RO           78    .text._ZN12ProgrammCoilC2Ev  main.o
    0x080019ec   0x080019ec   0x00000022   Code   RO          704    .text._ZN12ProgrammCoilaSEb  coil.o
    0x08001a0e   0x08001a0e   0x00000002   PAD
    0x08001a10   0x08001a10   0x00000010   Code   RO          976    .text._ZN12TwoPosCommon3setEf  two_pos.o
    0x08001a20   0x08001a20   0x0000001e   Code   RO          974    .text._ZN12TwoPosCommonC2Efb  two_pos.o
    0x08001a3e   0x08001a3e   0x00000002   PAD
    0x08001a40   0x08001a40   0x0000002c   Code   RO          627    .text._ZN13AnalogMonitor3setEt  analog_monitor.o
    0x08001a6c   0x08001a6c   0x00000086   Code   RO          623    .text._ZN13AnalogMonitorC2Ehff  analog_monitor.o
    0x08001af2   0x08001af2   0x00000002   PAD
    0x08001af4   0x08001af4   0x00000036   Code   RO          625    .text._ZN13AnalogMonitorD2Ev  analog_monitor.o
    0x08001b2a   0x08001b2a   0x00000002   PAD
    0x08001b2c   0x08001b2c   0x0000001c   Code   RO          629    .text._ZN13AnalogMonitoraSEt  analog_monitor.o
    0x08001b48   0x08001b48   0x00000016   Code   RO          868    .text._ZN17IUpdatedSomewhereC2Ev  pid.o
    0x08001b5e   0x08001b5e   0x00000002   PAD
    0x08001b60   0x08001b60   0x00000042   Code   RO           82    .text._ZN3MuxIfEC2Eh  main.o
    0x08001ba2   0x08001ba2   0x00000002   PAD
    0x08001ba4   0x08001ba4   0x00000022   Code   RO           84    .text._ZN3MuxIfED2Ev  main.o
    0x08001bc6   0x08001bc6   0x00000002   PAD
    0x08001bc8   0x08001bc8   0x00000016   Code   RO          708    .text._ZN4Coil8isActiveEv  coil.o
    0x08001bde   0x08001bde   0x00000002   PAD
    0x08001be0   0x08001be0   0x00000042   Code   RO          710    .text._ZN4Coil8setValueEb  coil.o
    0x08001c22   0x08001c22   0x00000002   PAD
    0x08001c24   0x08001c24   0x00000076   Code   RO          706    .text._ZN4CoilC2EP12GPIO_TypeDefh  coil.o
    0x08001c9a   0x08001c9a   0x00000002   PAD
    0x08001c9c   0x08001c9c   0x00000022   Code   RO          712    .text._ZN4CoilaSEb  coil.o
    0x08001cbe   0x08001cbe   0x00000002   PAD
    0x08001cc0   0x08001cc0   0x00000012   Code   RO          890    .text._ZN4Ramp11getOutRangeEv  ramp.o
    0x08001cd2   0x08001cd2   0x00000002   PAD
    0x08001cd4   0x08001cd4   0x00000040   Code   RO          882    .text._ZN4Ramp16setFullRangeTimeEj  ramp.o
    0x08001d14   0x08001d14   0x0000000c   Code   RO          894    .text._ZN4Ramp3getEv  ramp.o
    0x08001d20   0x08001d20   0x0000001e   Code   RO          896    .text._ZN4Ramp3setEf  ramp.o
    0x08001d3e   0x08001d3e   0x00000002   PAD
    0x08001d40   0x08001d40   0x0000001c   Code   RO          880    .text._ZN4Ramp9setLimMaxEf  ramp.o
    0x08001d5c   0x08001d5c   0x0000009a   Code   RO          892    .text._ZN4Ramp9update1msEv  ramp.o
    0x08001df6   0x08001df6   0x00000002   PAD
    0x08001df8   0x08001df8   0x0000002a   Code   RO          886    .text._ZN4RampC2Ej  ramp.o
    0x08001e22   0x08001e22   0x00000002   PAD
    0x08001e24   0x08001e24   0x0000007a   Code   RO          878    .text._ZN4RampC2Ejffff  ramp.o
    0x08001e9e   0x08001e9e   0x00000002   PAD
    0x08001ea0   0x08001ea0   0x00000018   Code   RO          902    .text._ZN4RampaSEf  ramp.o
    0x08001eb8   0x08001eb8   0x0000000e   Code   RO          564    .text._ZN5ScaleIfsE3getEv  test_task.o
    0x08001ec6   0x08001ec6   0x00000002   PAD
    0x08001ec8   0x08001ec8   0x00000024   Code   RO          566    .text._ZN5ScaleIfsE3setEf  test_task.o
    0x08001eec   0x08001eec   0x00000066   Code   RO          570    .text._ZN5ScaleIfsE6updateEv  test_task.o
    0x08001f52   0x08001f52   0x00000002   PAD
    0x08001f54   0x08001f54   0x00000032   Code   RO           80    .text._ZN5ScaleIfsEC2Effss  main.o
    0x08001f86   0x08001f86   0x00000002   PAD
    0x08001f88   0x08001f88   0x00000018   Code   RO          562    .text._ZN5ScaleIfsEaSEf  test_task.o
    0x08001fa0   0x08001fa0   0x00000024   Code   RO          686    .text._ZN5ScaleIftE3setEf  analog_out.o
    0x08001fc4   0x08001fc4   0x00000062   Code   RO          690    .text._ZN5ScaleIftE6updateEv  analog_out.o
    0x08002026   0x08002026   0x00000002   PAD
    0x08002028   0x08002028   0x00000032   Code   RO          684    .text._ZN5ScaleIftEC2Efftt  analog_out.o
    0x0800205a   0x0800205a   0x00000002   PAD
    0x0800205c   0x0800205c   0x0000000c   Code   RO          645    .text._ZN5ScaleItfE3getEv  analog_monitor.o
    0x08002068   0x08002068   0x00000028   Code   RO          651    .text._ZN5ScaleItfE3setEt  analog_monitor.o
    0x08002090   0x08002090   0x00000052   Code   RO          655    .text._ZN5ScaleItfE6updateEv  analog_monitor.o
    0x080020e2   0x080020e2   0x00000002   PAD
    0x080020e4   0x080020e4   0x0000002c   Code   RO          641    .text._ZN5ScaleItfEC2Ettff  analog_monitor.o
    0x08002110   0x08002110   0x0000001c   Code   RO          643    .text._ZN5ScaleItfEaSEt  analog_monitor.o
    0x0800212c   0x0800212c   0x00000080   Code   RO         1079    .text._ZN6MovAvg15updateSomewhereEv  moving_avg.o
    0x080021ac   0x080021ac   0x0000000c   Code   RO         1077    .text._ZN6MovAvg3getEv  moving_avg.o
    0x080021b8   0x080021b8   0x00000018   Code   RO         1075    .text._ZN6MovAvg3setEf  moving_avg.o
    0x080021d0   0x080021d0   0x0000006a   Code   RO         1071    .text._ZN6MovAvgC2Eh  moving_avg.o
    0x0800223a   0x0800223a   0x00000002   PAD
    0x0800223c   0x0800223c   0x0000002e   Code   RO         1073    .text._ZN6MovAvgD2Ev  moving_avg.o
    0x0800226a   0x0800226a   0x00000002   PAD
    0x0800226c   0x0800226c   0x00000018   Code   RO         1081    .text._ZN6MovAvgaSEf  moving_avg.o
    0x08002284   0x08002284   0x000000d4   Code   RO          803    .text._ZN6PIDreg10updateKoefEv  pid.o
    0x08002358   0x08002358   0x000000c4   Code   RO          853    .text._ZN6PIDreg15updateSomewhereEv  pid.o
    0x0800241c   0x0800241c   0x00000012   Code   RO          807    .text._ZN6PIDreg4getTEv  pid.o
    0x0800242e   0x0800242e   0x00000002   PAD
    0x08002430   0x08002430   0x00000014   Code   RO          805    .text._ZN6PIDreg5resetEv  pid.o
    0x08002444   0x08002444   0x00000016   Code   RO          817    .text._ZN6PIDreg5setKpEf  pid.o
    0x0800245a   0x0800245a   0x00000002   PAD
    0x0800245c   0x0800245c   0x00000018   Code   RO          809    .text._ZN6PIDreg5setPvEf  pid.o
    0x08002474   0x08002474   0x00000016   Code   RO          825    .text._ZN6PIDreg5setTdEf  pid.o
    0x0800248a   0x0800248a   0x00000002   PAD
    0x0800248c   0x0800248c   0x00000016   Code   RO          821    .text._ZN6PIDreg5setTiEf  pid.o
    0x080024a2   0x080024a2   0x00000002   PAD
    0x080024a4   0x080024a4   0x0000001a   Code   RO          845    .text._ZN6PIDreg7setAutoEb  pid.o
    0x080024be   0x080024be   0x00000002   PAD
    0x080024c0   0x080024c0   0x000000b4   Code   RO          801    .text._ZN6PIDregC2Etfffffffb  pid.o
    0x08002574   0x08002574   0x00000018   Code   RO          855    .text._ZN6PIDregaSEf  pid.o
    0x0800258c   0x0800258c   0x00000030   Code   RO          787    .text._ZN7DIDelay7startedEv  custom_timer.o
    0x080025bc   0x080025bc   0x0000002e   Code   RO          785    .text._ZN7DIDelayC2EP7ISwitcht  custom_timer.o
    0x080025ea   0x080025ea   0x00000002   PAD
    0x080025ec   0x080025ec   0x00000016   Code   RO           86    .text._ZN7ISwitchC2Ev  main.o
    0x08002602   0x08002602   0x00000002   PAD
    0x08002604   0x08002604   0x0000001c   Code   RO         1035    .text._ZN7Monitor11setValueMaxEf  monitor.o
    0x08002620   0x08002620   0x00000026   Code   RO         1049    .text._ZN7Monitor12setTresDelayE9TRES_TYPEt  monitor.o
    0x08002646   0x08002646   0x00000002   PAD
    0x08002648   0x08002648   0x0000000c   Code   RO         1043    .text._ZN7Monitor3getEv  monitor.o
    0x08002654   0x08002654   0x0000001e   Code   RO         1045    .text._ZN7Monitor3setEf  monitor.o
    0x08002672   0x08002672   0x00000002   PAD
    0x08002674   0x08002674   0x000000f4   Code   RO         1041    .text._ZN7Monitor9update1msEv  monitor.o
    0x08002768   0x08002768   0x000000ae   Code   RO         1033    .text._ZN7MonitorC2Eff  monitor.o
    0x08002816   0x08002816   0x00000002   PAD
    0x08002818   0x08002818   0x00000050   Code   RO         1037    .text._ZN7MonitorD2Ev  monitor.o
    0x08002868   0x08002868   0x00000024   Code   RO          663    .text._ZN9AnalogOut9update1msEv  analog_out.o
    0x0800288c   0x0800288c   0x0000006c   Code   RO          661    .text._ZN9AnalogOutC2Etjffff  analog_out.o
    0x080028f8   0x080028f8   0x0000002e   Code   RO          665    .text._ZN9AnalogOutD2Ev  analog_out.o
    0x08002926   0x08002926   0x00000002   PAD
    0x08002928   0x08002928   0x00000018   Code   RO          671    .text._ZN9AnalogOutaSEf  analog_out.o
    0x08002940   0x08002940   0x0000008a   Code   RO         1020    .text._ZN9TwoPosTim9update1msEv  two_pos.o
    0x080029ca   0x080029ca   0x00000002   PAD
    0x080029cc   0x080029cc   0x0000007a   Code   RO         1008    .text._ZN9TwoPosTimC2Efttb  two_pos.o
    0x08002a46   0x08002a46   0x00000002   PAD
    0x08002a48   0x08002a48   0x00000044   Code   RO         1010    .text._ZN9TwoPosTimD2Ev  two_pos.o
    0x08002a8c   0x08002a8c   0x0000001a   Code   RO         1022    .text._ZN9TwoPosTimaSEf  two_pos.o
    0x08002aa6   0x08002aa6   0x00000002   PAD
    0x08002aa8   0x08002aa8   0x00000030   Code   RO         1376    .text._ZSt11__terminatePFvvE  libcppabi_w.l(cxa_handlers.cpp.o)
    0x08002ad8   0x08002ad8   0x0000000c   Code   RO         1380    .text._ZSt15get_new_handlerv  libcppabi_w.l(cxa_handlers.cpp.o)
    0x08002ae4   0x08002ae4   0x0000000e   Code   RO         1378    .text._ZSt9terminatev  libcppabi_w.l(cxa_handlers.cpp.o)
    0x08002af2   0x08002af2   0x00000004   Code   RO         1180    .text._ZdlPv        libcpp_w.l(new.cpp.o)
    0x08002af6   0x08002af6   0x00000004   Code   RO         1184    .text._ZdlPvj       libcpp_w.l(new.cpp.o)
    0x08002afa   0x08002afa   0x00000004   Code   RO         1176    .text._Znaj         libcpp_w.l(new.cpp.o)
    0x08002afe   0x08002afe   0x00000002   PAD
    0x08002b00   0x08002b00   0x00000026   Code   RO         1172    .text._Znwj         libcpp_w.l(new.cpp.o)
    0x08002b26   0x08002b26   0x00000002   PAD
    0x08002b28   0x08002b28   0x00000028   Code   RO         1223    .text.__cxa_pure_virtual  libcppabi_w.l(cxa_virtual.cpp.o)
    0x08002b50   0x08002b50   0x00000004   Code   RO         1219    .text.__cxa_throw_bad_array_new_length  libcppabi_w.l(cxa_aux_runtime.cpp.o)
    0x08002b54   0x08002b54   0x0000001a   Code   RO           10    .text.__cxx_global_var_init  main.o
    0x08002b6e   0x08002b6e   0x00000002   PAD
    0x08002b70   0x08002b70   0x0000001a   Code   RO           12    .text.__cxx_global_var_init.1  main.o
    0x08002b8a   0x08002b8a   0x00000002   PAD
    0x08002b8c   0x08002b8c   0x00000014   Code   RO           30    .text.__cxx_global_var_init.10  main.o
    0x08002ba0   0x08002ba0   0x0000002e   Code   RO           32    .text.__cxx_global_var_init.11  main.o
    0x08002bce   0x08002bce   0x00000002   PAD
    0x08002bd0   0x08002bd0   0x00000040   Code   RO           34    .text.__cxx_global_var_init.12  main.o
    0x08002c10   0x08002c10   0x0000004c   Code   RO           36    .text.__cxx_global_var_init.13  main.o
    0x08002c5c   0x08002c5c   0x0000002e   Code   RO           38    .text.__cxx_global_var_init.14  main.o
    0x08002c8a   0x08002c8a   0x00000002   PAD
    0x08002c8c   0x08002c8c   0x00000010   Code   RO           14    .text.__cxx_global_var_init.2  main.o
    0x08002c9c   0x08002c9c   0x0000001c   Code   RO           16    .text.__cxx_global_var_init.3  main.o
    0x08002cb8   0x08002cb8   0x0000001a   Code   RO           18    .text.__cxx_global_var_init.4  main.o
    0x08002cd2   0x08002cd2   0x00000002   PAD
    0x08002cd4   0x08002cd4   0x00000012   Code   RO           20    .text.__cxx_global_var_init.5  main.o
    0x08002ce6   0x08002ce6   0x00000002   PAD
    0x08002ce8   0x08002ce8   0x00000036   Code   RO           22    .text.__cxx_global_var_init.6  main.o
    0x08002d1e   0x08002d1e   0x00000002   PAD
    0x08002d20   0x08002d20   0x00000044   Code   RO           24    .text.__cxx_global_var_init.7  main.o
    0x08002d64   0x08002d64   0x0000003c   Code   RO           26    .text.__cxx_global_var_init.8  main.o
    0x08002da0   0x08002da0   0x00000024   Code   RO           28    .text.__cxx_global_var_init.9  main.o
    0x08002dc4   0x08002dc4   0x00000004   Code   RO         1384    .text.abort_message  libcppabi_w.l(abort_message.cpp.o)
    0x08002dc8   0x08002dc8   0x000000a8   Code   RO           40    .text.main          main.o
    0x08002e70   0x08002e70   0x0000011a   Code   RO          315    .text.prvAddCurrentTaskToDelayedList  tasks.o
    0x08002f8a   0x08002f8a   0x00000002   PAD
    0x08002f8c   0x08002f8c   0x00000154   Code   RO          303    .text.prvAddNewTaskToReadyList  tasks.o
    0x080030e0   0x080030e0   0x0000006a   Code   RO          451    .text.prvCheckForValidListAndQueue  timers.o
    0x0800314a   0x0800314a   0x00000002   PAD
    0x0800314c   0x0800314c   0x0000005a   Code   RO          417    .text.prvCheckTasksWaitingTermination  tasks.o
    0x080031a6   0x080031a6   0x00000002   PAD
    0x080031a8   0x080031a8   0x00000042   Code   RO          205    .text.prvCopyDataFromQueue  queue.o
    0x080031ea   0x080031ea   0x00000002   PAD
    0x080031ec   0x080031ec   0x00000018   Code   RO          309    .text.prvDeleteTCB  tasks.o
    0x08003204   0x08003204   0x00000040   Code   RO          485    .text.prvGetNextExpireTime  timers.o
    0x08003244   0x08003244   0x000000ae   Code   RO          126    .text.prvHeapInit   heap_4.o
    0x080032f2   0x080032f2   0x00000002   PAD
    0x080032f4   0x080032f4   0x0000003c   Code   RO          341    .text.prvIdleTask   tasks.o
    0x08003330   0x08003330   0x00000048   Code   RO          177    .text.prvInitialiseNewQueue  queue.o
    0x08003378   0x08003378   0x000000e6   Code   RO          301    .text.prvInitialiseNewTask  tasks.o
    0x0800345e   0x0800345e   0x00000002   PAD
    0x08003460   0x08003460   0x0000008e   Code   RO          415    .text.prvInitialiseTaskLists  tasks.o
    0x080034ee   0x080034ee   0x00000002   PAD
    0x080034f0   0x080034f0   0x000000c6   Code   RO          128    .text.prvInsertBlockIntoFreeList  heap_4.o
    0x080035b6   0x080035b6   0x00000002   PAD
    0x080035b8   0x080035b8   0x00000086   Code   RO          499    .text.prvInsertTimerInActiveList  timers.o
    0x0800363e   0x0800363e   0x00000002   PAD
    0x08003640   0x08003640   0x00000028   Code   RO          207    .text.prvIsQueueEmpty  queue.o
    0x08003668   0x08003668   0x00000020   Code   RO          526    .text.prvPortStartFirstTask  port.o
    0x08003688   0x08003688   0x00000054   Code   RO          493    .text.prvProcessExpiredTimer  timers.o
    0x080036dc   0x080036dc   0x00000126   Code   RO          489    .text.prvProcessReceivedCommands  timers.o
    0x08003802   0x08003802   0x00000002   PAD
    0x08003804   0x08003804   0x0000009a   Code   RO          487    .text.prvProcessTimerOrBlockTask  timers.o
    0x0800389e   0x0800389e   0x00000002   PAD
    0x080038a0   0x080038a0   0x00000034   Code   RO          497    .text.prvReloadTimer  timers.o
    0x080038d4   0x080038d4   0x0000003c   Code   RO          307    .text.prvResetNextTaskUnblockTime  tasks.o
    0x08003910   0x08003910   0x00000044   Code   RO          491    .text.prvSampleTimeNow  timers.o
    0x08003954   0x08003954   0x00000052   Code   RO          495    .text.prvSwitchTimerLists  timers.o
    0x080039a6   0x080039a6   0x00000002   PAD
    0x080039a8   0x080039a8   0x00000026   Code   RO          518    .text.prvTaskExitError  port.o
    0x080039ce   0x080039ce   0x00000002   PAD
    0x080039d0   0x080039d0   0x0000001e   Code   RO          453    .text.prvTimerTask  timers.o
    0x080039ee   0x080039ee   0x00000002   PAD
    0x080039f0   0x080039f0   0x000000ae   Code   RO          197    .text.prvUnlockQueue  queue.o
    0x08003a9e   0x08003a9e   0x00000002   PAD
    0x08003aa0   0x08003aa0   0x00000186   Code   RO          124    .text.pvPortMalloc  heap_4.o
    0x08003c26   0x08003c26   0x00000002   PAD
    0x08003c28   0x08003c28   0x00000050   Code   RO          516    .text.pxPortInitialiseStack  port.o
    0x08003c78   0x08003c78   0x00000048   Code   RO          164    .text.uxListRemove  list.o
    0x08003cc0   0x08003cc0   0x00000002   Code   RO            2    .text.vApplicationIdleHook  main.o
    0x08003cc2   0x08003cc2   0x00000002   PAD
    0x08003cc4   0x08003cc4   0x0000000a   Code   RO            8    .text.vApplicationStackOverflowHook  main.o
    0x08003cce   0x08003cce   0x00000002   PAD
    0x08003cd0   0x08003cd0   0x00000002   Code   RO            4    .text.vApplicationTickHook  main.o
    0x08003cd2   0x08003cd2   0x00000002   PAD
    0x08003cd4   0x08003cd4   0x0000002e   Code   RO          156    .text.vListInitialise  list.o
    0x08003d02   0x08003d02   0x00000002   PAD
    0x08003d04   0x08003d04   0x0000000e   Code   RO          158    .text.vListInitialiseItem  list.o
    0x08003d12   0x08003d12   0x00000002   PAD
    0x08003d14   0x08003d14   0x0000006a   Code   RO          162    .text.vListInsert   list.o
    0x08003d7e   0x08003d7e   0x00000002   PAD
    0x08003d80   0x08003d80   0x00000030   Code   RO          530    .text.vPortEnterCritical  port.o
    0x08003db0   0x08003db0   0x00000026   Code   RO          532    .text.vPortExitCritical  port.o
    0x08003dd6   0x08003dd6   0x00000002   PAD
    0x08003dd8   0x08003dd8   0x00000076   Code   RO          130    .text.vPortFree     heap_4.o
    0x08003e4e   0x08003e4e   0x00000002   PAD
    0x08003e50   0x08003e50   0x0000002e   Code   RO          524    .text.vPortSetupTimerInterrupt  port.o
    0x08003e7e   0x08003e7e   0x00000002   PAD
    0x08003e80   0x08003e80   0x00000064   Code   RO          235    .text.vQueueWaitForMessageRestricted  queue.o
    0x08003ee4   0x08003ee4   0x0000004a   Code   RO          319    .text.vTaskDelay    tasks.o
    0x08003f2e   0x08003f2e   0x00000002   PAD
    0x08003f30   0x08003f30   0x00000024   Code   RO          373    .text.vTaskInternalSetTimeOutState  tasks.o
    0x08003f54   0x08003f54   0x0000000e   Code   RO          377    .text.vTaskMissedYield  tasks.o
    0x08003f62   0x08003f62   0x00000002   PAD
    0x08003f64   0x08003f64   0x00000026   Code   RO          361    .text.vTaskPlaceOnEventList  tasks.o
    0x08003f8a   0x08003f8a   0x00000002   PAD
    0x08003f8c   0x08003f8c   0x00000060   Code   RO          365    .text.vTaskPlaceOnEventListRestricted  tasks.o
    0x08003fec   0x08003fec   0x00000094   Code   RO          339    .text.vTaskStartScheduler  tasks.o
    0x08004080   0x08004080   0x00000010   Code   RO          313    .text.vTaskSuspendAll  tasks.o
    0x08004090   0x08004090   0x000000ec   Code   RO          331    .text.vTaskSwitchContext  tasks.o
    0x0800417c   0x0800417c   0x00000040   Code   RO          522    .text.xPortStartScheduler  port.o
    0x080041bc   0x080041bc   0x0000007e   Code   RO          175    .text.xQueueGenericCreate  queue.o
    0x0800423a   0x0800423a   0x00000002   PAD
    0x0800423c   0x0800423c   0x000000d0   Code   RO          173    .text.xQueueGenericReset  queue.o
    0x0800430c   0x0800430c   0x00000152   Code   RO          203    .text.xQueueReceive  queue.o
    0x0800445e   0x0800445e   0x00000002   PAD
    0x08004460   0x08004460   0x0000009a   Code   RO          375    .text.xTaskCheckForTimeOut  tasks.o
    0x080044fa   0x080044fa   0x00000002   PAD
    0x080044fc   0x080044fc   0x000000a0   Code   RO          299    .text.xTaskCreate   tasks.o
    0x0800459c   0x0800459c   0x00000014   Code   RO          347    .text.xTaskGetTickCount  tasks.o
    0x080045b0   0x080045b0   0x00000254   Code   RO          345    .text.xTaskIncrementTick  tasks.o
    0x08004804   0x08004804   0x00000170   Code   RO          367    .text.xTaskRemoveFromEventList  tasks.o
    0x08004974   0x08004974   0x000001fe   Code   RO          317    .text.xTaskResumeAll  tasks.o
    0x08004b72   0x08004b72   0x00000002   PAD
    0x08004b74   0x08004b74   0x00000050   Code   RO          449    .text.xTimerCreateTimerTask  timers.o
    0x08004bc4   0x08004bc4   0x000000c4   Code   RO         1145    x$fpl$fadd          fz_ws.l(faddsub_clz.o)
    0x08004c88   0x08004c88   0x00000054   Code   RO         1151    x$fpl$fcmp          fz_ws.l(fcmp.o)
    0x08004cdc   0x08004cdc   0x00000018   Code   RO         1447    x$fpl$fcmpinf       fz_ws.l(fcmpi.o)
    0x08004cf4   0x08004cf4   0x00000184   Code   RO         1154    x$fpl$fdiv          fz_ws.l(fdiv.o)
    0x08004e78   0x08004e78   0x00000068   Code   RO         1356    x$fpl$feqf          fz_ws.l(feqf.o)
    0x08004ee0   0x08004ee0   0x00000036   Code   RO         1157    x$fpl$ffix          fz_ws.l(ffix.o)
    0x08004f16   0x08004f16   0x00000002   PAD
    0x08004f18   0x08004f18   0x00000030   Code   RO         1162    x$fpl$fflt          fz_ws.l(fflt_clz.o)
    0x08004f48   0x08004f48   0x00000026   Code   RO         1161    x$fpl$ffltu         fz_ws.l(fflt_clz.o)
    0x08004f6e   0x08004f6e   0x00000002   PAD
    0x08004f70   0x08004f70   0x00000068   Code   RO         1358    x$fpl$fgeqf         fz_ws.l(fgeqf.o)
    0x08004fd8   0x08004fd8   0x00000068   Code   RO         1360    x$fpl$fleqf         fz_ws.l(fleqf.o)
    0x08005040   0x08005040   0x00000102   Code   RO         1167    x$fpl$fmul          fz_ws.l(fmul.o)
    0x08005142   0x08005142   0x0000008c   Code   RO         1362    x$fpl$fnaninf       fz_ws.l(fnaninf.o)
    0x080051ce   0x080051ce   0x0000000a   Code   RO         1364    x$fpl$fretinf       fz_ws.l(fretinf.o)
    0x080051d8   0x080051d8   0x000000ea   Code   RO         1147    x$fpl$fsub          fz_ws.l(faddsub_clz.o)
    0x080052c2   0x080052c2   0x00000000   Code   RO         1366    x$fpl$usenofp       fz_ws.l(usenofp.o)
    0x080052c2   0x080052c2   0x00000010   Data   RO         1112    .rodata.AHBPrescTable  system_stm32f10x.o
    0x080052d2   0x080052d2   0x00000002   PAD
    0x080052d4   0x080052d4   0x00000010   Data   RO          789    .rodata._ZTV11CommonDelay  custom_timer.o
    0x080052e4   0x080052e4   0x0000000c   Data   RO          799    .rodata._ZTV11IUpdated1ms  custom_timer.o
    0x080052f0   0x080052f0   0x0000000c   Data   RO          735    .rodata._ZTV11SimpleInput  simple_input.o
    0x080052fc   0x080052fc   0x0000000c   Data   RO          966    .rodata._ZTV11ThreePosReg  three_pos.o
    0x08005308   0x08005308   0x00000010   Data   RO          715    .rodata._ZTV12ProgrammCoil  coil.o
    0x08005318   0x08005318   0x0000000c   Data   RO          659    .rodata._ZTV13AnalogMonitor  analog_monitor.o
    0x08005324   0x08005324   0x0000000c   Data   RO          876    .rodata._ZTV17IUpdatedSomewhere  pid.o
    0x08005330   0x08005330   0x00000010   Data   RO          714    .rodata._ZTV4Coil   coil.o
    0x08005340   0x08005340   0x0000000c   Data   RO          908    .rodata._ZTV4Ramp   ramp.o
    0x0800534c   0x0800534c   0x0000000c   Data   RO         1087    .rodata._ZTV6MovAvg  moving_avg.o
    0x08005358   0x08005358   0x0000000c   Data   RO          861    .rodata._ZTV6PIDreg  pid.o
    0x08005364   0x08005364   0x00000010   Data   RO          790    .rodata._ZTV7DIDelay  custom_timer.o
    0x08005374   0x08005374   0x0000000c   Data   RO           90    .rodata._ZTV7ISwitch  main.o
    0x08005380   0x08005380   0x0000000c   Data   RO         1063    .rodata._ZTV7Monitor  monitor.o
    0x0800538c   0x0800538c   0x0000000c   Data   RO          677    .rodata._ZTV9AnalogOut  analog_out.o
    0x08005398   0x08005398   0x0000000c   Data   RO         1025    .rodata._ZTV9TwoPosTim  two_pos.o
    0x080053a4   0x080053a4   0x00000019   Data   RO           68    .rodata.str1.1      main.o
    0x080053bd   0x080053bd   0x00000005   Data   RO          435    .rodata.str1.1      tasks.o
    0x080053c2   0x080053c2   0x00000008   Data   RO          502    .rodata.str1.1      timers.o
    0x080053ca   0x080053ca   0x00000002   PAD
    0x080053cc   0x080053cc   0x00000004   Data   RO          420    .rodata.uxTopUsedPriority  tasks.o
    0x080053d0   0x080053d0   0x00000020   Data   RO         1567    Region$$Table       anon$$obj.o
    0x080053f0   0x080053f0   0x00000004   Data   RO           69    .init_array         main.o
    0x080053f4   0x080053f0   0x00000000   Data   RO         1140    .init_array         c_w.l(init_aeabi.o)


    Execution Region RW_IRAM1 (Exec base: 0x20000000, Load base: 0x080053f8, Size: 0x00003b78, Max: 0x00005000, ABSOLUTE)

    Exec Addr    Load Addr    Size         Type   Attr      Idx    E Section Name        Object

    0x20000000   0x080053f8   0x00000004   Data   RW         1111    .data.SystemCoreClock  system_stm32f10x.o
    0x20000004   0x080053fc   0x00000004   Data   RW         1458    .data.__cxa_terminate_handler  libcppabi_w.l(cxa_default_handlers.cpp.o)
    0x20000008   0x08005400   0x00000001   Data   RW           67    .data.allTimersSize  main.o
    0x20000009   0x08005401   0x00000003   PAD
    0x2000000c   0x08005404   0x00000020   Data   RW           66    .data.updateObjects  main.o
    0x2000002c   0x08005424   0x00000004   Data   RW          538    .data.uxCriticalNesting  port.o
    0x20000030        -       0x00000060   Zero   RW         1467    .bss                c_w.l(libspace.o)
    0x20000090        -       0x00000004   Zero   RW         1460    .bss.__cxa_new_handler  libcppabi_w.l(cxa_default_handlers.cpp.o)
    0x20000094        -       0x00000034   Zero   RW           53    .bss.adcMonitor     main.o
    0x200000c8        -       0x00000004   Zero   RW           52    .bss.adcValues      main.o
    0x200000cc        -       0x00000028   Zero   RW           54    .bss.analogOut      main.o
    0x200000f4        -       0x00000014   Zero   RW           58    .bss.avg            main.o
    0x20000108        -       0x0000000c   Zero   RW           47    .bss.button         main.o
    0x20000114        -       0x00000010   Zero   RW           50    .bss.buttonDelay    main.o
    0x20000124        -       0x0000000c   Zero   RW           51    .bss.delay          main.o
    0x20000130        -       0x00000010   Zero   RW           46    .bss.led            main.o
    0x20000140        -       0x00000010   Zero   RW           49    .bss.ledDelay       main.o
    0x20000150        -       0x00000008   Zero   RW           48    .bss.ledSwitch      main.o
    0x20000158        -       0x00000008   Zero   RW           65    .bss.mux            main.o
    0x20000160        -       0x00000048   Zero   RW           55    .bss.pid            main.o
    0x200001a8        -       0x00000004   Zero   RW          506    .bss.prvSampleTimeNow.xLastTime  timers.o
    0x200001ac        -       0x00000004   Zero   RW          419    .bss.pxCurrentTCB   tasks.o
    0x200001b0        -       0x00000004   Zero   RW          504    .bss.pxCurrentTimerList  timers.o
    0x200001b4        -       0x00000004   Zero   RW          429    .bss.pxDelayedTaskList  tasks.o
    0x200001b8        -       0x00000004   Zero   RW          142    .bss.pxEnd          heap_4.o
    0x200001bc        -       0x00000004   Zero   RW          430    .bss.pxOverflowDelayedTaskList  tasks.o
    0x200001c0        -       0x00000004   Zero   RW          505    .bss.pxOverflowTimerList  timers.o
    0x200001c4        -       0x00000064   Zero   RW          421    .bss.pxReadyTasksLists  tasks.o
    0x20000228        -       0x00000024   Zero   RW           57    .bss.ramp           main.o
    0x2000024c        -       0x00000014   Zero   RW           56    .bss.scale          main.o
    0x20000260        -       0x00000024   Zero   RW           60    .bss.threePosReg    main.o
    0x20000284        -       0x00000018   Zero   RW           59    .bss.twoPos         main.o
    0x2000029c        -       0x00002800   Zero   RW          148    .bss.ucHeap         heap_4.o
    0x20002a9c        -       0x00000004   Zero   RW          426    .bss.uxCurrentNumberOfTasks  tasks.o
    0x20002aa0        -       0x00000004   Zero   RW          425    .bss.uxDeletedTasksWaitingCleanUp  tasks.o
    0x20002aa4        -       0x00000004   Zero   RW          432    .bss.uxSchedulerSuspended  tasks.o
    0x20002aa8        -       0x00000004   Zero   RW          423    .bss.uxTaskNumber   tasks.o
    0x20002aac        -       0x00000004   Zero   RW          422    .bss.uxTopReadyPriority  tasks.o
    0x20002ab0        -       0x00000014   Zero   RW          507    .bss.xActiveTimerList1  timers.o
    0x20002ac4        -       0x00000014   Zero   RW          508    .bss.xActiveTimerList2  timers.o
    0x20002ad8        -       0x00000014   Zero   RW          440    .bss.xDelayedTaskList1  tasks.o
    0x20002aec        -       0x00000014   Zero   RW          441    .bss.xDelayedTaskList2  tasks.o
    0x20002b00        -       0x00000004   Zero   RW          143    .bss.xFreeBytesRemaining  heap_4.o
    0x20002b04        -       0x00000004   Zero   RW          436    .bss.xIdleTaskHandle  tasks.o
    0x20002b08        -       0x00000004   Zero   RW          145    .bss.xMinimumEverFreeBytesRemaining  heap_4.o
    0x20002b0c        -       0x00000004   Zero   RW          437    .bss.xNextTaskUnblockTime  tasks.o
    0x20002b10        -       0x00000004   Zero   RW          439    .bss.xNumOfOverflows  tasks.o
    0x20002b14        -       0x00000004   Zero   RW          146    .bss.xNumberOfSuccessfulAllocations  heap_4.o
    0x20002b18        -       0x00000004   Zero   RW          147    .bss.xNumberOfSuccessfulFrees  heap_4.o
    0x20002b1c        -       0x00000004   Zero   RW          438    .bss.xPendedTicks   tasks.o
    0x20002b20        -       0x00000014   Zero   RW          434    .bss.xPendingReadyList  tasks.o
    0x20002b34        -       0x00000004   Zero   RW          427    .bss.xSchedulerRunning  tasks.o
    0x20002b38        -       0x00000008   Zero   RW          144    .bss.xStart         heap_4.o
    0x20002b40        -       0x00000014   Zero   RW          431    .bss.xSuspendedTaskList  tasks.o
    0x20002b54        -       0x00000014   Zero   RW          424    .bss.xTasksWaitingTermination  tasks.o
    0x20002b68        -       0x00000004   Zero   RW          428    .bss.xTickCount     tasks.o
    0x20002b6c        -       0x00000004   Zero   RW          501    .bss.xTimerQueue    timers.o
    0x20002b70        -       0x00000004   Zero   RW          503    .bss.xTimerTaskHandle  timers.o
    0x20002b74        -       0x00000004   Zero   RW          433    .bss.xYieldPending  tasks.o
    0x20002b78        -       0x00000c00   Zero   RW         1095    HEAP                startup_stm32f10x_md.o
    0x20003778        -       0x00000400   Zero   RW         1094    STACK               startup_stm32f10x_md.o


==============================================================================

Image component sizes


      Code (inc. data)   RO Data    RW Data    ZI Data      Debug   Object Name

       600          0         12          0          0       4948   analog_monitor.o
       398          0         12          0          0       4895   analog_out.o
       348          0         32          0          0       4629   coil.o
        64          0          0          0          0       1810   common.o
       668          0         44          0          0       6051   custom_timer.o
       226          0          0          0          0       2307   gpio_common.o
       880          0          0          0      10268       4062   heap_4.o
      1164          0          0          0          0       7833   init.o
        84          0          0          0          0       7435   led_task.o
       238          0          0          0          0       2044   list.o
      1188          0         41         33        392      14544   main.o
       606          0         12          0          0       6309   monitor.o
       340          0         12          0          0       9323   moving_avg.o
       860          0         24          0          0       8493   pid.o
       100          0          0          0          0       7350   pidtask.o
       510         12          0          4          0       2483   port.o
      1124          0          0          0          0      12153   queue.o
       514          0         12          0          0       6026   ramp.o
       170          0         12          0          0       3129   simple_input.o
        64         26        236          0       4096        820   startup_stm32f10x_md.o
       690          0         16          4          0       2938   system_stm32f10x.o
      3694          0          9          0        260      21770   tasks.o
       430          0          0          0          0       8786   test_task.o
       754          0         12          0          0       7499   three_pos.o
      1148         10          8          0         60       7642   timers.o
       400          0         12          0          0       7304   two_pos.o

    ----------------------------------------------------------------------
     17476         60        542         44      15076     172583   Object Totals
         0          0         32          0          0          0   (incl. Generated)
       214         12          4          3          0          0   (incl. Padding)

    ----------------------------------------------------------------------

      Code (inc. data)   RO Data    RW Data    ZI Data      Debug   Library Member Name

         8          0          0          0          0         68   __main.o
         0          0          0          0          0          0   __rtentry.o
        12          0          0          0          0          0   __rtentry2.o
         6          0          0          0          0          0   __rtentry4.o
        52          8          0          0          0          0   __scatter.o
        26          0          0          0          0          0   __scatter_copy.o
        28          0          0          0          0          0   __scatter_zi.o
        22          0          0          0          0         80   abort.o
        46          0          0          0          0         84   aeabi_atexit.o
        16          0          0          0          0         68   aeabi_memset4.o
        10          0          0          0          0         68   cxa_atexit.o
        66          0          0          0          0         84   cxa_finalize.o
        48         34          0          0          0         76   defsig_abrt_inner.o
        14          0          0          0          0         80   defsig_abrt_outer.o
        10          0          0          0          0         68   defsig_exit.o
        50          0          0          0          0         88   defsig_general.o
        80         58          0          0          0         76   defsig_rtmem_inner.o
        14          0          0          0          0         80   defsig_rtmem_outer.o
        18          0          0          0          0         80   exit.o
        94          0          0          0          0         80   h1_alloc.o
        52          0          0          0          0         68   h1_extend.o
        78          0          0          0          0         80   h1_free.o
        14          0          0          0          0         84   h1_init.o
         6          0          0          0          0        152   heapauxi.o
         4          0          0          0          0        136   hguard.o
         0          0          0          0          0          0   indicate_semi.o
        36          8          0          0          0         80   init_aeabi.o
       138          0          0          0          0        168   init_alloc.o
         2          0          0          0          0          0   libinit.o
        14          0          0          0          0          0   libinit2.o
         2          0          0          0          0          0   libshutdown.o
         8          0          0          0          0          0   libshutdown2.o
         8          4          0          0         96         68   libspace.o
         0          0          0          0          0          0   maybetermalloc1.o
         8          4          0          0          0         68   rt_ddtor_pointer_addr_intlibspace.o
         8          4          0          0          0         68   rt_heap_descriptor_intlibspace.o
        68          0          0          0          0         68   rt_memclr.o
        78          0          0          0          0         80   rt_memclr_w.o
       138          0          0          0          0         68   rt_memcpy_v6.o
       100          0          0          0          0         80   rt_memcpy_w.o
         2          0          0          0          0          0   rtexit.o
        10          0          0          0          0          0   rtexit2.o
        12          4          0          0          0         68   sys_exit.o
        74          0          0          0          0         80   sys_stackheap_outer.o
        14          0          0          0          0         76   sys_wrch.o
         2          0          0          0          0         68   use_no_semi.o
       430          8          0          0          0        168   faddsub_clz.o
        84          0          0          0          0        196   fcmp.o
        24          0          0          0          0         68   fcmpi.o
       388         76          0          0          0         96   fdiv.o
       104          4          0          0          0         84   feqf.o
        54          4          0          0          0         84   ffix.o
        86          0          0          0          0        136   fflt_clz.o
       104          4          0          0          0         84   fgeqf.o
       104          4          0          0          0         84   fleqf.o
       258          4          0          0          0         84   fmul.o
       140          4          0          0          0         84   fnaninf.o
        10          0          0          0          0         68   fretinf.o
         0          0          0          0          0          0   usenofp.o
        50          0          0          0          0        380   new.cpp.o
         4          0          0          0          0         36   abort_message.cpp.o
         4          0          0          0          0         68   cxa_aux_runtime.cpp.o
         0          0          0          4          4          0   cxa_default_handlers.cpp.o
        74         40          0          0          0        132   cxa_handlers.cpp.o
        40         32          0          0          0         52   cxa_virtual.cpp.o

    ----------------------------------------------------------------------
      3474        304          0          4        100       4544   Library Totals
        20          0          0          0          0          0   (incl. Padding)

    ----------------------------------------------------------------------

      Code (inc. data)   RO Data    RW Data    ZI Data      Debug   Library Name

      1496        124          0          0         96       2640   c_w.l
      1786        108          0          0          0       1236   fz_ws.l
        50          0          0          0          0        380   libcpp_w.l
       122         72          0          4          4        288   libcppabi_w.l

    ----------------------------------------------------------------------
      3474        304          0          4        100       4544   Library Totals

    ----------------------------------------------------------------------

==============================================================================


      Code (inc. data)   RO Data    RW Data    ZI Data      Debug   

     20950        364        542         48      15176     174359   Grand Totals
     20950        364        542         48      15176     174359   ELF Image Totals
     20950        364        542         48          0          0   ROM Totals

==============================================================================

    Total RO  Size (Code + RO Data)                21492 (  20.99kB)
    Total RW  Size (RW Data + ZI Data)             15224 (  14.87kB)
    Total ROM Size (Code + RO Data + RW Data)      21540 (  21.04kB)

==============================================================================

