Component: Arm Compiler for Embedded 6.18 Tool: armlink [5e4cc100]

==============================================================================

Section Cross References

    main.o(.text.__cxx_global_var_init) refers to main.o(.bss.led) for led
    main.o(.text.__cxx_global_var_init) refers to coil_with_timer.o(.text._ZN12CoilOffDelayC2EP12GPIO_TypeDefht) for CoilOffDelay::CoilOffDelay(GPIO_TypeDef*, unsigned char, unsigned short)
    main.o(.ARM.exidx.text.__cxx_global_var_init) refers to main.o(.text.__cxx_global_var_init) for [Anonymous Symbol]
    main.o(.text.__cxx_global_var_init.1) refers to main.o(.bss.button) for button
    main.o(.text.__cxx_global_var_init.1) refers to simple_input.o(.text._ZN18SimpleInputDelayedC2EP12GPIO_TypeDefht) for SimpleInputDelayed::SimpleInputDelayed(GPIO_TypeDef*, unsigned char, unsigned short)
    main.o(.ARM.exidx.text.__cxx_global_var_init.1) refers to main.o(.text.__cxx_global_var_init.1) for [Anonymous Symbol]
    main.o(.text.__cxx_global_var_init.2) refers to main.o(.bss.delay) for delay
    main.o(.text.__cxx_global_var_init.2) refers to on_delay.o(.text._ZN7OnDelayC2Ej) for OnDelay::OnDelay(unsigned int)
    main.o(.ARM.exidx.text.__cxx_global_var_init.2) refers to main.o(.text.__cxx_global_var_init.2) for [Anonymous Symbol]
    main.o(.text.__cxx_global_var_init.3) refers to main.o(.bss.adcMonitor) for adcMonitor
    main.o(.text.__cxx_global_var_init.3) refers to analog_monitor.o(.text._ZN13AnalogMonitorC2Ehff) for AnalogMonitor::AnalogMonitor(unsigned char, float, float)
    main.o(.text.__cxx_global_var_init.3) refers to analog_monitor.o(.text._ZN13AnalogMonitorD2Ev) for AnalogMonitor::~AnalogMonitor()
    main.o(.text.__cxx_global_var_init.3) refers to cxa_atexit.o(.text) for __cxa_atexit
    main.o(.ARM.exidx.text.__cxx_global_var_init.3) refers to main.o(.text.__cxx_global_var_init.3) for [Anonymous Symbol]
    main.o(.text.__cxx_global_var_init.4) refers to main.o(.bss.analogOut) for analogOut
    main.o(.text.__cxx_global_var_init.4) refers to analog_out.o(.text._ZN9AnalogOutC2Etjffff) for AnalogOut::AnalogOut(unsigned short, unsigned int, float, float, float, float)
    main.o(.text.__cxx_global_var_init.4) refers to analog_out.o(.text._ZN9AnalogOutD2Ev) for AnalogOut::~AnalogOut()
    main.o(.text.__cxx_global_var_init.4) refers to cxa_atexit.o(.text) for __cxa_atexit
    main.o(.ARM.exidx.text.__cxx_global_var_init.4) refers to main.o(.text.__cxx_global_var_init.4) for [Anonymous Symbol]
    main.o(.text.__cxx_global_var_init.5) refers to main.o(.bss.pid) for pid
    main.o(.text.__cxx_global_var_init.5) refers to pid.o(.text._ZN6PIDregC2Etfffffffb) for PIDreg::PIDreg(unsigned short, float, float, float, float, float, float, float, bool)
    main.o(.ARM.exidx.text.__cxx_global_var_init.5) refers to main.o(.text.__cxx_global_var_init.5) for [Anonymous Symbol]
    main.o(.text.__cxx_global_var_init.6) refers to main.o(.bss.scale) for scale
    main.o(.text.__cxx_global_var_init.6) refers to main.o(.text._ZN5ScaleIfsEC2Effss) for Scale<float, short>::Scale__sub_object(float, float, short, short)
    main.o(.ARM.exidx.text.__cxx_global_var_init.6) refers to main.o(.text.__cxx_global_var_init.6) for [Anonymous Symbol]
    main.o(.text.__cxx_global_var_init.7) refers to main.o(.bss.ramp) for ramp
    main.o(.text.__cxx_global_var_init.7) refers to ramp.o(.text._ZN4RampC2Ej) for Ramp::Ramp(unsigned int)
    main.o(.ARM.exidx.text.__cxx_global_var_init.7) refers to main.o(.text.__cxx_global_var_init.7) for [Anonymous Symbol]
    main.o(.text.__cxx_global_var_init.8) refers to main.o(.bss.avg) for avg
    main.o(.text.__cxx_global_var_init.8) refers to moving_avg.o(.text._ZN6MovAvgC2Eh) for MovAvg::MovAvg(unsigned char)
    main.o(.text.__cxx_global_var_init.8) refers to moving_avg.o(.text._ZN6MovAvgD2Ev) for MovAvg::~MovAvg()
    main.o(.text.__cxx_global_var_init.8) refers to cxa_atexit.o(.text) for __cxa_atexit
    main.o(.ARM.exidx.text.__cxx_global_var_init.8) refers to main.o(.text.__cxx_global_var_init.8) for [Anonymous Symbol]
    main.o(.text.__cxx_global_var_init.9) refers to main.o(.bss.twoPos) for twoPos
    main.o(.text.__cxx_global_var_init.9) refers to two_pos.o(.text._ZN9TwoPosTimC2Efttb) for TwoPosTim::TwoPosTim(float, unsigned short, unsigned short, bool)
    main.o(.text.__cxx_global_var_init.9) refers to two_pos.o(.text._ZN9TwoPosTimD2Ev) for TwoPosTim::~TwoPosTim()
    main.o(.text.__cxx_global_var_init.9) refers to cxa_atexit.o(.text) for __cxa_atexit
    main.o(.ARM.exidx.text.__cxx_global_var_init.9) refers to main.o(.text.__cxx_global_var_init.9) for [Anonymous Symbol]
    main.o(.text.__cxx_global_var_init.10) refers to main.o(.bss.threePosReg) for threePosReg
    main.o(.text.__cxx_global_var_init.10) refers to three_pos.o(.text._ZN11ThreePosRegC2Efffttb) for ThreePosReg::ThreePosReg(float, float, float, unsigned short, unsigned short, bool)
[...]
    Ramp::setFullRangeTime(unsigned int)     0x08002025   Thumb Code    64  ramp.o(.text._ZN4Ramp16setFullRangeTimeEj)
    Ramp::get()                              0x08002065   Thumb Code    12  ramp.o(.text._ZN4Ramp3getEv)
    Ramp::set(float)                         0x08002071   Thumb Code    30  ramp.o(.text._ZN4Ramp3setEf)
    Ramp::setLimMax(float)                   0x08002091   Thumb Code    28  ramp.o(.text._ZN4Ramp9setLimMaxEf)
    Ramp::update1ms()                        0x080020ad   Thumb Code   154  ramp.o(.text._ZN4Ramp9update1msEv)
    Ramp::Ramp(unsigned int)                 0x08002149   Thumb Code    42  ramp.o(.text._ZN4RampC2Ej)
    Ramp::Ramp__sub_object(unsigned int)     0x08002149   Thumb Code    42  ramp.o(.text._ZN4RampC2Ej)
    Ramp::Ramp(unsigned int, float, float, float, float) 0x08002175   Thumb Code   122  ramp.o(.text._ZN4RampC2Ejffff)
    Ramp::Ramp__sub_object(unsigned int, float, float, float, float) 0x08002175   Thumb Code   122  ramp.o(.text._ZN4RampC2Ejffff)
    Ramp::operator=(float)                   0x080021f1   Thumb Code    24  ramp.o(.text._ZN4RampaSEf)
    Scale<float, short>::updateSomewhere()   0x08002209   Thumb Code   102  main.o(.text._ZN5ScaleIfsE15updateSomewhereEv)
    Scale<float, short>::get()               0x08002271   Thumb Code    14  test_task.o(.text._ZN5ScaleIfsE3getEv)
    Scale<float, short>::set(float)          0x08002281   Thumb Code    38  test_task.o(.text._ZN5ScaleIfsE3setEf)
    Scale<float, short>::Scale__sub_object(float, float, short, short) 0x080022a9   Thumb Code    70  main.o(.text._ZN5ScaleIfsEC2Effss)
    Scale<float, short>::operator=(float)    0x080022f1   Thumb Code    24  test_task.o(.text._ZN5ScaleIfsEaSEf)
    Scale<float, unsigned short>::updateSomewhere() 0x08002309   Thumb Code    98  analog_out.o(.text._ZN5ScaleIftE15updateSomewhereEv)
    Scale<float, unsigned short>::set(float) 0x0800236d   Thumb Code    38  analog_out.o(.text._ZN5ScaleIftE3setEf)
    Scale<float, unsigned short>::Scale__sub_object(float, float, unsigned short, unsigned short) 0x08002395   Thumb Code    70  analog_out.o(.text._ZN5ScaleIftEC2Efftt)
    Scale<unsigned short, float>::updateSomewhere() 0x080023dd   Thumb Code    82  analog_monitor.o(.text._ZN5ScaleItfE15updateSomewhereEv)
    Scale<unsigned short, float>::get()      0x08002431   Thumb Code    12  analog_monitor.o(.text._ZN5ScaleItfE3getEv)
    Scale<unsigned short, float>::set(unsigned short) 0x0800243d   Thumb Code    42  analog_monitor.o(.text._ZN5ScaleItfE3setEt)
    Scale<unsigned short, float>::Scale__sub_object(unsigned short, unsigned short, float, float) 0x08002469   Thumb Code    66  analog_monitor.o(.text._ZN5ScaleItfEC2Ettff)
    Scale<unsigned short, float>::operator=(unsigned short) 0x080024ad   Thumb Code    28  analog_monitor.o(.text._ZN5ScaleItfEaSEt)
    MovAvg::updateSomewhere()                0x080024c9   Thumb Code   128  moving_avg.o(.text._ZN6MovAvg15updateSomewhereEv)
    MovAvg::get()                            0x08002549   Thumb Code    12  moving_avg.o(.text._ZN6MovAvg3getEv)
    MovAvg::set(float)                       0x08002555   Thumb Code    24  moving_avg.o(.text._ZN6MovAvg3setEf)
    MovAvg::MovAvg(unsigned char)            0x0800256d   Thumb Code   106  moving_avg.o(.text._ZN6MovAvgC2Eh)
    MovAvg::MovAvg__sub_object(unsigned char) 0x0800256d   Thumb Code   106  moving_avg.o(.text._ZN6MovAvgC2Eh)
    MovAvg::~MovAvg()                        0x080025d9   Thumb Code    44  moving_avg.o(.text._ZN6MovAvgD2Ev)
    MovAvg::~MovAvg__sub_object()            0x080025d9   Thumb Code    44  moving_avg.o(.text._ZN6MovAvgD2Ev)
    MovAvg::operator=(float)                 0x08002605   Thumb Code    24  moving_avg.o(.text._ZN6MovAvgaSEf)
    PIDreg::updateKoef()                     0x0800261d   Thumb Code   212  pid.o(.text._ZN6PIDreg10updateKoefEv)
    PIDreg::updateSomewhere()                0x080026f1   Thumb Code   196  pid.o(.text._ZN6PIDreg15updateSomewhereEv)
    PIDreg::getT()                           0x080027b5   Thumb Code    18  pid.o(.text._ZN6PIDreg4getTEv)
    PIDreg::reset()                          0x080027c9   Thumb Code    20  pid.o(.text._ZN6PIDreg5resetEv)
    PIDreg::setKp(float)                     0x080027dd   Thumb Code    22  pid.o(.text._ZN6PIDreg5setKpEf)
    PIDreg::setPv(float)                     0x080027f5   Thumb Code    24  pid.o(.text._ZN6PIDreg5setPvEf)
    PIDreg::setTd(float)                     0x0800280d   Thumb Code    22  pid.o(.text._ZN6PIDreg5setTdEf)
    PIDreg::setTi(float)                     0x08002825   Thumb Code    22  pid.o(.text._ZN6PIDreg5setTiEf)
    PIDreg::setAuto(bool)                    0x0800283d   Thumb Code    26  pid.o(.text._ZN6PIDreg7setAutoEb)
    PIDreg::PIDreg(unsigned short, float, float, float, float, float, float, float, bool) 0x08002859   Thumb Code   180  pid.o(.text._ZN6PIDregC2Etfffffffb)
    PIDreg::PIDreg__sub_object(unsigned short, float, float, float, float, float, float, float, bool) 0x08002859   Thumb Code   180  pid.o(.text._ZN6PIDregC2Etfffffffb)
    PIDreg::operator=(float)                 0x0800290d   Thumb Code    24  pid.o(.text._ZN6PIDregaSEf)
    Counter::Counter(IMPULSE, unsigned int)  0x08002925   Thumb Code    34  counter.o(.text._ZN7CounterC2E7IMPULSEj)
    Counter::Counter__sub_object(IMPULSE, unsigned int) 0x08002925   Thumb Code    34  counter.o(.text._ZN7CounterC2E7IMPULSEj)
    ISwitch::ISwitch__sub_object()           0x08002949   Thumb Code    22  coil.o(.text._ZN7ISwitchC2Ev)
    Monitor::setValueMax(float)              0x08002961   Thumb Code    28  monitor.o(.text._ZN7Monitor11setValueMaxEf)
    Monitor::get()                           0x0800297d   Thumb Code    12  monitor.o(.text._ZN7Monitor3getEv)
    Monitor::set(float)                      0x08002989   Thumb Code    30  monitor.o(.text._ZN7Monitor3setEf)
    Monitor::update1ms()                     0x080029a9   Thumb Code   242  monitor.o(.text._ZN7Monitor9update1msEv)
    Monitor::Monitor(float, float)           0x08002a9d   Thumb Code   174  monitor.o(.text._ZN7MonitorC2Eff)
    Monitor::Monitor__sub_object(float, float) 0x08002a9d   Thumb Code   174  monitor.o(.text._ZN7MonitorC2Eff)
    Monitor::~Monitor()                      0x08002b4d   Thumb Code    80  monitor.o(.text._ZN7MonitorD2Ev)
    Monitor::~Monitor__sub_object()          0x08002b4d   Thumb Code    80  monitor.o(.text._ZN7MonitorD2Ev)
    OnDelay::update1ms()                     0x08002b9d   Thumb Code    16  on_delay.o(.text._ZN7OnDelay9update1msEv)
    OnDelay::OnDelay(unsigned int)           0x08002bad   Thumb Code    50  on_delay.o(.text._ZN7OnDelayC2Ej)
    OnDelay::OnDelay__sub_object(unsigned int) 0x08002bad   Thumb Code    50  on_delay.o(.text._ZN7OnDelayC2Ej)
    OffDelay::update1ms()                    0x08002be1   Thumb Code    16  off_delay.o(.text._ZN8OffDelay9update1msEv)
    OffDelay::OffDelay(unsigned int)         0x08002bf1   Thumb Code    50  off_delay.o(.text._ZN8OffDelayC2Ej)
    OffDelay::OffDelay__sub_object(unsigned int) 0x08002bf1   Thumb Code    50  off_delay.o(.text._ZN8OffDelayC2Ej)
    Sequence::lock(bool)                     0x08002c25   Thumb Code    24  sequence.o(.text._ZN8Sequence4lockEb)
    Sequence::start(bool)                    0x08002c3d   Thumb Code    44  sequence.o(.text._ZN8Sequence5startEb)
    Sequence::finish(bool)                   0x08002c69   Thumb Code    68  sequence.o(.text._ZN8Sequence6finishEb)
    Sequence::locked()                       0x08002cad   Thumb Code    16  sequence.o(.text._ZN8Sequence6lockedEv)
    Sequence::started()                      0x08002cbd   Thumb Code    42  sequence.o(.text._ZN8Sequence7startedEv)
    Sequence::finished()                     0x08002ce9   Thumb Code    16  sequence.o(.text._ZN8Sequence8finishedEv)
    Sequence::isMyStep()                     0x08002cf9   Thumb Code    24  sequence.o(.text._ZN8Sequence8isMyStepEv)
    Sequence::Sequence(unsigned char*, unsigned char) 0x08002d11   Thumb Code    38  sequence.o(.text._ZN8SequenceC2EPhh)
    Sequence::Sequence__sub_object(unsigned char*, unsigned char) 0x08002d11   Thumb Code    38  sequence.o(.text._ZN8SequenceC2EPhh)
    AnalogOut::update1ms()                   0x08002d39   Thumb Code    36  analog_out.o(.text._ZN9AnalogOut9update1msEv)
    AnalogOut::AnalogOut(unsigned short, unsigned int, float, float, float, float) 0x08002d5d   Thumb Code   108  analog_out.o(.text._ZN9AnalogOutC2Etjffff)
    AnalogOut::AnalogOut__sub_object(unsigned short, unsigned int, float, float, float, float) 0x08002d5d   Thumb Code   108  analog_out.o(.text._ZN9AnalogOutC2Etjffff)
    AnalogOut::~AnalogOut()                  0x08002dc9   Thumb Code    46  analog_out.o(.text._ZN9AnalogOutD2Ev)
    AnalogOut::~AnalogOut__sub_object()      0x08002dc9   Thumb Code    46  analog_out.o(.text._ZN9AnalogOutD2Ev)
    AnalogOut::operator=(float)              0x08002df9   Thumb Code    24  analog_out.o(.text._ZN9AnalogOutaSEf)
    RFimpulse::get()                         0x08002e11   Thumb Code    32  rf_impulse.o(.text._ZN9RFimpulse3getEv)
    RFimpulse::set(bool)                     0x08002e31   Thumb Code   138  rf_impulse.o(.text._ZN9RFimpulse3setEb)
    RFimpulse::RFimpulse(IMPULSE)            0x08002ebd   Thumb Code    20  rf_impulse.o(.text._ZN9RFimpulseC2E7IMPULSE)
    RFimpulse::RFimpulse__sub_object(IMPULSE) 0x08002ebd   Thumb Code    20  rf_impulse.o(.text._ZN9RFimpulseC2E7IMPULSE)
    RFimpulse::operator=(bool)               0x08002ed1   Thumb Code    32  rf_impulse.o(.text._ZN9RFimpulseaSEb)
    TwoPosTim::update1ms()                   0x08002ef1   Thumb Code   134  two_pos.o(.text._ZN9TwoPosTim9update1msEv)
    TwoPosTim::TwoPosTim(float, unsigned short, unsigned short, bool) 0x08002f79   Thumb Code   122  two_pos.o(.text._ZN9TwoPosTimC2Efttb)
    TwoPosTim::TwoPosTim__sub_object(float, unsigned short, unsigned short, bool) 0x08002f79   Thumb Code   122  two_pos.o(.text._ZN9TwoPosTimC2Efttb)
    TwoPosTim::~TwoPosTim()                  0x08002ff5   Thumb Code    68  two_pos.o(.text._ZN9TwoPosTimD2Ev)
    TwoPosTim::~TwoPosTim__sub_object()      0x08002ff5   Thumb Code    68  two_pos.o(.text._ZN9TwoPosTimD2Ev)
    std::__terminate(void (*)())             0x08003039   Thumb Code     8  cxa_handlers.cpp.o(.text._ZSt11__terminatePFvvE)
    std::get_new_handler()                   0x08003069   Thumb Code    12  cxa_handlers.cpp.o(.text._ZSt15get_new_handlerv)
    std::terminate()                         0x08003075   Thumb Code    14  cxa_handlers.cpp.o(.text._ZSt9terminatev)
    non-virtual thunk to CoilOffDelay::setValue(bool) 0x08003085   Thumb Code    26  coil_with_timer.o(.text._ZThn16_N12CoilOffDelay8setValueEb)
    non-virtual thunk to PulseInterrapt::update1ms() 0x080030a1   Thumb Code    14  pulse.o(.text._ZThn16_N14PulseInterrapt9update1msEv)
    non-virtual thunk to SimpleInputDelayed::isActive() 0x080030b1   Thumb Code    14  simple_input.o(.text._ZThn16_N18SimpleInputDelayed8isActiveEv)
    non-virtual thunk to OnDelay::update1ms() 0x080030c1   Thumb Code    14  on_delay.o(.text._ZThn16_N7OnDelay9update1msEv)
    non-virtual thunk to OffDelay::update1ms() 0x080030d1   Thumb Code    14  off_delay.o(.text._ZThn16_N8OffDelay9update1msEv)
    non-virtual thunk to SequenceDelayed::update1ms() 0x080030e1   Thumb Code    14  sequence.o(.text._ZThn28_N15SequenceDelayed9update1msEv)
    non-virtual thunk to CoilOffDelay::update1ms() 0x080030f1   Thumb Code    14  coil_with_timer.o(.text._ZThn32_N12CoilOffDelay9update1msEv)
    non-virtual thunk to SimpleInputDelayed::update1ms() 0x08003101   Thumb Code    14  simple_input.o(.text._ZThn32_N18SimpleInputDelayed9update1msEv)
    operator delete[](void*)                 0x0800310f   Thumb Code     4  new.cpp.o(.text._ZdaPv)
    operator delete(void*)                   0x08003113   Thumb Code     4  new.cpp.o(.text._ZdlPv)
    operator delete(void*, unsigned int)     0x08003117   Thumb Code     4  new.cpp.o(.text._ZdlPvj)
    operator new[](unsigned int)             0x0800311b   Thumb Code     4  new.cpp.o(.text._Znaj)
    operator new(unsigned int)               0x08003121   Thumb Code    38  new.cpp.o(.text._Znwj)
    __cxa_pure_virtual                       0x08003149   Thumb Code     8  cxa_virtual.cpp.o(.text.__cxa_pure_virtual)
    __cxa_throw_bad_array_new_length         0x08003171   Thumb Code     4  cxa_aux_runtime.cpp.o(.text.__cxa_throw_bad_array_new_length)
    abort_message                            0x08003411   Thumb Code     4  abort_message.cpp.o(.text.abort_message)
    main                                     0x08003415   Thumb Code   138  main.o(.text.main)
    pvPortMalloc                             0x080040d1   Thumb Code   390  heap_4.o(.text.pvPortMalloc)
    pxPortInitialiseStack                    0x08004259   Thumb Code    80  port.o(.text.pxPortInitialiseStack)
    uxListRemove                             0x080042a9   Thumb Code    72  list.o(.text.uxListRemove)
    vApplicationIdleHook                     0x080042f1   Thumb Code     2  main.o(.text.vApplicationIdleHook)
    vApplicationStackOverflowHook            0x080042f5   Thumb Code    10  main.o(.text.vApplicationStackOverflowHook)
    vApplicationTickHook                     0x08004301   Thumb Code     2  main.o(.text.vApplicationTickHook)
    vListInitialise                          0x08004305   Thumb Code    46  list.o(.text.vListInitialise)
    vListInitialiseItem                      0x08004335   Thumb Code    14  list.o(.text.vListInitialiseItem)
    vListInsert                              0x08004345   Thumb Code   106  list.o(.text.vListInsert)
    vPortEnterCritical                       0x080043b1   Thumb Code    48  port.o(.text.vPortEnterCritical)
    vPortExitCritical                        0x080043e1   Thumb Code    38  port.o(.text.vPortExitCritical)
    vPortFree                                0x08004409   Thumb Code   118  heap_4.o(.text.vPortFree)
    vPortSetupTimerInterrupt                 0x08004481   Thumb Code    46  port.o(.text.vPortSetupTimerInterrupt)
    vQueueWaitForMessageRestricted           0x080044b1   Thumb Code   100  queue.o(.text.vQueueWaitForMessageRestricted)
    vTaskDelay                               0x08004515   Thumb Code    74  tasks.o(.text.vTaskDelay)
    vTaskInternalSetTimeOutState             0x08004561   Thumb Code    36  tasks.o(.text.vTaskInternalSetTimeOutState)
    vTaskMissedYield                         0x08004585   Thumb Code    14  tasks.o(.text.vTaskMissedYield)
    vTaskPlaceOnEventList                    0x08004595   Thumb Code    38  tasks.o(.text.vTaskPlaceOnEventList)
    vTaskPlaceOnEventListRestricted          0x080045bd   Thumb Code    96  tasks.o(.text.vTaskPlaceOnEventListRestricted)
    vTaskStartScheduler                      0x0800461d   Thumb Code   148  tasks.o(.text.vTaskStartScheduler)
    vTaskSuspendAll                          0x080046b1   Thumb Code    16  tasks.o(.text.vTaskSuspendAll)
    vTaskSwitchContext                       0x080046c1   Thumb Code   236  tasks.o(.text.vTaskSwitchContext)
    xPortStartScheduler                      0x080047ad   Thumb Code    64  port.o(.text.xPortStartScheduler)
    xQueueGenericCreate                      0x080047ed   Thumb Code   126  queue.o(.text.xQueueGenericCreate)
    xQueueGenericReset                       0x0800486d   Thumb Code   208  queue.o(.text.xQueueGenericReset)
    xQueueReceive                            0x0800493d   Thumb Code   338  queue.o(.text.xQueueReceive)
    xTaskCheckForTimeOut                     0x08004a91   Thumb Code   154  tasks.o(.text.xTaskCheckForTimeOut)
    xTaskCreate                              0x08004b2d   Thumb Code   160  tasks.o(.text.xTaskCreate)
    xTaskGetTickCount                        0x08004bcd   Thumb Code    20  tasks.o(.text.xTaskGetTickCount)
    xTaskIncrementTick                       0x08004be1   Thumb Code   596  tasks.o(.text.xTaskIncrementTick)
    xTaskRemoveFromEventList                 0x08004e35   Thumb Code   368  tasks.o(.text.xTaskRemoveFromEventList)
    xTaskResumeAll                           0x08004fa5   Thumb Code   510  tasks.o(.text.xTaskResumeAll)
    xTimerCreateTimerTask                    0x080051a5   Thumb Code    80  timers.o(.text.xTimerCreateTimerTask)
    __aeabi_fadd                             0x080051f5   Thumb Code     0  faddsub_clz.o(x$fpl$fadd)
    _fadd                                    0x080051f5   Thumb Code   196  faddsub_clz.o(x$fpl$fadd)
    __aeabi_fcmpeq                           0x080052b9   Thumb Code     0  fcmp.o(x$fpl$fcmp)
    _feq                                     0x080052b9   Thumb Code    14  fcmp.o(x$fpl$fcmp)
    _fneq                                    0x080052c7   Thumb Code    14  fcmp.o(x$fpl$fcmp)
    __aeabi_fcmpgt                           0x080052d5   Thumb Code     0  fcmp.o(x$fpl$fcmp)
    _fgr                                     0x080052d5   Thumb Code    14  fcmp.o(x$fpl$fcmp)
    __aeabi_fcmpge                           0x080052e3   Thumb Code     0  fcmp.o(x$fpl$fcmp)
    _fgeq                                    0x080052e3   Thumb Code    14  fcmp.o(x$fpl$fcmp)
    __aeabi_fcmple                           0x080052f1   Thumb Code     0  fcmp.o(x$fpl$fcmp)
    _fleq                                    0x080052f1   Thumb Code    14  fcmp.o(x$fpl$fcmp)
    __aeabi_fcmplt                           0x080052ff   Thumb Code     0  fcmp.o(x$fpl$fcmp)
    _fls                                     0x080052ff   Thumb Code    14  fcmp.o(x$fpl$fcmp)
    __fpl_fcmp_Inf                           0x0800530d   Thumb Code    24  fcmpi.o(x$fpl$fcmpinf)
    __aeabi_fdiv                             0x08005325   Thumb Code     0  fdiv.o(x$fpl$fdiv)
    _fdiv                                    0x08005325   Thumb Code   384  fdiv.o(x$fpl$fdiv)
    __aeabi_cfcmpeq                          0x080054a9   Thumb Code     0  feqf.o(x$fpl$feqf)
    _fcmpeq                                  0x080054a9   Thumb Code   104  feqf.o(x$fpl$feqf)
    __aeabi_f2iz                             0x08005511   Thumb Code     0  ffix.o(x$fpl$ffix)
    _ffix                                    0x08005511   Thumb Code    54  ffix.o(x$fpl$ffix)
    __aeabi_i2f                              0x08005549   Thumb Code     0  fflt_clz.o(x$fpl$fflt)
    _fflt                                    0x08005549   Thumb Code    48  fflt_clz.o(x$fpl$fflt)
    __aeabi_ui2f                             0x08005579   Thumb Code     0  fflt_clz.o(x$fpl$ffltu)
    _ffltu                                   0x08005579   Thumb Code    38  fflt_clz.o(x$fpl$ffltu)
    _fcmpge                                  0x080055a1   Thumb Code   104  fgeqf.o(x$fpl$fgeqf)
    __aeabi_cfcmple                          0x08005609   Thumb Code     0  fleqf.o(x$fpl$fleqf)
    _fcmple                                  0x08005609   Thumb Code   104  fleqf.o(x$fpl$fleqf)
    __fpl_fcmple_InfNaN                      0x0800565b   Thumb Code     0  fleqf.o(x$fpl$fleqf)
    __aeabi_fmul                             0x08005671   Thumb Code     0  fmul.o(x$fpl$fmul)
    _fmul                                    0x08005671   Thumb Code   258  fmul.o(x$fpl$fmul)
    __fpl_fnaninf                            0x08005773   Thumb Code   140  fnaninf.o(x$fpl$fnaninf)
    __fpl_fretinf                            0x080057ff   Thumb Code    10  fretinf.o(x$fpl$fretinf)
    __aeabi_fsub                             0x08005809   Thumb Code     0  faddsub_clz.o(x$fpl$fsub)
    _fsub                                    0x08005809   Thumb Code   234  faddsub_clz.o(x$fpl$fsub)
    AHBPrescTable                            0x080058f2   Data          16  system_stm32f10x.o(.rodata.AHBPrescTable)
    __I$use$fp                               0x080058f2   Number         0  usenofp.o(x$fpl$usenofp)
    vtable for CommonTimer                   0x08005904   Data          12  common_timer.o(.rodata._ZTV11CommonTimer)
    vtable for IUpdated1ms                   0x08005910   Data          12  coil_with_timer.o(.rodata._ZTV11IUpdated1ms)
    vtable for PulseCommon                   0x0800591c   Data          12  pulse.o(.rodata._ZTV11PulseCommon)
    vtable for SimpleInput                   0x08005928   Data          12  simple_input.o(.rodata._ZTV11SimpleInput)
    vtable for ThreePosReg                   0x08005934   Data          12  three_pos.o(.rodata._ZTV11ThreePosReg)
    vtable for CoilOffDelay                  0x08005940   Data          48  coil_with_timer.o(.rodata._ZTV12CoilOffDelay)
    vtable for ProgrammCoil                  0x08005970   Data          16  coil.o(.rodata._ZTV12ProgrammCoil)
    vtable for AnalogMonitor                 0x08005980   Data          12  analog_monitor.o(.rodata._ZTV13AnalogMonitor)
    vtable for OnDelayCommon                 0x0800598c   Data          12  on_delay.o(.rodata._ZTV13OnDelayCommon)
    vtable for OffDelayCommon                0x08005998   Data          12  off_delay.o(.rodata._ZTV14OffDelayCommon)
    vtable for PulseInterrapt                0x080059a4   Data          28  pulse.o(.rodata._ZTV14PulseInterrapt)
    vtable for SequenceDelayed               0x080059c0   Data          28  sequence.o(.rodata._ZTV15SequenceDelayed)
    vtable for IUpdatedSomewhere             0x080059dc   Data          12  main.o(.rodata._ZTV17IUpdatedSomewhere)
    vtable for SimpleInputDelayed            0x080059e8   Data          44  simple_input.o(.rodata._ZTV18SimpleInputDelayed)
    vtable for Coil                          0x08005a14   Data          16  coil.o(.rodata._ZTV4Coil)
    vtable for Ramp                          0x08005a24   Data          12  ramp.o(.rodata._ZTV4Ramp)
    vtable for Scale<float, short>           0x08005a30   Data          12  main.o(.rodata._ZTV5ScaleIfsE)
    vtable for Scale<float, unsigned short>  0x08005a3c   Data          12  analog_out.o(.rodata._ZTV5ScaleIftE)
    vtable for Scale<unsigned short, float>  0x08005a48   Data          12  analog_monitor.o(.rodata._ZTV5ScaleItfE)
    vtable for MovAvg                        0x08005a54   Data          12  moving_avg.o(.rodata._ZTV6MovAvg)
    vtable for PIDreg                        0x08005a60   Data          12  pid.o(.rodata._ZTV6PIDreg)
    vtable for ISwitch                       0x08005a6c   Data          12  coil.o(.rodata._ZTV7ISwitch)
    vtable for Monitor                       0x08005a78   Data          12  monitor.o(.rodata._ZTV7Monitor)
    vtable for OnDelay                       0x08005a84   Data          28  on_delay.o(.rodata._ZTV7OnDelay)
    vtable for OffDelay                      0x08005aa0   Data          28  off_delay.o(.rodata._ZTV8OffDelay)
    vtable for AnalogOut                     0x08005abc   Data          12  analog_out.o(.rodata._ZTV9AnalogOut)
    vtable for TwoPosTim                     0x08005ac8   Data          12  two_pos.o(.rodata._ZTV9TwoPosTim)
    uxTopUsedPriority                        0x08005afc   Data           4  tasks.o(.rodata.uxTopUsedPriority)
    Region$$Table$$Base                      0x08005b00   Number         0  anon$$obj.o(Region$$Table)
    Region$$Table$$Limit                     0x08005b20   Number         0  anon$$obj.o(Region$$Table)
    SHT$$INIT_ARRAY$$Base                    0x08005b20   Number         0  main.o(.init_array)
    SHT$$INIT_ARRAY$$Limit                   0x08005b28   Number         0  init_aeabi.o(.init_array)
    SystemCoreClock                          0x20000000   Data           4  system_stm32f10x.o(.data.SystemCoreClock)
    __cxa_terminate_handler                  0x20000004   Data           4  cxa_default_handlers.cpp.o(.data.__cxa_terminate_handler)
    updateObjects                            0x20000008   Data          48  main.o(.data.updateObjects)
    updateObjectsSize                        0x20000038   Data           1  main.o(.data.updateObjectsSize)
    __libspace_start                         0x20000040   Data          96  libspace.o(.bss)
    __cxa_new_handler                        0x200000a0   Data           4  cxa_default_handlers.cpp.o(.bss.__cxa_new_handler)
    __temporary_stack_top$libspace           0x200000a0   Data           0  libspace.o(.bss)
    adcMonitor                               0x200000a4   Data          52  main.o(.bss.adcMonitor)
    adcValues                                0x200000d8   Data           4  main.o(.bss.adcValues)
    analogOut                                0x200000dc   Data          40  main.o(.bss.analogOut)
    avg                                      0x20000104   Data          20  main.o(.bss.avg)
    button                                   0x20000118   Data          36  main.o(.bss.button)
    counter                                  0x2000013c   Data           8  main.o(.bss.counter)
    delay                                    0x20000144   Data          20  main.o(.bss.delay)
    led                                      0x20000158   Data          36  main.o(.bss.led)
    offDelay                                 0x2000017c   Data          20  main.o(.bss.offDelay)
    onDelay                                  0x20000190   Data          20  main.o(.bss.onDelay)
    pid                                      0x200001a4   Data          72  main.o(.bss.pid)
    pulse                                    0x200001f0   Data          20  main.o(.bss.pulse)
    pxCurrentTCB                             0x20000204   Data           4  tasks.o(.bss.pxCurrentTCB)
    ramp                                     0x20000280   Data          36  main.o(.bss.ramp)
    reslt                                    0x200002a4   Data           1  test_task.o(.bss.reslt)
    rest                                     0x200002a5   Data           1  test_task.o(.bss.rest)
    rise                                     0x200002a6   Data           3  test_task.o(.bss.rise)
    scale                                    0x200002ac   Data          24  main.o(.bss.scale)
    seq1                                     0x200002c4   Data          12  main.o(.bss.seq1)
    seq2                                     0x200002d0   Data          32  main.o(.bss.seq2)
    seq_finish                               0x200002f0   Data           1  test_task.o(.bss.seq_finish)
    seq_lock                                 0x200002f1   Data           1  test_task.o(.bss.seq_lock)
    seq_start                                0x200002f2   Data           1  test_task.o(.bss.seq_start)
    step                                     0x200002f3   Data           1  main.o(.bss.step)
    strt                                     0x200002f4   Data           1  test_task.o(.bss.strt)
    threePosReg                              0x200002f8   Data          36  main.o(.bss.threePosReg)
    twoPos                                   0x2000031c   Data          24  main.o(.bss.twoPos)



==============================================================================

Memory Map of the image

  Image Entry point : 0x080000ed

  Load Region LR_IROM1 (Base: 0x08000000, Size: 0x00005b68, Max: 0x00010000, ABSOLUTE)

    Execution Region ER_IROM1 (Exec base: 0x08000000, Load base: 0x08000000, Size: 0x00005b28, Max: 0x00010000, ABSOLUTE)

    Exec Addr    Load Addr    Size         Type   Attr      Idx    E Section Name        Object

    0x08000000   0x08000000   0x000000ec   Data   RO         1344    RESET               startup_stm32f10x_md.o
    0x080000ec   0x080000ec   0x00000008   Code   RO         1385  * !!!main             c_w.l(__main.o)
    0x080000f4   0x080000f4   0x00000034   Code   RO         1816    !!!scatter          c_w.l(__scatter.o)
    0x08000128   0x08000128   0x0000001a   Code   RO         1818    !!handler_copy      c_w.l(__scatter_copy.o)
    0x08000142   0x08000142   0x00000002   PAD
    0x08000144   0x08000144   0x0000001c   Code   RO         1820    !!handler_zi        c_w.l(__scatter_zi.o)
    0x08000160   0x08000160   0x00000002   Code   RO         1754    .ARM.Collect$$libinit$$00000000  c_w.l(libinit.o)
    0x08000162   0x08000162   0x00000000   Code   RO         1554    .ARM.Collect$$libinit$$00000002  c_w.l(libinit2.o)
    0x08000162   0x08000162   0x00000000   Code   RO         1556    .ARM.Collect$$libinit$$00000004  c_w.l(libinit2.o)
    0x08000162   0x08000162   0x00000000   Code   RO         1558    .ARM.Collect$$libinit$$00000006  c_w.l(libinit2.o)
    0x08000162   0x08000162   0x00000008   Code   RO         1559    .ARM.Collect$$libinit$$00000007  c_w.l(libinit2.o)
    0x0800016a   0x0800016a   0x00000000   Code   RO         1561    .ARM.Collect$$libinit$$0000000C  c_w.l(libinit2.o)
    0x0800016a   0x0800016a   0x00000000   Code   RO         1563    .ARM.Collect$$libinit$$0000000E  c_w.l(libinit2.o)
    0x0800016a   0x0800016a   0x00000000   Code   RO         1565    .ARM.Collect$$libinit$$00000010  c_w.l(libinit2.o)
    0x0800016a   0x0800016a   0x00000000   Code   RO         1568    .ARM.Collect$$libinit$$00000013  c_w.l(libinit2.o)
    0x0800016a   0x0800016a   0x00000000   Code   RO         1570    .ARM.Collect$$libinit$$00000015  c_w.l(libinit2.o)
    0x0800016a   0x0800016a   0x00000000   Code   RO         1572    .ARM.Collect$$libinit$$00000017  c_w.l(libinit2.o)
    0x0800016a   0x0800016a   0x00000000   Code   RO         1574    .ARM.Collect$$libinit$$00000019  c_w.l(libinit2.o)
    0x0800016a   0x0800016a   0x00000000   Code   RO         1576    .ARM.Collect$$libinit$$0000001B  c_w.l(libinit2.o)
    0x0800016a   0x0800016a   0x00000000   Code   RO         1578    .ARM.Collect$$libinit$$0000001D  c_w.l(libinit2.o)
    0x0800016a   0x0800016a   0x00000000   Code   RO         1580    .ARM.Collect$$libinit$$0000001F  c_w.l(libinit2.o)
    0x0800016a   0x0800016a   0x00000000   Code   RO         1582    .ARM.Collect$$libinit$$00000021  c_w.l(libinit2.o)
    0x0800016a   0x0800016a   0x00000000   Code   RO         1584    .ARM.Collect$$libinit$$00000023  c_w.l(libinit2.o)
    0x0800016a   0x0800016a   0x00000000   Code   RO         1586    .ARM.Collect$$libinit$$00000025  c_w.l(libinit2.o)
    0x0800016a   0x0800016a   0x00000000   Code   RO         1588    .ARM.Collect$$libinit$$00000027  c_w.l(libinit2.o)
    0x0800016a   0x0800016a   0x00000000   Code   RO         1592    .ARM.Collect$$libinit$$0000002E  c_w.l(libinit2.o)
    0x0800016a   0x0800016a   0x00000000   Code   RO         1594    .ARM.Collect$$libinit$$00000030  c_w.l(libinit2.o)
    0x0800016a   0x0800016a   0x00000000   Code   RO         1596    .ARM.Collect$$libinit$$00000032  c_w.l(libinit2.o)
    0x0800016a   0x0800016a   0x00000004   Code   RO         1597    .ARM.Collect$$libinit$$00000033  c_w.l(libinit2.o)
    0x0800016e   0x0800016e   0x00000000   Code   RO         1598    .ARM.Collect$$libinit$$00000034  c_w.l(libinit2.o)
    0x0800016e   0x0800016e   0x00000002   Code   RO         1599    .ARM.Collect$$libinit$$00000035  c_w.l(libinit2.o)
    0x08000170   0x08000170   0x00000002   Code   RO         1814    .ARM.Collect$$libshutdown$$00000000  c_w.l(libshutdown.o)
    0x08000172   0x08000172   0x00000006   Code   RO         1755    .ARM.Collect$$libshutdown$$00000001  c_w.l(libshutdown2.o)
    0x08000178   0x08000178   0x00000000   Code   RO         1756    .ARM.Collect$$libshutdown$$00000002  c_w.l(libshutdown2.o)
    0x08000178   0x08000178   0x00000000   Code   RO         1758    .ARM.Collect$$libshutdown$$00000004  c_w.l(libshutdown2.o)
    0x08000178   0x08000178   0x00000000   Code   RO         1761    .ARM.Collect$$libshutdown$$00000007  c_w.l(libshutdown2.o)
    0x08000178   0x08000178   0x00000000   Code   RO         1764    .ARM.Collect$$libshutdown$$0000000A  c_w.l(libshutdown2.o)
    0x08000178   0x08000178   0x00000000   Code   RO         1766    .ARM.Collect$$libshutdown$$0000000C  c_w.l(libshutdown2.o)
    0x08000178   0x08000178   0x00000000   Code   RO         1769    .ARM.Collect$$libshutdown$$0000000F  c_w.l(libshutdown2.o)
    0x08000178   0x08000178   0x00000002   Code   RO         1770    .ARM.Collect$$libshutdown$$00000010  c_w.l(libshutdown2.o)
    0x0800017a   0x0800017a   0x00000000   Code   RO         1476    .ARM.Collect$$rtentry$$00000000  c_w.l(__rtentry.o)
    0x0800017a   0x0800017a   0x00000000   Code   RO         1642    .ARM.Collect$$rtentry$$00000002  c_w.l(__rtentry2.o)
    0x0800017a   0x0800017a   0x00000006   Code   RO         1654    .ARM.Collect$$rtentry$$00000004  c_w.l(__rtentry4.o)
    0x08000180   0x08000180   0x00000000   Code   RO         1644    .ARM.Collect$$rtentry$$00000009  c_w.l(__rtentry2.o)
    0x08000180   0x08000180   0x00000004   Code   RO         1645    .ARM.Collect$$rtentry$$0000000A  c_w.l(__rtentry2.o)
    0x08000184   0x08000184   0x00000000   Code   RO         1647    .ARM.Collect$$rtentry$$0000000C  c_w.l(__rtentry2.o)
    0x08000184   0x08000184   0x00000008   Code   RO         1648    .ARM.Collect$$rtentry$$0000000D  c_w.l(__rtentry2.o)
    0x0800018c   0x0800018c   0x00000002   Code   RO         1771    .ARM.Collect$$rtexit$$00000000  c_w.l(rtexit.o)
    0x0800018e   0x0800018e   0x00000000   Code   RO         1786    .ARM.Collect$$rtexit$$00000002  c_w.l(rtexit2.o)
    0x0800018e   0x0800018e   0x00000004   Code   RO         1787    .ARM.Collect$$rtexit$$00000003  c_w.l(rtexit2.o)
    0x08000192   0x08000192   0x00000006   Code   RO         1788    .ARM.Collect$$rtexit$$00000004  c_w.l(rtexit2.o)
    0x08000198   0x08000198   0x00000040   Code   RO         1345    .text               startup_stm32f10x_md.o
    0x080001d8   0x080001d8   0x0000000a   Code   RO         1372    .text               c_w.l(cxa_atexit.o)
    0x080001e2   0x080001e2   0x0000008a   Code   RO         1375    .text               c_w.l(rt_memcpy_v6.o)
    0x0800026c   0x0800026c   0x00000010   Code   RO         1377    .text               c_w.l(aeabi_memset4.o)
    0x0800027c   0x0800027c   0x00000044   Code   RO         1379    .text               c_w.l(rt_memclr.o)
    0x080002c0   0x080002c0   0x0000004e   Code   RO         1381    .text               c_w.l(rt_memclr_w.o)
    0x0800030e   0x0800030e   0x00000006   Code   RO         1383    .text               c_w.l(heapauxi.o)
    0x08000314   0x08000314   0x00000024   Code   RO         1390    .text               c_w.l(init_aeabi.o)
    0x08000338   0x08000338   0x0000005e   Code   RO         1481    .text               c_w.l(h1_alloc.o)
    0x08000396   0x08000396   0x0000004e   Code   RO         1483    .text               c_w.l(h1_free.o)
    0x080003e4   0x080003e4   0x00000016   Code   RO         1543    .text               c_w.l(abort.o)
    0x080003fa   0x080003fa   0x0000002e   Code   RO         1548    .text               c_w.l(aeabi_atexit.o)
    0x08000428   0x08000428   0x00000064   Code   RO         1551    .text               c_w.l(rt_memcpy_w.o)
    0x0800048c   0x0800048c   0x0000000c   Code   RO         1635    .text               c_w.l(sys_exit.o)
    0x08000498   0x08000498   0x00000008   Code   RO         1659    .text               c_w.l(rt_heap_descriptor_intlibspace.o)
    0x080004a0   0x080004a0   0x00000008   Code   RO         1664    .text               c_w.l(rt_ddtor_pointer_addr_intlibspace.o)
    0x080004a8   0x080004a8   0x00000004   Code   RO         1666    .text               c_w.l(hguard.o)
    0x080004ac   0x080004ac   0x0000008a   Code   RO         1668    .text               c_w.l(init_alloc.o)
    0x08000536   0x08000536   0x0000000e   Code   RO         1672    .text               c_w.l(h1_init.o)
    0x08000544   0x08000544   0x00000042   Code   RO         1684    .text               c_w.l(cxa_finalize.o)
    0x08000586   0x08000586   0x0000000e   Code   RO         1687    .text               c_w.l(defsig_abrt_outer.o)
    0x08000594   0x08000594   0x00000008   Code   RO         1714    .text               c_w.l(libspace.o)
    0x0800059c   0x0800059c   0x00000002   Code   RO         1717    .text               c_w.l(use_no_semi.o)
    0x0800059e   0x0800059e   0x00000000   Code   RO         1719    .text               c_w.l(indicate_semi.o)
    0x0800059e   0x0800059e   0x0000004a   Code   RO         1720    .text               c_w.l(sys_stackheap_outer.o)
    0x080005e8   0x080005e8   0x00000000   Code   RO         1726    .text               c_w.l(maybetermalloc1.o)
    0x080005e8   0x080005e8   0x00000034   Code   RO         1728    .text               c_w.l(h1_extend.o)
    0x0800061c   0x0800061c   0x00000012   Code   RO         1732    .text               c_w.l(exit.o)
    0x0800062e   0x0800062e   0x0000000a   Code   RO         1734    .text               c_w.l(defsig_exit.o)
    0x08000638   0x08000638   0x00000030   Code   RO         1736    .text               c_w.l(defsig_abrt_inner.o)
    0x08000668   0x08000668   0x0000000e   Code   RO         1738    .text               c_w.l(defsig_rtmem_outer.o)
    0x08000676   0x08000676   0x00000032   Code   RO         1777    .text               c_w.l(defsig_general.o)
    0x080006a8   0x080006a8   0x00000050   Code   RO         1779    .text               c_w.l(defsig_rtmem_inner.o)
    0x080006f8   0x080006f8   0x0000000e   Code   RO         1781    .text               c_w.l(sys_wrch.o)
    0x08000706   0x08000706   0x0000000a   PAD
    0x08000710   0x08000710   0x00000044   Code   RO          532    .text.PendSV_Handler  port.o
    0x08000754   0x08000754   0x0000000c   PAD
    0x08000760   0x08000760   0x00000024   Code   RO          518    .text.SVC_Handler   port.o
    0x08000784   0x08000784   0x00000008   Code   RO         1353    .text.SetSysClock   system_stm32f10x.o
    0x0800078c   0x0800078c   0x00000122   Code   RO         1357    .text.SetSysClockTo72  system_stm32f10x.o
    0x080008ae   0x080008ae   0x00000002   PAD
    0x080008b0   0x080008b0   0x0000003c   Code   RO          534    .text.SysTick_Handler  port.o
    0x080008ec   0x080008ec   0x00000122   Code   RO         1355    .text.SystemCoreClockUpdate  system_stm32f10x.o
    0x08000a0e   0x08000a0e   0x00000002   PAD
    0x08000a10   0x08000a10   0x00000066   Code   RO         1351    .text.SystemInit    system_stm32f10x.o
    0x08000a76   0x08000a76   0x00000002   PAD
    0x08000a78   0x08000a78   0x0000004c   Code   RO           44    .text.TIM2_IRQHandler  main.o
    0x08000ac4   0x08000ac4   0x00000048   Code   RO           48    .text._GLOBAL__sub_I_main.cpp  main.o
    0x08000b0c   0x08000b0c   0x00000008   Code   RO          556    .text._GLOBAL__sub_I_test_task.cpp  test_task.o
    0x08000b14   0x08000b14   0x0000000e   Code   RO          602    .text._Z10commonInitv  init.o
    0x08000b22   0x08000b22   0x00000002   PAD
    0x08000b24   0x08000b24   0x00000040   Code   RO          593    .text._Z11getPositionj  common.o
    0x08000b64   0x08000b64   0x00000020   Code   RO          624    .text._Z11setRegisterIVjEvPT_jj  init.o
    0x08000b84   0x08000b84   0x00000044   Code   RO          626    .text._Z17setBitsInRegisterIVjEvPT_jj  init.o
    0x08000bc8   0x08000bc8   0x00000044   Code   RO          628    .text._Z17setBitsInRegisterIVtEvPT_jj  init.o
    0x08000c0c   0x08000c0c   0x00000022   Code   RO         1060    .text._Z3absIfET_S0_  pid.o
    0x08000c2e   0x08000c2e   0x00000002   PAD
    0x08000c30   0x08000c30   0x00000026   Code   RO         1062    .text._Z3maxIfET_S0_S0_  pid.o
    0x08000c56   0x08000c56   0x00000002   PAD
    0x08000c58   0x08000c58   0x00000034   Code   RO         1319    .text._Z3maxIhET_S0_S0_  moving_avg.o
    0x08000c8c   0x08000c8c   0x0000004c   Code   RO          578    .text._Z5limitIfET_S0_S0_S0_  test_task.o
    0x08000cd8   0x08000cd8   0x00000064   Code   RO          663    .text._Z5limitItET_S0_S0_S0_  analog_monitor.o
    0x08000d3c   0x08000d3c   0x0000001e   Code   RO          580    .text._Z6toggleIfEvPT_S1_  test_task.o
    0x08000d5a   0x08000d5a   0x00000002   PAD
    0x08000d5c   0x08000d5c   0x00000022   Code   RO          665    .text._Z6toggleItEvPT_S1_  analog_monitor.o
    0x08000d7e   0x08000d7e   0x00000002   PAD
    0x08000d80   0x08000d80   0x00000158   Code   RO          614    .text._Z7adcInitv   init.o
    0x08000ed8   0x08000ed8   0x0000002a   Code   RO          544    .text._Z7ledTaskPv  led_task.o
    0x08000f02   0x08000f02   0x00000002   PAD
    0x08000f04   0x08000f04   0x00000064   Code   RO          583    .text._Z7pidTaskPv  pidtask.o
    0x08000f68   0x08000f68   0x000000aa   Code   RO          616    .text._Z7pwmInitv   init.o
    0x08001012   0x08001012   0x00000002   PAD
    0x08001014   0x08001014   0x000000ce   Code   RO          606    .text._Z7rccInitv   init.o
    0x080010e2   0x080010e2   0x00000002   PAD
    0x080010e4   0x080010e4   0x00000014   Code   RO         1104    .text._Z8getRangeIfET_PKS0_  ramp.o
    0x080010f8   0x080010f8   0x00000162   Code   RO          554    .text._Z8testTaskPv  test_task.o
    0x0800125a   0x0800125a   0x00000002   PAD
    0x0800125c   0x0800125c   0x00000058   Code   RO          608    .text._Z8tickInitv  init.o
    0x080012b4   0x080012b4   0x00000030   Code   RO          610    .text._ZL16__NVIC_EnableIRQ4IRQn  init.o
    0x080012e4   0x080012e4   0x00000042   Code   RO          612    .text._ZL18__NVIC_SetPriority4IRQnj  init.o
    0x08001326   0x08001326   0x00000002   PAD
    0x08001328   0x08001328   0x0000003c   Code   RO          604    .text._ZL26__NVIC_SetPriorityGroupingj  init.o
    0x08001364   0x08001364   0x000000e2   Code   RO          787    .text._ZN10GPIOcommonC2EP12GPIO_TypeDefh  gpio_common.o
    0x08001446   0x08001446   0x00000002   PAD
    0x08001448   0x08001448   0x00000010   Code   RO          883    .text._ZN11CommonTimer10notStartedEv  common_timer.o
    0x08001458   0x08001458   0x00000016   Code   RO          885    .text._ZN11CommonTimer11notFinishedEv  common_timer.o
    0x0800146e   0x0800146e   0x00000002   PAD
    0x08001470   0x08001470   0x00000018   Code   RO          873    .text._ZN11CommonTimer15prepareAndStartEv  common_timer.o
    0x08001488   0x08001488   0x00000018   Code   RO          869    .text._ZN11CommonTimer4stopEv  common_timer.o
    0x080014a0   0x080014a0   0x0000000e   Code   RO          867    .text._ZN11CommonTimer5pauseEv  common_timer.o
    0x080014ae   0x080014ae   0x00000002   PAD
    0x080014b0   0x080014b0   0x00000010   Code   RO          871    .text._ZN11CommonTimer5resetEv  common_timer.o
    0x080014c0   0x080014c0   0x0000000e   Code   RO          865    .text._ZN11CommonTimer5startEv  common_timer.o
    0x080014ce   0x080014ce   0x00000002   PAD
    0x080014d0   0x080014d0   0x00000018   Code   RO          875    .text._ZN11CommonTimer6finishEv  common_timer.o
    0x080014e8   0x080014e8   0x0000002e   Code   RO          889    .text._ZN11CommonTimer6inWorkEv  common_timer.o
    0x08001516   0x08001516   0x00000002   PAD
    0x08001518   0x08001518   0x0000002c   Code   RO          891    .text._ZN11CommonTimer6isFreeEv  common_timer.o
    0x08001544   0x08001544   0x00000038   Code   RO          853    .text._ZN11CommonTimer6updateEv  common_timer.o
    0x0800157c   0x0800157c   0x00000010   Code   RO          881    .text._ZN11CommonTimer7startedEv  common_timer.o
    0x0800158c   0x0800158c   0x00000016   Code   RO          855    .text._ZN11CommonTimer8finishedEv  common_timer.o
    0x080015a2   0x080015a2   0x00000002   PAD
    0x080015a4   0x080015a4   0x0000002c   Code   RO          877    .text._ZN11CommonTimer8setStartEb  common_timer.o
    0x080015d0   0x080015d0   0x0000001c   Code   RO          851    .text._ZN11CommonTimerC2Ej  common_timer.o
    0x080015ec   0x080015ec   0x00000020   Code   RO          879    .text._ZN11CommonTimeraSEb  common_timer.o
    0x0800160c   0x0800160c   0x00000016   Code   RO          783    .text._ZN11IUpdated1msC2Ev  coil_with_timer.o
    0x08001622   0x08001622   0x00000002   PAD
    0x08001624   0x08001624   0x00000010   Code   RO          961    .text._ZN11PulseCommon3getEv  pulse.o
    0x08001634   0x08001634   0x00000048   Code   RO          959    .text._ZN11PulseCommon3setEb  pulse.o
    0x0800167c   0x0800167c   0x00000014   Code   RO          963    .text._ZN11PulseCommon5resetEv  pulse.o
    0x08001690   0x08001690   0x00000024   Code   RO          957    .text._ZN11PulseCommon6updateEv  pulse.o
    0x080016b4   0x080016b4   0x00000024   Code   RO          955    .text._ZN11PulseCommonC2Ej  pulse.o
    0x080016d8   0x080016d8   0x00000040   Code   RO          797    .text._ZN11SimpleInput8isActiveEv  simple_input.o
    0x08001718   0x08001718   0x00000098   Code   RO          795    .text._ZN11SimpleInputC2EP12GPIO_TypeDefh  simple_input.o
    0x080017b0   0x080017b0   0x00000022   Code   RO         1109    .text._ZN11ThreePosReg12setPulseGistEf  three_pos.o
    0x080017d2   0x080017d2   0x00000002   PAD
    0x080017d4   0x080017d4   0x00000012   Code   RO         1143    .text._ZN11ThreePosReg17impulseCycleEndedEv  three_pos.o
    0x080017e6   0x080017e6   0x00000002   PAD
    0x080017e8   0x080017e8   0x00000030   Code   RO         1145    .text._ZN11ThreePosReg21halfImpulseCycleEndedEv  three_pos.o
    0x08001818   0x08001818   0x00000180   Code   RO         1147    .text._ZN11ThreePosReg9update1msEv  three_pos.o
    0x08001998   0x08001998   0x00000090   Code   RO         1107    .text._ZN11ThreePosRegC2Efffttb  three_pos.o
    0x08001a28   0x08001a28   0x00000044   Code   RO         1111    .text._ZN11ThreePosRegD2Ev  three_pos.o
    0x08001a6c   0x08001a6c   0x0000001c   Code   RO          756    .text._ZN12CoilOffDelay8setValueEb  coil_with_timer.o
    0x08001a88   0x08001a88   0x00000026   Code   RO          752    .text._ZN12CoilOffDelay9update1msEv  coil_with_timer.o
    0x08001aae   0x08001aae   0x00000002   PAD
    0x08001ab0   0x08001ab0   0x00000050   Code   RO          750    .text._ZN12CoilOffDelayC2EP12GPIO_TypeDefht  coil_with_timer.o
    0x08001b00   0x08001b00   0x00000022   Code   RO          760    .text._ZN12CoilOffDelayaSEb  coil_with_timer.o
    0x08001b22   0x08001b22   0x00000002   PAD
    0x08001b24   0x08001b24   0x00000010   Code   RO          704    .text._ZN12ProgrammCoil8isActiveEv  coil.o
    0x08001b34   0x08001b34   0x00000018   Code   RO          706    .text._ZN12ProgrammCoil8setValueEb  coil.o
    0x08001b4c   0x08001b4c   0x00000020   Code   RO          732    .text._ZN12ProgrammCoilC2Ev  coil.o
    0x08001b6c   0x08001b6c   0x0000001e   Code   RO         1163    .text._ZN12TwoPosCommonC2Efb  two_pos.o
    0x08001b8a   0x08001b8a   0x00000002   PAD
    0x08001b8c   0x08001b8c   0x0000002c   Code   RO          635    .text._ZN13AnalogMonitor3setEt  analog_monitor.o
    0x08001bb8   0x08001bb8   0x00000086   Code   RO          631    .text._ZN13AnalogMonitorC2Ehff  analog_monitor.o
    0x08001c3e   0x08001c3e   0x00000002   PAD
    0x08001c40   0x08001c40   0x00000036   Code   RO          633    .text._ZN13AnalogMonitorD2Ev  analog_monitor.o
    0x08001c76   0x08001c76   0x00000002   PAD
    0x08001c78   0x08001c78   0x0000001c   Code   RO          637    .text._ZN13AnalogMonitoraSEt  analog_monitor.o
    0x08001c94   0x08001c94   0x00000010   Code   RO          903    .text._ZN13OnDelayCommon6updateEv  on_delay.o
    0x08001ca4   0x08001ca4   0x00000024   Code   RO          901    .text._ZN13OnDelayCommonC2Ej  on_delay.o
    0x08001cc8   0x08001cc8   0x0000002a   Code   RO          934    .text._ZN14OffDelayCommon3getEv  off_delay.o
    0x08001cf2   0x08001cf2   0x00000002   PAD
    0x08001cf4   0x08001cf4   0x00000044   Code   RO          932    .text._ZN14OffDelayCommon3setEb  off_delay.o
    0x08001d38   0x08001d38   0x00000024   Code   RO          930    .text._ZN14OffDelayCommon6updateEv  off_delay.o
    0x08001d5c   0x08001d5c   0x00000024   Code   RO          928    .text._ZN14OffDelayCommonC2Ej  off_delay.o
    0x08001d80   0x08001d80   0x00000030   Code   RO          979    .text._ZN14PulseInterrapt3setEb  pulse.o
    0x08001db0   0x08001db0   0x00000010   Code   RO          975    .text._ZN14PulseInterrapt9update1msEv  pulse.o
    0x08001dc0   0x08001dc0   0x00000032   Code   RO          973    .text._ZN14PulseInterraptC2Ej  pulse.o
    0x08001df2   0x08001df2   0x00000002   PAD
    0x08001df4   0x08001df4   0x00000020   Code   RO          981    .text._ZN14PulseInterraptaSEb  pulse.o
    0x08001e14   0x08001e14   0x00000042   Code   RO         1246    .text._ZN15SequenceDelayed9update1msEv  sequence.o
    0x08001e56   0x08001e56   0x00000002   PAD
    0x08001e58   0x08001e58   0x00000046   Code   RO         1244    .text._ZN15SequenceDelayedC2EPhhj  sequence.o
    0x08001e9e   0x08001e9e   0x00000002   PAD
    0x08001ea0   0x08001ea0   0x00000016   Code   RO           83    .text._ZN17IUpdatedSomewhereC2Ev  main.o
    0x08001eb6   0x08001eb6   0x00000002   PAD
    0x08001eb8   0x08001eb8   0x00000010   Code   RO          807    .text._ZN18SimpleInputDelayed8isActiveEv  simple_input.o
    0x08001ec8   0x08001ec8   0x00000022   Code   RO          803    .text._ZN18SimpleInputDelayed9update1msEv  simple_input.o
    0x08001eea   0x08001eea   0x00000002   PAD
    0x08001eec   0x08001eec   0x00000050   Code   RO          801    .text._ZN18SimpleInputDelayedC2EP12GPIO_TypeDefht  simple_input.o
    0x08001f3c   0x08001f3c   0x00000016   Code   RO          718    .text._ZN4Coil8isActiveEv  coil.o
    0x08001f52   0x08001f52   0x00000002   PAD
    0x08001f54   0x08001f54   0x00000042   Code   RO          720    .text._ZN4Coil8setValueEb  coil.o
    0x08001f96   0x08001f96   0x00000002   PAD
    0x08001f98   0x08001f98   0x00000076   Code   RO          716    .text._ZN4CoilC2EP12GPIO_TypeDefh  coil.o
    0x0800200e   0x0800200e   0x00000002   PAD
    0x08002010   0x08002010   0x00000012   Code   RO         1079    .text._ZN4Ramp11getOutRangeEv  ramp.o
    0x08002022   0x08002022   0x00000002   PAD
    0x08002024   0x08002024   0x00000040   Code   RO         1071    .text._ZN4Ramp16setFullRangeTimeEj  ramp.o
    0x08002064   0x08002064   0x0000000c   Code   RO         1083    .text._ZN4Ramp3getEv  ramp.o
    0x08002070   0x08002070   0x0000001e   Code   RO         1085    .text._ZN4Ramp3setEf  ramp.o
    0x0800208e   0x0800208e   0x00000002   PAD
    0x08002090   0x08002090   0x0000001c   Code   RO         1069    .text._ZN4Ramp9setLimMaxEf  ramp.o
    0x080020ac   0x080020ac   0x0000009a   Code   RO         1081    .text._ZN4Ramp9update1msEv  ramp.o
    0x08002146   0x08002146   0x00000002   PAD
    0x08002148   0x08002148   0x0000002a   Code   RO         1075    .text._ZN4RampC2Ej  ramp.o
    0x08002172   0x08002172   0x00000002   PAD
    0x08002174   0x08002174   0x0000007a   Code   RO         1067    .text._ZN4RampC2Ejffff  ramp.o
    0x080021ee   0x080021ee   0x00000002   PAD
    0x080021f0   0x080021f0   0x00000018   Code   RO         1091    .text._ZN4RampaSEf  ramp.o
    0x08002208   0x08002208   0x00000066   Code   RO           85    .text._ZN5ScaleIfsE15updateSomewhereEv  main.o
    0x0800226e   0x0800226e   0x00000002   PAD
    0x08002270   0x08002270   0x0000000e   Code   RO          574    .text._ZN5ScaleIfsE3getEv  test_task.o
    0x0800227e   0x0800227e   0x00000002   PAD
    0x08002280   0x08002280   0x00000026   Code   RO          576    .text._ZN5ScaleIfsE3setEf  test_task.o
    0x080022a6   0x080022a6   0x00000002   PAD
    0x080022a8   0x080022a8   0x00000046   Code   RO           81    .text._ZN5ScaleIfsEC2Effss  main.o
    0x080022ee   0x080022ee   0x00000002   PAD
    0x080022f0   0x080022f0   0x00000018   Code   RO          572    .text._ZN5ScaleIfsEaSEf  test_task.o
    0x08002308   0x08002308   0x00000062   Code   RO          700    .text._ZN5ScaleIftE15updateSomewhereEv  analog_out.o
    0x0800236a   0x0800236a   0x00000002   PAD
    0x0800236c   0x0800236c   0x00000026   Code   RO          696    .text._ZN5ScaleIftE3setEf  analog_out.o
    0x08002392   0x08002392   0x00000002   PAD
    0x08002394   0x08002394   0x00000046   Code   RO          694    .text._ZN5ScaleIftEC2Efftt  analog_out.o
    0x080023da   0x080023da   0x00000002   PAD
    0x080023dc   0x080023dc   0x00000052   Code   RO          659    .text._ZN5ScaleItfE15updateSomewhereEv  analog_monitor.o
    0x0800242e   0x0800242e   0x00000002   PAD
    0x08002430   0x08002430   0x0000000c   Code   RO          653    .text._ZN5ScaleItfE3getEv  analog_monitor.o
    0x0800243c   0x0800243c   0x0000002a   Code   RO          661    .text._ZN5ScaleItfE3setEt  analog_monitor.o
    0x08002466   0x08002466   0x00000002   PAD
    0x08002468   0x08002468   0x00000042   Code   RO          649    .text._ZN5ScaleItfEC2Ettff  analog_monitor.o
    0x080024aa   0x080024aa   0x00000002   PAD
    0x080024ac   0x080024ac   0x0000001c   Code   RO          651    .text._ZN5ScaleItfEaSEt  analog_monitor.o
    0x080024c8   0x080024c8   0x00000080   Code   RO         1304    .text._ZN6MovAvg15updateSomewhereEv  moving_avg.o
    0x08002548   0x08002548   0x0000000c   Code   RO         1302    .text._ZN6MovAvg3getEv  moving_avg.o
    0x08002554   0x08002554   0x00000018   Code   RO         1300    .text._ZN6MovAvg3setEf  moving_avg.o
    0x0800256c   0x0800256c   0x0000006a   Code   RO         1296    .text._ZN6MovAvgC2Eh  moving_avg.o
    0x080025d6   0x080025d6   0x00000002   PAD
    0x080025d8   0x080025d8   0x0000002c   Code   RO         1298    .text._ZN6MovAvgD2Ev  moving_avg.o
    0x08002604   0x08002604   0x00000018   Code   RO         1306    .text._ZN6MovAvgaSEf  moving_avg.o
    0x0800261c   0x0800261c   0x000000d4   Code   RO          995    .text._ZN6PIDreg10updateKoefEv  pid.o
    0x080026f0   0x080026f0   0x000000c4   Code   RO         1045    .text._ZN6PIDreg15updateSomewhereEv  pid.o
    0x080027b4   0x080027b4   0x00000012   Code   RO          999    .text._ZN6PIDreg4getTEv  pid.o
    0x080027c6   0x080027c6   0x00000002   PAD
    0x080027c8   0x080027c8   0x00000014   Code   RO          997    .text._ZN6PIDreg5resetEv  pid.o
    0x080027dc   0x080027dc   0x00000016   Code   RO         1009    .text._ZN6PIDreg5setKpEf  pid.o
    0x080027f2   0x080027f2   0x00000002   PAD
    0x080027f4   0x080027f4   0x00000018   Code   RO         1001    .text._ZN6PIDreg5setPvEf  pid.o
    0x0800280c   0x0800280c   0x00000016   Code   RO         1017    .text._ZN6PIDreg5setTdEf  pid.o
    0x08002822   0x08002822   0x00000002   PAD
    0x08002824   0x08002824   0x00000016   Code   RO         1013    .text._ZN6PIDreg5setTiEf  pid.o
    0x0800283a   0x0800283a   0x00000002   PAD
    0x0800283c   0x0800283c   0x0000001a   Code   RO         1037    .text._ZN6PIDreg7setAutoEb  pid.o
    0x08002856   0x08002856   0x00000002   PAD
    0x08002858   0x08002858   0x000000b4   Code   RO          993    .text._ZN6PIDregC2Etfffffffb  pid.o
    0x0800290c   0x0800290c   0x00000018   Code   RO         1047    .text._ZN6PIDregaSEf  pid.o
    0x08002924   0x08002924   0x00000022   Code   RO         1322    .text._ZN7CounterC2E7IMPULSEj  counter.o
    0x08002946   0x08002946   0x00000002   PAD
    0x08002948   0x08002948   0x00000016   Code   RO          734    .text._ZN7ISwitchC2Ev  coil.o
    0x0800295e   0x0800295e   0x00000002   PAD
    0x08002960   0x08002960   0x0000001c   Code   RO         1260    .text._ZN7Monitor11setValueMaxEf  monitor.o
    0x0800297c   0x0800297c   0x0000000c   Code   RO         1268    .text._ZN7Monitor3getEv  monitor.o
    0x08002988   0x08002988   0x0000001e   Code   RO         1270    .text._ZN7Monitor3setEf  monitor.o
    0x080029a6   0x080029a6   0x00000002   PAD
    0x080029a8   0x080029a8   0x000000f2   Code   RO         1266    .text._ZN7Monitor9update1msEv  monitor.o
    0x08002a9a   0x08002a9a   0x00000002   PAD
    0x08002a9c   0x08002a9c   0x000000ae   Code   RO         1258    .text._ZN7MonitorC2Eff  monitor.o
    0x08002b4a   0x08002b4a   0x00000002   PAD
    0x08002b4c   0x08002b4c   0x00000050   Code   RO         1262    .text._ZN7MonitorD2Ev  monitor.o
    0x08002b9c   0x08002b9c   0x00000010   Code   RO          913    .text._ZN7OnDelay9update1msEv  on_delay.o
    0x08002bac   0x08002bac   0x00000032   Code   RO          911    .text._ZN7OnDelayC2Ej  on_delay.o
    0x08002bde   0x08002bde   0x00000002   PAD
    0x08002be0   0x08002be0   0x00000010   Code   RO          940    .text._ZN8OffDelay9update1msEv  off_delay.o
    0x08002bf0   0x08002bf0   0x00000032   Code   RO          938    .text._ZN8OffDelayC2Ej  off_delay.o
    0x08002c22   0x08002c22   0x00000002   PAD
    0x08002c24   0x08002c24   0x00000018   Code   RO         1230    .text._ZN8Sequence4lockEb  sequence.o
    0x08002c3c   0x08002c3c   0x0000002c   Code   RO         1228    .text._ZN8Sequence5startEb  sequence.o
    0x08002c68   0x08002c68   0x00000044   Code   RO         1232    .text._ZN8Sequence6finishEb  sequence.o
    0x08002cac   0x08002cac   0x00000010   Code   RO         1238    .text._ZN8Sequence6lockedEv  sequence.o
    0x08002cbc   0x08002cbc   0x0000002a   Code   RO         1236    .text._ZN8Sequence7startedEv  sequence.o
    0x08002ce6   0x08002ce6   0x00000002   PAD
    0x08002ce8   0x08002ce8   0x00000010   Code   RO         1240    .text._ZN8Sequence8finishedEv  sequence.o
    0x08002cf8   0x08002cf8   0x00000018   Code   RO         1224    .text._ZN8Sequence8isMyStepEv  sequence.o
    0x08002d10   0x08002d10   0x00000026   Code   RO         1222    .text._ZN8SequenceC2EPhh  sequence.o
    0x08002d36   0x08002d36   0x00000002   PAD
    0x08002d38   0x08002d38   0x00000024   Code   RO          673    .text._ZN9AnalogOut9update1msEv  analog_out.o
    0x08002d5c   0x08002d5c   0x0000006c   Code   RO          671    .text._ZN9AnalogOutC2Etjffff  analog_out.o
    0x08002dc8   0x08002dc8   0x0000002e   Code   RO          675    .text._ZN9AnalogOutD2Ev  analog_out.o
    0x08002df6   0x08002df6   0x00000002   PAD
    0x08002df8   0x08002df8   0x00000018   Code   RO          681    .text._ZN9AnalogOutaSEf  analog_out.o
    0x08002e10   0x08002e10   0x00000020   Code   RO          840    .text._ZN9RFimpulse3getEv  rf_impulse.o
    0x08002e30   0x08002e30   0x0000008a   Code   RO          838    .text._ZN9RFimpulse3setEb  rf_impulse.o
    0x08002eba   0x08002eba   0x00000002   PAD
    0x08002ebc   0x08002ebc   0x00000014   Code   RO          836    .text._ZN9RFimpulseC2E7IMPULSE  rf_impulse.o
    0x08002ed0   0x08002ed0   0x00000020   Code   RO          842    .text._ZN9RFimpulseaSEb  rf_impulse.o
    0x08002ef0   0x08002ef0   0x00000086   Code   RO         1209    .text._ZN9TwoPosTim9update1msEv  two_pos.o
    0x08002f76   0x08002f76   0x00000002   PAD
    0x08002f78   0x08002f78   0x0000007a   Code   RO         1197    .text._ZN9TwoPosTimC2Efttb  two_pos.o
    0x08002ff2   0x08002ff2   0x00000002   PAD
    0x08002ff4   0x08002ff4   0x00000044   Code   RO         1199    .text._ZN9TwoPosTimD2Ev  two_pos.o
    0x08003038   0x08003038   0x00000030   Code   RO         1624    .text._ZSt11__terminatePFvvE  libcppabi_w.l(cxa_handlers.cpp.o)
    0x08003068   0x08003068   0x0000000c   Code   RO         1628    .text._ZSt15get_new_handlerv  libcppabi_w.l(cxa_handlers.cpp.o)
    0x08003074   0x08003074   0x0000000e   Code   RO         1626    .text._ZSt9terminatev  libcppabi_w.l(cxa_handlers.cpp.o)
    0x08003082   0x08003082   0x00000002   PAD
    0x08003084   0x08003084   0x0000001a   Code   RO          758    .text._ZThn16_N12CoilOffDelay8setValueEb  coil_with_timer.o
    0x0800309e   0x0800309e   0x00000002   PAD
    0x080030a0   0x080030a0   0x0000000e   Code   RO          977    .text._ZThn16_N14PulseInterrapt9update1msEv  pulse.o
    0x080030ae   0x080030ae   0x00000002   PAD
    0x080030b0   0x080030b0   0x0000000e   Code   RO          809    .text._ZThn16_N18SimpleInputDelayed8isActiveEv  simple_input.o
    0x080030be   0x080030be   0x00000002   PAD
    0x080030c0   0x080030c0   0x0000000e   Code   RO          915    .text._ZThn16_N7OnDelay9update1msEv  on_delay.o
    0x080030ce   0x080030ce   0x00000002   PAD
    0x080030d0   0x080030d0   0x0000000e   Code   RO          942    .text._ZThn16_N8OffDelay9update1msEv  off_delay.o
    0x080030de   0x080030de   0x00000002   PAD
    0x080030e0   0x080030e0   0x0000000e   Code   RO         1248    .text._ZThn28_N15SequenceDelayed9update1msEv  sequence.o
    0x080030ee   0x080030ee   0x00000002   PAD
    0x080030f0   0x080030f0   0x0000000e   Code   RO          754    .text._ZThn32_N12CoilOffDelay9update1msEv  coil_with_timer.o
    0x080030fe   0x080030fe   0x00000002   PAD
    0x08003100   0x08003100   0x0000000e   Code   RO          805    .text._ZThn32_N18SimpleInputDelayed9update1msEv  simple_input.o
    0x0800310e   0x0800310e   0x00000004   Code   RO         1434    .text._ZdaPv        libcpp_w.l(new.cpp.o)
    0x08003112   0x08003112   0x00000004   Code   RO         1428    .text._ZdlPv        libcpp_w.l(new.cpp.o)
    0x08003116   0x08003116   0x00000004   Code   RO         1432    .text._ZdlPvj       libcpp_w.l(new.cpp.o)
    0x0800311a   0x0800311a   0x00000004   Code   RO         1424    .text._Znaj         libcpp_w.l(new.cpp.o)
    0x0800311e   0x0800311e   0x00000002   PAD
    0x08003120   0x08003120   0x00000026   Code   RO         1420    .text._Znwj         libcpp_w.l(new.cpp.o)
    0x08003146   0x08003146   0x00000002   PAD
    0x08003148   0x08003148   0x00000028   Code   RO         1471    .text.__cxa_pure_virtual  libcppabi_w.l(cxa_virtual.cpp.o)
    0x08003170   0x08003170   0x00000004   Code   RO         1467    .text.__cxa_throw_bad_array_new_length  libcppabi_w.l(cxa_aux_runtime.cpp.o)
    0x08003174   0x08003174   0x0000001e   Code   RO            2    .text.__cxx_global_var_init  main.o
    0x08003192   0x08003192   0x00000002   PAD
    0x08003194   0x08003194   0x00000012   Code   RO          552    .text.__cxx_global_var_init  test_task.o
    0x080031a6   0x080031a6   0x00000002   PAD
    0x080031a8   0x080031a8   0x0000001c   Code   RO            4    .text.__cxx_global_var_init.1  main.o
    0x080031c4   0x080031c4   0x0000004c   Code   RO           22    .text.__cxx_global_var_init.10  main.o
    0x08003210   0x08003210   0x00000014   Code   RO           24    .text.__cxx_global_var_init.11  main.o
    0x08003224   0x08003224   0x00000014   Code   RO           26    .text.__cxx_global_var_init.12  main.o
    0x08003238   0x08003238   0x00000014   Code   RO           28    .text.__cxx_global_var_init.13  main.o
    0x0800324c   0x0800324c   0x00000014   Code   RO           30    .text.__cxx_global_var_init.14  main.o
    0x08003260   0x08003260   0x0000001a   Code   RO           32    .text.__cxx_global_var_init.15  main.o
    0x0800327a   0x0800327a   0x00000002   PAD
    0x0800327c   0x0800327c   0x0000001e   Code   RO           34    .text.__cxx_global_var_init.16  main.o
    0x0800329a   0x0800329a   0x00000002   PAD
    0x0800329c   0x0800329c   0x00000012   Code   RO            6    .text.__cxx_global_var_init.2  main.o
    0x080032ae   0x080032ae   0x00000002   PAD
    0x080032b0   0x080032b0   0x00000036   Code   RO            8    .text.__cxx_global_var_init.3  main.o
    0x080032e6   0x080032e6   0x00000002   PAD
    0x080032e8   0x080032e8   0x00000044   Code   RO           10    .text.__cxx_global_var_init.4  main.o
    0x0800332c   0x0800332c   0x0000003c   Code   RO           12    .text.__cxx_global_var_init.5  main.o
    0x08003368   0x08003368   0x00000024   Code   RO           14    .text.__cxx_global_var_init.6  main.o
    0x0800338c   0x0800338c   0x00000014   Code   RO           16    .text.__cxx_global_var_init.7  main.o
    0x080033a0   0x080033a0   0x0000002e   Code   RO           18    .text.__cxx_global_var_init.8  main.o
    0x080033ce   0x080033ce   0x00000002   PAD
    0x080033d0   0x080033d0   0x00000040   Code   RO           20    .text.__cxx_global_var_init.9  main.o
    0x08003410   0x08003410   0x00000004   Code   RO         1632    .text.abort_message  libcppabi_w.l(abort_message.cpp.o)
    0x08003414   0x08003414   0x0000008a   Code   RO           46    .text.main          main.o
    0x0800349e   0x0800349e   0x00000002   PAD
    0x080034a0   0x080034a0   0x0000011a   Code   RO          313    .text.prvAddCurrentTaskToDelayedList  tasks.o
    0x080035ba   0x080035ba   0x00000002   PAD
    0x080035bc   0x080035bc   0x00000154   Code   RO          301    .text.prvAddNewTaskToReadyList  tasks.o
    0x08003710   0x08003710   0x0000006a   Code   RO          449    .text.prvCheckForValidListAndQueue  timers.o
    0x0800377a   0x0800377a   0x00000002   PAD
    0x0800377c   0x0800377c   0x0000005a   Code   RO          415    .text.prvCheckTasksWaitingTermination  tasks.o
    0x080037d6   0x080037d6   0x00000002   PAD
    0x080037d8   0x080037d8   0x00000042   Code   RO          203    .text.prvCopyDataFromQueue  queue.o
    0x0800381a   0x0800381a   0x00000002   PAD
    0x0800381c   0x0800381c   0x00000018   Code   RO          307    .text.prvDeleteTCB  tasks.o
    0x08003834   0x08003834   0x00000040   Code   RO          483    .text.prvGetNextExpireTime  timers.o
    0x08003874   0x08003874   0x000000ae   Code   RO          124    .text.prvHeapInit   heap_4.o
    0x08003922   0x08003922   0x00000002   PAD
    0x08003924   0x08003924   0x0000003c   Code   RO          339    .text.prvIdleTask   tasks.o
    0x08003960   0x08003960   0x00000048   Code   RO          175    .text.prvInitialiseNewQueue  queue.o
    0x080039a8   0x080039a8   0x000000e6   Code   RO          299    .text.prvInitialiseNewTask  tasks.o
    0x08003a8e   0x08003a8e   0x00000002   PAD
    0x08003a90   0x08003a90   0x0000008e   Code   RO          413    .text.prvInitialiseTaskLists  tasks.o
    0x08003b1e   0x08003b1e   0x00000002   PAD
    0x08003b20   0x08003b20   0x000000c6   Code   RO          126    .text.prvInsertBlockIntoFreeList  heap_4.o
    0x08003be6   0x08003be6   0x00000002   PAD
    0x08003be8   0x08003be8   0x00000086   Code   RO          497    .text.prvInsertTimerInActiveList  timers.o
    0x08003c6e   0x08003c6e   0x00000002   PAD
    0x08003c70   0x08003c70   0x00000028   Code   RO          205    .text.prvIsQueueEmpty  queue.o
    0x08003c98   0x08003c98   0x00000020   Code   RO          524    .text.prvPortStartFirstTask  port.o
    0x08003cb8   0x08003cb8   0x00000054   Code   RO          491    .text.prvProcessExpiredTimer  timers.o
    0x08003d0c   0x08003d0c   0x00000126   Code   RO          487    .text.prvProcessReceivedCommands  timers.o
    0x08003e32   0x08003e32   0x00000002   PAD
    0x08003e34   0x08003e34   0x0000009a   Code   RO          485    .text.prvProcessTimerOrBlockTask  timers.o
    0x08003ece   0x08003ece   0x00000002   PAD
    0x08003ed0   0x08003ed0   0x00000034   Code   RO          495    .text.prvReloadTimer  timers.o
    0x08003f04   0x08003f04   0x0000003c   Code   RO          305    .text.prvResetNextTaskUnblockTime  tasks.o
    0x08003f40   0x08003f40   0x00000044   Code   RO          489    .text.prvSampleTimeNow  timers.o
    0x08003f84   0x08003f84   0x00000052   Code   RO          493    .text.prvSwitchTimerLists  timers.o
    0x08003fd6   0x08003fd6   0x00000002   PAD
    0x08003fd8   0x08003fd8   0x00000026   Code   RO          516    .text.prvTaskExitError  port.o
    0x08003ffe   0x08003ffe   0x00000002   PAD
    0x08004000   0x08004000   0x0000001e   Code   RO          451    .text.prvTimerTask  timers.o
    0x0800401e   0x0800401e   0x00000002   PAD
    0x08004020   0x08004020   0x000000ae   Code   RO          195    .text.prvUnlockQueue  queue.o
    0x080040ce   0x080040ce   0x00000002   PAD
    0x080040d0   0x080040d0   0x00000186   Code   RO          122    .text.pvPortMalloc  heap_4.o
    0x08004256   0x08004256   0x00000002   PAD
    0x08004258   0x08004258   0x00000050   Code   RO          514    .text.pxPortInitialiseStack  port.o
    0x080042a8   0x080042a8   0x00000048   Code   RO          162    .text.uxListRemove  list.o
    0x080042f0   0x080042f0   0x00000002   Code   RO           36    .text.vApplicationIdleHook  main.o
    0x080042f2   0x080042f2   0x00000002   PAD
    0x080042f4   0x080042f4   0x0000000a   Code   RO           42    .text.vApplicationStackOverflowHook  main.o
    0x080042fe   0x080042fe   0x00000002   PAD
    0x08004300   0x08004300   0x00000002   Code   RO           38    .text.vApplicationTickHook  main.o
    0x08004302   0x08004302   0x00000002   PAD
    0x08004304   0x08004304   0x0000002e   Code   RO          154    .text.vListInitialise  list.o
    0x08004332   0x08004332   0x00000002   PAD
    0x08004334   0x08004334   0x0000000e   Code   RO          156    .text.vListInitialiseItem  list.o
    0x08004342   0x08004342   0x00000002   PAD
    0x08004344   0x08004344   0x0000006a   Code   RO          160    .text.vListInsert   list.o
    0x080043ae   0x080043ae   0x00000002   PAD
    0x080043b0   0x080043b0   0x00000030   Code   RO          528    .text.vPortEnterCritical  port.o
    0x080043e0   0x080043e0   0x00000026   Code   RO          530    .text.vPortExitCritical  port.o
    0x08004406   0x08004406   0x00000002   PAD
    0x08004408   0x08004408   0x00000076   Code   RO          128    .text.vPortFree     heap_4.o
    0x0800447e   0x0800447e   0x00000002   PAD
    0x08004480   0x08004480   0x0000002e   Code   RO          522    .text.vPortSetupTimerInterrupt  port.o
    0x080044ae   0x080044ae   0x00000002   PAD
    0x080044b0   0x080044b0   0x00000064   Code   RO          233    .text.vQueueWaitForMessageRestricted  queue.o
    0x08004514   0x08004514   0x0000004a   Code   RO          317    .text.vTaskDelay    tasks.o
    0x0800455e   0x0800455e   0x00000002   PAD
    0x08004560   0x08004560   0x00000024   Code   RO          371    .text.vTaskInternalSetTimeOutState  tasks.o
    0x08004584   0x08004584   0x0000000e   Code   RO          375    .text.vTaskMissedYield  tasks.o
    0x08004592   0x08004592   0x00000002   PAD
    0x08004594   0x08004594   0x00000026   Code   RO          359    .text.vTaskPlaceOnEventList  tasks.o
    0x080045ba   0x080045ba   0x00000002   PAD
    0x080045bc   0x080045bc   0x00000060   Code   RO          363    .text.vTaskPlaceOnEventListRestricted  tasks.o
    0x0800461c   0x0800461c   0x00000094   Code   RO          337    .text.vTaskStartScheduler  tasks.o
    0x080046b0   0x080046b0   0x00000010   Code   RO          311    .text.vTaskSuspendAll  tasks.o
    0x080046c0   0x080046c0   0x000000ec   Code   RO          329    .text.vTaskSwitchContext  tasks.o
    0x080047ac   0x080047ac   0x00000040   Code   RO          520    .text.xPortStartScheduler  port.o
    0x080047ec   0x080047ec   0x0000007e   Code   RO          173    .text.xQueueGenericCreate  queue.o
    0x0800486a   0x0800486a   0x00000002   PAD
    0x0800486c   0x0800486c   0x000000d0   Code   RO          171    .text.xQueueGenericReset  queue.o
    0x0800493c   0x0800493c   0x00000152   Code   RO          201    .text.xQueueReceive  queue.o
    0x08004a8e   0x08004a8e   0x00000002   PAD
    0x08004a90   0x08004a90   0x0000009a   Code   RO          373    .text.xTaskCheckForTimeOut  tasks.o
    0x08004b2a   0x08004b2a   0x00000002   PAD
    0x08004b2c   0x08004b2c   0x000000a0   Code   RO          297    .text.xTaskCreate   tasks.o
    0x08004bcc   0x08004bcc   0x00000014   Code   RO          345    .text.xTaskGetTickCount  tasks.o
    0x08004be0   0x08004be0   0x00000254   Code   RO          343    .text.xTaskIncrementTick  tasks.o
    0x08004e34   0x08004e34   0x00000170   Code   RO          365    .text.xTaskRemoveFromEventList  tasks.o
    0x08004fa4   0x08004fa4   0x000001fe   Code   RO          315    .text.xTaskResumeAll  tasks.o
    0x080051a2   0x080051a2   0x00000002   PAD
    0x080051a4   0x080051a4   0x00000050   Code   RO          447    .text.xTimerCreateTimerTask  timers.o
    0x080051f4   0x080051f4   0x000000c4   Code   RO         1393    x$fpl$fadd          fz_ws.l(faddsub_clz.o)
    0x080052b8   0x080052b8   0x00000054   Code   RO         1399    x$fpl$fcmp          fz_ws.l(fcmp.o)
    0x0800530c   0x0800530c   0x00000018   Code   RO         1695    x$fpl$fcmpinf       fz_ws.l(fcmpi.o)
    0x08005324   0x08005324   0x00000184   Code   RO         1402    x$fpl$fdiv          fz_ws.l(fdiv.o)
    0x080054a8   0x080054a8   0x00000068   Code   RO         1604    x$fpl$feqf          fz_ws.l(feqf.o)
    0x08005510   0x08005510   0x00000036   Code   RO         1405    x$fpl$ffix          fz_ws.l(ffix.o)
    0x08005546   0x08005546   0x00000002   PAD
    0x08005548   0x08005548   0x00000030   Code   RO         1410    x$fpl$fflt          fz_ws.l(fflt_clz.o)
    0x08005578   0x08005578   0x00000026   Code   RO         1409    x$fpl$ffltu         fz_ws.l(fflt_clz.o)
    0x0800559e   0x0800559e   0x00000002   PAD
    0x080055a0   0x080055a0   0x00000068   Code   RO         1606    x$fpl$fgeqf         fz_ws.l(fgeqf.o)
    0x08005608   0x08005608   0x00000068   Code   RO         1608    x$fpl$fleqf         fz_ws.l(fleqf.o)
    0x08005670   0x08005670   0x00000102   Code   RO         1415    x$fpl$fmul          fz_ws.l(fmul.o)
    0x08005772   0x08005772   0x0000008c   Code   RO         1610    x$fpl$fnaninf       fz_ws.l(fnaninf.o)
    0x080057fe   0x080057fe   0x0000000a   Code   RO         1612    x$fpl$fretinf       fz_ws.l(fretinf.o)
    0x08005808   0x08005808   0x000000ea   Code   RO         1395    x$fpl$fsub          fz_ws.l(faddsub_clz.o)
    0x080058f2   0x080058f2   0x00000000   Code   RO         1614    x$fpl$usenofp       fz_ws.l(usenofp.o)
    0x080058f2   0x080058f2   0x00000010   Data   RO         1360    .rodata.AHBPrescTable  system_stm32f10x.o
    0x08005902   0x08005902   0x00000002   PAD
    0x08005904   0x08005904   0x0000000c   Data   RO          893    .rodata._ZTV11CommonTimer  common_timer.o
    0x08005910   0x08005910   0x0000000c   Data   RO          785    .rodata._ZTV11IUpdated1ms  coil_with_timer.o
    0x0800591c   0x0800591c   0x0000000c   Data   RO          991    .rodata._ZTV11PulseCommon  pulse.o
    0x08005928   0x08005928   0x0000000c   Data   RO          811    .rodata._ZTV11SimpleInput  simple_input.o
    0x08005934   0x08005934   0x0000000c   Data   RO         1155    .rodata._ZTV11ThreePosReg  three_pos.o
    0x08005940   0x08005940   0x00000030   Data   RO          775    .rodata._ZTV12CoilOffDelay  coil_with_timer.o
    0x08005970   0x08005970   0x00000010   Data   RO          725    .rodata._ZTV12ProgrammCoil  coil.o
    0x08005980   0x08005980   0x0000000c   Data   RO          667    .rodata._ZTV13AnalogMonitor  analog_monitor.o
    0x0800598c   0x0800598c   0x0000000c   Data   RO          926    .rodata._ZTV13OnDelayCommon  on_delay.o
    0x08005998   0x08005998   0x0000000c   Data   RO          953    .rodata._ZTV14OffDelayCommon  off_delay.o
    0x080059a4   0x080059a4   0x0000001c   Data   RO          984    .rodata._ZTV14PulseInterrapt  pulse.o
    0x080059c0   0x080059c0   0x0000001c   Data   RO         1250    .rodata._ZTV15SequenceDelayed  sequence.o
    0x080059dc   0x080059dc   0x0000000c   Data   RO           88    .rodata._ZTV17IUpdatedSomewhere  main.o
    0x080059e8   0x080059e8   0x0000002c   Data   RO          812    .rodata._ZTV18SimpleInputDelayed  simple_input.o
    0x08005a14   0x08005a14   0x00000010   Data   RO          724    .rodata._ZTV4Coil   coil.o
    0x08005a24   0x08005a24   0x0000000c   Data   RO         1097    .rodata._ZTV4Ramp   ramp.o
    0x08005a30   0x08005a30   0x0000000c   Data   RO           87    .rodata._ZTV5ScaleIfsE  main.o
    0x08005a3c   0x08005a3c   0x0000000c   Data   RO          702    .rodata._ZTV5ScaleIftE  analog_out.o
    0x08005a48   0x08005a48   0x0000000c   Data   RO          668    .rodata._ZTV5ScaleItfE  analog_monitor.o
    0x08005a54   0x08005a54   0x0000000c   Data   RO         1312    .rodata._ZTV6MovAvg  moving_avg.o
    0x08005a60   0x08005a60   0x0000000c   Data   RO         1053    .rodata._ZTV6PIDreg  pid.o
    0x08005a6c   0x08005a6c   0x0000000c   Data   RO          736    .rodata._ZTV7ISwitch  coil.o
    0x08005a78   0x08005a78   0x0000000c   Data   RO         1288    .rodata._ZTV7Monitor  monitor.o
    0x08005a84   0x08005a84   0x0000001c   Data   RO          919    .rodata._ZTV7OnDelay  on_delay.o
    0x08005aa0   0x08005aa0   0x0000001c   Data   RO          946    .rodata._ZTV8OffDelay  off_delay.o
    0x08005abc   0x08005abc   0x0000000c   Data   RO          687    .rodata._ZTV9AnalogOut  analog_out.o
    0x08005ac8   0x08005ac8   0x0000000c   Data   RO         1214    .rodata._ZTV9TwoPosTim  two_pos.o
    0x08005ad4   0x08005ad4   0x00000019   Data   RO           71    .rodata.str1.1      main.o
    0x08005aed   0x08005aed   0x00000005   Data   RO          433    .rodata.str1.1      tasks.o
    0x08005af2   0x08005af2   0x00000008   Data   RO          500    .rodata.str1.1      timers.o
    0x08005afa   0x08005afa   0x00000002   PAD
    0x08005afc   0x08005afc   0x00000004   Data   RO          418    .rodata.uxTopUsedPriority  tasks.o
    0x08005b00   0x08005b00   0x00000020   Data   RO         1815    Region$$Table       anon$$obj.o
    0x08005b20   0x08005b20   0x00000004   Data   RO           72    .init_array         main.o
    0x08005b24   0x08005b20   0x00000004   Data   RO          565    .init_array         test_task.o
    0x08005b28   0x08005b20   0x00000000   Data   RO         1388    .init_array         c_w.l(init_aeabi.o)


    Execution Region RW_IRAM1 (Exec base: 0x20000000, Load base: 0x08005b28, Size: 0x00003c10, Max: 0x00005000, ABSOLUTE)

    Exec Addr    Load Addr    Size         Type   Attr      Idx    E Section Name        Object

    0x20000000   0x08005b28   0x00000004   Data   RW         1359    .data.SystemCoreClock  system_stm32f10x.o
    0x20000004   0x08005b2c   0x00000004   Data   RW         1706    .data.__cxa_terminate_handler  libcppabi_w.l(cxa_default_handlers.cpp.o)
    0x20000008   0x08005b30   0x00000030   Data   RW           69    .data.updateObjects  main.o
    0x20000038   0x08005b60   0x00000001   Data   RW           70    .data.updateObjectsSize  main.o
    0x20000039   0x08005b61   0x00000003   PAD
    0x2000003c   0x08005b64   0x00000004   Data   RW          536    .data.uxCriticalNesting  port.o
    0x20000040        -       0x00000060   Zero   RW         1715    .bss                c_w.l(libspace.o)
    0x200000a0        -       0x00000004   Zero   RW         1708    .bss.__cxa_new_handler  libcppabi_w.l(cxa_default_handlers.cpp.o)
    0x200000a4        -       0x00000034   Zero   RW           54    .bss.adcMonitor     main.o
    0x200000d8        -       0x00000004   Zero   RW           53    .bss.adcValues      main.o
    0x200000dc        -       0x00000028   Zero   RW           55    .bss.analogOut      main.o
    0x20000104        -       0x00000014   Zero   RW           59    .bss.avg            main.o
    0x20000118        -       0x00000024   Zero   RW           51    .bss.button         main.o
    0x2000013c        -       0x00000008   Zero   RW           65    .bss.counter        main.o
    0x20000144        -       0x00000014   Zero   RW           52    .bss.delay          main.o
    0x20000158        -       0x00000024   Zero   RW           50    .bss.led            main.o
    0x2000017c        -       0x00000014   Zero   RW           63    .bss.offDelay       main.o
    0x20000190        -       0x00000014   Zero   RW           62    .bss.onDelay        main.o
    0x200001a4        -       0x00000048   Zero   RW           56    .bss.pid            main.o
    0x200001ec        -       0x00000004   Zero   RW          504    .bss.prvSampleTimeNow.xLastTime  timers.o
    0x200001f0        -       0x00000014   Zero   RW           64    .bss.pulse          main.o
    0x20000204        -       0x00000004   Zero   RW          417    .bss.pxCurrentTCB   tasks.o
    0x20000208        -       0x00000004   Zero   RW          502    .bss.pxCurrentTimerList  timers.o
    0x2000020c        -       0x00000004   Zero   RW          427    .bss.pxDelayedTaskList  tasks.o
    0x20000210        -       0x00000004   Zero   RW          140    .bss.pxEnd          heap_4.o
    0x20000214        -       0x00000004   Zero   RW          428    .bss.pxOverflowDelayedTaskList  tasks.o
    0x20000218        -       0x00000004   Zero   RW          503    .bss.pxOverflowTimerList  timers.o
    0x2000021c        -       0x00000064   Zero   RW          419    .bss.pxReadyTasksLists  tasks.o
    0x20000280        -       0x00000024   Zero   RW           58    .bss.ramp           main.o
    0x200002a4        -       0x00000001   Zero   RW          561    .bss.reslt          test_task.o
    0x200002a5        -       0x00000001   Zero   RW          560    .bss.rest           test_task.o
    0x200002a6        -       0x00000003   Zero   RW          558    .bss.rise           test_task.o
    0x200002a9   0x08005b68   0x00000003   PAD
    0x200002ac        -       0x00000018   Zero   RW           57    .bss.scale          main.o
    0x200002c4        -       0x0000000c   Zero   RW           67    .bss.seq1           main.o
    0x200002d0        -       0x00000020   Zero   RW           68    .bss.seq2           main.o
    0x200002f0        -       0x00000001   Zero   RW          564    .bss.seq_finish     test_task.o
    0x200002f1        -       0x00000001   Zero   RW          563    .bss.seq_lock       test_task.o
    0x200002f2        -       0x00000001   Zero   RW          562    .bss.seq_start      test_task.o
    0x200002f3        -       0x00000001   Zero   RW           66    .bss.step           main.o
    0x200002f4        -       0x00000001   Zero   RW          559    .bss.strt           test_task.o
    0x200002f5   0x08005b68   0x00000003   PAD
    0x200002f8        -       0x00000024   Zero   RW           61    .bss.threePosReg    main.o
    0x2000031c        -       0x00000018   Zero   RW           60    .bss.twoPos         main.o
    0x20000334        -       0x00002800   Zero   RW          146    .bss.ucHeap         heap_4.o
    0x20002b34        -       0x00000004   Zero   RW          424    .bss.uxCurrentNumberOfTasks  tasks.o
    0x20002b38        -       0x00000004   Zero   RW          423    .bss.uxDeletedTasksWaitingCleanUp  tasks.o
    0x20002b3c        -       0x00000004   Zero   RW          430    .bss.uxSchedulerSuspended  tasks.o
    0x20002b40        -       0x00000004   Zero   RW          421    .bss.uxTaskNumber   tasks.o
    0x20002b44        -       0x00000004   Zero   RW          420    .bss.uxTopReadyPriority  tasks.o
    0x20002b48        -       0x00000014   Zero   RW          505    .bss.xActiveTimerList1  timers.o
    0x20002b5c        -       0x00000014   Zero   RW          506    .bss.xActiveTimerList2  timers.o
    0x20002b70        -       0x00000014   Zero   RW          438    .bss.xDelayedTaskList1  tasks.o
    0x20002b84        -       0x00000014   Zero   RW          439    .bss.xDelayedTaskList2  tasks.o
    0x20002b98        -       0x00000004   Zero   RW          141    .bss.xFreeBytesRemaining  heap_4.o
    0x20002b9c        -       0x00000004   Zero   RW          434    .bss.xIdleTaskHandle  tasks.o
    0x20002ba0        -       0x00000004   Zero   RW          143    .bss.xMinimumEverFreeBytesRemaining  heap_4.o
    0x20002ba4        -       0x00000004   Zero   RW          435    .bss.xNextTaskUnblockTime  tasks.o
    0x20002ba8        -       0x00000004   Zero   RW          437    .bss.xNumOfOverflows  tasks.o
    0x20002bac        -       0x00000004   Zero   RW          144    .bss.xNumberOfSuccessfulAllocations  heap_4.o
    0x20002bb0        -       0x00000004   Zero   RW          145    .bss.xNumberOfSuccessfulFrees  heap_4.o
    0x20002bb4        -       0x00000004   Zero   RW          436    .bss.xPendedTicks   tasks.o
    0x20002bb8        -       0x00000014   Zero   RW          432    .bss.xPendingReadyList  tasks.o
    0x20002bcc        -       0x00000004   Zero   RW          425    .bss.xSchedulerRunning  tasks.o
    0x20002bd0        -       0x00000008   Zero   RW          142    .bss.xStart         heap_4.o
    0x20002bd8        -       0x00000014   Zero   RW          429    .bss.xSuspendedTaskList  tasks.o
    0x20002bec        -       0x00000014   Zero   RW          422    .bss.xTasksWaitingTermination  tasks.o
    0x20002c00        -       0x00000004   Zero   RW          426    .bss.xTickCount     tasks.o
    0x20002c04        -       0x00000004   Zero   RW          499    .bss.xTimerQueue    timers.o
    0x20002c08        -       0x00000004   Zero   RW          501    .bss.xTimerTaskHandle  timers.o
    0x20002c0c        -       0x00000004   Zero   RW          431    .bss.xYieldPending  tasks.o
    0x20002c10        -       0x00000c00   Zero   RW         1343    HEAP                startup_stm32f10x_md.o
    0x20003810        -       0x00000400   Zero   RW         1342    STACK               startup_stm32f10x_md.o


==============================================================================

Image component sizes


      Code (inc. data)   RO Data    RW Data    ZI Data      Debug   Object Name

       624          0         24          0          0       5390   analog_monitor.o
       420          0         24          0          0       5300   analog_out.o
       300          0         44          0          0       4631   coil.o
       242          0         60          0          0       5209   coil_with_timer.o
        64          0          0          0          0       1810   common.o
       442          0         12          0          0       5261   common_timer.o
        34          0          0          0          0       2957   counter.o
       226          0          0          0          0       2307   gpio_common.o
       880          0          0          0      10268       4062   heap_4.o
      1164          0          0          0          0       7833   init.o
        42          0          0          0          0       7211   led_task.o
       238          0          0          0          0       2044   list.o
      1130          0         53         49        513      13578   main.o
       566          0         12          0          0       6310   monitor.o
       390          0         12          0          0       9323   moving_avg.o
       262          0         40          0          0       3599   off_delay.o
       132          0         40          0          0       3487   on_delay.o
       838          0         12          0          0       8493   pid.o
       100          0          0          0          0       7221   pidtask.o
       510         12          0          4          0       2483   port.o
       340          0         40          0          0       4372   pulse.o
      1124          0          0          0          0      12153   queue.o
       514          0         12          0          0       6027   ramp.o
       222          0          0          0          0       2561   rf_impulse.o
       422          0         28          0          0       4764   sequence.o
       374          0         56          0          0       4551   simple_input.o
        64         26        236          0       4096        820   startup_stm32f10x_md.o
       690          0         16          4          0       2938   system_stm32f10x.o
      3694          0          9          0        260      21770   tasks.o
       562          0          4          0          9       9125   test_task.o
       696          0         12          0          0       7499   three_pos.o
      1148         10          8          0         60       7642   timers.o
       354          0         12          0          0       7304   two_pos.o

    ----------------------------------------------------------------------
     19054         60        802         60      15212     200035   Object Totals
         0          0         32          0          0          0   (incl. Generated)
       246         12          4          3          6          0   (incl. Padding)

    ----------------------------------------------------------------------

      Code (inc. data)   RO Data    RW Data    ZI Data      Debug   Library Member Name

         8          0          0          0          0         68   __main.o
         0          0          0          0          0          0   __rtentry.o
        12          0          0          0          0          0   __rtentry2.o
         6          0          0          0          0          0   __rtentry4.o
        52          8          0          0          0          0   __scatter.o
        26          0          0          0          0          0   __scatter_copy.o
        28          0          0          0          0          0   __scatter_zi.o
        22          0          0          0          0         80   abort.o
        46          0          0          0          0         84   aeabi_atexit.o
        16          0          0          0          0         68   aeabi_memset4.o
        10          0          0          0          0         68   cxa_atexit.o
        66          0          0          0          0         84   cxa_finalize.o
        48         34          0          0          0         76   defsig_abrt_inner.o
        14          0          0          0          0         80   defsig_abrt_outer.o
        10          0          0          0          0         68   defsig_exit.o
        50          0          0          0          0         88   defsig_general.o
        80         58          0          0          0         76   defsig_rtmem_inner.o
        14          0          0          0          0         80   defsig_rtmem_outer.o
        18          0          0          0          0         80   exit.o
        94          0          0          0          0         80   h1_alloc.o
        52          0          0          0          0         68   h1_extend.o
        78          0          0          0          0         80   h1_free.o
        14          0          0          0          0         84   h1_init.o
         6          0          0          0          0        152   heapauxi.o
         4          0          0          0          0        136   hguard.o
         0          0          0          0          0          0   indicate_semi.o
        36          8          0          0          0         80   init_aeabi.o
       138          0          0          0          0        168   init_alloc.o
         2          0          0          0          0          0   libinit.o
        14          0          0          0          0          0   libinit2.o
         2          0          0          0          0          0   libshutdown.o
         8          0          0          0          0          0   libshutdown2.o
         8          4          0          0         96         68   libspace.o
         0          0          0          0          0          0   maybetermalloc1.o
         8          4          0          0          0         68   rt_ddtor_pointer_addr_intlibspace.o
         8          4          0          0          0         68   rt_heap_descriptor_intlibspace.o
        68          0          0          0          0         68   rt_memclr.o
        78          0          0          0          0         80   rt_memclr_w.o
       138          0          0          0          0         68   rt_memcpy_v6.o
       100          0          0          0          0         80   rt_memcpy_w.o
         2          0          0          0          0          0   rtexit.o
        10          0          0          0          0          0   rtexit2.o
        12          4          0          0          0         68   sys_exit.o
        74          0          0          0          0         80   sys_stackheap_outer.o
        14          0          0          0          0         76   sys_wrch.o
         2          0          0          0          0         68   use_no_semi.o
       430          8          0          0          0        168   faddsub_clz.o
        84          0          0          0          0        196   fcmp.o
        24          0          0          0          0         68   fcmpi.o
       388         76          0          0          0         96   fdiv.o
       104          4          0          0          0         84   feqf.o
        54          4          0          0          0         84   ffix.o
        86          0          0          0          0        136   fflt_clz.o
       104          4          0          0          0         84   fgeqf.o
       104          4          0          0          0         84   fleqf.o
       258          4          0          0          0         84   fmul.o
       140          4          0          0          0         84   fnaninf.o
        10          0          0          0          0         68   fretinf.o
         0          0          0          0          0          0   usenofp.o
        54          0          0          0          0        380   new.cpp.o
         4          0          0          0          0         36   abort_message.cpp.o
         4          0          0          0          0         68   cxa_aux_runtime.cpp.o
         0          0          0          4          4          0   cxa_default_handlers.cpp.o
        74         40          0          0          0        132   cxa_handlers.cpp.o
        40         32          0          0          0         52   cxa_virtual.cpp.o

    ----------------------------------------------------------------------
      3480        304          0          4        100       4544   Library Totals
        22          0          0          0          0          0   (incl. Padding)

    ----------------------------------------------------------------------

      Code (inc. data)   RO Data    RW Data    ZI Data      Debug   Library Name

      1496        124          0          0         96       2640   c_w.l
      1786        108          0          0          0       1236   fz_ws.l
        54          0          0          0          0        380   libcpp_w.l
       122         72          0          4          4        288   libcppabi_w.l

    ----------------------------------------------------------------------
      3480        304          0          4        100       4544   Library Totals

    ----------------------------------------------------------------------

==============================================================================


      Code (inc. data)   RO Data    RW Data    ZI Data      Debug   

     22534        364        802         64      15312     201671   Grand Totals
     22534        364        802         64      15312     201671   ELF Image Totals
     22534        364        802         64          0          0   ROM Totals

==============================================================================

    Total RO  Size (Code + RO Data)                23336 (  22.79kB)
    Total RW  Size (RW Data + ZI Data)             15376 (  15.02kB)
    Total ROM Size (Code + RO Data + RW Data)      23400 (  22.85kB)

==============================================================================

